First step
8606  20 0D 86  JSR $860D                       A:00 X:00 Y:00 P:24 SP:FB
860D  A9 02     LDA #$02                        A:00 X:00 Y:00 P:24 SP:F9
860F  85 02     STA $02 = 00                    A:02 X:00 Y:00 P:24 SP:F9
8611  A9 06     LDA #$06                        A:02 X:00 Y:00 P:24 SP:F9
8613  85 03     STA $03 = 00                    A:06 X:00 Y:00 P:24 SP:F9
8615  A9 11     LDA #$11                        A:06 X:00 Y:00 P:24 SP:F9
8617  85 10     STA $10 = 00                    A:11 X:00 Y:00 P:24 SP:F9
8619  A9 10     LDA #$10                        A:11 X:00 Y:00 P:24 SP:F9
861B  85 12     STA $12 = 00                    A:10 X:00 Y:00 P:24 SP:F9
861D  A9 0F     LDA #$0F                        A:10 X:00 Y:00 P:24 SP:F9
861F  85 14     STA $14 = 00                    A:0F X:00 Y:00 P:24 SP:F9
8621  A9 04     LDA #$04                        A:0F X:00 Y:00 P:24 SP:F9
8623  85 11     STA $11 = 00                    A:04 X:00 Y:00 P:24 SP:F9
8625  85 13     STA $13 = 00                    A:04 X:00 Y:00 P:24 SP:F9
8627  85 15     STA $15 = 00                    A:04 X:00 Y:00 P:24 SP:F9
8629  60        RTS                             A:04 X:00 Y:00 P:24 SP:F9
8609  20 2A 86  JSR $862A                       A:04 X:00 Y:00 P:24 SP:FB
862A  A5 FE     LDA $FE = 00                    A:04 X:00 Y:00 P:24 SP:F9
862C  85 00     STA $00 = 00                    A:00 X:00 Y:00 P:26 SP:F9
862E  A5 FE     LDA $FE = 00                    A:00 X:00 Y:00 P:26 SP:F9
8630  29 03     AND #$03                        A:00 X:00 Y:00 P:26 SP:F9
8632  18        CLC                             A:00 X:00 Y:00 P:26 SP:F9
8633  69 02     ADC #$02                        A:00 X:00 Y:00 P:26 SP:F9
8635  85 01     STA $01 = 00                    A:02 X:00 Y:00 P:64 SP:F9
8637  60        RTS                             A:02 X:00 Y:00 P:64 SP:F9
860C  60        RTS                             A:02 X:00 Y:00 P:64 SP:FB
8603  20 38 86  JSR $8638                       A:02 X:00 Y:00 P:64 SP:FD
8638  20 4D 86  JSR $864D                       A:02 X:00 Y:00 P:64 SP:FB
864D  A5 FF     LDA $FF = 00                    A:02 X:00 Y:00 P:64 SP:F9
864F  C9 77     CMP #$77                        A:00 X:00 Y:00 P:66 SP:F9
8651  F0 0D     BEQ $8660                       A:00 X:00 Y:00 P:E4 SP:F9
8653  C9 64     CMP #$64                        A:00 X:00 Y:00 P:E4 SP:F9
8655  F0 14     BEQ $866B                       A:00 X:00 Y:00 P:E4 SP:F9
8657  C9 73     CMP #$73                        A:00 X:00 Y:00 P:E4 SP:F9
8659  F0 1B     BEQ $8676                       A:00 X:00 Y:00 P:E4 SP:F9
865B  C9 61     CMP #$61                        A:00 X:00 Y:00 P:E4 SP:F9
865D  F0 22     BEQ $8681                       A:00 X:00 Y:00 P:E4 SP:F9
865F  60        RTS                             A:00 X:00 Y:00 P:E4 SP:F9
863B  20 8D 86  JSR $868D                       A:00 X:00 Y:00 P:E4 SP:FB
868D  20 94 86  JSR $8694                       A:00 X:00 Y:00 P:E4 SP:F9
8694  A5 00     LDA $00 = 00                    A:00 X:00 Y:00 P:E4 SP:F7
8696  C5 10     CMP $10 = 11                    A:00 X:00 Y:00 P:66 SP:F7
8698  D0 0D     BNE $86A7                       A:00 X:00 Y:00 P:E4 SP:F7
86A7  60        RTS                             A:00 X:00 Y:00 P:E4 SP:F7
8690  20 A8 86  JSR $86A8                       A:00 X:00 Y:00 P:E4 SP:F9
86A8  A2 02     LDX #$02                        A:00 X:00 Y:00 P:E4 SP:F7
86AA  B5 10     LDA $10,X @ 12 = 10             A:00 X:02 Y:00 P:64 SP:F7
86AC  C5 10     CMP $10 = 11                    A:10 X:02 Y:00 P:64 SP:F7
86AE  D0 06     BNE $86B6                       A:10 X:02 Y:00 P:E4 SP:F7
86B6  E8        INX                             A:10 X:02 Y:00 P:E4 SP:F7
86B7  E8        INX                             A:10 X:03 Y:00 P:64 SP:F7
86B8  E4 03     CPX $03 = 06                    A:10 X:04 Y:00 P:64 SP:F7
86BA  F0 06     BEQ $86C2                       A:10 X:04 Y:00 P:E4 SP:F7
86BC  4C AA 86  JMP $86AA                       A:10 X:04 Y:00 P:E4 SP:F7
86AA  B5 10     LDA $10,X @ 14 = 0F             A:10 X:04 Y:00 P:E4 SP:F7
86AC  C5 10     CMP $10 = 11                    A:0F X:04 Y:00 P:64 SP:F7
86AE  D0 06     BNE $86B6                       A:0F X:04 Y:00 P:E4 SP:F7
86B6  E8        INX                             A:0F X:04 Y:00 P:E4 SP:F7
86B7  E8        INX                             A:0F X:05 Y:00 P:64 SP:F7
86B8  E4 03     CPX $03 = 06                    A:0F X:06 Y:00 P:64 SP:F7
86BA  F0 06     BEQ $86C2                       A:0F X:06 Y:00 P:67 SP:F7
86C2  60        RTS                             A:0F X:06 Y:00 P:67 SP:F7
8693  60        RTS                             A:0F X:06 Y:00 P:67 SP:F9
863E  20 C3 86  JSR $86C3                       A:0F X:06 Y:00 P:67 SP:FB
86C3  A6 03     LDX $03 = 06                    A:0F X:06 Y:00 P:67 SP:F9
86C5  CA        DEX                             A:0F X:06 Y:00 P:65 SP:F9
86C6  8A        TXA                             A:0F X:05 Y:00 P:65 SP:F9
86C7  B5 10     LDA $10,X @ 15 = 04             A:05 X:05 Y:00 P:65 SP:F9
86C9  95 12     STA $12,X @ 17 = 00             A:04 X:05 Y:00 P:65 SP:F9
86CB  CA        DEX                             A:04 X:05 Y:00 P:65 SP:F9
86CC  10 F9     BPL $86C7                       A:04 X:04 Y:00 P:65 SP:F9
86C7  B5 10     LDA $10,X @ 14 = 0F             A:04 X:04 Y:00 P:65 SP:F9
86C9  95 12     STA $12,X @ 16 = 00             A:0F X:04 Y:00 P:65 SP:F9
86CB  CA        DEX                             A:0F X:04 Y:00 P:65 SP:F9
86CC  10 F9     BPL $86C7                       A:0F X:03 Y:00 P:65 SP:F9
86C7  B5 10     LDA $10,X @ 13 = 04             A:0F X:03 Y:00 P:65 SP:F9
86C9  95 12     STA $12,X @ 15 = 04             A:04 X:03 Y:00 P:65 SP:F9
86CB  CA        DEX                             A:04 X:03 Y:00 P:65 SP:F9
86CC  10 F9     BPL $86C7                       A:04 X:02 Y:00 P:65 SP:F9
86C7  B5 10     LDA $10,X @ 12 = 10             A:04 X:02 Y:00 P:65 SP:F9
86C9  95 12     STA $12,X @ 14 = 0F             A:10 X:02 Y:00 P:65 SP:F9
86CB  CA        DEX                             A:10 X:02 Y:00 P:65 SP:F9
86CC  10 F9     BPL $86C7                       A:10 X:01 Y:00 P:65 SP:F9
86C7  B5 10     LDA $10,X @ 11 = 04             A:10 X:01 Y:00 P:65 SP:F9
86C9  95 12     STA $12,X @ 13 = 04             A:04 X:01 Y:00 P:65 SP:F9
86CB  CA        DEX                             A:04 X:01 Y:00 P:65 SP:F9
86CC  10 F9     BPL $86C7                       A:04 X:00 Y:00 P:67 SP:F9
86C7  B5 10     LDA $10,X @ 10 = 11             A:04 X:00 Y:00 P:67 SP:F9
86C9  95 12     STA $12,X @ 12 = 10             A:11 X:00 Y:00 P:65 SP:F9
86CB  CA        DEX                             A:11 X:00 Y:00 P:65 SP:F9
86CC  10 F9     BPL $86C7                       A:11 X:FF Y:00 P:E5 SP:F9
86CE  A5 02     LDA $02 = 02                    A:11 X:FF Y:00 P:E5 SP:F9
86D0  4A        LSR A                           A:02 X:FF Y:00 P:65 SP:F9
86D1  B0 09     BCS $86DC                       A:01 X:FF Y:00 P:64 SP:F9
86D3  4A        LSR A                           A:01 X:FF Y:00 P:64 SP:F9
86D4  B0 19     BCS $86EF                       A:00 X:FF Y:00 P:67 SP:F9
86EF  E6 10     INC $10 = 11                    A:00 X:FF Y:00 P:67 SP:F9
86F1  A9 1F     LDA #$1F                        A:00 X:FF Y:00 P:65 SP:F9
86F3  24 10     BIT $10 = 12                    A:1F X:FF Y:00 P:65 SP:F9
86F5  F0 1F     BEQ $8716                       A:1F X:FF Y:00 P:25 SP:F9
86F7  60        RTS                             A:1F X:FF Y:00 P:25 SP:F9
8641  20 19 87  JSR $8719                       A:1F X:FF Y:00 P:25 SP:FB
8719  A0 00     LDY #$00                        A:1F X:FF Y:00 P:25 SP:F9
871B  A5 FE     LDA $FE = 00                    A:1F X:FF Y:00 P:27 SP:F9
871D  91 00     STA ($00),Y = 0200 @ 0200 = 00  A:00 X:FF Y:00 P:27 SP:F9
871F  60        RTS                             A:00 X:FF Y:00 P:27 SP:F9
8644  20 20 87  JSR $8720                       A:00 X:FF Y:00 P:27 SP:FB
8720  A6 03     LDX $03 = 06                    A:00 X:FF Y:00 P:27 SP:F9
8722  A9 00     LDA #$00                        A:00 X:06 Y:00 P:25 SP:F9
8724  81 10     STA ($10,X) @ 16 = 040F = 00    A:00 X:06 Y:00 P:27 SP:F9
8726  A2 00     LDX #$00                        A:00 X:06 Y:00 P:27 SP:F9
8728  A9 01     LDA #$01                        A:00 X:00 Y:00 P:27 SP:F9
872A  81 10     STA ($10,X) @ 10 = 0412 = 00    A:01 X:00 Y:00 P:25 SP:F9
872C  60        RTS                             A:01 X:00 Y:00 P:25 SP:F9
8647  20 2D 87  JSR $872D                       A:01 X:00 Y:00 P:25 SP:FB
872D  A2 00     LDX #$00                        A:01 X:00 Y:00 P:25 SP:F9
872F  EA        NOP                             A:01 X:00 Y:00 P:27 SP:F9
8730  EA        NOP                             A:01 X:00 Y:00 P:27 SP:F9
8731  CA        DEX                             A:01 X:00 Y:00 P:27 SP:F9
8732  D0 FB     BNE $872F                       A:01 X:FF Y:00 P:A5 SP:F9
872F  EA        NOP                             A:01 X:FF Y:00 P:A5 SP:F9
8730  EA        NOP                             A:01 X:FF Y:00 P:A5 SP:F9
8731  CA        DEX                             A:01 X:FF Y:00 P:A5 SP:F9
8732  D0 FB     BNE $872F                       A:01 X:FE Y:00 P:A5 SP:F9
872F  EA        NOP                             A:01 X:FE Y:00 P:A5 SP:F9
8730  EA        NOP                             A:01 X:FE Y:00 P:A5 SP:F9
8731  CA        DEX                             A:01 X:FE Y:00 P:A5 SP:F9
8732  D0 FB     BNE $872F                       A:01 X:FD Y:00 P:A5 SP:F9
872F  EA        NOP                             A:01 X:FD Y:00 P:A5 SP:F9
8730  EA        NOP                             A:01 X:FD Y:00 P:A5 SP:F9
8731  CA        DEX                             A:01 X:FD Y:00 P:A5 SP:F9
8732  D0 FB     BNE $872F                       A:01 X:FC Y:00 P:A5 SP:F9
872F  EA        NOP                             A:01 X:FC Y:00 P:A5 SP:F9
8730  EA        NOP                             A:01 X:FC Y:00 P:A5 SP:F9
8731  CA        DEX                             A:01 X:FC Y:00 P:A5 SP:F9
8732  D0 FB     BNE $872F                       A:01 X:FB Y:00 P:A5 SP:F9
872F  EA        NOP                             A:01 X:FB Y:00 P:A5 SP:F9
8730  EA        NOP                             A:01 X:FB Y:00 P:A5 SP:F9
8731  CA        DEX                             A:01 X:FB Y:00 P:A5 SP:F9
8732  D0 FB     BNE $872F                       A:01 X:FA Y:00 P:A5 SP:F9
872F  EA        NOP                             A:01 X:FA Y:00 P:A5 SP:F9
8730  EA        NOP                             A:01 X:FA Y:00 P:A5 SP:F9
8731  CA        DEX                             A:01 X:FA Y:00 P:A5 SP:F9
8732  D0 FB     BNE $872F                       A:01 X:F9 Y:00 P:A5 SP:F9
872F  EA        NOP                             A:01 X:F9 Y:00 P:A5 SP:F9
8730  EA        NOP                             A:01 X:F9 Y:00 P:A5 SP:F9
8731  CA        DEX                             A:01 X:F9 Y:00 P:A5 SP:F9
8732  D0 FB     BNE $872F                       A:01 X:F8 Y:00 P:A5 SP:F9
872F  EA        NOP                             A:01 X:F8 Y:00 P:A5 SP:F9
8730  EA        NOP                             A:01 X:F8 Y:00 P:A5 SP:F9
8731  CA        DEX                             A:01 X:F8 Y:00 P:A5 SP:F9
8732  D0 FB     BNE $872F                       A:01 X:F7 Y:00 P:A5 SP:F9
872F  EA        NOP                             A:01 X:F7 Y:00 P:A5 SP:F9
8730  EA        NOP                             A:01 X:F7 Y:00 P:A5 SP:F9
8731  CA        DEX                             A:01 X:F7 Y:00 P:A5 SP:F9
8732  D0 FB     BNE $872F                       A:01 X:F6 Y:00 P:A5 SP:F9
872F  EA        NOP                             A:01 X:F6 Y:00 P:A5 SP:F9
8730  EA        NOP                             A:01 X:F6 Y:00 P:A5 SP:F9
8731  CA        DEX                             A:01 X:F6 Y:00 P:A5 SP:F9
8732  D0 FB     BNE $872F                       A:01 X:F5 Y:00 P:A5 SP:F9
872F  EA        NOP                             A:01 X:F5 Y:00 P:A5 SP:F9
8730  EA        NOP                             A:01 X:F5 Y:00 P:A5 SP:F9
8731  CA        DEX                             A:01 X:F5 Y:00 P:A5 SP:F9
8732  D0 FB     BNE $872F                       A:01 X:F4 Y:00 P:A5 SP:F9
872F  EA        NOP                             A:01 X:F4 Y:00 P:A5 SP:F9
8730  EA        NOP                             A:01 X:F4 Y:00 P:A5 SP:F9
8731  CA        DEX                             A:01 X:F4 Y:00 P:A5 SP:F9
8732  D0 FB     BNE $872F                       A:01 X:F3 Y:00 P:A5 SP:F9
872F  EA        NOP                             A:01 X:F3 Y:00 P:A5 SP:F9
8730  EA        NOP                             A:01 X:F3 Y:00 P:A5 SP:F9
8731  CA        DEX                             A:01 X:F3 Y:00 P:A5 SP:F9
8732  D0 FB     BNE $872F                       A:01 X:F2 Y:00 P:A5 SP:F9
872F  EA        NOP                             A:01 X:F2 Y:00 P:A5 SP:F9
8730  EA        NOP                             A:01 X:F2 Y:00 P:A5 SP:F9
8731  CA        DEX                             A:01 X:F2 Y:00 P:A5 SP:F9
8732  D0 FB     BNE $872F                       A:01 X:F1 Y:00 P:A5 SP:F9
872F  EA        NOP                             A:01 X:F1 Y:00 P:A5 SP:F9
8730  EA        NOP                             A:01 X:F1 Y:00 P:A5 SP:F9
8731  CA        DEX                             A:01 X:F1 Y:00 P:A5 SP:F9
8732  D0 FB     BNE $872F                       A:01 X:F0 Y:00 P:A5 SP:F9
872F  EA        NOP                             A:01 X:F0 Y:00 P:A5 SP:F9
8730  EA        NOP                             A:01 X:F0 Y:00 P:A5 SP:F9
8731  CA        DEX                             A:01 X:F0 Y:00 P:A5 SP:F9
8732  D0 FB     BNE $872F                       A:01 X:EF Y:00 P:A5 SP:F9
872F  EA        NOP                             A:01 X:EF Y:00 P:A5 SP:F9
8730  EA        NOP                             A:01 X:EF Y:00 P:A5 SP:F9
8731  CA        DEX                             A:01 X:EF Y:00 P:A5 SP:F9
8732  D0 FB     BNE $872F                       A:01 X:EE Y:00 P:A5 SP:F9
872F  EA        NOP                             A:01 X:EE Y:00 P:A5 SP:F9
8730  EA        NOP                             A:01 X:EE Y:00 P:A5 SP:F9
8731  CA        DEX                             A:01 X:EE Y:00 P:A5 SP:F9
8732  D0 FB     BNE $872F                       A:01 X:ED Y:00 P:A5 SP:F9
872F  EA        NOP                             A:01 X:ED Y:00 P:A5 SP:F9
8730  EA        NOP                             A:01 X:ED Y:00 P:A5 SP:F9
8731  CA        DEX                             A:01 X:ED Y:00 P:A5 SP:F9
8732  D0 FB     BNE $872F                       A:01 X:EC Y:00 P:A5 SP:F9
872F  EA        NOP                             A:01 X:EC Y:00 P:A5 SP:F9
8730  EA        NOP                             A:01 X:EC Y:00 P:A5 SP:F9
8731  CA        DEX                             A:01 X:EC Y:00 P:A5 SP:F9
8732  D0 FB     BNE $872F                       A:01 X:EB Y:00 P:A5 SP:F9
872F  EA        NOP                             A:01 X:EB Y:00 P:A5 SP:F9
8730  EA        NOP                             A:01 X:EB Y:00 P:A5 SP:F9
8731  CA        DEX                             A:01 X:EB Y:00 P:A5 SP:F9
8732  D0 FB     BNE $872F                       A:01 X:EA Y:00 P:A5 SP:F9
872F  EA        NOP                             A:01 X:EA Y:00 P:A5 SP:F9
8730  EA        NOP                             A:01 X:EA Y:00 P:A5 SP:F9
8731  CA        DEX                             A:01 X:EA Y:00 P:A5 SP:F9
8732  D0 FB     BNE $872F                       A:01 X:E9 Y:00 P:A5 SP:F9
872F  EA        NOP                             A:01 X:E9 Y:00 P:A5 SP:F9
8730  EA        NOP                             A:01 X:E9 Y:00 P:A5 SP:F9
8731  CA        DEX                             A:01 X:E9 Y:00 P:A5 SP:F9
8732  D0 FB     BNE $872F                       A:01 X:E8 Y:00 P:A5 SP:F9
872F  EA        NOP                             A:01 X:E8 Y:00 P:A5 SP:F9
8730  EA        NOP                             A:01 X:E8 Y:00 P:A5 SP:F9
8731  CA        DEX                             A:01 X:E8 Y:00 P:A5 SP:F9
8732  D0 FB     BNE $872F                       A:01 X:E7 Y:00 P:A5 SP:F9
872F  EA        NOP                             A:01 X:E7 Y:00 P:A5 SP:F9
8730  EA        NOP                             A:01 X:E7 Y:00 P:A5 SP:F9
8731  CA        DEX                             A:01 X:E7 Y:00 P:A5 SP:F9
8732  D0 FB     BNE $872F                       A:01 X:E6 Y:00 P:A5 SP:F9
872F  EA        NOP                             A:01 X:E6 Y:00 P:A5 SP:F9
8730  EA        NOP                             A:01 X:E6 Y:00 P:A5 SP:F9
8731  CA        DEX                             A:01 X:E6 Y:00 P:A5 SP:F9
8732  D0 FB     BNE $872F                       A:01 X:E5 Y:00 P:A5 SP:F9
872F  EA        NOP                             A:01 X:E5 Y:00 P:A5 SP:F9
8730  EA        NOP                             A:01 X:E5 Y:00 P:A5 SP:F9
8731  CA        DEX                             A:01 X:E5 Y:00 P:A5 SP:F9
8732  D0 FB     BNE $872F                       A:01 X:E4 Y:00 P:A5 SP:F9
872F  EA        NOP                             A:01 X:E4 Y:00 P:A5 SP:F9
8730  EA        NOP                             A:01 X:E4 Y:00 P:A5 SP:F9
8731  CA        DEX                             A:01 X:E4 Y:00 P:A5 SP:F9
8732  D0 FB     BNE $872F                       A:01 X:E3 Y:00 P:A5 SP:F9
872F  EA        NOP                             A:01 X:E3 Y:00 P:A5 SP:F9
8730  EA        NOP                             A:01 X:E3 Y:00 P:A5 SP:F9
8731  CA        DEX                             A:01 X:E3 Y:00 P:A5 SP:F9
8732  D0 FB     BNE $872F                       A:01 X:E2 Y:00 P:A5 SP:F9
872F  EA        NOP                             A:01 X:E2 Y:00 P:A5 SP:F9
8730  EA        NOP                             A:01 X:E2 Y:00 P:A5 SP:F9
8731  CA        DEX                             A:01 X:E2 Y:00 P:A5 SP:F9
8732  D0 FB     BNE $872F                       A:01 X:E1 Y:00 P:A5 SP:F9
872F  EA        NOP                             A:01 X:E1 Y:00 P:A5 SP:F9
8730  EA        NOP                             A:01 X:E1 Y:00 P:A5 SP:F9
8731  CA        DEX                             A:01 X:E1 Y:00 P:A5 SP:F9
8732  D0 FB     BNE $872F                       A:01 X:E0 Y:00 P:A5 SP:F9
872F  EA        NOP                             A:01 X:E0 Y:00 P:A5 SP:F9
8730  EA        NOP                             A:01 X:E0 Y:00 P:A5 SP:F9
8731  CA        DEX                             A:01 X:E0 Y:00 P:A5 SP:F9
8732  D0 FB     BNE $872F                       A:01 X:DF Y:00 P:A5 SP:F9
872F  EA        NOP                             A:01 X:DF Y:00 P:A5 SP:F9
8730  EA        NOP                             A:01 X:DF Y:00 P:A5 SP:F9
8731  CA        DEX                             A:01 X:DF Y:00 P:A5 SP:F9
8732  D0 FB     BNE $872F                       A:01 X:DE Y:00 P:A5 SP:F9
872F  EA        NOP                             A:01 X:DE Y:00 P:A5 SP:F9
8730  EA        NOP                             A:01 X:DE Y:00 P:A5 SP:F9
8731  CA        DEX                             A:01 X:DE Y:00 P:A5 SP:F9
8732  D0 FB     BNE $872F                       A:01 X:DD Y:00 P:A5 SP:F9
872F  EA        NOP                             A:01 X:DD Y:00 P:A5 SP:F9
8730  EA        NOP                             A:01 X:DD Y:00 P:A5 SP:F9
8731  CA        DEX                             A:01 X:DD Y:00 P:A5 SP:F9
8732  D0 FB     BNE $872F                       A:01 X:DC Y:00 P:A5 SP:F9
872F  EA        NOP                             A:01 X:DC Y:00 P:A5 SP:F9
8730  EA        NOP                             A:01 X:DC Y:00 P:A5 SP:F9
8731  CA        DEX                             A:01 X:DC Y:00 P:A5 SP:F9
8732  D0 FB     BNE $872F                       A:01 X:DB Y:00 P:A5 SP:F9
872F  EA        NOP                             A:01 X:DB Y:00 P:A5 SP:F9
8730  EA        NOP                             A:01 X:DB Y:00 P:A5 SP:F9
8731  CA        DEX                             A:01 X:DB Y:00 P:A5 SP:F9
8732  D0 FB     BNE $872F                       A:01 X:DA Y:00 P:A5 SP:F9
872F  EA        NOP                             A:01 X:DA Y:00 P:A5 SP:F9
8730  EA        NOP                             A:01 X:DA Y:00 P:A5 SP:F9
8731  CA        DEX                             A:01 X:DA Y:00 P:A5 SP:F9
8732  D0 FB     BNE $872F                       A:01 X:D9 Y:00 P:A5 SP:F9
872F  EA        NOP                             A:01 X:D9 Y:00 P:A5 SP:F9
8730  EA        NOP                             A:01 X:D9 Y:00 P:A5 SP:F9
8731  CA        DEX                             A:01 X:D9 Y:00 P:A5 SP:F9
8732  D0 FB     BNE $872F                       A:01 X:D8 Y:00 P:A5 SP:F9
872F  EA        NOP                             A:01 X:D8 Y:00 P:A5 SP:F9
8730  EA        NOP                             A:01 X:D8 Y:00 P:A5 SP:F9
8731  CA        DEX                             A:01 X:D8 Y:00 P:A5 SP:F9
8732  D0 FB     BNE $872F                       A:01 X:D7 Y:00 P:A5 SP:F9
872F  EA        NOP                             A:01 X:D7 Y:00 P:A5 SP:F9
8730  EA        NOP                             A:01 X:D7 Y:00 P:A5 SP:F9
8731  CA        DEX                             A:01 X:D7 Y:00 P:A5 SP:F9
8732  D0 FB     BNE $872F                       A:01 X:D6 Y:00 P:A5 SP:F9
872F  EA        NOP                             A:01 X:D6 Y:00 P:A5 SP:F9
8730  EA        NOP                             A:01 X:D6 Y:00 P:A5 SP:F9
8731  CA        DEX                             A:01 X:D6 Y:00 P:A5 SP:F9
8732  D0 FB     BNE $872F                       A:01 X:D5 Y:00 P:A5 SP:F9
872F  EA        NOP                             A:01 X:D5 Y:00 P:A5 SP:F9
8730  EA        NOP                             A:01 X:D5 Y:00 P:A5 SP:F9
8731  CA        DEX                             A:01 X:D5 Y:00 P:A5 SP:F9
8732  D0 FB     BNE $872F                       A:01 X:D4 Y:00 P:A5 SP:F9
872F  EA        NOP                             A:01 X:D4 Y:00 P:A5 SP:F9
8730  EA        NOP                             A:01 X:D4 Y:00 P:A5 SP:F9
8731  CA        DEX                             A:01 X:D4 Y:00 P:A5 SP:F9
8732  D0 FB     BNE $872F                       A:01 X:D3 Y:00 P:A5 SP:F9
872F  EA        NOP                             A:01 X:D3 Y:00 P:A5 SP:F9
8730  EA        NOP                             A:01 X:D3 Y:00 P:A5 SP:F9
8731  CA        DEX                             A:01 X:D3 Y:00 P:A5 SP:F9
8732  D0 FB     BNE $872F                       A:01 X:D2 Y:00 P:A5 SP:F9
872F  EA        NOP                             A:01 X:D2 Y:00 P:A5 SP:F9
8730  EA        NOP                             A:01 X:D2 Y:00 P:A5 SP:F9
8731  CA        DEX                             A:01 X:D2 Y:00 P:A5 SP:F9
8732  D0 FB     BNE $872F                       A:01 X:D1 Y:00 P:A5 SP:F9
872F  EA        NOP                             A:01 X:D1 Y:00 P:A5 SP:F9
8730  EA        NOP                             A:01 X:D1 Y:00 P:A5 SP:F9
8731  CA        DEX                             A:01 X:D1 Y:00 P:A5 SP:F9
8732  D0 FB     BNE $872F                       A:01 X:D0 Y:00 P:A5 SP:F9
872F  EA        NOP                             A:01 X:D0 Y:00 P:A5 SP:F9
8730  EA        NOP                             A:01 X:D0 Y:00 P:A5 SP:F9
8731  CA        DEX                             A:01 X:D0 Y:00 P:A5 SP:F9
8732  D0 FB     BNE $872F                       A:01 X:CF Y:00 P:A5 SP:F9
872F  EA        NOP                             A:01 X:CF Y:00 P:A5 SP:F9
8730  EA        NOP                             A:01 X:CF Y:00 P:A5 SP:F9
8731  CA        DEX                             A:01 X:CF Y:00 P:A5 SP:F9
8732  D0 FB     BNE $872F                       A:01 X:CE Y:00 P:A5 SP:F9
872F  EA        NOP                             A:01 X:CE Y:00 P:A5 SP:F9
8730  EA        NOP                             A:01 X:CE Y:00 P:A5 SP:F9
8731  CA        DEX                             A:01 X:CE Y:00 P:A5 SP:F9
8732  D0 FB     BNE $872F                       A:01 X:CD Y:00 P:A5 SP:F9
872F  EA        NOP                             A:01 X:CD Y:00 P:A5 SP:F9
8730  EA        NOP                             A:01 X:CD Y:00 P:A5 SP:F9
8731  CA        DEX                             A:01 X:CD Y:00 P:A5 SP:F9
8732  D0 FB     BNE $872F                       A:01 X:CC Y:00 P:A5 SP:F9
872F  EA        NOP                             A:01 X:CC Y:00 P:A5 SP:F9
8730  EA        NOP                             A:01 X:CC Y:00 P:A5 SP:F9
8731  CA        DEX                             A:01 X:CC Y:00 P:A5 SP:F9
8732  D0 FB     BNE $872F                       A:01 X:CB Y:00 P:A5 SP:F9
872F  EA        NOP                             A:01 X:CB Y:00 P:A5 SP:F9
8730  EA        NOP                             A:01 X:CB Y:00 P:A5 SP:F9
8731  CA        DEX                             A:01 X:CB Y:00 P:A5 SP:F9
8732  D0 FB     BNE $872F                       A:01 X:CA Y:00 P:A5 SP:F9
872F  EA        NOP                             A:01 X:CA Y:00 P:A5 SP:F9
8730  EA        NOP                             A:01 X:CA Y:00 P:A5 SP:F9
8731  CA        DEX                             A:01 X:CA Y:00 P:A5 SP:F9
8732  D0 FB     BNE $872F                       A:01 X:C9 Y:00 P:A5 SP:F9
872F  EA        NOP                             A:01 X:C9 Y:00 P:A5 SP:F9
8730  EA        NOP                             A:01 X:C9 Y:00 P:A5 SP:F9
8731  CA        DEX                             A:01 X:C9 Y:00 P:A5 SP:F9
8732  D0 FB     BNE $872F                       A:01 X:C8 Y:00 P:A5 SP:F9
872F  EA        NOP                             A:01 X:C8 Y:00 P:A5 SP:F9
8730  EA        NOP                             A:01 X:C8 Y:00 P:A5 SP:F9
8731  CA        DEX                             A:01 X:C8 Y:00 P:A5 SP:F9
8732  D0 FB     BNE $872F                       A:01 X:C7 Y:00 P:A5 SP:F9
872F  EA        NOP                             A:01 X:C7 Y:00 P:A5 SP:F9
8730  EA        NOP                             A:01 X:C7 Y:00 P:A5 SP:F9
8731  CA        DEX                             A:01 X:C7 Y:00 P:A5 SP:F9
8732  D0 FB     BNE $872F                       A:01 X:C6 Y:00 P:A5 SP:F9
872F  EA        NOP                             A:01 X:C6 Y:00 P:A5 SP:F9
8730  EA        NOP                             A:01 X:C6 Y:00 P:A5 SP:F9
8731  CA        DEX                             A:01 X:C6 Y:00 P:A5 SP:F9
8732  D0 FB     BNE $872F                       A:01 X:C5 Y:00 P:A5 SP:F9
872F  EA        NOP                             A:01 X:C5 Y:00 P:A5 SP:F9
8730  EA        NOP                             A:01 X:C5 Y:00 P:A5 SP:F9
8731  CA        DEX                             A:01 X:C5 Y:00 P:A5 SP:F9
8732  D0 FB     BNE $872F                       A:01 X:C4 Y:00 P:A5 SP:F9
872F  EA        NOP                             A:01 X:C4 Y:00 P:A5 SP:F9
8730  EA        NOP                             A:01 X:C4 Y:00 P:A5 SP:F9
8731  CA        DEX                             A:01 X:C4 Y:00 P:A5 SP:F9
8732  D0 FB     BNE $872F                       A:01 X:C3 Y:00 P:A5 SP:F9
872F  EA        NOP                             A:01 X:C3 Y:00 P:A5 SP:F9
8730  EA        NOP                             A:01 X:C3 Y:00 P:A5 SP:F9
8731  CA        DEX                             A:01 X:C3 Y:00 P:A5 SP:F9
8732  D0 FB     BNE $872F                       A:01 X:C2 Y:00 P:A5 SP:F9
872F  EA        NOP                             A:01 X:C2 Y:00 P:A5 SP:F9
8730  EA        NOP                             A:01 X:C2 Y:00 P:A5 SP:F9
8731  CA        DEX                             A:01 X:C2 Y:00 P:A5 SP:F9
8732  D0 FB     BNE $872F                       A:01 X:C1 Y:00 P:A5 SP:F9
872F  EA        NOP                             A:01 X:C1 Y:00 P:A5 SP:F9
8730  EA        NOP                             A:01 X:C1 Y:00 P:A5 SP:F9
8731  CA        DEX                             A:01 X:C1 Y:00 P:A5 SP:F9
8732  D0 FB     BNE $872F                       A:01 X:C0 Y:00 P:A5 SP:F9
872F  EA        NOP                             A:01 X:C0 Y:00 P:A5 SP:F9
8730  EA        NOP                             A:01 X:C0 Y:00 P:A5 SP:F9
8731  CA        DEX                             A:01 X:C0 Y:00 P:A5 SP:F9
8732  D0 FB     BNE $872F                       A:01 X:BF Y:00 P:A5 SP:F9
872F  EA        NOP                             A:01 X:BF Y:00 P:A5 SP:F9
8730  EA        NOP                             A:01 X:BF Y:00 P:A5 SP:F9
8731  CA        DEX                             A:01 X:BF Y:00 P:A5 SP:F9
8732  D0 FB     BNE $872F                       A:01 X:BE Y:00 P:A5 SP:F9
872F  EA        NOP                             A:01 X:BE Y:00 P:A5 SP:F9
8730  EA        NOP                             A:01 X:BE Y:00 P:A5 SP:F9
8731  CA        DEX                             A:01 X:BE Y:00 P:A5 SP:F9
8732  D0 FB     BNE $872F                       A:01 X:BD Y:00 P:A5 SP:F9
872F  EA        NOP                             A:01 X:BD Y:00 P:A5 SP:F9
8730  EA        NOP                             A:01 X:BD Y:00 P:A5 SP:F9
8731  CA        DEX                             A:01 X:BD Y:00 P:A5 SP:F9
8732  D0 FB     BNE $872F                       A:01 X:BC Y:00 P:A5 SP:F9
872F  EA        NOP                             A:01 X:BC Y:00 P:A5 SP:F9
8730  EA        NOP                             A:01 X:BC Y:00 P:A5 SP:F9
8731  CA        DEX                             A:01 X:BC Y:00 P:A5 SP:F9
8732  D0 FB     BNE $872F                       A:01 X:BB Y:00 P:A5 SP:F9
872F  EA        NOP                             A:01 X:BB Y:00 P:A5 SP:F9
8730  EA        NOP                             A:01 X:BB Y:00 P:A5 SP:F9
8731  CA        DEX                             A:01 X:BB Y:00 P:A5 SP:F9
8732  D0 FB     BNE $872F                       A:01 X:BA Y:00 P:A5 SP:F9
872F  EA        NOP                             A:01 X:BA Y:00 P:A5 SP:F9
8730  EA        NOP                             A:01 X:BA Y:00 P:A5 SP:F9
8731  CA        DEX                             A:01 X:BA Y:00 P:A5 SP:F9
8732  D0 FB     BNE $872F                       A:01 X:B9 Y:00 P:A5 SP:F9
872F  EA        NOP                             A:01 X:B9 Y:00 P:A5 SP:F9
8730  EA        NOP                             A:01 X:B9 Y:00 P:A5 SP:F9
8731  CA        DEX                             A:01 X:B9 Y:00 P:A5 SP:F9
8732  D0 FB     BNE $872F                       A:01 X:B8 Y:00 P:A5 SP:F9
872F  EA        NOP                             A:01 X:B8 Y:00 P:A5 SP:F9
8730  EA        NOP                             A:01 X:B8 Y:00 P:A5 SP:F9
8731  CA        DEX                             A:01 X:B8 Y:00 P:A5 SP:F9
8732  D0 FB     BNE $872F                       A:01 X:B7 Y:00 P:A5 SP:F9
872F  EA        NOP                             A:01 X:B7 Y:00 P:A5 SP:F9
8730  EA        NOP                             A:01 X:B7 Y:00 P:A5 SP:F9
8731  CA        DEX                             A:01 X:B7 Y:00 P:A5 SP:F9
8732  D0 FB     BNE $872F                       A:01 X:B6 Y:00 P:A5 SP:F9
872F  EA        NOP                             A:01 X:B6 Y:00 P:A5 SP:F9
8730  EA        NOP                             A:01 X:B6 Y:00 P:A5 SP:F9
8731  CA        DEX                             A:01 X:B6 Y:00 P:A5 SP:F9
8732  D0 FB     BNE $872F                       A:01 X:B5 Y:00 P:A5 SP:F9
872F  EA        NOP                             A:01 X:B5 Y:00 P:A5 SP:F9
8730  EA        NOP                             A:01 X:B5 Y:00 P:A5 SP:F9
8731  CA        DEX                             A:01 X:B5 Y:00 P:A5 SP:F9
8732  D0 FB     BNE $872F                       A:01 X:B4 Y:00 P:A5 SP:F9
872F  EA        NOP                             A:01 X:B4 Y:00 P:A5 SP:F9
8730  EA        NOP                             A:01 X:B4 Y:00 P:A5 SP:F9
8731  CA        DEX                             A:01 X:B4 Y:00 P:A5 SP:F9
8732  D0 FB     BNE $872F                       A:01 X:B3 Y:00 P:A5 SP:F9
872F  EA        NOP                             A:01 X:B3 Y:00 P:A5 SP:F9
8730  EA        NOP                             A:01 X:B3 Y:00 P:A5 SP:F9
8731  CA        DEX                             A:01 X:B3 Y:00 P:A5 SP:F9
8732  D0 FB     BNE $872F                       A:01 X:B2 Y:00 P:A5 SP:F9
872F  EA        NOP                             A:01 X:B2 Y:00 P:A5 SP:F9
8730  EA        NOP                             A:01 X:B2 Y:00 P:A5 SP:F9
8731  CA        DEX                             A:01 X:B2 Y:00 P:A5 SP:F9
8732  D0 FB     BNE $872F                       A:01 X:B1 Y:00 P:A5 SP:F9
872F  EA        NOP                             A:01 X:B1 Y:00 P:A5 SP:F9
8730  EA        NOP                             A:01 X:B1 Y:00 P:A5 SP:F9
8731  CA        DEX                             A:01 X:B1 Y:00 P:A5 SP:F9
8732  D0 FB     BNE $872F                       A:01 X:B0 Y:00 P:A5 SP:F9
872F  EA        NOP                             A:01 X:B0 Y:00 P:A5 SP:F9
8730  EA        NOP                             A:01 X:B0 Y:00 P:A5 SP:F9
8731  CA        DEX                             A:01 X:B0 Y:00 P:A5 SP:F9
8732  D0 FB     BNE $872F                       A:01 X:AF Y:00 P:A5 SP:F9
872F  EA        NOP                             A:01 X:AF Y:00 P:A5 SP:F9
8730  EA        NOP                             A:01 X:AF Y:00 P:A5 SP:F9
8731  CA        DEX                             A:01 X:AF Y:00 P:A5 SP:F9
8732  D0 FB     BNE $872F                       A:01 X:AE Y:00 P:A5 SP:F9
872F  EA        NOP                             A:01 X:AE Y:00 P:A5 SP:F9
8730  EA        NOP                             A:01 X:AE Y:00 P:A5 SP:F9
8731  CA        DEX                             A:01 X:AE Y:00 P:A5 SP:F9
8732  D0 FB     BNE $872F                       A:01 X:AD Y:00 P:A5 SP:F9
872F  EA        NOP                             A:01 X:AD Y:00 P:A5 SP:F9
8730  EA        NOP                             A:01 X:AD Y:00 P:A5 SP:F9
8731  CA        DEX                             A:01 X:AD Y:00 P:A5 SP:F9
8732  D0 FB     BNE $872F                       A:01 X:AC Y:00 P:A5 SP:F9
872F  EA        NOP                             A:01 X:AC Y:00 P:A5 SP:F9
8730  EA        NOP                             A:01 X:AC Y:00 P:A5 SP:F9
8731  CA        DEX                             A:01 X:AC Y:00 P:A5 SP:F9
8732  D0 FB     BNE $872F                       A:01 X:AB Y:00 P:A5 SP:F9
872F  EA        NOP                             A:01 X:AB Y:00 P:A5 SP:F9
8730  EA        NOP                             A:01 X:AB Y:00 P:A5 SP:F9
8731  CA        DEX                             A:01 X:AB Y:00 P:A5 SP:F9
8732  D0 FB     BNE $872F                       A:01 X:AA Y:00 P:A5 SP:F9
872F  EA        NOP                             A:01 X:AA Y:00 P:A5 SP:F9
8730  EA        NOP                             A:01 X:AA Y:00 P:A5 SP:F9
8731  CA        DEX                             A:01 X:AA Y:00 P:A5 SP:F9
8732  D0 FB     BNE $872F                       A:01 X:A9 Y:00 P:A5 SP:F9
872F  EA        NOP                             A:01 X:A9 Y:00 P:A5 SP:F9
8730  EA        NOP                             A:01 X:A9 Y:00 P:A5 SP:F9
8731  CA        DEX                             A:01 X:A9 Y:00 P:A5 SP:F9
8732  D0 FB     BNE $872F                       A:01 X:A8 Y:00 P:A5 SP:F9
872F  EA        NOP                             A:01 X:A8 Y:00 P:A5 SP:F9
8730  EA        NOP                             A:01 X:A8 Y:00 P:A5 SP:F9
8731  CA        DEX                             A:01 X:A8 Y:00 P:A5 SP:F9
8732  D0 FB     BNE $872F                       A:01 X:A7 Y:00 P:A5 SP:F9
872F  EA        NOP                             A:01 X:A7 Y:00 P:A5 SP:F9
8730  EA        NOP                             A:01 X:A7 Y:00 P:A5 SP:F9
8731  CA        DEX                             A:01 X:A7 Y:00 P:A5 SP:F9
8732  D0 FB     BNE $872F                       A:01 X:A6 Y:00 P:A5 SP:F9
872F  EA        NOP                             A:01 X:A6 Y:00 P:A5 SP:F9
8730  EA        NOP                             A:01 X:A6 Y:00 P:A5 SP:F9
8731  CA        DEX                             A:01 X:A6 Y:00 P:A5 SP:F9
8732  D0 FB     BNE $872F                       A:01 X:A5 Y:00 P:A5 SP:F9
872F  EA        NOP                             A:01 X:A5 Y:00 P:A5 SP:F9
8730  EA        NOP                             A:01 X:A5 Y:00 P:A5 SP:F9
8731  CA        DEX                             A:01 X:A5 Y:00 P:A5 SP:F9
8732  D0 FB     BNE $872F                       A:01 X:A4 Y:00 P:A5 SP:F9
872F  EA        NOP                             A:01 X:A4 Y:00 P:A5 SP:F9
8730  EA        NOP                             A:01 X:A4 Y:00 P:A5 SP:F9
8731  CA        DEX                             A:01 X:A4 Y:00 P:A5 SP:F9
8732  D0 FB     BNE $872F                       A:01 X:A3 Y:00 P:A5 SP:F9
872F  EA        NOP                             A:01 X:A3 Y:00 P:A5 SP:F9
8730  EA        NOP                             A:01 X:A3 Y:00 P:A5 SP:F9
8731  CA        DEX                             A:01 X:A3 Y:00 P:A5 SP:F9
8732  D0 FB     BNE $872F                       A:01 X:A2 Y:00 P:A5 SP:F9
872F  EA        NOP                             A:01 X:A2 Y:00 P:A5 SP:F9
8730  EA        NOP                             A:01 X:A2 Y:00 P:A5 SP:F9
8731  CA        DEX                             A:01 X:A2 Y:00 P:A5 SP:F9
8732  D0 FB     BNE $872F                       A:01 X:A1 Y:00 P:A5 SP:F9
872F  EA        NOP                             A:01 X:A1 Y:00 P:A5 SP:F9
8730  EA        NOP                             A:01 X:A1 Y:00 P:A5 SP:F9
8731  CA        DEX                             A:01 X:A1 Y:00 P:A5 SP:F9
8732  D0 FB     BNE $872F                       A:01 X:A0 Y:00 P:A5 SP:F9
872F  EA        NOP                             A:01 X:A0 Y:00 P:A5 SP:F9
8730  EA        NOP                             A:01 X:A0 Y:00 P:A5 SP:F9
8731  CA        DEX                             A:01 X:A0 Y:00 P:A5 SP:F9
8732  D0 FB     BNE $872F                       A:01 X:9F Y:00 P:A5 SP:F9
872F  EA        NOP                             A:01 X:9F Y:00 P:A5 SP:F9
8730  EA        NOP                             A:01 X:9F Y:00 P:A5 SP:F9
8731  CA        DEX                             A:01 X:9F Y:00 P:A5 SP:F9
8732  D0 FB     BNE $872F                       A:01 X:9E Y:00 P:A5 SP:F9
872F  EA        NOP                             A:01 X:9E Y:00 P:A5 SP:F9
8730  EA        NOP                             A:01 X:9E Y:00 P:A5 SP:F9
8731  CA        DEX                             A:01 X:9E Y:00 P:A5 SP:F9
8732  D0 FB     BNE $872F                       A:01 X:9D Y:00 P:A5 SP:F9
872F  EA        NOP                             A:01 X:9D Y:00 P:A5 SP:F9
8730  EA        NOP                             A:01 X:9D Y:00 P:A5 SP:F9
8731  CA        DEX                             A:01 X:9D Y:00 P:A5 SP:F9
8732  D0 FB     BNE $872F                       A:01 X:9C Y:00 P:A5 SP:F9
872F  EA        NOP                             A:01 X:9C Y:00 P:A5 SP:F9
8730  EA        NOP                             A:01 X:9C Y:00 P:A5 SP:F9
8731  CA        DEX                             A:01 X:9C Y:00 P:A5 SP:F9
8732  D0 FB     BNE $872F                       A:01 X:9B Y:00 P:A5 SP:F9
872F  EA        NOP                             A:01 X:9B Y:00 P:A5 SP:F9
8730  EA        NOP                             A:01 X:9B Y:00 P:A5 SP:F9
8731  CA        DEX                             A:01 X:9B Y:00 P:A5 SP:F9
8732  D0 FB     BNE $872F                       A:01 X:9A Y:00 P:A5 SP:F9
872F  EA        NOP                             A:01 X:9A Y:00 P:A5 SP:F9
8730  EA        NOP                             A:01 X:9A Y:00 P:A5 SP:F9
8731  CA        DEX                             A:01 X:9A Y:00 P:A5 SP:F9
8732  D0 FB     BNE $872F                       A:01 X:99 Y:00 P:A5 SP:F9
872F  EA        NOP                             A:01 X:99 Y:00 P:A5 SP:F9
8730  EA        NOP                             A:01 X:99 Y:00 P:A5 SP:F9
8731  CA        DEX                             A:01 X:99 Y:00 P:A5 SP:F9
8732  D0 FB     BNE $872F                       A:01 X:98 Y:00 P:A5 SP:F9
872F  EA        NOP                             A:01 X:98 Y:00 P:A5 SP:F9
8730  EA        NOP                             A:01 X:98 Y:00 P:A5 SP:F9
8731  CA        DEX                             A:01 X:98 Y:00 P:A5 SP:F9
8732  D0 FB     BNE $872F                       A:01 X:97 Y:00 P:A5 SP:F9
872F  EA        NOP                             A:01 X:97 Y:00 P:A5 SP:F9
8730  EA        NOP                             A:01 X:97 Y:00 P:A5 SP:F9
8731  CA        DEX                             A:01 X:97 Y:00 P:A5 SP:F9
8732  D0 FB     BNE $872F                       A:01 X:96 Y:00 P:A5 SP:F9
872F  EA        NOP                             A:01 X:96 Y:00 P:A5 SP:F9
8730  EA        NOP                             A:01 X:96 Y:00 P:A5 SP:F9
8731  CA        DEX                             A:01 X:96 Y:00 P:A5 SP:F9
8732  D0 FB     BNE $872F                       A:01 X:95 Y:00 P:A5 SP:F9
872F  EA        NOP                             A:01 X:95 Y:00 P:A5 SP:F9
8730  EA        NOP                             A:01 X:95 Y:00 P:A5 SP:F9
8731  CA        DEX                             A:01 X:95 Y:00 P:A5 SP:F9
8732  D0 FB     BNE $872F                       A:01 X:94 Y:00 P:A5 SP:F9
872F  EA        NOP                             A:01 X:94 Y:00 P:A5 SP:F9
8730  EA        NOP                             A:01 X:94 Y:00 P:A5 SP:F9
8731  CA        DEX                             A:01 X:94 Y:00 P:A5 SP:F9
8732  D0 FB     BNE $872F                       A:01 X:93 Y:00 P:A5 SP:F9
872F  EA        NOP                             A:01 X:93 Y:00 P:A5 SP:F9
8730  EA        NOP                             A:01 X:93 Y:00 P:A5 SP:F9
8731  CA        DEX                             A:01 X:93 Y:00 P:A5 SP:F9
8732  D0 FB     BNE $872F                       A:01 X:92 Y:00 P:A5 SP:F9
872F  EA        NOP                             A:01 X:92 Y:00 P:A5 SP:F9
8730  EA        NOP                             A:01 X:92 Y:00 P:A5 SP:F9
8731  CA        DEX                             A:01 X:92 Y:00 P:A5 SP:F9
8732  D0 FB     BNE $872F                       A:01 X:91 Y:00 P:A5 SP:F9
872F  EA        NOP                             A:01 X:91 Y:00 P:A5 SP:F9
8730  EA        NOP                             A:01 X:91 Y:00 P:A5 SP:F9
8731  CA        DEX                             A:01 X:91 Y:00 P:A5 SP:F9
8732  D0 FB     BNE $872F                       A:01 X:90 Y:00 P:A5 SP:F9
872F  EA        NOP                             A:01 X:90 Y:00 P:A5 SP:F9
8730  EA        NOP                             A:01 X:90 Y:00 P:A5 SP:F9
8731  CA        DEX                             A:01 X:90 Y:00 P:A5 SP:F9
8732  D0 FB     BNE $872F                       A:01 X:8F Y:00 P:A5 SP:F9
872F  EA        NOP                             A:01 X:8F Y:00 P:A5 SP:F9
8730  EA        NOP                             A:01 X:8F Y:00 P:A5 SP:F9
8731  CA        DEX                             A:01 X:8F Y:00 P:A5 SP:F9
8732  D0 FB     BNE $872F                       A:01 X:8E Y:00 P:A5 SP:F9
872F  EA        NOP                             A:01 X:8E Y:00 P:A5 SP:F9
8730  EA        NOP                             A:01 X:8E Y:00 P:A5 SP:F9
8731  CA        DEX                             A:01 X:8E Y:00 P:A5 SP:F9
8732  D0 FB     BNE $872F                       A:01 X:8D Y:00 P:A5 SP:F9
872F  EA        NOP                             A:01 X:8D Y:00 P:A5 SP:F9
8730  EA        NOP                             A:01 X:8D Y:00 P:A5 SP:F9
8731  CA        DEX                             A:01 X:8D Y:00 P:A5 SP:F9
8732  D0 FB     BNE $872F                       A:01 X:8C Y:00 P:A5 SP:F9
872F  EA        NOP                             A:01 X:8C Y:00 P:A5 SP:F9
8730  EA        NOP                             A:01 X:8C Y:00 P:A5 SP:F9
8731  CA        DEX                             A:01 X:8C Y:00 P:A5 SP:F9
8732  D0 FB     BNE $872F                       A:01 X:8B Y:00 P:A5 SP:F9
872F  EA        NOP                             A:01 X:8B Y:00 P:A5 SP:F9
8730  EA        NOP                             A:01 X:8B Y:00 P:A5 SP:F9
8731  CA        DEX                             A:01 X:8B Y:00 P:A5 SP:F9
8732  D0 FB     BNE $872F                       A:01 X:8A Y:00 P:A5 SP:F9
872F  EA        NOP                             A:01 X:8A Y:00 P:A5 SP:F9
8730  EA        NOP                             A:01 X:8A Y:00 P:A5 SP:F9
8731  CA        DEX                             A:01 X:8A Y:00 P:A5 SP:F9
8732  D0 FB     BNE $872F                       A:01 X:89 Y:00 P:A5 SP:F9
872F  EA        NOP                             A:01 X:89 Y:00 P:A5 SP:F9
8730  EA        NOP                             A:01 X:89 Y:00 P:A5 SP:F9
8731  CA        DEX                             A:01 X:89 Y:00 P:A5 SP:F9
8732  D0 FB     BNE $872F                       A:01 X:88 Y:00 P:A5 SP:F9
872F  EA        NOP                             A:01 X:88 Y:00 P:A5 SP:F9
8730  EA        NOP                             A:01 X:88 Y:00 P:A5 SP:F9
8731  CA        DEX                             A:01 X:88 Y:00 P:A5 SP:F9
8732  D0 FB     BNE $872F                       A:01 X:87 Y:00 P:A5 SP:F9
872F  EA        NOP                             A:01 X:87 Y:00 P:A5 SP:F9
8730  EA        NOP                             A:01 X:87 Y:00 P:A5 SP:F9
8731  CA        DEX                             A:01 X:87 Y:00 P:A5 SP:F9
8732  D0 FB     BNE $872F                       A:01 X:86 Y:00 P:A5 SP:F9
872F  EA        NOP                             A:01 X:86 Y:00 P:A5 SP:F9
8730  EA        NOP                             A:01 X:86 Y:00 P:A5 SP:F9
8731  CA        DEX                             A:01 X:86 Y:00 P:A5 SP:F9
8732  D0 FB     BNE $872F                       A:01 X:85 Y:00 P:A5 SP:F9
872F  EA        NOP                             A:01 X:85 Y:00 P:A5 SP:F9
8730  EA        NOP                             A:01 X:85 Y:00 P:A5 SP:F9
8731  CA        DEX                             A:01 X:85 Y:00 P:A5 SP:F9
8732  D0 FB     BNE $872F                       A:01 X:84 Y:00 P:A5 SP:F9
872F  EA        NOP                             A:01 X:84 Y:00 P:A5 SP:F9
8730  EA        NOP                             A:01 X:84 Y:00 P:A5 SP:F9
8731  CA        DEX                             A:01 X:84 Y:00 P:A5 SP:F9
8732  D0 FB     BNE $872F                       A:01 X:83 Y:00 P:A5 SP:F9
872F  EA        NOP                             A:01 X:83 Y:00 P:A5 SP:F9
8730  EA        NOP                             A:01 X:83 Y:00 P:A5 SP:F9
8731  CA        DEX                             A:01 X:83 Y:00 P:A5 SP:F9
8732  D0 FB     BNE $872F                       A:01 X:82 Y:00 P:A5 SP:F9
872F  EA        NOP                             A:01 X:82 Y:00 P:A5 SP:F9
8730  EA        NOP                             A:01 X:82 Y:00 P:A5 SP:F9
8731  CA        DEX                             A:01 X:82 Y:00 P:A5 SP:F9
8732  D0 FB     BNE $872F                       A:01 X:81 Y:00 P:A5 SP:F9
872F  EA        NOP                             A:01 X:81 Y:00 P:A5 SP:F9
8730  EA        NOP                             A:01 X:81 Y:00 P:A5 SP:F9
8731  CA        DEX                             A:01 X:81 Y:00 P:A5 SP:F9
8732  D0 FB     BNE $872F                       A:01 X:80 Y:00 P:A5 SP:F9
872F  EA        NOP                             A:01 X:80 Y:00 P:A5 SP:F9
8730  EA        NOP                             A:01 X:80 Y:00 P:A5 SP:F9
8731  CA        DEX                             A:01 X:80 Y:00 P:A5 SP:F9
8732  D0 FB     BNE $872F                       A:01 X:7F Y:00 P:25 SP:F9
872F  EA        NOP                             A:01 X:7F Y:00 P:25 SP:F9
8730  EA        NOP                             A:01 X:7F Y:00 P:25 SP:F9
8731  CA        DEX                             A:01 X:7F Y:00 P:25 SP:F9
8732  D0 FB     BNE $872F                       A:01 X:7E Y:00 P:25 SP:F9
872F  EA        NOP                             A:01 X:7E Y:00 P:25 SP:F9
8730  EA        NOP                             A:01 X:7E Y:00 P:25 SP:F9
8731  CA        DEX                             A:01 X:7E Y:00 P:25 SP:F9
8732  D0 FB     BNE $872F                       A:01 X:7D Y:00 P:25 SP:F9
872F  EA        NOP                             A:01 X:7D Y:00 P:25 SP:F9
8730  EA        NOP                             A:01 X:7D Y:00 P:25 SP:F9
8731  CA        DEX                             A:01 X:7D Y:00 P:25 SP:F9
8732  D0 FB     BNE $872F                       A:01 X:7C Y:00 P:25 SP:F9
872F  EA        NOP                             A:01 X:7C Y:00 P:25 SP:F9
8730  EA        NOP                             A:01 X:7C Y:00 P:25 SP:F9
8731  CA        DEX                             A:01 X:7C Y:00 P:25 SP:F9
8732  D0 FB     BNE $872F                       A:01 X:7B Y:00 P:25 SP:F9
872F  EA        NOP                             A:01 X:7B Y:00 P:25 SP:F9
8730  EA        NOP                             A:01 X:7B Y:00 P:25 SP:F9
8731  CA        DEX                             A:01 X:7B Y:00 P:25 SP:F9
8732  D0 FB     BNE $872F                       A:01 X:7A Y:00 P:25 SP:F9
872F  EA        NOP                             A:01 X:7A Y:00 P:25 SP:F9
8730  EA        NOP                             A:01 X:7A Y:00 P:25 SP:F9
8731  CA        DEX                             A:01 X:7A Y:00 P:25 SP:F9
8732  D0 FB     BNE $872F                       A:01 X:79 Y:00 P:25 SP:F9
872F  EA        NOP                             A:01 X:79 Y:00 P:25 SP:F9
8730  EA        NOP                             A:01 X:79 Y:00 P:25 SP:F9
8731  CA        DEX                             A:01 X:79 Y:00 P:25 SP:F9
8732  D0 FB     BNE $872F                       A:01 X:78 Y:00 P:25 SP:F9
872F  EA        NOP                             A:01 X:78 Y:00 P:25 SP:F9
8730  EA        NOP                             A:01 X:78 Y:00 P:25 SP:F9
8731  CA        DEX                             A:01 X:78 Y:00 P:25 SP:F9
8732  D0 FB     BNE $872F                       A:01 X:77 Y:00 P:25 SP:F9
872F  EA        NOP                             A:01 X:77 Y:00 P:25 SP:F9
8730  EA        NOP                             A:01 X:77 Y:00 P:25 SP:F9
8731  CA        DEX                             A:01 X:77 Y:00 P:25 SP:F9
8732  D0 FB     BNE $872F                       A:01 X:76 Y:00 P:25 SP:F9
872F  EA        NOP                             A:01 X:76 Y:00 P:25 SP:F9
8730  EA        NOP                             A:01 X:76 Y:00 P:25 SP:F9
8731  CA        DEX                             A:01 X:76 Y:00 P:25 SP:F9
8732  D0 FB     BNE $872F                       A:01 X:75 Y:00 P:25 SP:F9
872F  EA        NOP                             A:01 X:75 Y:00 P:25 SP:F9
8730  EA        NOP                             A:01 X:75 Y:00 P:25 SP:F9
8731  CA        DEX                             A:01 X:75 Y:00 P:25 SP:F9
8732  D0 FB     BNE $872F                       A:01 X:74 Y:00 P:25 SP:F9
872F  EA        NOP                             A:01 X:74 Y:00 P:25 SP:F9
8730  EA        NOP                             A:01 X:74 Y:00 P:25 SP:F9
8731  CA        DEX                             A:01 X:74 Y:00 P:25 SP:F9
8732  D0 FB     BNE $872F                       A:01 X:73 Y:00 P:25 SP:F9
872F  EA        NOP                             A:01 X:73 Y:00 P:25 SP:F9
8730  EA        NOP                             A:01 X:73 Y:00 P:25 SP:F9
8731  CA        DEX                             A:01 X:73 Y:00 P:25 SP:F9
8732  D0 FB     BNE $872F                       A:01 X:72 Y:00 P:25 SP:F9
872F  EA        NOP                             A:01 X:72 Y:00 P:25 SP:F9
8730  EA        NOP                             A:01 X:72 Y:00 P:25 SP:F9
8731  CA        DEX                             A:01 X:72 Y:00 P:25 SP:F9
8732  D0 FB     BNE $872F                       A:01 X:71 Y:00 P:25 SP:F9
872F  EA        NOP                             A:01 X:71 Y:00 P:25 SP:F9
8730  EA        NOP                             A:01 X:71 Y:00 P:25 SP:F9
8731  CA        DEX                             A:01 X:71 Y:00 P:25 SP:F9
8732  D0 FB     BNE $872F                       A:01 X:70 Y:00 P:25 SP:F9
872F  EA        NOP                             A:01 X:70 Y:00 P:25 SP:F9
8730  EA        NOP                             A:01 X:70 Y:00 P:25 SP:F9
8731  CA        DEX                             A:01 X:70 Y:00 P:25 SP:F9
8732  D0 FB     BNE $872F                       A:01 X:6F Y:00 P:25 SP:F9
872F  EA        NOP                             A:01 X:6F Y:00 P:25 SP:F9
8730  EA        NOP                             A:01 X:6F Y:00 P:25 SP:F9
8731  CA        DEX                             A:01 X:6F Y:00 P:25 SP:F9
8732  D0 FB     BNE $872F                       A:01 X:6E Y:00 P:25 SP:F9
872F  EA        NOP                             A:01 X:6E Y:00 P:25 SP:F9
8730  EA        NOP                             A:01 X:6E Y:00 P:25 SP:F9
8731  CA        DEX                             A:01 X:6E Y:00 P:25 SP:F9
8732  D0 FB     BNE $872F                       A:01 X:6D Y:00 P:25 SP:F9
872F  EA        NOP                             A:01 X:6D Y:00 P:25 SP:F9
8730  EA        NOP                             A:01 X:6D Y:00 P:25 SP:F9
8731  CA        DEX                             A:01 X:6D Y:00 P:25 SP:F9
8732  D0 FB     BNE $872F                       A:01 X:6C Y:00 P:25 SP:F9
872F  EA        NOP                             A:01 X:6C Y:00 P:25 SP:F9
8730  EA        NOP                             A:01 X:6C Y:00 P:25 SP:F9
8731  CA        DEX                             A:01 X:6C Y:00 P:25 SP:F9
8732  D0 FB     BNE $872F                       A:01 X:6B Y:00 P:25 SP:F9
872F  EA        NOP                             A:01 X:6B Y:00 P:25 SP:F9
8730  EA        NOP                             A:01 X:6B Y:00 P:25 SP:F9
8731  CA        DEX                             A:01 X:6B Y:00 P:25 SP:F9
8732  D0 FB     BNE $872F                       A:01 X:6A Y:00 P:25 SP:F9
872F  EA        NOP                             A:01 X:6A Y:00 P:25 SP:F9
8730  EA        NOP                             A:01 X:6A Y:00 P:25 SP:F9
8731  CA        DEX                             A:01 X:6A Y:00 P:25 SP:F9
8732  D0 FB     BNE $872F                       A:01 X:69 Y:00 P:25 SP:F9
872F  EA        NOP                             A:01 X:69 Y:00 P:25 SP:F9
8730  EA        NOP                             A:01 X:69 Y:00 P:25 SP:F9
8731  CA        DEX                             A:01 X:69 Y:00 P:25 SP:F9
8732  D0 FB     BNE $872F                       A:01 X:68 Y:00 P:25 SP:F9
872F  EA        NOP                             A:01 X:68 Y:00 P:25 SP:F9
8730  EA        NOP                             A:01 X:68 Y:00 P:25 SP:F9
8731  CA        DEX                             A:01 X:68 Y:00 P:25 SP:F9
8732  D0 FB     BNE $872F                       A:01 X:67 Y:00 P:25 SP:F9
872F  EA        NOP                             A:01 X:67 Y:00 P:25 SP:F9
8730  EA        NOP                             A:01 X:67 Y:00 P:25 SP:F9
8731  CA        DEX                             A:01 X:67 Y:00 P:25 SP:F9
8732  D0 FB     BNE $872F                       A:01 X:66 Y:00 P:25 SP:F9
872F  EA        NOP                             A:01 X:66 Y:00 P:25 SP:F9
8730  EA        NOP                             A:01 X:66 Y:00 P:25 SP:F9
8731  CA        DEX                             A:01 X:66 Y:00 P:25 SP:F9
8732  D0 FB     BNE $872F                       A:01 X:65 Y:00 P:25 SP:F9
872F  EA        NOP                             A:01 X:65 Y:00 P:25 SP:F9
8730  EA        NOP                             A:01 X:65 Y:00 P:25 SP:F9
8731  CA        DEX                             A:01 X:65 Y:00 P:25 SP:F9
8732  D0 FB     BNE $872F                       A:01 X:64 Y:00 P:25 SP:F9
872F  EA        NOP                             A:01 X:64 Y:00 P:25 SP:F9
8730  EA        NOP                             A:01 X:64 Y:00 P:25 SP:F9
8731  CA        DEX                             A:01 X:64 Y:00 P:25 SP:F9
8732  D0 FB     BNE $872F                       A:01 X:63 Y:00 P:25 SP:F9
872F  EA        NOP                             A:01 X:63 Y:00 P:25 SP:F9
8730  EA        NOP                             A:01 X:63 Y:00 P:25 SP:F9
8731  CA        DEX                             A:01 X:63 Y:00 P:25 SP:F9
8732  D0 FB     BNE $872F                       A:01 X:62 Y:00 P:25 SP:F9
872F  EA        NOP                             A:01 X:62 Y:00 P:25 SP:F9
8730  EA        NOP                             A:01 X:62 Y:00 P:25 SP:F9
8731  CA        DEX                             A:01 X:62 Y:00 P:25 SP:F9
8732  D0 FB     BNE $872F                       A:01 X:61 Y:00 P:25 SP:F9
872F  EA        NOP                             A:01 X:61 Y:00 P:25 SP:F9
8730  EA        NOP                             A:01 X:61 Y:00 P:25 SP:F9
8731  CA        DEX                             A:01 X:61 Y:00 P:25 SP:F9
8732  D0 FB     BNE $872F                       A:01 X:60 Y:00 P:25 SP:F9
872F  EA        NOP                             A:01 X:60 Y:00 P:25 SP:F9
8730  EA        NOP                             A:01 X:60 Y:00 P:25 SP:F9
8731  CA        DEX                             A:01 X:60 Y:00 P:25 SP:F9
8732  D0 FB     BNE $872F                       A:01 X:5F Y:00 P:25 SP:F9
872F  EA        NOP                             A:01 X:5F Y:00 P:25 SP:F9
8730  EA        NOP                             A:01 X:5F Y:00 P:25 SP:F9
8731  CA        DEX                             A:01 X:5F Y:00 P:25 SP:F9
8732  D0 FB     BNE $872F                       A:01 X:5E Y:00 P:25 SP:F9
872F  EA        NOP                             A:01 X:5E Y:00 P:25 SP:F9
8730  EA        NOP                             A:01 X:5E Y:00 P:25 SP:F9
8731  CA        DEX                             A:01 X:5E Y:00 P:25 SP:F9
8732  D0 FB     BNE $872F                       A:01 X:5D Y:00 P:25 SP:F9
872F  EA        NOP                             A:01 X:5D Y:00 P:25 SP:F9
8730  EA        NOP                             A:01 X:5D Y:00 P:25 SP:F9
8731  CA        DEX                             A:01 X:5D Y:00 P:25 SP:F9
8732  D0 FB     BNE $872F                       A:01 X:5C Y:00 P:25 SP:F9
872F  EA        NOP                             A:01 X:5C Y:00 P:25 SP:F9
8730  EA        NOP                             A:01 X:5C Y:00 P:25 SP:F9
8731  CA        DEX                             A:01 X:5C Y:00 P:25 SP:F9
8732  D0 FB     BNE $872F                       A:01 X:5B Y:00 P:25 SP:F9
872F  EA        NOP                             A:01 X:5B Y:00 P:25 SP:F9
8730  EA        NOP                             A:01 X:5B Y:00 P:25 SP:F9
8731  CA        DEX                             A:01 X:5B Y:00 P:25 SP:F9
8732  D0 FB     BNE $872F                       A:01 X:5A Y:00 P:25 SP:F9
872F  EA        NOP                             A:01 X:5A Y:00 P:25 SP:F9
8730  EA        NOP                             A:01 X:5A Y:00 P:25 SP:F9
8731  CA        DEX                             A:01 X:5A Y:00 P:25 SP:F9
8732  D0 FB     BNE $872F                       A:01 X:59 Y:00 P:25 SP:F9
872F  EA        NOP                             A:01 X:59 Y:00 P:25 SP:F9
8730  EA        NOP                             A:01 X:59 Y:00 P:25 SP:F9
8731  CA        DEX                             A:01 X:59 Y:00 P:25 SP:F9
8732  D0 FB     BNE $872F                       A:01 X:58 Y:00 P:25 SP:F9
872F  EA        NOP                             A:01 X:58 Y:00 P:25 SP:F9
8730  EA        NOP                             A:01 X:58 Y:00 P:25 SP:F9
8731  CA        DEX                             A:01 X:58 Y:00 P:25 SP:F9
8732  D0 FB     BNE $872F                       A:01 X:57 Y:00 P:25 SP:F9
872F  EA        NOP                             A:01 X:57 Y:00 P:25 SP:F9
8730  EA        NOP                             A:01 X:57 Y:00 P:25 SP:F9
8731  CA        DEX                             A:01 X:57 Y:00 P:25 SP:F9
8732  D0 FB     BNE $872F                       A:01 X:56 Y:00 P:25 SP:F9
872F  EA        NOP                             A:01 X:56 Y:00 P:25 SP:F9
8730  EA        NOP                             A:01 X:56 Y:00 P:25 SP:F9
8731  CA        DEX                             A:01 X:56 Y:00 P:25 SP:F9
8732  D0 FB     BNE $872F                       A:01 X:55 Y:00 P:25 SP:F9
872F  EA        NOP                             A:01 X:55 Y:00 P:25 SP:F9
8730  EA        NOP                             A:01 X:55 Y:00 P:25 SP:F9
8731  CA        DEX                             A:01 X:55 Y:00 P:25 SP:F9
8732  D0 FB     BNE $872F                       A:01 X:54 Y:00 P:25 SP:F9
872F  EA        NOP                             A:01 X:54 Y:00 P:25 SP:F9
8730  EA        NOP                             A:01 X:54 Y:00 P:25 SP:F9
8731  CA        DEX                             A:01 X:54 Y:00 P:25 SP:F9
8732  D0 FB     BNE $872F                       A:01 X:53 Y:00 P:25 SP:F9
872F  EA        NOP                             A:01 X:53 Y:00 P:25 SP:F9
8730  EA        NOP                             A:01 X:53 Y:00 P:25 SP:F9
8731  CA        DEX                             A:01 X:53 Y:00 P:25 SP:F9
8732  D0 FB     BNE $872F                       A:01 X:52 Y:00 P:25 SP:F9
872F  EA        NOP                             A:01 X:52 Y:00 P:25 SP:F9
8730  EA        NOP                             A:01 X:52 Y:00 P:25 SP:F9
8731  CA        DEX                             A:01 X:52 Y:00 P:25 SP:F9
8732  D0 FB     BNE $872F                       A:01 X:51 Y:00 P:25 SP:F9
872F  EA        NOP                             A:01 X:51 Y:00 P:25 SP:F9
8730  EA        NOP                             A:01 X:51 Y:00 P:25 SP:F9
8731  CA        DEX                             A:01 X:51 Y:00 P:25 SP:F9
8732  D0 FB     BNE $872F                       A:01 X:50 Y:00 P:25 SP:F9
872F  EA        NOP                             A:01 X:50 Y:00 P:25 SP:F9
8730  EA        NOP                             A:01 X:50 Y:00 P:25 SP:F9
8731  CA        DEX                             A:01 X:50 Y:00 P:25 SP:F9
8732  D0 FB     BNE $872F                       A:01 X:4F Y:00 P:25 SP:F9
872F  EA        NOP                             A:01 X:4F Y:00 P:25 SP:F9
8730  EA        NOP                             A:01 X:4F Y:00 P:25 SP:F9
8731  CA        DEX                             A:01 X:4F Y:00 P:25 SP:F9
8732  D0 FB     BNE $872F                       A:01 X:4E Y:00 P:25 SP:F9
872F  EA        NOP                             A:01 X:4E Y:00 P:25 SP:F9
8730  EA        NOP                             A:01 X:4E Y:00 P:25 SP:F9
8731  CA        DEX                             A:01 X:4E Y:00 P:25 SP:F9
8732  D0 FB     BNE $872F                       A:01 X:4D Y:00 P:25 SP:F9
872F  EA        NOP                             A:01 X:4D Y:00 P:25 SP:F9
8730  EA        NOP                             A:01 X:4D Y:00 P:25 SP:F9
8731  CA        DEX                             A:01 X:4D Y:00 P:25 SP:F9
8732  D0 FB     BNE $872F                       A:01 X:4C Y:00 P:25 SP:F9
872F  EA        NOP                             A:01 X:4C Y:00 P:25 SP:F9
8730  EA        NOP                             A:01 X:4C Y:00 P:25 SP:F9
8731  CA        DEX                             A:01 X:4C Y:00 P:25 SP:F9
8732  D0 FB     BNE $872F                       A:01 X:4B Y:00 P:25 SP:F9
872F  EA        NOP                             A:01 X:4B Y:00 P:25 SP:F9
8730  EA        NOP                             A:01 X:4B Y:00 P:25 SP:F9
8731  CA        DEX                             A:01 X:4B Y:00 P:25 SP:F9
8732  D0 FB     BNE $872F                       A:01 X:4A Y:00 P:25 SP:F9
872F  EA        NOP                             A:01 X:4A Y:00 P:25 SP:F9
8730  EA        NOP                             A:01 X:4A Y:00 P:25 SP:F9
8731  CA        DEX                             A:01 X:4A Y:00 P:25 SP:F9
8732  D0 FB     BNE $872F                       A:01 X:49 Y:00 P:25 SP:F9
872F  EA        NOP                             A:01 X:49 Y:00 P:25 SP:F9
8730  EA        NOP                             A:01 X:49 Y:00 P:25 SP:F9
8731  CA        DEX                             A:01 X:49 Y:00 P:25 SP:F9
8732  D0 FB     BNE $872F                       A:01 X:48 Y:00 P:25 SP:F9
872F  EA        NOP                             A:01 X:48 Y:00 P:25 SP:F9
8730  EA        NOP                             A:01 X:48 Y:00 P:25 SP:F9
8731  CA        DEX                             A:01 X:48 Y:00 P:25 SP:F9
8732  D0 FB     BNE $872F                       A:01 X:47 Y:00 P:25 SP:F9
872F  EA        NOP                             A:01 X:47 Y:00 P:25 SP:F9
8730  EA        NOP                             A:01 X:47 Y:00 P:25 SP:F9
8731  CA        DEX                             A:01 X:47 Y:00 P:25 SP:F9
8732  D0 FB     BNE $872F                       A:01 X:46 Y:00 P:25 SP:F9
872F  EA        NOP                             A:01 X:46 Y:00 P:25 SP:F9
8730  EA        NOP                             A:01 X:46 Y:00 P:25 SP:F9
8731  CA        DEX                             A:01 X:46 Y:00 P:25 SP:F9
8732  D0 FB     BNE $872F                       A:01 X:45 Y:00 P:25 SP:F9
872F  EA        NOP                             A:01 X:45 Y:00 P:25 SP:F9
8730  EA        NOP                             A:01 X:45 Y:00 P:25 SP:F9
8731  CA        DEX                             A:01 X:45 Y:00 P:25 SP:F9
8732  D0 FB     BNE $872F                       A:01 X:44 Y:00 P:25 SP:F9
872F  EA        NOP                             A:01 X:44 Y:00 P:25 SP:F9
8730  EA        NOP                             A:01 X:44 Y:00 P:25 SP:F9
8731  CA        DEX                             A:01 X:44 Y:00 P:25 SP:F9
8732  D0 FB     BNE $872F                       A:01 X:43 Y:00 P:25 SP:F9
872F  EA        NOP                             A:01 X:43 Y:00 P:25 SP:F9
8730  EA        NOP                             A:01 X:43 Y:00 P:25 SP:F9
8731  CA        DEX                             A:01 X:43 Y:00 P:25 SP:F9
8732  D0 FB     BNE $872F                       A:01 X:42 Y:00 P:25 SP:F9
872F  EA        NOP                             A:01 X:42 Y:00 P:25 SP:F9
8730  EA        NOP                             A:01 X:42 Y:00 P:25 SP:F9
8731  CA        DEX                             A:01 X:42 Y:00 P:25 SP:F9
8732  D0 FB     BNE $872F                       A:01 X:41 Y:00 P:25 SP:F9
872F  EA        NOP                             A:01 X:41 Y:00 P:25 SP:F9
8730  EA        NOP                             A:01 X:41 Y:00 P:25 SP:F9
8731  CA        DEX                             A:01 X:41 Y:00 P:25 SP:F9
8732  D0 FB     BNE $872F                       A:01 X:40 Y:00 P:25 SP:F9
872F  EA        NOP                             A:01 X:40 Y:00 P:25 SP:F9
8730  EA        NOP                             A:01 X:40 Y:00 P:25 SP:F9
8731  CA        DEX                             A:01 X:40 Y:00 P:25 SP:F9
8732  D0 FB     BNE $872F                       A:01 X:3F Y:00 P:25 SP:F9
872F  EA        NOP                             A:01 X:3F Y:00 P:25 SP:F9
8730  EA        NOP                             A:01 X:3F Y:00 P:25 SP:F9
8731  CA        DEX                             A:01 X:3F Y:00 P:25 SP:F9
8732  D0 FB     BNE $872F                       A:01 X:3E Y:00 P:25 SP:F9
872F  EA        NOP                             A:01 X:3E Y:00 P:25 SP:F9
8730  EA        NOP                             A:01 X:3E Y:00 P:25 SP:F9
8731  CA        DEX                             A:01 X:3E Y:00 P:25 SP:F9
8732  D0 FB     BNE $872F                       A:01 X:3D Y:00 P:25 SP:F9
872F  EA        NOP                             A:01 X:3D Y:00 P:25 SP:F9
8730  EA        NOP                             A:01 X:3D Y:00 P:25 SP:F9
8731  CA        DEX                             A:01 X:3D Y:00 P:25 SP:F9
8732  D0 FB     BNE $872F                       A:01 X:3C Y:00 P:25 SP:F9
872F  EA        NOP                             A:01 X:3C Y:00 P:25 SP:F9
8730  EA        NOP                             A:01 X:3C Y:00 P:25 SP:F9
8731  CA        DEX                             A:01 X:3C Y:00 P:25 SP:F9
8732  D0 FB     BNE $872F                       A:01 X:3B Y:00 P:25 SP:F9
872F  EA        NOP                             A:01 X:3B Y:00 P:25 SP:F9
8730  EA        NOP                             A:01 X:3B Y:00 P:25 SP:F9
8731  CA        DEX                             A:01 X:3B Y:00 P:25 SP:F9
8732  D0 FB     BNE $872F                       A:01 X:3A Y:00 P:25 SP:F9
872F  EA        NOP                             A:01 X:3A Y:00 P:25 SP:F9
8730  EA        NOP                             A:01 X:3A Y:00 P:25 SP:F9
8731  CA        DEX                             A:01 X:3A Y:00 P:25 SP:F9
8732  D0 FB     BNE $872F                       A:01 X:39 Y:00 P:25 SP:F9
872F  EA        NOP                             A:01 X:39 Y:00 P:25 SP:F9
8730  EA        NOP                             A:01 X:39 Y:00 P:25 SP:F9
8731  CA        DEX                             A:01 X:39 Y:00 P:25 SP:F9
8732  D0 FB     BNE $872F                       A:01 X:38 Y:00 P:25 SP:F9
872F  EA        NOP                             A:01 X:38 Y:00 P:25 SP:F9
8730  EA        NOP                             A:01 X:38 Y:00 P:25 SP:F9
8731  CA        DEX                             A:01 X:38 Y:00 P:25 SP:F9
8732  D0 FB     BNE $872F                       A:01 X:37 Y:00 P:25 SP:F9
872F  EA        NOP                             A:01 X:37 Y:00 P:25 SP:F9
8730  EA        NOP                             A:01 X:37 Y:00 P:25 SP:F9
8731  CA        DEX                             A:01 X:37 Y:00 P:25 SP:F9
8732  D0 FB     BNE $872F                       A:01 X:36 Y:00 P:25 SP:F9
872F  EA        NOP                             A:01 X:36 Y:00 P:25 SP:F9
8730  EA        NOP                             A:01 X:36 Y:00 P:25 SP:F9
8731  CA        DEX                             A:01 X:36 Y:00 P:25 SP:F9
8732  D0 FB     BNE $872F                       A:01 X:35 Y:00 P:25 SP:F9
872F  EA        NOP                             A:01 X:35 Y:00 P:25 SP:F9
8730  EA        NOP                             A:01 X:35 Y:00 P:25 SP:F9
8731  CA        DEX                             A:01 X:35 Y:00 P:25 SP:F9
8732  D0 FB     BNE $872F                       A:01 X:34 Y:00 P:25 SP:F9
872F  EA        NOP                             A:01 X:34 Y:00 P:25 SP:F9
8730  EA        NOP                             A:01 X:34 Y:00 P:25 SP:F9
8731  CA        DEX                             A:01 X:34 Y:00 P:25 SP:F9
8732  D0 FB     BNE $872F                       A:01 X:33 Y:00 P:25 SP:F9
872F  EA        NOP                             A:01 X:33 Y:00 P:25 SP:F9
8730  EA        NOP                             A:01 X:33 Y:00 P:25 SP:F9
8731  CA        DEX                             A:01 X:33 Y:00 P:25 SP:F9
8732  D0 FB     BNE $872F                       A:01 X:32 Y:00 P:25 SP:F9
872F  EA        NOP                             A:01 X:32 Y:00 P:25 SP:F9
8730  EA        NOP                             A:01 X:32 Y:00 P:25 SP:F9
8731  CA        DEX                             A:01 X:32 Y:00 P:25 SP:F9
8732  D0 FB     BNE $872F                       A:01 X:31 Y:00 P:25 SP:F9
872F  EA        NOP                             A:01 X:31 Y:00 P:25 SP:F9
8730  EA        NOP                             A:01 X:31 Y:00 P:25 SP:F9
8731  CA        DEX                             A:01 X:31 Y:00 P:25 SP:F9
8732  D0 FB     BNE $872F                       A:01 X:30 Y:00 P:25 SP:F9
872F  EA        NOP                             A:01 X:30 Y:00 P:25 SP:F9
8730  EA        NOP                             A:01 X:30 Y:00 P:25 SP:F9
8731  CA        DEX                             A:01 X:30 Y:00 P:25 SP:F9
8732  D0 FB     BNE $872F                       A:01 X:2F Y:00 P:25 SP:F9
872F  EA        NOP                             A:01 X:2F Y:00 P:25 SP:F9
8730  EA        NOP                             A:01 X:2F Y:00 P:25 SP:F9
8731  CA        DEX                             A:01 X:2F Y:00 P:25 SP:F9
8732  D0 FB     BNE $872F                       A:01 X:2E Y:00 P:25 SP:F9
872F  EA        NOP                             A:01 X:2E Y:00 P:25 SP:F9
8730  EA        NOP                             A:01 X:2E Y:00 P:25 SP:F9
8731  CA        DEX                             A:01 X:2E Y:00 P:25 SP:F9
8732  D0 FB     BNE $872F                       A:01 X:2D Y:00 P:25 SP:F9
872F  EA        NOP                             A:01 X:2D Y:00 P:25 SP:F9
8730  EA        NOP                             A:01 X:2D Y:00 P:25 SP:F9
8731  CA        DEX                             A:01 X:2D Y:00 P:25 SP:F9
8732  D0 FB     BNE $872F                       A:01 X:2C Y:00 P:25 SP:F9
872F  EA        NOP                             A:01 X:2C Y:00 P:25 SP:F9
8730  EA        NOP                             A:01 X:2C Y:00 P:25 SP:F9
8731  CA        DEX                             A:01 X:2C Y:00 P:25 SP:F9
8732  D0 FB     BNE $872F                       A:01 X:2B Y:00 P:25 SP:F9
872F  EA        NOP                             A:01 X:2B Y:00 P:25 SP:F9
8730  EA        NOP                             A:01 X:2B Y:00 P:25 SP:F9
8731  CA        DEX                             A:01 X:2B Y:00 P:25 SP:F9
8732  D0 FB     BNE $872F                       A:01 X:2A Y:00 P:25 SP:F9
872F  EA        NOP                             A:01 X:2A Y:00 P:25 SP:F9
8730  EA        NOP                             A:01 X:2A Y:00 P:25 SP:F9
8731  CA        DEX                             A:01 X:2A Y:00 P:25 SP:F9
8732  D0 FB     BNE $872F                       A:01 X:29 Y:00 P:25 SP:F9
872F  EA        NOP                             A:01 X:29 Y:00 P:25 SP:F9
8730  EA        NOP                             A:01 X:29 Y:00 P:25 SP:F9
8731  CA        DEX                             A:01 X:29 Y:00 P:25 SP:F9
8732  D0 FB     BNE $872F                       A:01 X:28 Y:00 P:25 SP:F9
872F  EA        NOP                             A:01 X:28 Y:00 P:25 SP:F9
8730  EA        NOP                             A:01 X:28 Y:00 P:25 SP:F9
8731  CA        DEX                             A:01 X:28 Y:00 P:25 SP:F9
8732  D0 FB     BNE $872F                       A:01 X:27 Y:00 P:25 SP:F9
872F  EA        NOP                             A:01 X:27 Y:00 P:25 SP:F9
8730  EA        NOP                             A:01 X:27 Y:00 P:25 SP:F9
8731  CA        DEX                             A:01 X:27 Y:00 P:25 SP:F9
8732  D0 FB     BNE $872F                       A:01 X:26 Y:00 P:25 SP:F9
872F  EA        NOP                             A:01 X:26 Y:00 P:25 SP:F9
8730  EA        NOP                             A:01 X:26 Y:00 P:25 SP:F9
8731  CA        DEX                             A:01 X:26 Y:00 P:25 SP:F9
8732  D0 FB     BNE $872F                       A:01 X:25 Y:00 P:25 SP:F9
872F  EA        NOP                             A:01 X:25 Y:00 P:25 SP:F9
8730  EA        NOP                             A:01 X:25 Y:00 P:25 SP:F9
8731  CA        DEX                             A:01 X:25 Y:00 P:25 SP:F9
8732  D0 FB     BNE $872F                       A:01 X:24 Y:00 P:25 SP:F9
872F  EA        NOP                             A:01 X:24 Y:00 P:25 SP:F9
8730  EA        NOP                             A:01 X:24 Y:00 P:25 SP:F9
8731  CA        DEX                             A:01 X:24 Y:00 P:25 SP:F9
8732  D0 FB     BNE $872F                       A:01 X:23 Y:00 P:25 SP:F9
872F  EA        NOP                             A:01 X:23 Y:00 P:25 SP:F9
8730  EA        NOP                             A:01 X:23 Y:00 P:25 SP:F9
8731  CA        DEX                             A:01 X:23 Y:00 P:25 SP:F9
8732  D0 FB     BNE $872F                       A:01 X:22 Y:00 P:25 SP:F9
872F  EA        NOP                             A:01 X:22 Y:00 P:25 SP:F9
8730  EA        NOP                             A:01 X:22 Y:00 P:25 SP:F9
8731  CA        DEX                             A:01 X:22 Y:00 P:25 SP:F9
8732  D0 FB     BNE $872F                       A:01 X:21 Y:00 P:25 SP:F9
872F  EA        NOP                             A:01 X:21 Y:00 P:25 SP:F9
8730  EA        NOP                             A:01 X:21 Y:00 P:25 SP:F9
8731  CA        DEX                             A:01 X:21 Y:00 P:25 SP:F9
8732  D0 FB     BNE $872F                       A:01 X:20 Y:00 P:25 SP:F9
872F  EA        NOP                             A:01 X:20 Y:00 P:25 SP:F9
8730  EA        NOP                             A:01 X:20 Y:00 P:25 SP:F9
8731  CA        DEX                             A:01 X:20 Y:00 P:25 SP:F9
8732  D0 FB     BNE $872F                       A:01 X:1F Y:00 P:25 SP:F9
872F  EA        NOP                             A:01 X:1F Y:00 P:25 SP:F9
8730  EA        NOP                             A:01 X:1F Y:00 P:25 SP:F9
8731  CA        DEX                             A:01 X:1F Y:00 P:25 SP:F9
8732  D0 FB     BNE $872F                       A:01 X:1E Y:00 P:25 SP:F9
872F  EA        NOP                             A:01 X:1E Y:00 P:25 SP:F9
8730  EA        NOP                             A:01 X:1E Y:00 P:25 SP:F9
8731  CA        DEX                             A:01 X:1E Y:00 P:25 SP:F9
8732  D0 FB     BNE $872F                       A:01 X:1D Y:00 P:25 SP:F9
872F  EA        NOP                             A:01 X:1D Y:00 P:25 SP:F9
8730  EA        NOP                             A:01 X:1D Y:00 P:25 SP:F9
8731  CA        DEX                             A:01 X:1D Y:00 P:25 SP:F9
8732  D0 FB     BNE $872F                       A:01 X:1C Y:00 P:25 SP:F9
872F  EA        NOP                             A:01 X:1C Y:00 P:25 SP:F9
8730  EA        NOP                             A:01 X:1C Y:00 P:25 SP:F9
8731  CA        DEX                             A:01 X:1C Y:00 P:25 SP:F9
8732  D0 FB     BNE $872F                       A:01 X:1B Y:00 P:25 SP:F9
872F  EA        NOP                             A:01 X:1B Y:00 P:25 SP:F9
8730  EA        NOP                             A:01 X:1B Y:00 P:25 SP:F9
8731  CA        DEX                             A:01 X:1B Y:00 P:25 SP:F9
8732  D0 FB     BNE $872F                       A:01 X:1A Y:00 P:25 SP:F9
872F  EA        NOP                             A:01 X:1A Y:00 P:25 SP:F9
8730  EA        NOP                             A:01 X:1A Y:00 P:25 SP:F9
8731  CA        DEX                             A:01 X:1A Y:00 P:25 SP:F9
8732  D0 FB     BNE $872F                       A:01 X:19 Y:00 P:25 SP:F9
872F  EA        NOP                             A:01 X:19 Y:00 P:25 SP:F9
8730  EA        NOP                             A:01 X:19 Y:00 P:25 SP:F9
8731  CA        DEX                             A:01 X:19 Y:00 P:25 SP:F9
8732  D0 FB     BNE $872F                       A:01 X:18 Y:00 P:25 SP:F9
872F  EA        NOP                             A:01 X:18 Y:00 P:25 SP:F9
8730  EA        NOP                             A:01 X:18 Y:00 P:25 SP:F9
8731  CA        DEX                             A:01 X:18 Y:00 P:25 SP:F9
8732  D0 FB     BNE $872F                       A:01 X:17 Y:00 P:25 SP:F9
872F  EA        NOP                             A:01 X:17 Y:00 P:25 SP:F9
8730  EA        NOP                             A:01 X:17 Y:00 P:25 SP:F9
8731  CA        DEX                             A:01 X:17 Y:00 P:25 SP:F9
8732  D0 FB     BNE $872F                       A:01 X:16 Y:00 P:25 SP:F9
872F  EA        NOP                             A:01 X:16 Y:00 P:25 SP:F9
8730  EA        NOP                             A:01 X:16 Y:00 P:25 SP:F9
8731  CA        DEX                             A:01 X:16 Y:00 P:25 SP:F9
8732  D0 FB     BNE $872F                       A:01 X:15 Y:00 P:25 SP:F9
872F  EA        NOP                             A:01 X:15 Y:00 P:25 SP:F9
8730  EA        NOP                             A:01 X:15 Y:00 P:25 SP:F9
8731  CA        DEX                             A:01 X:15 Y:00 P:25 SP:F9
8732  D0 FB     BNE $872F                       A:01 X:14 Y:00 P:25 SP:F9
872F  EA        NOP                             A:01 X:14 Y:00 P:25 SP:F9
8730  EA        NOP                             A:01 X:14 Y:00 P:25 SP:F9
8731  CA        DEX                             A:01 X:14 Y:00 P:25 SP:F9
8732  D0 FB     BNE $872F                       A:01 X:13 Y:00 P:25 SP:F9
872F  EA        NOP                             A:01 X:13 Y:00 P:25 SP:F9
8730  EA        NOP                             A:01 X:13 Y:00 P:25 SP:F9
8731  CA        DEX                             A:01 X:13 Y:00 P:25 SP:F9
8732  D0 FB     BNE $872F                       A:01 X:12 Y:00 P:25 SP:F9
872F  EA        NOP                             A:01 X:12 Y:00 P:25 SP:F9
8730  EA        NOP                             A:01 X:12 Y:00 P:25 SP:F9
8731  CA        DEX                             A:01 X:12 Y:00 P:25 SP:F9
8732  D0 FB     BNE $872F                       A:01 X:11 Y:00 P:25 SP:F9
872F  EA        NOP                             A:01 X:11 Y:00 P:25 SP:F9
8730  EA        NOP                             A:01 X:11 Y:00 P:25 SP:F9
8731  CA        DEX                             A:01 X:11 Y:00 P:25 SP:F9
8732  D0 FB     BNE $872F                       A:01 X:10 Y:00 P:25 SP:F9
872F  EA        NOP                             A:01 X:10 Y:00 P:25 SP:F9
8730  EA        NOP                             A:01 X:10 Y:00 P:25 SP:F9
8731  CA        DEX                             A:01 X:10 Y:00 P:25 SP:F9
8732  D0 FB     BNE $872F                       A:01 X:0F Y:00 P:25 SP:F9
872F  EA        NOP                             A:01 X:0F Y:00 P:25 SP:F9
8730  EA        NOP                             A:01 X:0F Y:00 P:25 SP:F9
8731  CA        DEX                             A:01 X:0F Y:00 P:25 SP:F9
8732  D0 FB     BNE $872F                       A:01 X:0E Y:00 P:25 SP:F9
872F  EA        NOP                             A:01 X:0E Y:00 P:25 SP:F9
8730  EA        NOP                             A:01 X:0E Y:00 P:25 SP:F9
8731  CA        DEX                             A:01 X:0E Y:00 P:25 SP:F9
8732  D0 FB     BNE $872F                       A:01 X:0D Y:00 P:25 SP:F9
872F  EA        NOP                             A:01 X:0D Y:00 P:25 SP:F9
8730  EA        NOP                             A:01 X:0D Y:00 P:25 SP:F9
8731  CA        DEX                             A:01 X:0D Y:00 P:25 SP:F9
8732  D0 FB     BNE $872F                       A:01 X:0C Y:00 P:25 SP:F9
872F  EA        NOP                             A:01 X:0C Y:00 P:25 SP:F9
8730  EA        NOP                             A:01 X:0C Y:00 P:25 SP:F9
8731  CA        DEX                             A:01 X:0C Y:00 P:25 SP:F9
8732  D0 FB     BNE $872F                       A:01 X:0B Y:00 P:25 SP:F9
872F  EA        NOP                             A:01 X:0B Y:00 P:25 SP:F9
8730  EA        NOP                             A:01 X:0B Y:00 P:25 SP:F9
8731  CA        DEX                             A:01 X:0B Y:00 P:25 SP:F9
8732  D0 FB     BNE $872F                       A:01 X:0A Y:00 P:25 SP:F9
872F  EA        NOP                             A:01 X:0A Y:00 P:25 SP:F9
8730  EA        NOP                             A:01 X:0A Y:00 P:25 SP:F9
8731  CA        DEX                             A:01 X:0A Y:00 P:25 SP:F9
8732  D0 FB     BNE $872F                       A:01 X:09 Y:00 P:25 SP:F9
872F  EA        NOP                             A:01 X:09 Y:00 P:25 SP:F9
8730  EA        NOP                             A:01 X:09 Y:00 P:25 SP:F9
8731  CA        DEX                             A:01 X:09 Y:00 P:25 SP:F9
8732  D0 FB     BNE $872F                       A:01 X:08 Y:00 P:25 SP:F9
872F  EA        NOP                             A:01 X:08 Y:00 P:25 SP:F9
8730  EA        NOP                             A:01 X:08 Y:00 P:25 SP:F9
8731  CA        DEX                             A:01 X:08 Y:00 P:25 SP:F9
8732  D0 FB     BNE $872F                       A:01 X:07 Y:00 P:25 SP:F9
872F  EA        NOP                             A:01 X:07 Y:00 P:25 SP:F9
8730  EA        NOP                             A:01 X:07 Y:00 P:25 SP:F9
8731  CA        DEX                             A:01 X:07 Y:00 P:25 SP:F9
8732  D0 FB     BNE $872F                       A:01 X:06 Y:00 P:25 SP:F9
872F  EA        NOP                             A:01 X:06 Y:00 P:25 SP:F9
8730  EA        NOP                             A:01 X:06 Y:00 P:25 SP:F9
8731  CA        DEX                             A:01 X:06 Y:00 P:25 SP:F9
8732  D0 FB     BNE $872F                       A:01 X:05 Y:00 P:25 SP:F9
872F  EA        NOP                             A:01 X:05 Y:00 P:25 SP:F9
8730  EA        NOP                             A:01 X:05 Y:00 P:25 SP:F9
8731  CA        DEX                             A:01 X:05 Y:00 P:25 SP:F9
8732  D0 FB     BNE $872F                       A:01 X:04 Y:00 P:25 SP:F9
872F  EA        NOP                             A:01 X:04 Y:00 P:25 SP:F9
8730  EA        NOP                             A:01 X:04 Y:00 P:25 SP:F9
8731  CA        DEX                             A:01 X:04 Y:00 P:25 SP:F9
8732  D0 FB     BNE $872F                       A:01 X:03 Y:00 P:25 SP:F9
872F  EA        NOP                             A:01 X:03 Y:00 P:25 SP:F9
8730  EA        NOP                             A:01 X:03 Y:00 P:25 SP:F9
8731  CA        DEX                             A:01 X:03 Y:00 P:25 SP:F9
8732  D0 FB     BNE $872F                       A:01 X:02 Y:00 P:25 SP:F9
872F  EA        NOP                             A:01 X:02 Y:00 P:25 SP:F9
8730  EA        NOP                             A:01 X:02 Y:00 P:25 SP:F9
8731  CA        DEX                             A:01 X:02 Y:00 P:25 SP:F9
8732  D0 FB     BNE $872F                       A:01 X:01 Y:00 P:25 SP:F9
872F  EA        NOP                             A:01 X:01 Y:00 P:25 SP:F9
8730  EA        NOP                             A:01 X:01 Y:00 P:25 SP:F9
8731  CA        DEX                             A:01 X:01 Y:00 P:25 SP:F9
8732  D0 FB     BNE $872F                       A:01 X:00 Y:00 P:27 SP:F9
8734  60        RTS                             A:01 X:00 Y:00 P:27 SP:F9
864A  4C 38 86  JMP $8638                       A:01 X:00 Y:00 P:27 SP:FB
8638  20 4D 86  JSR $864D                       A:01 X:00 Y:00 P:27 SP:FB
864D  A5 FF     LDA $FF = 00                    A:01 X:00 Y:00 P:27 SP:F9
864F  C9 77     CMP #$77                        A:00 X:00 Y:00 P:27 SP:F9
8651  F0 0D     BEQ $8660                       A:00 X:00 Y:00 P:A4 SP:F9
8653  C9 64     CMP #$64                        A:00 X:00 Y:00 P:A4 SP:F9
8655  F0 14     BEQ $866B                       A:00 X:00 Y:00 P:A4 SP:F9
8657  C9 73     CMP #$73                        A:00 X:00 Y:00 P:A4 SP:F9
8659  F0 1B     BEQ $8676                       A:00 X:00 Y:00 P:A4 SP:F9
865B  C9 61     CMP #$61                        A:00 X:00 Y:00 P:A4 SP:F9
865D  F0 22     BEQ $8681                       A:00 X:00 Y:00 P:A4 SP:F9
865F  60        RTS                             A:00 X:00 Y:00 P:A4 SP:F9
863B  20 8D 86  JSR $868D                       A:00 X:00 Y:00 P:A4 SP:FB
868D  20 94 86  JSR $8694                       A:00 X:00 Y:00 P:A4 SP:F9
8694  A5 00     LDA $00 = 00                    A:00 X:00 Y:00 P:A4 SP:F7
8696  C5 10     CMP $10 = 12                    A:00 X:00 Y:00 P:26 SP:F7
8698  D0 0D     BNE $86A7                       A:00 X:00 Y:00 P:A4 SP:F7
86A7  60        RTS                             A:00 X:00 Y:00 P:A4 SP:F7
8690  20 A8 86  JSR $86A8                       A:00 X:00 Y:00 P:A4 SP:F9
86A8  A2 02     LDX #$02                        A:00 X:00 Y:00 P:A4 SP:F7
86AA  B5 10     LDA $10,X @ 12 = 11             A:00 X:02 Y:00 P:24 SP:F7
86AC  C5 10     CMP $10 = 12                    A:11 X:02 Y:00 P:24 SP:F7
86AE  D0 06     BNE $86B6                       A:11 X:02 Y:00 P:A4 SP:F7
86B6  E8        INX                             A:11 X:02 Y:00 P:A4 SP:F7
86B7  E8        INX                             A:11 X:03 Y:00 P:24 SP:F7
86B8  E4 03     CPX $03 = 06                    A:11 X:04 Y:00 P:24 SP:F7
86BA  F0 06     BEQ $86C2                       A:11 X:04 Y:00 P:A4 SP:F7
86BC  4C AA 86  JMP $86AA                       A:11 X:04 Y:00 P:A4 SP:F7
86AA  B5 10     LDA $10,X @ 14 = 10             A:11 X:04 Y:00 P:A4 SP:F7
86AC  C5 10     CMP $10 = 12                    A:10 X:04 Y:00 P:24 SP:F7
86AE  D0 06     BNE $86B6                       A:10 X:04 Y:00 P:A4 SP:F7
86B6  E8        INX                             A:10 X:04 Y:00 P:A4 SP:F7
86B7  E8        INX                             A:10 X:05 Y:00 P:24 SP:F7
86B8  E4 03     CPX $03 = 06                    A:10 X:06 Y:00 P:24 SP:F7
86BA  F0 06     BEQ $86C2                       A:10 X:06 Y:00 P:27 SP:F7
86C2  60        RTS                             A:10 X:06 Y:00 P:27 SP:F7
8693  60        RTS                             A:10 X:06 Y:00 P:27 SP:F9
863E  20 C3 86  JSR $86C3                       A:10 X:06 Y:00 P:27 SP:FB
86C3  A6 03     LDX $03 = 06                    A:10 X:06 Y:00 P:27 SP:F9
86C5  CA        DEX                             A:10 X:06 Y:00 P:25 SP:F9
86C6  8A        TXA                             A:10 X:05 Y:00 P:25 SP:F9
86C7  B5 10     LDA $10,X @ 15 = 04             A:05 X:05 Y:00 P:25 SP:F9
86C9  95 12     STA $12,X @ 17 = 04             A:04 X:05 Y:00 P:25 SP:F9
86CB  CA        DEX                             A:04 X:05 Y:00 P:25 SP:F9
86CC  10 F9     BPL $86C7                       A:04 X:04 Y:00 P:25 SP:F9
86C7  B5 10     LDA $10,X @ 14 = 10             A:04 X:04 Y:00 P:25 SP:F9
86C9  95 12     STA $12,X @ 16 = 0F             A:10 X:04 Y:00 P:25 SP:F9
86CB  CA        DEX                             A:10 X:04 Y:00 P:25 SP:F9
86CC  10 F9     BPL $86C7                       A:10 X:03 Y:00 P:25 SP:F9
86C7  B5 10     LDA $10,X @ 13 = 04             A:10 X:03 Y:00 P:25 SP:F9
86C9  95 12     STA $12,X @ 15 = 04             A:04 X:03 Y:00 P:25 SP:F9
86CB  CA        DEX                             A:04 X:03 Y:00 P:25 SP:F9
86CC  10 F9     BPL $86C7                       A:04 X:02 Y:00 P:25 SP:F9
86C7  B5 10     LDA $10,X @ 12 = 11             A:04 X:02 Y:00 P:25 SP:F9
86C9  95 12     STA $12,X @ 14 = 10             A:11 X:02 Y:00 P:25 SP:F9
86CB  CA        DEX                             A:11 X:02 Y:00 P:25 SP:F9
86CC  10 F9     BPL $86C7                       A:11 X:01 Y:00 P:25 SP:F9
86C7  B5 10     LDA $10,X @ 11 = 04             A:11 X:01 Y:00 P:25 SP:F9
86C9  95 12     STA $12,X @ 13 = 04             A:04 X:01 Y:00 P:25 SP:F9
86CB  CA        DEX                             A:04 X:01 Y:00 P:25 SP:F9
86CC  10 F9     BPL $86C7                       A:04 X:00 Y:00 P:27 SP:F9
86C7  B5 10     LDA $10,X @ 10 = 12             A:04 X:00 Y:00 P:27 SP:F9
86C9  95 12     STA $12,X @ 12 = 11             A:12 X:00 Y:00 P:25 SP:F9
86CB  CA        DEX                             A:12 X:00 Y:00 P:25 SP:F9
86CC  10 F9     BPL $86C7                       A:12 X:FF Y:00 P:A5 SP:F9
86CE  A5 02     LDA $02 = 02                    A:12 X:FF Y:00 P:A5 SP:F9
86D0  4A        LSR A                           A:02 X:FF Y:00 P:25 SP:F9
86D1  B0 09     BCS $86DC                       A:01 X:FF Y:00 P:24 SP:F9
86D3  4A        LSR A                           A:01 X:FF Y:00 P:24 SP:F9
86D4  B0 19     BCS $86EF                       A:00 X:FF Y:00 P:27 SP:F9
86EF  E6 10     INC $10 = 12                    A:00 X:FF Y:00 P:27 SP:F9
86F1  A9 1F     LDA #$1F                        A:00 X:FF Y:00 P:25 SP:F9
86F3  24 10     BIT $10 = 13                    A:1F X:FF Y:00 P:25 SP:F9
86F5  F0 1F     BEQ $8716                       A:1F X:FF Y:00 P:25 SP:F9
86F7  60        RTS                             A:1F X:FF Y:00 P:25 SP:F9
8641  20 19 87  JSR $8719                       A:1F X:FF Y:00 P:25 SP:FB
8719  A0 00     LDY #$00                        A:1F X:FF Y:00 P:25 SP:F9
871B  A5 FE     LDA $FE = 00                    A:1F X:FF Y:00 P:27 SP:F9
871D  91 00     STA ($00),Y = 0200 @ 0200 = 00  A:00 X:FF Y:00 P:27 SP:F9
871F  60        RTS                             A:00 X:FF Y:00 P:27 SP:F9
8644  20 20 87  JSR $8720                       A:00 X:FF Y:00 P:27 SP:FB
8720  A6 03     LDX $03 = 06                    A:00 X:FF Y:00 P:27 SP:F9
8722  A9 00     LDA #$00                        A:00 X:06 Y:00 P:25 SP:F9
8724  81 10     STA ($10,X) @ 16 = 0410 = 00    A:00 X:06 Y:00 P:27 SP:F9
8726  A2 00     LDX #$00                        A:00 X:06 Y:00 P:27 SP:F9
8728  A9 01     LDA #$01                        A:00 X:00 Y:00 P:27 SP:F9
872A  81 10     STA ($10,X) @ 10 = 0413 = 00    A:01 X:00 Y:00 P:25 SP:F9
872C  60        RTS                             A:01 X:00 Y:00 P:25 SP:F9
8647  20 2D 87  JSR $872D                       A:01 X:00 Y:00 P:25 SP:FB
872D  A2 00     LDX #$00                        A:01 X:00 Y:00 P:25 SP:F9
872F  EA        NOP                             A:01 X:00 Y:00 P:27 SP:F9
8730  EA        NOP                             A:01 X:00 Y:00 P:27 SP:F9
8731  CA        DEX                             A:01 X:00 Y:00 P:27 SP:F9
8732  D0 FB     BNE $872F                       A:01 X:FF Y:00 P:A5 SP:F9
872F  EA        NOP                             A:01 X:FF Y:00 P:A5 SP:F9
8730  EA        NOP                             A:01 X:FF Y:00 P:A5 SP:F9
8731  CA        DEX                             A:01 X:FF Y:00 P:A5 SP:F9
8732  D0 FB     BNE $872F                       A:01 X:FE Y:00 P:A5 SP:F9
872F  EA        NOP                             A:01 X:FE Y:00 P:A5 SP:F9
8730  EA        NOP                             A:01 X:FE Y:00 P:A5 SP:F9
8731  CA        DEX                             A:01 X:FE Y:00 P:A5 SP:F9
8732  D0 FB     BNE $872F                       A:01 X:FD Y:00 P:A5 SP:F9
872F  EA        NOP                             A:01 X:FD Y:00 P:A5 SP:F9
8730  EA        NOP                             A:01 X:FD Y:00 P:A5 SP:F9
8731  CA        DEX                             A:01 X:FD Y:00 P:A5 SP:F9
8732  D0 FB     BNE $872F                       A:01 X:FC Y:00 P:A5 SP:F9
872F  EA        NOP                             A:01 X:FC Y:00 P:A5 SP:F9
8730  EA        NOP                             A:01 X:FC Y:00 P:A5 SP:F9
8731  CA        DEX                             A:01 X:FC Y:00 P:A5 SP:F9
8732  D0 FB     BNE $872F                       A:01 X:FB Y:00 P:A5 SP:F9
872F  EA        NOP                             A:01 X:FB Y:00 P:A5 SP:F9
8730  EA        NOP                             A:01 X:FB Y:00 P:A5 SP:F9
8731  CA        DEX                             A:01 X:FB Y:00 P:A5 SP:F9
8732  D0 FB     BNE $872F                       A:01 X:FA Y:00 P:A5 SP:F9
872F  EA        NOP                             A:01 X:FA Y:00 P:A5 SP:F9
8730  EA        NOP                             A:01 X:FA Y:00 P:A5 SP:F9
8731  CA        DEX                             A:01 X:FA Y:00 P:A5 SP:F9
8732  D0 FB     BNE $872F                       A:01 X:F9 Y:00 P:A5 SP:F9
872F  EA        NOP                             A:01 X:F9 Y:00 P:A5 SP:F9
8730  EA        NOP                             A:01 X:F9 Y:00 P:A5 SP:F9
8731  CA        DEX                             A:01 X:F9 Y:00 P:A5 SP:F9
8732  D0 FB     BNE $872F                       A:01 X:F8 Y:00 P:A5 SP:F9
872F  EA        NOP                             A:01 X:F8 Y:00 P:A5 SP:F9
8730  EA        NOP                             A:01 X:F8 Y:00 P:A5 SP:F9
8731  CA        DEX                             A:01 X:F8 Y:00 P:A5 SP:F9
8732  D0 FB     BNE $872F                       A:01 X:F7 Y:00 P:A5 SP:F9
872F  EA        NOP                             A:01 X:F7 Y:00 P:A5 SP:F9
8730  EA        NOP                             A:01 X:F7 Y:00 P:A5 SP:F9
8731  CA        DEX                             A:01 X:F7 Y:00 P:A5 SP:F9
8732  D0 FB     BNE $872F                       A:01 X:F6 Y:00 P:A5 SP:F9
872F  EA        NOP                             A:01 X:F6 Y:00 P:A5 SP:F9
8730  EA        NOP                             A:01 X:F6 Y:00 P:A5 SP:F9
8731  CA        DEX                             A:01 X:F6 Y:00 P:A5 SP:F9
8732  D0 FB     BNE $872F                       A:01 X:F5 Y:00 P:A5 SP:F9
872F  EA        NOP                             A:01 X:F5 Y:00 P:A5 SP:F9
8730  EA        NOP                             A:01 X:F5 Y:00 P:A5 SP:F9
8731  CA        DEX                             A:01 X:F5 Y:00 P:A5 SP:F9
8732  D0 FB     BNE $872F                       A:01 X:F4 Y:00 P:A5 SP:F9
872F  EA        NOP                             A:01 X:F4 Y:00 P:A5 SP:F9
8730  EA        NOP                             A:01 X:F4 Y:00 P:A5 SP:F9
8731  CA        DEX                             A:01 X:F4 Y:00 P:A5 SP:F9
8732  D0 FB     BNE $872F                       A:01 X:F3 Y:00 P:A5 SP:F9
872F  EA        NOP                             A:01 X:F3 Y:00 P:A5 SP:F9
8730  EA        NOP                             A:01 X:F3 Y:00 P:A5 SP:F9
8731  CA        DEX                             A:01 X:F3 Y:00 P:A5 SP:F9
8732  D0 FB     BNE $872F                       A:01 X:F2 Y:00 P:A5 SP:F9
872F  EA        NOP                             A:01 X:F2 Y:00 P:A5 SP:F9
8730  EA        NOP                             A:01 X:F2 Y:00 P:A5 SP:F9
8731  CA        DEX                             A:01 X:F2 Y:00 P:A5 SP:F9
8732  D0 FB     BNE $872F                       A:01 X:F1 Y:00 P:A5 SP:F9
872F  EA        NOP                             A:01 X:F1 Y:00 P:A5 SP:F9
8730  EA        NOP                             A:01 X:F1 Y:00 P:A5 SP:F9
8731  CA        DEX                             A:01 X:F1 Y:00 P:A5 SP:F9
8732  D0 FB     BNE $872F                       A:01 X:F0 Y:00 P:A5 SP:F9
872F  EA        NOP                             A:01 X:F0 Y:00 P:A5 SP:F9
8730  EA        NOP                             A:01 X:F0 Y:00 P:A5 SP:F9
8731  CA        DEX                             A:01 X:F0 Y:00 P:A5 SP:F9
8732  D0 FB     BNE $872F                       A:01 X:EF Y:00 P:A5 SP:F9
872F  EA        NOP                             A:01 X:EF Y:00 P:A5 SP:F9
8730  EA        NOP                             A:01 X:EF Y:00 P:A5 SP:F9
8731  CA        DEX                             A:01 X:EF Y:00 P:A5 SP:F9
8732  D0 FB     BNE $872F                       A:01 X:EE Y:00 P:A5 SP:F9
872F  EA        NOP                             A:01 X:EE Y:00 P:A5 SP:F9
8730  EA        NOP                             A:01 X:EE Y:00 P:A5 SP:F9
8731  CA        DEX                             A:01 X:EE Y:00 P:A5 SP:F9
8732  D0 FB     BNE $872F                       A:01 X:ED Y:00 P:A5 SP:F9
872F  EA        NOP                             A:01 X:ED Y:00 P:A5 SP:F9
8730  EA        NOP                             A:01 X:ED Y:00 P:A5 SP:F9
8731  CA        DEX                             A:01 X:ED Y:00 P:A5 SP:F9
8732  D0 FB     BNE $872F                       A:01 X:EC Y:00 P:A5 SP:F9
872F  EA        NOP                             A:01 X:EC Y:00 P:A5 SP:F9
8730  EA        NOP                             A:01 X:EC Y:00 P:A5 SP:F9
8731  CA        DEX                             A:01 X:EC Y:00 P:A5 SP:F9
8732  D0 FB     BNE $872F                       A:01 X:EB Y:00 P:A5 SP:F9
872F  EA        NOP                             A:01 X:EB Y:00 P:A5 SP:F9
8730  EA        NOP                             A:01 X:EB Y:00 P:A5 SP:F9
8731  CA        DEX                             A:01 X:EB Y:00 P:A5 SP:F9
8732  D0 FB     BNE $872F                       A:01 X:EA Y:00 P:A5 SP:F9
872F  EA        NOP                             A:01 X:EA Y:00 P:A5 SP:F9
8730  EA        NOP                             A:01 X:EA Y:00 P:A5 SP:F9
8731  CA        DEX                             A:01 X:EA Y:00 P:A5 SP:F9
8732  D0 FB     BNE $872F                       A:01 X:E9 Y:00 P:A5 SP:F9
872F  EA        NOP                             A:01 X:E9 Y:00 P:A5 SP:F9
8730  EA        NOP                             A:01 X:E9 Y:00 P:A5 SP:F9
8731  CA        DEX                             A:01 X:E9 Y:00 P:A5 SP:F9
8732  D0 FB     BNE $872F                       A:01 X:E8 Y:00 P:A5 SP:F9
872F  EA        NOP                             A:01 X:E8 Y:00 P:A5 SP:F9
8730  EA        NOP                             A:01 X:E8 Y:00 P:A5 SP:F9
8731  CA        DEX                             A:01 X:E8 Y:00 P:A5 SP:F9
8732  D0 FB     BNE $872F                       A:01 X:E7 Y:00 P:A5 SP:F9
872F  EA        NOP                             A:01 X:E7 Y:00 P:A5 SP:F9
8730  EA        NOP                             A:01 X:E7 Y:00 P:A5 SP:F9
8731  CA        DEX                             A:01 X:E7 Y:00 P:A5 SP:F9
8732  D0 FB     BNE $872F                       A:01 X:E6 Y:00 P:A5 SP:F9
872F  EA        NOP                             A:01 X:E6 Y:00 P:A5 SP:F9
8730  EA        NOP                             A:01 X:E6 Y:00 P:A5 SP:F9
8731  CA        DEX                             A:01 X:E6 Y:00 P:A5 SP:F9
8732  D0 FB     BNE $872F                       A:01 X:E5 Y:00 P:A5 SP:F9
872F  EA        NOP                             A:01 X:E5 Y:00 P:A5 SP:F9
8730  EA        NOP                             A:01 X:E5 Y:00 P:A5 SP:F9
8731  CA        DEX                             A:01 X:E5 Y:00 P:A5 SP:F9
8732  D0 FB     BNE $872F                       A:01 X:E4 Y:00 P:A5 SP:F9
872F  EA        NOP                             A:01 X:E4 Y:00 P:A5 SP:F9
8730  EA        NOP                             A:01 X:E4 Y:00 P:A5 SP:F9
8731  CA        DEX                             A:01 X:E4 Y:00 P:A5 SP:F9
8732  D0 FB     BNE $872F                       A:01 X:E3 Y:00 P:A5 SP:F9
872F  EA        NOP                             A:01 X:E3 Y:00 P:A5 SP:F9
8730  EA        NOP                             A:01 X:E3 Y:00 P:A5 SP:F9
8731  CA        DEX                             A:01 X:E3 Y:00 P:A5 SP:F9
8732  D0 FB     BNE $872F                       A:01 X:E2 Y:00 P:A5 SP:F9
872F  EA        NOP                             A:01 X:E2 Y:00 P:A5 SP:F9
8730  EA        NOP                             A:01 X:E2 Y:00 P:A5 SP:F9
8731  CA        DEX                             A:01 X:E2 Y:00 P:A5 SP:F9
8732  D0 FB     BNE $872F                       A:01 X:E1 Y:00 P:A5 SP:F9
872F  EA        NOP                             A:01 X:E1 Y:00 P:A5 SP:F9
8730  EA        NOP                             A:01 X:E1 Y:00 P:A5 SP:F9
8731  CA        DEX                             A:01 X:E1 Y:00 P:A5 SP:F9
8732  D0 FB     BNE $872F                       A:01 X:E0 Y:00 P:A5 SP:F9
872F  EA        NOP                             A:01 X:E0 Y:00 P:A5 SP:F9
8730  EA        NOP                             A:01 X:E0 Y:00 P:A5 SP:F9
8731  CA        DEX                             A:01 X:E0 Y:00 P:A5 SP:F9
8732  D0 FB     BNE $872F                       A:01 X:DF Y:00 P:A5 SP:F9
872F  EA        NOP                             A:01 X:DF Y:00 P:A5 SP:F9
8730  EA        NOP                             A:01 X:DF Y:00 P:A5 SP:F9
8731  CA        DEX                             A:01 X:DF Y:00 P:A5 SP:F9
8732  D0 FB     BNE $872F                       A:01 X:DE Y:00 P:A5 SP:F9
872F  EA        NOP                             A:01 X:DE Y:00 P:A5 SP:F9
8730  EA        NOP                             A:01 X:DE Y:00 P:A5 SP:F9
8731  CA        DEX                             A:01 X:DE Y:00 P:A5 SP:F9
8732  D0 FB     BNE $872F                       A:01 X:DD Y:00 P:A5 SP:F9
872F  EA        NOP                             A:01 X:DD Y:00 P:A5 SP:F9
8730  EA        NOP                             A:01 X:DD Y:00 P:A5 SP:F9
8731  CA        DEX                             A:01 X:DD Y:00 P:A5 SP:F9
8732  D0 FB     BNE $872F                       A:01 X:DC Y:00 P:A5 SP:F9
872F  EA        NOP                             A:01 X:DC Y:00 P:A5 SP:F9
8730  EA        NOP                             A:01 X:DC Y:00 P:A5 SP:F9
8731  CA        DEX                             A:01 X:DC Y:00 P:A5 SP:F9
8732  D0 FB     BNE $872F                       A:01 X:DB Y:00 P:A5 SP:F9
872F  EA        NOP                             A:01 X:DB Y:00 P:A5 SP:F9
8730  EA        NOP                             A:01 X:DB Y:00 P:A5 SP:F9
8731  CA        DEX                             A:01 X:DB Y:00 P:A5 SP:F9
8732  D0 FB     BNE $872F                       A:01 X:DA Y:00 P:A5 SP:F9
872F  EA        NOP                             A:01 X:DA Y:00 P:A5 SP:F9
8730  EA        NOP                             A:01 X:DA Y:00 P:A5 SP:F9
8731  CA        DEX                             A:01 X:DA Y:00 P:A5 SP:F9
8732  D0 FB     BNE $872F                       A:01 X:D9 Y:00 P:A5 SP:F9
872F  EA        NOP                             A:01 X:D9 Y:00 P:A5 SP:F9
8730  EA        NOP                             A:01 X:D9 Y:00 P:A5 SP:F9
8731  CA        DEX                             A:01 X:D9 Y:00 P:A5 SP:F9
8732  D0 FB     BNE $872F                       A:01 X:D8 Y:00 P:A5 SP:F9
872F  EA        NOP                             A:01 X:D8 Y:00 P:A5 SP:F9
8730  EA        NOP                             A:01 X:D8 Y:00 P:A5 SP:F9
8731  CA        DEX                             A:01 X:D8 Y:00 P:A5 SP:F9
8732  D0 FB     BNE $872F                       A:01 X:D7 Y:00 P:A5 SP:F9
872F  EA        NOP                             A:01 X:D7 Y:00 P:A5 SP:F9
8730  EA        NOP                             A:01 X:D7 Y:00 P:A5 SP:F9
8731  CA        DEX                             A:01 X:D7 Y:00 P:A5 SP:F9
8732  D0 FB     BNE $872F                       A:01 X:D6 Y:00 P:A5 SP:F9
872F  EA        NOP                             A:01 X:D6 Y:00 P:A5 SP:F9
8730  EA        NOP                             A:01 X:D6 Y:00 P:A5 SP:F9
8731  CA        DEX                             A:01 X:D6 Y:00 P:A5 SP:F9
8732  D0 FB     BNE $872F                       A:01 X:D5 Y:00 P:A5 SP:F9
872F  EA        NOP                             A:01 X:D5 Y:00 P:A5 SP:F9
8730  EA        NOP                             A:01 X:D5 Y:00 P:A5 SP:F9
8731  CA        DEX                             A:01 X:D5 Y:00 P:A5 SP:F9
8732  D0 FB     BNE $872F                       A:01 X:D4 Y:00 P:A5 SP:F9
872F  EA        NOP                             A:01 X:D4 Y:00 P:A5 SP:F9
8730  EA        NOP                             A:01 X:D4 Y:00 P:A5 SP:F9
8731  CA        DEX                             A:01 X:D4 Y:00 P:A5 SP:F9
8732  D0 FB     BNE $872F                       A:01 X:D3 Y:00 P:A5 SP:F9
872F  EA        NOP                             A:01 X:D3 Y:00 P:A5 SP:F9
8730  EA        NOP                             A:01 X:D3 Y:00 P:A5 SP:F9
8731  CA        DEX                             A:01 X:D3 Y:00 P:A5 SP:F9
8732  D0 FB     BNE $872F                       A:01 X:D2 Y:00 P:A5 SP:F9
872F  EA        NOP                             A:01 X:D2 Y:00 P:A5 SP:F9
8730  EA        NOP                             A:01 X:D2 Y:00 P:A5 SP:F9
8731  CA        DEX                             A:01 X:D2 Y:00 P:A5 SP:F9
8732  D0 FB     BNE $872F                       A:01 X:D1 Y:00 P:A5 SP:F9
872F  EA        NOP                             A:01 X:D1 Y:00 P:A5 SP:F9
8730  EA        NOP                             A:01 X:D1 Y:00 P:A5 SP:F9
8731  CA        DEX                             A:01 X:D1 Y:00 P:A5 SP:F9
8732  D0 FB     BNE $872F                       A:01 X:D0 Y:00 P:A5 SP:F9
872F  EA        NOP                             A:01 X:D0 Y:00 P:A5 SP:F9
8730  EA        NOP                             A:01 X:D0 Y:00 P:A5 SP:F9
8731  CA        DEX                             A:01 X:D0 Y:00 P:A5 SP:F9
8732  D0 FB     BNE $872F                       A:01 X:CF Y:00 P:A5 SP:F9
872F  EA        NOP                             A:01 X:CF Y:00 P:A5 SP:F9
8730  EA        NOP                             A:01 X:CF Y:00 P:A5 SP:F9
8731  CA        DEX                             A:01 X:CF Y:00 P:A5 SP:F9
8732  D0 FB     BNE $872F                       A:01 X:CE Y:00 P:A5 SP:F9
872F  EA        NOP                             A:01 X:CE Y:00 P:A5 SP:F9
8730  EA        NOP                             A:01 X:CE Y:00 P:A5 SP:F9
8731  CA        DEX                             A:01 X:CE Y:00 P:A5 SP:F9
8732  D0 FB     BNE $872F                       A:01 X:CD Y:00 P:A5 SP:F9
872F  EA        NOP                             A:01 X:CD Y:00 P:A5 SP:F9
8730  EA        NOP                             A:01 X:CD Y:00 P:A5 SP:F9
8731  CA        DEX                             A:01 X:CD Y:00 P:A5 SP:F9
8732  D0 FB     BNE $872F                       A:01 X:CC Y:00 P:A5 SP:F9
872F  EA        NOP                             A:01 X:CC Y:00 P:A5 SP:F9
8730  EA        NOP                             A:01 X:CC Y:00 P:A5 SP:F9
8731  CA        DEX                             A:01 X:CC Y:00 P:A5 SP:F9
8732  D0 FB     BNE $872F                       A:01 X:CB Y:00 P:A5 SP:F9
872F  EA        NOP                             A:01 X:CB Y:00 P:A5 SP:F9
8730  EA        NOP                             A:01 X:CB Y:00 P:A5 SP:F9
8731  CA        DEX                             A:01 X:CB Y:00 P:A5 SP:F9
8732  D0 FB     BNE $872F                       A:01 X:CA Y:00 P:A5 SP:F9
872F  EA        NOP                             A:01 X:CA Y:00 P:A5 SP:F9
8730  EA        NOP                             A:01 X:CA Y:00 P:A5 SP:F9
8731  CA        DEX                             A:01 X:CA Y:00 P:A5 SP:F9
8732  D0 FB     BNE $872F                       A:01 X:C9 Y:00 P:A5 SP:F9
872F  EA        NOP                             A:01 X:C9 Y:00 P:A5 SP:F9
8730  EA        NOP                             A:01 X:C9 Y:00 P:A5 SP:F9
8731  CA        DEX                             A:01 X:C9 Y:00 P:A5 SP:F9
8732  D0 FB     BNE $872F                       A:01 X:C8 Y:00 P:A5 SP:F9
872F  EA        NOP                             A:01 X:C8 Y:00 P:A5 SP:F9
8730  EA        NOP                             A:01 X:C8 Y:00 P:A5 SP:F9
8731  CA        DEX                             A:01 X:C8 Y:00 P:A5 SP:F9
8732  D0 FB     BNE $872F                       A:01 X:C7 Y:00 P:A5 SP:F9
872F  EA        NOP                             A:01 X:C7 Y:00 P:A5 SP:F9
8730  EA        NOP                             A:01 X:C7 Y:00 P:A5 SP:F9
8731  CA        DEX                             A:01 X:C7 Y:00 P:A5 SP:F9
8732  D0 FB     BNE $872F                       A:01 X:C6 Y:00 P:A5 SP:F9
872F  EA        NOP                             A:01 X:C6 Y:00 P:A5 SP:F9
8730  EA        NOP                             A:01 X:C6 Y:00 P:A5 SP:F9
8731  CA        DEX                             A:01 X:C6 Y:00 P:A5 SP:F9
8732  D0 FB     BNE $872F                       A:01 X:C5 Y:00 P:A5 SP:F9
872F  EA        NOP                             A:01 X:C5 Y:00 P:A5 SP:F9
8730  EA        NOP                             A:01 X:C5 Y:00 P:A5 SP:F9
8731  CA        DEX                             A:01 X:C5 Y:00 P:A5 SP:F9
8732  D0 FB     BNE $872F                       A:01 X:C4 Y:00 P:A5 SP:F9
872F  EA        NOP                             A:01 X:C4 Y:00 P:A5 SP:F9
8730  EA        NOP                             A:01 X:C4 Y:00 P:A5 SP:F9
8731  CA        DEX                             A:01 X:C4 Y:00 P:A5 SP:F9
8732  D0 FB     BNE $872F                       A:01 X:C3 Y:00 P:A5 SP:F9
872F  EA        NOP                             A:01 X:C3 Y:00 P:A5 SP:F9
8730  EA        NOP                             A:01 X:C3 Y:00 P:A5 SP:F9
8731  CA        DEX                             A:01 X:C3 Y:00 P:A5 SP:F9
8732  D0 FB     BNE $872F                       A:01 X:C2 Y:00 P:A5 SP:F9
872F  EA        NOP                             A:01 X:C2 Y:00 P:A5 SP:F9
8730  EA        NOP                             A:01 X:C2 Y:00 P:A5 SP:F9
8731  CA        DEX                             A:01 X:C2 Y:00 P:A5 SP:F9
8732  D0 FB     BNE $872F                       A:01 X:C1 Y:00 P:A5 SP:F9
872F  EA        NOP                             A:01 X:C1 Y:00 P:A5 SP:F9
8730  EA        NOP                             A:01 X:C1 Y:00 P:A5 SP:F9
8731  CA        DEX                             A:01 X:C1 Y:00 P:A5 SP:F9
8732  D0 FB     BNE $872F                       A:01 X:C0 Y:00 P:A5 SP:F9
872F  EA        NOP                             A:01 X:C0 Y:00 P:A5 SP:F9
8730  EA        NOP                             A:01 X:C0 Y:00 P:A5 SP:F9
8731  CA        DEX                             A:01 X:C0 Y:00 P:A5 SP:F9
8732  D0 FB     BNE $872F                       A:01 X:BF Y:00 P:A5 SP:F9
872F  EA        NOP                             A:01 X:BF Y:00 P:A5 SP:F9
8730  EA        NOP                             A:01 X:BF Y:00 P:A5 SP:F9
8731  CA        DEX                             A:01 X:BF Y:00 P:A5 SP:F9
8732  D0 FB     BNE $872F                       A:01 X:BE Y:00 P:A5 SP:F9
872F  EA        NOP                             A:01 X:BE Y:00 P:A5 SP:F9
8730  EA        NOP                             A:01 X:BE Y:00 P:A5 SP:F9
8731  CA        DEX                             A:01 X:BE Y:00 P:A5 SP:F9
8732  D0 FB     BNE $872F                       A:01 X:BD Y:00 P:A5 SP:F9
872F  EA        NOP                             A:01 X:BD Y:00 P:A5 SP:F9
8730  EA        NOP                             A:01 X:BD Y:00 P:A5 SP:F9
8731  CA        DEX                             A:01 X:BD Y:00 P:A5 SP:F9
8732  D0 FB     BNE $872F                       A:01 X:BC Y:00 P:A5 SP:F9
872F  EA        NOP                             A:01 X:BC Y:00 P:A5 SP:F9
8730  EA        NOP                             A:01 X:BC Y:00 P:A5 SP:F9
8731  CA        DEX                             A:01 X:BC Y:00 P:A5 SP:F9
8732  D0 FB     BNE $872F                       A:01 X:BB Y:00 P:A5 SP:F9
872F  EA        NOP                             A:01 X:BB Y:00 P:A5 SP:F9
8730  EA        NOP                             A:01 X:BB Y:00 P:A5 SP:F9
8731  CA        DEX                             A:01 X:BB Y:00 P:A5 SP:F9
8732  D0 FB     BNE $872F                       A:01 X:BA Y:00 P:A5 SP:F9
872F  EA        NOP                             A:01 X:BA Y:00 P:A5 SP:F9
8730  EA        NOP                             A:01 X:BA Y:00 P:A5 SP:F9
8731  CA        DEX                             A:01 X:BA Y:00 P:A5 SP:F9
8732  D0 FB     BNE $872F                       A:01 X:B9 Y:00 P:A5 SP:F9
872F  EA        NOP                             A:01 X:B9 Y:00 P:A5 SP:F9
8730  EA        NOP                             A:01 X:B9 Y:00 P:A5 SP:F9
8731  CA        DEX                             A:01 X:B9 Y:00 P:A5 SP:F9
8732  D0 FB     BNE $872F                       A:01 X:B8 Y:00 P:A5 SP:F9
872F  EA        NOP                             A:01 X:B8 Y:00 P:A5 SP:F9
8730  EA        NOP                             A:01 X:B8 Y:00 P:A5 SP:F9
8731  CA        DEX                             A:01 X:B8 Y:00 P:A5 SP:F9
8732  D0 FB     BNE $872F                       A:01 X:B7 Y:00 P:A5 SP:F9
872F  EA        NOP                             A:01 X:B7 Y:00 P:A5 SP:F9
8730  EA        NOP                             A:01 X:B7 Y:00 P:A5 SP:F9
8731  CA        DEX                             A:01 X:B7 Y:00 P:A5 SP:F9
8732  D0 FB     BNE $872F                       A:01 X:B6 Y:00 P:A5 SP:F9
872F  EA        NOP                             A:01 X:B6 Y:00 P:A5 SP:F9
8730  EA        NOP                             A:01 X:B6 Y:00 P:A5 SP:F9
8731  CA        DEX                             A:01 X:B6 Y:00 P:A5 SP:F9
8732  D0 FB     BNE $872F                       A:01 X:B5 Y:00 P:A5 SP:F9
872F  EA        NOP                             A:01 X:B5 Y:00 P:A5 SP:F9
8730  EA        NOP                             A:01 X:B5 Y:00 P:A5 SP:F9
8731  CA        DEX                             A:01 X:B5 Y:00 P:A5 SP:F9
8732  D0 FB     BNE $872F                       A:01 X:B4 Y:00 P:A5 SP:F9
872F  EA        NOP                             A:01 X:B4 Y:00 P:A5 SP:F9
8730  EA        NOP                             A:01 X:B4 Y:00 P:A5 SP:F9
8731  CA        DEX                             A:01 X:B4 Y:00 P:A5 SP:F9
8732  D0 FB     BNE $872F                       A:01 X:B3 Y:00 P:A5 SP:F9
872F  EA        NOP                             A:01 X:B3 Y:00 P:A5 SP:F9
8730  EA        NOP                             A:01 X:B3 Y:00 P:A5 SP:F9
8731  CA        DEX                             A:01 X:B3 Y:00 P:A5 SP:F9
8732  D0 FB     BNE $872F                       A:01 X:B2 Y:00 P:A5 SP:F9
872F  EA        NOP                             A:01 X:B2 Y:00 P:A5 SP:F9
8730  EA        NOP                             A:01 X:B2 Y:00 P:A5 SP:F9
8731  CA        DEX                             A:01 X:B2 Y:00 P:A5 SP:F9
8732  D0 FB     BNE $872F                       A:01 X:B1 Y:00 P:A5 SP:F9
872F  EA        NOP                             A:01 X:B1 Y:00 P:A5 SP:F9
8730  EA        NOP                             A:01 X:B1 Y:00 P:A5 SP:F9
8731  CA        DEX                             A:01 X:B1 Y:00 P:A5 SP:F9
8732  D0 FB     BNE $872F                       A:01 X:B0 Y:00 P:A5 SP:F9
872F  EA        NOP                             A:01 X:B0 Y:00 P:A5 SP:F9
8730  EA        NOP                             A:01 X:B0 Y:00 P:A5 SP:F9
8731  CA        DEX                             A:01 X:B0 Y:00 P:A5 SP:F9
8732  D0 FB     BNE $872F                       A:01 X:AF Y:00 P:A5 SP:F9
872F  EA        NOP                             A:01 X:AF Y:00 P:A5 SP:F9
8730  EA        NOP                             A:01 X:AF Y:00 P:A5 SP:F9
8731  CA        DEX                             A:01 X:AF Y:00 P:A5 SP:F9
8732  D0 FB     BNE $872F                       A:01 X:AE Y:00 P:A5 SP:F9
872F  EA        NOP                             A:01 X:AE Y:00 P:A5 SP:F9
8730  EA        NOP                             A:01 X:AE Y:00 P:A5 SP:F9
8731  CA        DEX                             A:01 X:AE Y:00 P:A5 SP:F9
8732  D0 FB     BNE $872F                       A:01 X:AD Y:00 P:A5 SP:F9
872F  EA        NOP                             A:01 X:AD Y:00 P:A5 SP:F9
8730  EA        NOP                             A:01 X:AD Y:00 P:A5 SP:F9
8731  CA        DEX                             A:01 X:AD Y:00 P:A5 SP:F9
8732  D0 FB     BNE $872F                       A:01 X:AC Y:00 P:A5 SP:F9
872F  EA        NOP                             A:01 X:AC Y:00 P:A5 SP:F9
8730  EA        NOP                             A:01 X:AC Y:00 P:A5 SP:F9
8731  CA        DEX                             A:01 X:AC Y:00 P:A5 SP:F9
8732  D0 FB     BNE $872F                       A:01 X:AB Y:00 P:A5 SP:F9
872F  EA        NOP                             A:01 X:AB Y:00 P:A5 SP:F9
8730  EA        NOP                             A:01 X:AB Y:00 P:A5 SP:F9
8731  CA        DEX                             A:01 X:AB Y:00 P:A5 SP:F9
8732  D0 FB     BNE $872F                       A:01 X:AA Y:00 P:A5 SP:F9
872F  EA        NOP                             A:01 X:AA Y:00 P:A5 SP:F9
8730  EA        NOP                             A:01 X:AA Y:00 P:A5 SP:F9
8731  CA        DEX                             A:01 X:AA Y:00 P:A5 SP:F9
8732  D0 FB     BNE $872F                       A:01 X:A9 Y:00 P:A5 SP:F9
872F  EA        NOP                             A:01 X:A9 Y:00 P:A5 SP:F9
8730  EA        NOP                             A:01 X:A9 Y:00 P:A5 SP:F9
8731  CA        DEX                             A:01 X:A9 Y:00 P:A5 SP:F9
8732  D0 FB     BNE $872F                       A:01 X:A8 Y:00 P:A5 SP:F9
872F  EA        NOP                             A:01 X:A8 Y:00 P:A5 SP:F9
8730  EA        NOP                             A:01 X:A8 Y:00 P:A5 SP:F9
8731  CA        DEX                             A:01 X:A8 Y:00 P:A5 SP:F9
8732  D0 FB     BNE $872F                       A:01 X:A7 Y:00 P:A5 SP:F9
872F  EA        NOP                             A:01 X:A7 Y:00 P:A5 SP:F9
8730  EA        NOP                             A:01 X:A7 Y:00 P:A5 SP:F9
8731  CA        DEX                             A:01 X:A7 Y:00 P:A5 SP:F9
8732  D0 FB     BNE $872F                       A:01 X:A6 Y:00 P:A5 SP:F9
872F  EA        NOP                             A:01 X:A6 Y:00 P:A5 SP:F9
8730  EA        NOP                             A:01 X:A6 Y:00 P:A5 SP:F9
8731  CA        DEX                             A:01 X:A6 Y:00 P:A5 SP:F9
8732  D0 FB     BNE $872F                       A:01 X:A5 Y:00 P:A5 SP:F9
872F  EA        NOP                             A:01 X:A5 Y:00 P:A5 SP:F9
8730  EA        NOP                             A:01 X:A5 Y:00 P:A5 SP:F9
8731  CA        DEX                             A:01 X:A5 Y:00 P:A5 SP:F9
8732  D0 FB     BNE $872F                       A:01 X:A4 Y:00 P:A5 SP:F9
872F  EA        NOP                             A:01 X:A4 Y:00 P:A5 SP:F9
8730  EA        NOP                             A:01 X:A4 Y:00 P:A5 SP:F9
8731  CA        DEX                             A:01 X:A4 Y:00 P:A5 SP:F9
8732  D0 FB     BNE $872F                       A:01 X:A3 Y:00 P:A5 SP:F9
872F  EA        NOP                             A:01 X:A3 Y:00 P:A5 SP:F9
8730  EA        NOP                             A:01 X:A3 Y:00 P:A5 SP:F9
8731  CA        DEX                             A:01 X:A3 Y:00 P:A5 SP:F9
8732  D0 FB     BNE $872F                       A:01 X:A2 Y:00 P:A5 SP:F9
872F  EA        NOP                             A:01 X:A2 Y:00 P:A5 SP:F9
8730  EA        NOP                             A:01 X:A2 Y:00 P:A5 SP:F9
8731  CA        DEX                             A:01 X:A2 Y:00 P:A5 SP:F9
8732  D0 FB     BNE $872F                       A:01 X:A1 Y:00 P:A5 SP:F9
872F  EA        NOP                             A:01 X:A1 Y:00 P:A5 SP:F9
8730  EA        NOP                             A:01 X:A1 Y:00 P:A5 SP:F9
8731  CA        DEX                             A:01 X:A1 Y:00 P:A5 SP:F9
8732  D0 FB     BNE $872F                       A:01 X:A0 Y:00 P:A5 SP:F9
872F  EA        NOP                             A:01 X:A0 Y:00 P:A5 SP:F9
8730  EA        NOP                             A:01 X:A0 Y:00 P:A5 SP:F9
8731  CA        DEX                             A:01 X:A0 Y:00 P:A5 SP:F9
8732  D0 FB     BNE $872F                       A:01 X:9F Y:00 P:A5 SP:F9
872F  EA        NOP                             A:01 X:9F Y:00 P:A5 SP:F9
8730  EA        NOP                             A:01 X:9F Y:00 P:A5 SP:F9
8731  CA        DEX                             A:01 X:9F Y:00 P:A5 SP:F9
8732  D0 FB     BNE $872F                       A:01 X:9E Y:00 P:A5 SP:F9
872F  EA        NOP                             A:01 X:9E Y:00 P:A5 SP:F9
8730  EA        NOP                             A:01 X:9E Y:00 P:A5 SP:F9
8731  CA        DEX                             A:01 X:9E Y:00 P:A5 SP:F9
8732  D0 FB     BNE $872F                       A:01 X:9D Y:00 P:A5 SP:F9
872F  EA        NOP                             A:01 X:9D Y:00 P:A5 SP:F9
8730  EA        NOP                             A:01 X:9D Y:00 P:A5 SP:F9
8731  CA        DEX                             A:01 X:9D Y:00 P:A5 SP:F9
8732  D0 FB     BNE $872F                       A:01 X:9C Y:00 P:A5 SP:F9
872F  EA        NOP                             A:01 X:9C Y:00 P:A5 SP:F9
8730  EA        NOP                             A:01 X:9C Y:00 P:A5 SP:F9
8731  CA        DEX                             A:01 X:9C Y:00 P:A5 SP:F9
8732  D0 FB     BNE $872F                       A:01 X:9B Y:00 P:A5 SP:F9
872F  EA        NOP                             A:01 X:9B Y:00 P:A5 SP:F9
8730  EA        NOP                             A:01 X:9B Y:00 P:A5 SP:F9
8731  CA        DEX                             A:01 X:9B Y:00 P:A5 SP:F9
8732  D0 FB     BNE $872F                       A:01 X:9A Y:00 P:A5 SP:F9
872F  EA        NOP                             A:01 X:9A Y:00 P:A5 SP:F9
8730  EA        NOP                             A:01 X:9A Y:00 P:A5 SP:F9
8731  CA        DEX                             A:01 X:9A Y:00 P:A5 SP:F9
8732  D0 FB     BNE $872F                       A:01 X:99 Y:00 P:A5 SP:F9
872F  EA        NOP                             A:01 X:99 Y:00 P:A5 SP:F9
8730  EA        NOP                             A:01 X:99 Y:00 P:A5 SP:F9
8731  CA        DEX                             A:01 X:99 Y:00 P:A5 SP:F9
8732  D0 FB     BNE $872F                       A:01 X:98 Y:00 P:A5 SP:F9
872F  EA        NOP                             A:01 X:98 Y:00 P:A5 SP:F9
8730  EA        NOP                             A:01 X:98 Y:00 P:A5 SP:F9
8731  CA        DEX                             A:01 X:98 Y:00 P:A5 SP:F9
8732  D0 FB     BNE $872F                       A:01 X:97 Y:00 P:A5 SP:F9
872F  EA        NOP                             A:01 X:97 Y:00 P:A5 SP:F9
8730  EA        NOP                             A:01 X:97 Y:00 P:A5 SP:F9
8731  CA        DEX                             A:01 X:97 Y:00 P:A5 SP:F9
8732  D0 FB     BNE $872F                       A:01 X:96 Y:00 P:A5 SP:F9
872F  EA        NOP                             A:01 X:96 Y:00 P:A5 SP:F9
8730  EA        NOP                             A:01 X:96 Y:00 P:A5 SP:F9
8731  CA        DEX                             A:01 X:96 Y:00 P:A5 SP:F9
8732  D0 FB     BNE $872F                       A:01 X:95 Y:00 P:A5 SP:F9
872F  EA        NOP                             A:01 X:95 Y:00 P:A5 SP:F9
8730  EA        NOP                             A:01 X:95 Y:00 P:A5 SP:F9
8731  CA        DEX                             A:01 X:95 Y:00 P:A5 SP:F9
8732  D0 FB     BNE $872F                       A:01 X:94 Y:00 P:A5 SP:F9
872F  EA        NOP                             A:01 X:94 Y:00 P:A5 SP:F9
8730  EA        NOP                             A:01 X:94 Y:00 P:A5 SP:F9
8731  CA        DEX                             A:01 X:94 Y:00 P:A5 SP:F9
8732  D0 FB     BNE $872F                       A:01 X:93 Y:00 P:A5 SP:F9
872F  EA        NOP                             A:01 X:93 Y:00 P:A5 SP:F9
8730  EA        NOP                             A:01 X:93 Y:00 P:A5 SP:F9
8731  CA        DEX                             A:01 X:93 Y:00 P:A5 SP:F9
8732  D0 FB     BNE $872F                       A:01 X:92 Y:00 P:A5 SP:F9
872F  EA        NOP                             A:01 X:92 Y:00 P:A5 SP:F9
8730  EA        NOP                             A:01 X:92 Y:00 P:A5 SP:F9
8731  CA        DEX                             A:01 X:92 Y:00 P:A5 SP:F9
8732  D0 FB     BNE $872F                       A:01 X:91 Y:00 P:A5 SP:F9
872F  EA        NOP                             A:01 X:91 Y:00 P:A5 SP:F9
8730  EA        NOP                             A:01 X:91 Y:00 P:A5 SP:F9
8731  CA        DEX                             A:01 X:91 Y:00 P:A5 SP:F9
8732  D0 FB     BNE $872F                       A:01 X:90 Y:00 P:A5 SP:F9
872F  EA        NOP                             A:01 X:90 Y:00 P:A5 SP:F9
8730  EA        NOP                             A:01 X:90 Y:00 P:A5 SP:F9
8731  CA        DEX                             A:01 X:90 Y:00 P:A5 SP:F9
8732  D0 FB     BNE $872F                       A:01 X:8F Y:00 P:A5 SP:F9
872F  EA        NOP                             A:01 X:8F Y:00 P:A5 SP:F9
8730  EA        NOP                             A:01 X:8F Y:00 P:A5 SP:F9
8731  CA        DEX                             A:01 X:8F Y:00 P:A5 SP:F9
8732  D0 FB     BNE $872F                       A:01 X:8E Y:00 P:A5 SP:F9
872F  EA        NOP                             A:01 X:8E Y:00 P:A5 SP:F9
8730  EA        NOP                             A:01 X:8E Y:00 P:A5 SP:F9
8731  CA        DEX                             A:01 X:8E Y:00 P:A5 SP:F9
8732  D0 FB     BNE $872F                       A:01 X:8D Y:00 P:A5 SP:F9
872F  EA        NOP                             A:01 X:8D Y:00 P:A5 SP:F9
8730  EA        NOP                             A:01 X:8D Y:00 P:A5 SP:F9
8731  CA        DEX                             A:01 X:8D Y:00 P:A5 SP:F9
8732  D0 FB     BNE $872F                       A:01 X:8C Y:00 P:A5 SP:F9
872F  EA        NOP                             A:01 X:8C Y:00 P:A5 SP:F9
8730  EA        NOP                             A:01 X:8C Y:00 P:A5 SP:F9
8731  CA        DEX                             A:01 X:8C Y:00 P:A5 SP:F9
8732  D0 FB     BNE $872F                       A:01 X:8B Y:00 P:A5 SP:F9
872F  EA        NOP                             A:01 X:8B Y:00 P:A5 SP:F9
8730  EA        NOP                             A:01 X:8B Y:00 P:A5 SP:F9
8731  CA        DEX                             A:01 X:8B Y:00 P:A5 SP:F9
8732  D0 FB     BNE $872F                       A:01 X:8A Y:00 P:A5 SP:F9
872F  EA        NOP                             A:01 X:8A Y:00 P:A5 SP:F9
8730  EA        NOP                             A:01 X:8A Y:00 P:A5 SP:F9
8731  CA        DEX                             A:01 X:8A Y:00 P:A5 SP:F9
8732  D0 FB     BNE $872F                       A:01 X:89 Y:00 P:A5 SP:F9
872F  EA        NOP                             A:01 X:89 Y:00 P:A5 SP:F9
8730  EA        NOP                             A:01 X:89 Y:00 P:A5 SP:F9
8731  CA        DEX                             A:01 X:89 Y:00 P:A5 SP:F9
8732  D0 FB     BNE $872F                       A:01 X:88 Y:00 P:A5 SP:F9
872F  EA        NOP                             A:01 X:88 Y:00 P:A5 SP:F9
8730  EA        NOP                             A:01 X:88 Y:00 P:A5 SP:F9
8731  CA        DEX                             A:01 X:88 Y:00 P:A5 SP:F9
8732  D0 FB     BNE $872F                       A:01 X:87 Y:00 P:A5 SP:F9
872F  EA        NOP                             A:01 X:87 Y:00 P:A5 SP:F9
8730  EA        NOP                             A:01 X:87 Y:00 P:A5 SP:F9
8731  CA        DEX                             A:01 X:87 Y:00 P:A5 SP:F9
8732  D0 FB     BNE $872F                       A:01 X:86 Y:00 P:A5 SP:F9
872F  EA        NOP                             A:01 X:86 Y:00 P:A5 SP:F9
8730  EA        NOP                             A:01 X:86 Y:00 P:A5 SP:F9
8731  CA        DEX                             A:01 X:86 Y:00 P:A5 SP:F9
8732  D0 FB     BNE $872F                       A:01 X:85 Y:00 P:A5 SP:F9
872F  EA        NOP                             A:01 X:85 Y:00 P:A5 SP:F9
8730  EA        NOP                             A:01 X:85 Y:00 P:A5 SP:F9
8731  CA        DEX                             A:01 X:85 Y:00 P:A5 SP:F9
8732  D0 FB     BNE $872F                       A:01 X:84 Y:00 P:A5 SP:F9
872F  EA        NOP                             A:01 X:84 Y:00 P:A5 SP:F9
8730  EA        NOP                             A:01 X:84 Y:00 P:A5 SP:F9
8731  CA        DEX                             A:01 X:84 Y:00 P:A5 SP:F9
8732  D0 FB     BNE $872F                       A:01 X:83 Y:00 P:A5 SP:F9
872F  EA        NOP                             A:01 X:83 Y:00 P:A5 SP:F9
8730  EA        NOP                             A:01 X:83 Y:00 P:A5 SP:F9
8731  CA        DEX                             A:01 X:83 Y:00 P:A5 SP:F9
8732  D0 FB     BNE $872F                       A:01 X:82 Y:00 P:A5 SP:F9
872F  EA        NOP                             A:01 X:82 Y:00 P:A5 SP:F9
8730  EA        NOP                             A:01 X:82 Y:00 P:A5 SP:F9
8731  CA        DEX                             A:01 X:82 Y:00 P:A5 SP:F9
8732  D0 FB     BNE $872F                       A:01 X:81 Y:00 P:A5 SP:F9
872F  EA        NOP                             A:01 X:81 Y:00 P:A5 SP:F9
8730  EA        NOP                             A:01 X:81 Y:00 P:A5 SP:F9
8731  CA        DEX                             A:01 X:81 Y:00 P:A5 SP:F9
8732  D0 FB     BNE $872F                       A:01 X:80 Y:00 P:A5 SP:F9
872F  EA        NOP                             A:01 X:80 Y:00 P:A5 SP:F9
8730  EA        NOP                             A:01 X:80 Y:00 P:A5 SP:F9
8731  CA        DEX                             A:01 X:80 Y:00 P:A5 SP:F9
8732  D0 FB     BNE $872F                       A:01 X:7F Y:00 P:25 SP:F9
872F  EA        NOP                             A:01 X:7F Y:00 P:25 SP:F9
8730  EA        NOP                             A:01 X:7F Y:00 P:25 SP:F9
8731  CA        DEX                             A:01 X:7F Y:00 P:25 SP:F9
8732  D0 FB     BNE $872F                       A:01 X:7E Y:00 P:25 SP:F9
872F  EA        NOP                             A:01 X:7E Y:00 P:25 SP:F9
8730  EA        NOP                             A:01 X:7E Y:00 P:25 SP:F9
8731  CA        DEX                             A:01 X:7E Y:00 P:25 SP:F9
8732  D0 FB     BNE $872F                       A:01 X:7D Y:00 P:25 SP:F9
872F  EA        NOP                             A:01 X:7D Y:00 P:25 SP:F9
8730  EA        NOP                             A:01 X:7D Y:00 P:25 SP:F9
8731  CA        DEX                             A:01 X:7D Y:00 P:25 SP:F9
8732  D0 FB     BNE $872F                       A:01 X:7C Y:00 P:25 SP:F9
872F  EA        NOP                             A:01 X:7C Y:00 P:25 SP:F9
8730  EA        NOP                             A:01 X:7C Y:00 P:25 SP:F9
8731  CA        DEX                             A:01 X:7C Y:00 P:25 SP:F9
8732  D0 FB     BNE $872F                       A:01 X:7B Y:00 P:25 SP:F9
872F  EA        NOP                             A:01 X:7B Y:00 P:25 SP:F9
8730  EA        NOP                             A:01 X:7B Y:00 P:25 SP:F9
8731  CA        DEX                             A:01 X:7B Y:00 P:25 SP:F9
8732  D0 FB     BNE $872F                       A:01 X:7A Y:00 P:25 SP:F9
872F  EA        NOP                             A:01 X:7A Y:00 P:25 SP:F9
8730  EA        NOP                             A:01 X:7A Y:00 P:25 SP:F9
8731  CA        DEX                             A:01 X:7A Y:00 P:25 SP:F9
8732  D0 FB     BNE $872F                       A:01 X:79 Y:00 P:25 SP:F9
872F  EA        NOP                             A:01 X:79 Y:00 P:25 SP:F9
8730  EA        NOP                             A:01 X:79 Y:00 P:25 SP:F9
8731  CA        DEX                             A:01 X:79 Y:00 P:25 SP:F9
8732  D0 FB     BNE $872F                       A:01 X:78 Y:00 P:25 SP:F9
872F  EA        NOP                             A:01 X:78 Y:00 P:25 SP:F9
8730  EA        NOP                             A:01 X:78 Y:00 P:25 SP:F9
8731  CA        DEX                             A:01 X:78 Y:00 P:25 SP:F9
8732  D0 FB     BNE $872F                       A:01 X:77 Y:00 P:25 SP:F9
872F  EA        NOP                             A:01 X:77 Y:00 P:25 SP:F9
8730  EA        NOP                             A:01 X:77 Y:00 P:25 SP:F9
8731  CA        DEX                             A:01 X:77 Y:00 P:25 SP:F9
8732  D0 FB     BNE $872F                       A:01 X:76 Y:00 P:25 SP:F9
872F  EA        NOP                             A:01 X:76 Y:00 P:25 SP:F9
8730  EA        NOP                             A:01 X:76 Y:00 P:25 SP:F9
8731  CA        DEX                             A:01 X:76 Y:00 P:25 SP:F9
8732  D0 FB     BNE $872F                       A:01 X:75 Y:00 P:25 SP:F9
872F  EA        NOP                             A:01 X:75 Y:00 P:25 SP:F9
8730  EA        NOP                             A:01 X:75 Y:00 P:25 SP:F9
8731  CA        DEX                             A:01 X:75 Y:00 P:25 SP:F9
8732  D0 FB     BNE $872F                       A:01 X:74 Y:00 P:25 SP:F9
872F  EA        NOP                             A:01 X:74 Y:00 P:25 SP:F9
8730  EA        NOP                             A:01 X:74 Y:00 P:25 SP:F9
8731  CA        DEX                             A:01 X:74 Y:00 P:25 SP:F9
8732  D0 FB     BNE $872F                       A:01 X:73 Y:00 P:25 SP:F9
872F  EA        NOP                             A:01 X:73 Y:00 P:25 SP:F9
8730  EA        NOP                             A:01 X:73 Y:00 P:25 SP:F9
8731  CA        DEX                             A:01 X:73 Y:00 P:25 SP:F9
8732  D0 FB     BNE $872F                       A:01 X:72 Y:00 P:25 SP:F9
872F  EA        NOP                             A:01 X:72 Y:00 P:25 SP:F9
8730  EA        NOP                             A:01 X:72 Y:00 P:25 SP:F9
8731  CA        DEX                             A:01 X:72 Y:00 P:25 SP:F9
8732  D0 FB     BNE $872F                       A:01 X:71 Y:00 P:25 SP:F9
872F  EA        NOP                             A:01 X:71 Y:00 P:25 SP:F9
8730  EA        NOP                             A:01 X:71 Y:00 P:25 SP:F9
8731  CA        DEX                             A:01 X:71 Y:00 P:25 SP:F9
8732  D0 FB     BNE $872F                       A:01 X:70 Y:00 P:25 SP:F9
872F  EA        NOP                             A:01 X:70 Y:00 P:25 SP:F9
8730  EA        NOP                             A:01 X:70 Y:00 P:25 SP:F9
8731  CA        DEX                             A:01 X:70 Y:00 P:25 SP:F9
8732  D0 FB     BNE $872F                       A:01 X:6F Y:00 P:25 SP:F9
872F  EA        NOP                             A:01 X:6F Y:00 P:25 SP:F9
8730  EA        NOP                             A:01 X:6F Y:00 P:25 SP:F9
8731  CA        DEX                             A:01 X:6F Y:00 P:25 SP:F9
8732  D0 FB     BNE $872F                       A:01 X:6E Y:00 P:25 SP:F9
872F  EA        NOP                             A:01 X:6E Y:00 P:25 SP:F9
8730  EA        NOP                             A:01 X:6E Y:00 P:25 SP:F9
8731  CA        DEX                             A:01 X:6E Y:00 P:25 SP:F9
8732  D0 FB     BNE $872F                       A:01 X:6D Y:00 P:25 SP:F9
872F  EA        NOP                             A:01 X:6D Y:00 P:25 SP:F9
8730  EA        NOP                             A:01 X:6D Y:00 P:25 SP:F9
8731  CA        DEX                             A:01 X:6D Y:00 P:25 SP:F9
8732  D0 FB     BNE $872F                       A:01 X:6C Y:00 P:25 SP:F9
872F  EA        NOP                             A:01 X:6C Y:00 P:25 SP:F9
8730  EA        NOP                             A:01 X:6C Y:00 P:25 SP:F9
8731  CA        DEX                             A:01 X:6C Y:00 P:25 SP:F9
8732  D0 FB     BNE $872F                       A:01 X:6B Y:00 P:25 SP:F9
872F  EA        NOP                             A:01 X:6B Y:00 P:25 SP:F9
8730  EA        NOP                             A:01 X:6B Y:00 P:25 SP:F9
8731  CA        DEX                             A:01 X:6B Y:00 P:25 SP:F9
8732  D0 FB     BNE $872F                       A:01 X:6A Y:00 P:25 SP:F9
872F  EA        NOP                             A:01 X:6A Y:00 P:25 SP:F9
8730  EA        NOP                             A:01 X:6A Y:00 P:25 SP:F9
8731  CA        DEX                             A:01 X:6A Y:00 P:25 SP:F9
8732  D0 FB     BNE $872F                       A:01 X:69 Y:00 P:25 SP:F9
872F  EA        NOP                             A:01 X:69 Y:00 P:25 SP:F9
8730  EA        NOP                             A:01 X:69 Y:00 P:25 SP:F9
8731  CA        DEX                             A:01 X:69 Y:00 P:25 SP:F9
8732  D0 FB     BNE $872F                       A:01 X:68 Y:00 P:25 SP:F9
872F  EA        NOP                             A:01 X:68 Y:00 P:25 SP:F9
8730  EA        NOP                             A:01 X:68 Y:00 P:25 SP:F9
8731  CA        DEX                             A:01 X:68 Y:00 P:25 SP:F9
8732  D0 FB     BNE $872F                       A:01 X:67 Y:00 P:25 SP:F9
872F  EA        NOP                             A:01 X:67 Y:00 P:25 SP:F9
8730  EA        NOP                             A:01 X:67 Y:00 P:25 SP:F9
8731  CA        DEX                             A:01 X:67 Y:00 P:25 SP:F9
8732  D0 FB     BNE $872F                       A:01 X:66 Y:00 P:25 SP:F9
872F  EA        NOP                             A:01 X:66 Y:00 P:25 SP:F9
8730  EA        NOP                             A:01 X:66 Y:00 P:25 SP:F9
8731  CA        DEX                             A:01 X:66 Y:00 P:25 SP:F9
8732  D0 FB     BNE $872F                       A:01 X:65 Y:00 P:25 SP:F9
872F  EA        NOP                             A:01 X:65 Y:00 P:25 SP:F9
8730  EA        NOP                             A:01 X:65 Y:00 P:25 SP:F9
8731  CA        DEX                             A:01 X:65 Y:00 P:25 SP:F9
8732  D0 FB     BNE $872F                       A:01 X:64 Y:00 P:25 SP:F9
872F  EA        NOP                             A:01 X:64 Y:00 P:25 SP:F9
8730  EA        NOP                             A:01 X:64 Y:00 P:25 SP:F9
8731  CA        DEX                             A:01 X:64 Y:00 P:25 SP:F9
8732  D0 FB     BNE $872F                       A:01 X:63 Y:00 P:25 SP:F9
872F  EA        NOP                             A:01 X:63 Y:00 P:25 SP:F9
8730  EA        NOP                             A:01 X:63 Y:00 P:25 SP:F9
8731  CA        DEX                             A:01 X:63 Y:00 P:25 SP:F9
8732  D0 FB     BNE $872F                       A:01 X:62 Y:00 P:25 SP:F9
872F  EA        NOP                             A:01 X:62 Y:00 P:25 SP:F9
8730  EA        NOP                             A:01 X:62 Y:00 P:25 SP:F9
8731  CA        DEX                             A:01 X:62 Y:00 P:25 SP:F9
8732  D0 FB     BNE $872F                       A:01 X:61 Y:00 P:25 SP:F9
872F  EA        NOP                             A:01 X:61 Y:00 P:25 SP:F9
8730  EA        NOP                             A:01 X:61 Y:00 P:25 SP:F9
8731  CA        DEX                             A:01 X:61 Y:00 P:25 SP:F9
8732  D0 FB     BNE $872F                       A:01 X:60 Y:00 P:25 SP:F9
872F  EA        NOP                             A:01 X:60 Y:00 P:25 SP:F9
8730  EA        NOP                             A:01 X:60 Y:00 P:25 SP:F9
8731  CA        DEX                             A:01 X:60 Y:00 P:25 SP:F9
8732  D0 FB     BNE $872F                       A:01 X:5F Y:00 P:25 SP:F9
872F  EA        NOP                             A:01 X:5F Y:00 P:25 SP:F9
8730  EA        NOP                             A:01 X:5F Y:00 P:25 SP:F9
8731  CA        DEX                             A:01 X:5F Y:00 P:25 SP:F9
8732  D0 FB     BNE $872F                       A:01 X:5E Y:00 P:25 SP:F9
872F  EA        NOP                             A:01 X:5E Y:00 P:25 SP:F9
8730  EA        NOP                             A:01 X:5E Y:00 P:25 SP:F9
8731  CA        DEX                             A:01 X:5E Y:00 P:25 SP:F9
8732  D0 FB     BNE $872F                       A:01 X:5D Y:00 P:25 SP:F9
872F  EA        NOP                             A:01 X:5D Y:00 P:25 SP:F9
8730  EA        NOP                             A:01 X:5D Y:00 P:25 SP:F9
8731  CA        DEX                             A:01 X:5D Y:00 P:25 SP:F9
8732  D0 FB     BNE $872F                       A:01 X:5C Y:00 P:25 SP:F9
872F  EA        NOP                             A:01 X:5C Y:00 P:25 SP:F9
8730  EA        NOP                             A:01 X:5C Y:00 P:25 SP:F9
8731  CA        DEX                             A:01 X:5C Y:00 P:25 SP:F9
8732  D0 FB     BNE $872F                       A:01 X:5B Y:00 P:25 SP:F9
872F  EA        NOP                             A:01 X:5B Y:00 P:25 SP:F9
8730  EA        NOP                             A:01 X:5B Y:00 P:25 SP:F9
8731  CA        DEX                             A:01 X:5B Y:00 P:25 SP:F9
8732  D0 FB     BNE $872F                       A:01 X:5A Y:00 P:25 SP:F9
872F  EA        NOP                             A:01 X:5A Y:00 P:25 SP:F9
8730  EA        NOP                             A:01 X:5A Y:00 P:25 SP:F9
8731  CA        DEX                             A:01 X:5A Y:00 P:25 SP:F9
8732  D0 FB     BNE $872F                       A:01 X:59 Y:00 P:25 SP:F9
872F  EA        NOP                             A:01 X:59 Y:00 P:25 SP:F9
8730  EA        NOP                             A:01 X:59 Y:00 P:25 SP:F9
8731  CA        DEX                             A:01 X:59 Y:00 P:25 SP:F9
8732  D0 FB     BNE $872F                       A:01 X:58 Y:00 P:25 SP:F9
872F  EA        NOP                             A:01 X:58 Y:00 P:25 SP:F9
8730  EA        NOP                             A:01 X:58 Y:00 P:25 SP:F9
8731  CA        DEX                             A:01 X:58 Y:00 P:25 SP:F9
8732  D0 FB     BNE $872F                       A:01 X:57 Y:00 P:25 SP:F9
872F  EA        NOP                             A:01 X:57 Y:00 P:25 SP:F9
8730  EA        NOP                             A:01 X:57 Y:00 P:25 SP:F9
8731  CA        DEX                             A:01 X:57 Y:00 P:25 SP:F9
8732  D0 FB     BNE $872F                       A:01 X:56 Y:00 P:25 SP:F9
872F  EA        NOP                             A:01 X:56 Y:00 P:25 SP:F9
8730  EA        NOP                             A:01 X:56 Y:00 P:25 SP:F9
8731  CA        DEX                             A:01 X:56 Y:00 P:25 SP:F9
8732  D0 FB     BNE $872F                       A:01 X:55 Y:00 P:25 SP:F9
872F  EA        NOP                             A:01 X:55 Y:00 P:25 SP:F9
8730  EA        NOP                             A:01 X:55 Y:00 P:25 SP:F9
8731  CA        DEX                             A:01 X:55 Y:00 P:25 SP:F9
8732  D0 FB     BNE $872F                       A:01 X:54 Y:00 P:25 SP:F9
872F  EA        NOP                             A:01 X:54 Y:00 P:25 SP:F9
8730  EA        NOP                             A:01 X:54 Y:00 P:25 SP:F9
8731  CA        DEX                             A:01 X:54 Y:00 P:25 SP:F9
8732  D0 FB     BNE $872F                       A:01 X:53 Y:00 P:25 SP:F9
872F  EA        NOP                             A:01 X:53 Y:00 P:25 SP:F9
8730  EA        NOP                             A:01 X:53 Y:00 P:25 SP:F9
8731  CA        DEX                             A:01 X:53 Y:00 P:25 SP:F9
8732  D0 FB     BNE $872F                       A:01 X:52 Y:00 P:25 SP:F9
872F  EA        NOP                             A:01 X:52 Y:00 P:25 SP:F9
8730  EA        NOP                             A:01 X:52 Y:00 P:25 SP:F9
8731  CA        DEX                             A:01 X:52 Y:00 P:25 SP:F9
8732  D0 FB     BNE $872F                       A:01 X:51 Y:00 P:25 SP:F9
872F  EA        NOP                             A:01 X:51 Y:00 P:25 SP:F9
8730  EA        NOP                             A:01 X:51 Y:00 P:25 SP:F9
8731  CA        DEX                             A:01 X:51 Y:00 P:25 SP:F9
8732  D0 FB     BNE $872F                       A:01 X:50 Y:00 P:25 SP:F9
872F  EA        NOP                             A:01 X:50 Y:00 P:25 SP:F9
8730  EA        NOP                             A:01 X:50 Y:00 P:25 SP:F9
8731  CA        DEX                             A:01 X:50 Y:00 P:25 SP:F9
8732  D0 FB     BNE $872F                       A:01 X:4F Y:00 P:25 SP:F9
872F  EA        NOP                             A:01 X:4F Y:00 P:25 SP:F9
8730  EA        NOP                             A:01 X:4F Y:00 P:25 SP:F9
8731  CA        DEX                             A:01 X:4F Y:00 P:25 SP:F9
8732  D0 FB     BNE $872F                       A:01 X:4E Y:00 P:25 SP:F9
872F  EA        NOP                             A:01 X:4E Y:00 P:25 SP:F9
8730  EA        NOP                             A:01 X:4E Y:00 P:25 SP:F9
8731  CA        DEX                             A:01 X:4E Y:00 P:25 SP:F9
8732  D0 FB     BNE $872F                       A:01 X:4D Y:00 P:25 SP:F9
872F  EA        NOP                             A:01 X:4D Y:00 P:25 SP:F9
8730  EA        NOP                             A:01 X:4D Y:00 P:25 SP:F9
8731  CA        DEX                             A:01 X:4D Y:00 P:25 SP:F9
8732  D0 FB     BNE $872F                       A:01 X:4C Y:00 P:25 SP:F9
872F  EA        NOP                             A:01 X:4C Y:00 P:25 SP:F9
8730  EA        NOP                             A:01 X:4C Y:00 P:25 SP:F9
8731  CA        DEX                             A:01 X:4C Y:00 P:25 SP:F9
8732  D0 FB     BNE $872F                       A:01 X:4B Y:00 P:25 SP:F9
872F  EA        NOP                             A:01 X:4B Y:00 P:25 SP:F9
8730  EA        NOP                             A:01 X:4B Y:00 P:25 SP:F9
8731  CA        DEX                             A:01 X:4B Y:00 P:25 SP:F9
8732  D0 FB     BNE $872F                       A:01 X:4A Y:00 P:25 SP:F9
872F  EA        NOP                             A:01 X:4A Y:00 P:25 SP:F9
8730  EA        NOP                             A:01 X:4A Y:00 P:25 SP:F9
8731  CA        DEX                             A:01 X:4A Y:00 P:25 SP:F9
8732  D0 FB     BNE $872F                       A:01 X:49 Y:00 P:25 SP:F9
872F  EA        NOP                             A:01 X:49 Y:00 P:25 SP:F9
8730  EA        NOP                             A:01 X:49 Y:00 P:25 SP:F9
8731  CA        DEX                             A:01 X:49 Y:00 P:25 SP:F9
8732  D0 FB     BNE $872F                       A:01 X:48 Y:00 P:25 SP:F9
872F  EA        NOP                             A:01 X:48 Y:00 P:25 SP:F9
8730  EA        NOP                             A:01 X:48 Y:00 P:25 SP:F9
8731  CA        DEX                             A:01 X:48 Y:00 P:25 SP:F9
8732  D0 FB     BNE $872F                       A:01 X:47 Y:00 P:25 SP:F9
872F  EA        NOP                             A:01 X:47 Y:00 P:25 SP:F9
8730  EA        NOP                             A:01 X:47 Y:00 P:25 SP:F9
8731  CA        DEX                             A:01 X:47 Y:00 P:25 SP:F9
8732  D0 FB     BNE $872F                       A:01 X:46 Y:00 P:25 SP:F9
872F  EA        NOP                             A:01 X:46 Y:00 P:25 SP:F9
8730  EA        NOP                             A:01 X:46 Y:00 P:25 SP:F9
8731  CA        DEX                             A:01 X:46 Y:00 P:25 SP:F9
8732  D0 FB     BNE $872F                       A:01 X:45 Y:00 P:25 SP:F9
872F  EA        NOP                             A:01 X:45 Y:00 P:25 SP:F9
8730  EA        NOP                             A:01 X:45 Y:00 P:25 SP:F9
8731  CA        DEX                             A:01 X:45 Y:00 P:25 SP:F9
8732  D0 FB     BNE $872F                       A:01 X:44 Y:00 P:25 SP:F9
872F  EA        NOP                             A:01 X:44 Y:00 P:25 SP:F9
8730  EA        NOP                             A:01 X:44 Y:00 P:25 SP:F9
8731  CA        DEX                             A:01 X:44 Y:00 P:25 SP:F9
8732  D0 FB     BNE $872F                       A:01 X:43 Y:00 P:25 SP:F9
872F  EA        NOP                             A:01 X:43 Y:00 P:25 SP:F9
8730  EA        NOP                             A:01 X:43 Y:00 P:25 SP:F9
8731  CA        DEX                             A:01 X:43 Y:00 P:25 SP:F9
8732  D0 FB     BNE $872F                       A:01 X:42 Y:00 P:25 SP:F9
872F  EA        NOP                             A:01 X:42 Y:00 P:25 SP:F9
8730  EA        NOP                             A:01 X:42 Y:00 P:25 SP:F9
8731  CA        DEX                             A:01 X:42 Y:00 P:25 SP:F9
8732  D0 FB     BNE $872F                       A:01 X:41 Y:00 P:25 SP:F9
872F  EA        NOP                             A:01 X:41 Y:00 P:25 SP:F9
8730  EA        NOP                             A:01 X:41 Y:00 P:25 SP:F9
8731  CA        DEX                             A:01 X:41 Y:00 P:25 SP:F9
8732  D0 FB     BNE $872F                       A:01 X:40 Y:00 P:25 SP:F9
872F  EA        NOP                             A:01 X:40 Y:00 P:25 SP:F9
8730  EA        NOP                             A:01 X:40 Y:00 P:25 SP:F9
8731  CA        DEX                             A:01 X:40 Y:00 P:25 SP:F9
8732  D0 FB     BNE $872F                       A:01 X:3F Y:00 P:25 SP:F9
872F  EA        NOP                             A:01 X:3F Y:00 P:25 SP:F9
8730  EA        NOP                             A:01 X:3F Y:00 P:25 SP:F9
8731  CA        DEX                             A:01 X:3F Y:00 P:25 SP:F9
8732  D0 FB     BNE $872F                       A:01 X:3E Y:00 P:25 SP:F9
872F  EA        NOP                             A:01 X:3E Y:00 P:25 SP:F9
8730  EA        NOP                             A:01 X:3E Y:00 P:25 SP:F9
8731  CA        DEX                             A:01 X:3E Y:00 P:25 SP:F9
8732  D0 FB     BNE $872F                       A:01 X:3D Y:00 P:25 SP:F9
872F  EA        NOP                             A:01 X:3D Y:00 P:25 SP:F9
8730  EA        NOP                             A:01 X:3D Y:00 P:25 SP:F9
8731  CA        DEX                             A:01 X:3D Y:00 P:25 SP:F9
8732  D0 FB     BNE $872F                       A:01 X:3C Y:00 P:25 SP:F9
872F  EA        NOP                             A:01 X:3C Y:00 P:25 SP:F9
8730  EA        NOP                             A:01 X:3C Y:00 P:25 SP:F9
8731  CA        DEX                             A:01 X:3C Y:00 P:25 SP:F9
8732  D0 FB     BNE $872F                       A:01 X:3B Y:00 P:25 SP:F9
872F  EA        NOP                             A:01 X:3B Y:00 P:25 SP:F9
8730  EA        NOP                             A:01 X:3B Y:00 P:25 SP:F9
8731  CA        DEX                             A:01 X:3B Y:00 P:25 SP:F9
8732  D0 FB     BNE $872F                       A:01 X:3A Y:00 P:25 SP:F9
872F  EA        NOP                             A:01 X:3A Y:00 P:25 SP:F9
8730  EA        NOP                             A:01 X:3A Y:00 P:25 SP:F9
8731  CA        DEX                             A:01 X:3A Y:00 P:25 SP:F9
8732  D0 FB     BNE $872F                       A:01 X:39 Y:00 P:25 SP:F9
872F  EA        NOP                             A:01 X:39 Y:00 P:25 SP:F9
8730  EA        NOP                             A:01 X:39 Y:00 P:25 SP:F9
8731  CA        DEX                             A:01 X:39 Y:00 P:25 SP:F9
8732  D0 FB     BNE $872F                       A:01 X:38 Y:00 P:25 SP:F9
872F  EA        NOP                             A:01 X:38 Y:00 P:25 SP:F9
8730  EA        NOP                             A:01 X:38 Y:00 P:25 SP:F9
8731  CA        DEX                             A:01 X:38 Y:00 P:25 SP:F9
8732  D0 FB     BNE $872F                       A:01 X:37 Y:00 P:25 SP:F9
872F  EA        NOP                             A:01 X:37 Y:00 P:25 SP:F9
8730  EA        NOP                             A:01 X:37 Y:00 P:25 SP:F9
8731  CA        DEX                             A:01 X:37 Y:00 P:25 SP:F9
8732  D0 FB     BNE $872F                       A:01 X:36 Y:00 P:25 SP:F9
872F  EA        NOP                             A:01 X:36 Y:00 P:25 SP:F9
8730  EA        NOP                             A:01 X:36 Y:00 P:25 SP:F9
8731  CA        DEX                             A:01 X:36 Y:00 P:25 SP:F9
8732  D0 FB     BNE $872F                       A:01 X:35 Y:00 P:25 SP:F9
872F  EA        NOP                             A:01 X:35 Y:00 P:25 SP:F9
8730  EA        NOP                             A:01 X:35 Y:00 P:25 SP:F9
8731  CA        DEX                             A:01 X:35 Y:00 P:25 SP:F9
8732  D0 FB     BNE $872F                       A:01 X:34 Y:00 P:25 SP:F9
872F  EA        NOP                             A:01 X:34 Y:00 P:25 SP:F9
8730  EA        NOP                             A:01 X:34 Y:00 P:25 SP:F9
8731  CA        DEX                             A:01 X:34 Y:00 P:25 SP:F9
8732  D0 FB     BNE $872F                       A:01 X:33 Y:00 P:25 SP:F9
872F  EA        NOP                             A:01 X:33 Y:00 P:25 SP:F9
8730  EA        NOP                             A:01 X:33 Y:00 P:25 SP:F9
8731  CA        DEX                             A:01 X:33 Y:00 P:25 SP:F9
8732  D0 FB     BNE $872F                       A:01 X:32 Y:00 P:25 SP:F9
872F  EA        NOP                             A:01 X:32 Y:00 P:25 SP:F9
8730  EA        NOP                             A:01 X:32 Y:00 P:25 SP:F9
8731  CA        DEX                             A:01 X:32 Y:00 P:25 SP:F9
8732  D0 FB     BNE $872F                       A:01 X:31 Y:00 P:25 SP:F9
872F  EA        NOP                             A:01 X:31 Y:00 P:25 SP:F9
8730  EA        NOP                             A:01 X:31 Y:00 P:25 SP:F9
8731  CA        DEX                             A:01 X:31 Y:00 P:25 SP:F9
8732  D0 FB     BNE $872F                       A:01 X:30 Y:00 P:25 SP:F9
872F  EA        NOP                             A:01 X:30 Y:00 P:25 SP:F9
8730  EA        NOP                             A:01 X:30 Y:00 P:25 SP:F9
8731  CA        DEX                             A:01 X:30 Y:00 P:25 SP:F9
8732  D0 FB     BNE $872F                       A:01 X:2F Y:00 P:25 SP:F9
872F  EA        NOP                             A:01 X:2F Y:00 P:25 SP:F9
8730  EA        NOP                             A:01 X:2F Y:00 P:25 SP:F9
8731  CA        DEX                             A:01 X:2F Y:00 P:25 SP:F9
8732  D0 FB     BNE $872F                       A:01 X:2E Y:00 P:25 SP:F9
872F  EA        NOP                             A:01 X:2E Y:00 P:25 SP:F9
8730  EA        NOP                             A:01 X:2E Y:00 P:25 SP:F9
8731  CA        DEX                             A:01 X:2E Y:00 P:25 SP:F9
8732  D0 FB     BNE $872F                       A:01 X:2D Y:00 P:25 SP:F9
872F  EA        NOP                             A:01 X:2D Y:00 P:25 SP:F9
8730  EA        NOP                             A:01 X:2D Y:00 P:25 SP:F9
8731  CA        DEX                             A:01 X:2D Y:00 P:25 SP:F9
8732  D0 FB     BNE $872F                       A:01 X:2C Y:00 P:25 SP:F9
872F  EA        NOP                             A:01 X:2C Y:00 P:25 SP:F9
8730  EA        NOP                             A:01 X:2C Y:00 P:25 SP:F9
8731  CA        DEX                             A:01 X:2C Y:00 P:25 SP:F9
8732  D0 FB     BNE $872F                       A:01 X:2B Y:00 P:25 SP:F9
872F  EA        NOP                             A:01 X:2B Y:00 P:25 SP:F9
8730  EA        NOP                             A:01 X:2B Y:00 P:25 SP:F9
8731  CA        DEX                             A:01 X:2B Y:00 P:25 SP:F9
8732  D0 FB     BNE $872F                       A:01 X:2A Y:00 P:25 SP:F9
872F  EA        NOP                             A:01 X:2A Y:00 P:25 SP:F9
8730  EA        NOP                             A:01 X:2A Y:00 P:25 SP:F9
8731  CA        DEX                             A:01 X:2A Y:00 P:25 SP:F9
8732  D0 FB     BNE $872F                       A:01 X:29 Y:00 P:25 SP:F9
872F  EA        NOP                             A:01 X:29 Y:00 P:25 SP:F9
8730  EA        NOP                             A:01 X:29 Y:00 P:25 SP:F9
8731  CA        DEX                             A:01 X:29 Y:00 P:25 SP:F9
8732  D0 FB     BNE $872F                       A:01 X:28 Y:00 P:25 SP:F9
872F  EA        NOP                             A:01 X:28 Y:00 P:25 SP:F9
8730  EA        NOP                             A:01 X:28 Y:00 P:25 SP:F9
8731  CA        DEX                             A:01 X:28 Y:00 P:25 SP:F9
8732  D0 FB     BNE $872F                       A:01 X:27 Y:00 P:25 SP:F9
872F  EA        NOP                             A:01 X:27 Y:00 P:25 SP:F9
8730  EA        NOP                             A:01 X:27 Y:00 P:25 SP:F9
8731  CA        DEX                             A:01 X:27 Y:00 P:25 SP:F9
8732  D0 FB     BNE $872F                       A:01 X:26 Y:00 P:25 SP:F9
872F  EA        NOP                             A:01 X:26 Y:00 P:25 SP:F9
8730  EA        NOP                             A:01 X:26 Y:00 P:25 SP:F9
8731  CA        DEX                             A:01 X:26 Y:00 P:25 SP:F9
8732  D0 FB     BNE $872F                       A:01 X:25 Y:00 P:25 SP:F9
872F  EA        NOP                             A:01 X:25 Y:00 P:25 SP:F9
8730  EA        NOP                             A:01 X:25 Y:00 P:25 SP:F9
8731  CA        DEX                             A:01 X:25 Y:00 P:25 SP:F9
8732  D0 FB     BNE $872F                       A:01 X:24 Y:00 P:25 SP:F9
872F  EA        NOP                             A:01 X:24 Y:00 P:25 SP:F9
8730  EA        NOP                             A:01 X:24 Y:00 P:25 SP:F9
8731  CA        DEX                             A:01 X:24 Y:00 P:25 SP:F9
8732  D0 FB     BNE $872F                       A:01 X:23 Y:00 P:25 SP:F9
872F  EA        NOP                             A:01 X:23 Y:00 P:25 SP:F9
8730  EA        NOP                             A:01 X:23 Y:00 P:25 SP:F9
8731  CA        DEX                             A:01 X:23 Y:00 P:25 SP:F9
8732  D0 FB     BNE $872F                       A:01 X:22 Y:00 P:25 SP:F9
872F  EA        NOP                             A:01 X:22 Y:00 P:25 SP:F9
8730  EA        NOP                             A:01 X:22 Y:00 P:25 SP:F9
8731  CA        DEX                             A:01 X:22 Y:00 P:25 SP:F9
8732  D0 FB     BNE $872F                       A:01 X:21 Y:00 P:25 SP:F9
872F  EA        NOP                             A:01 X:21 Y:00 P:25 SP:F9
8730  EA        NOP                             A:01 X:21 Y:00 P:25 SP:F9
8731  CA        DEX                             A:01 X:21 Y:00 P:25 SP:F9
8732  D0 FB     BNE $872F                       A:01 X:20 Y:00 P:25 SP:F9
872F  EA        NOP                             A:01 X:20 Y:00 P:25 SP:F9
8730  EA        NOP                             A:01 X:20 Y:00 P:25 SP:F9
8731  CA        DEX                             A:01 X:20 Y:00 P:25 SP:F9
8732  D0 FB     BNE $872F                       A:01 X:1F Y:00 P:25 SP:F9
872F  EA        NOP                             A:01 X:1F Y:00 P:25 SP:F9
8730  EA        NOP                             A:01 X:1F Y:00 P:25 SP:F9
8731  CA        DEX                             A:01 X:1F Y:00 P:25 SP:F9
8732  D0 FB     BNE $872F                       A:01 X:1E Y:00 P:25 SP:F9
872F  EA        NOP                             A:01 X:1E Y:00 P:25 SP:F9
8730  EA        NOP                             A:01 X:1E Y:00 P:25 SP:F9
8731  CA        DEX                             A:01 X:1E Y:00 P:25 SP:F9
8732  D0 FB     BNE $872F                       A:01 X:1D Y:00 P:25 SP:F9
872F  EA        NOP                             A:01 X:1D Y:00 P:25 SP:F9
8730  EA        NOP                             A:01 X:1D Y:00 P:25 SP:F9
8731  CA        DEX                             A:01 X:1D Y:00 P:25 SP:F9
8732  D0 FB     BNE $872F                       A:01 X:1C Y:00 P:25 SP:F9
872F  EA        NOP                             A:01 X:1C Y:00 P:25 SP:F9
8730  EA        NOP                             A:01 X:1C Y:00 P:25 SP:F9
8731  CA        DEX                             A:01 X:1C Y:00 P:25 SP:F9
8732  D0 FB     BNE $872F                       A:01 X:1B Y:00 P:25 SP:F9
872F  EA        NOP                             A:01 X:1B Y:00 P:25 SP:F9
8730  EA        NOP                             A:01 X:1B Y:00 P:25 SP:F9
8731  CA        DEX                             A:01 X:1B Y:00 P:25 SP:F9
8732  D0 FB     BNE $872F                       A:01 X:1A Y:00 P:25 SP:F9
872F  EA        NOP                             A:01 X:1A Y:00 P:25 SP:F9
8730  EA        NOP                             A:01 X:1A Y:00 P:25 SP:F9
8731  CA        DEX                             A:01 X:1A Y:00 P:25 SP:F9
8732  D0 FB     BNE $872F                       A:01 X:19 Y:00 P:25 SP:F9
872F  EA        NOP                             A:01 X:19 Y:00 P:25 SP:F9
8730  EA        NOP                             A:01 X:19 Y:00 P:25 SP:F9
8731  CA        DEX                             A:01 X:19 Y:00 P:25 SP:F9
8732  D0 FB     BNE $872F                       A:01 X:18 Y:00 P:25 SP:F9
872F  EA        NOP                             A:01 X:18 Y:00 P:25 SP:F9
8730  EA        NOP                             A:01 X:18 Y:00 P:25 SP:F9
8731  CA        DEX                             A:01 X:18 Y:00 P:25 SP:F9
8732  D0 FB     BNE $872F                       A:01 X:17 Y:00 P:25 SP:F9
872F  EA        NOP                             A:01 X:17 Y:00 P:25 SP:F9
8730  EA        NOP                             A:01 X:17 Y:00 P:25 SP:F9
8731  CA        DEX                             A:01 X:17 Y:00 P:25 SP:F9
8732  D0 FB     BNE $872F                       A:01 X:16 Y:00 P:25 SP:F9
872F  EA        NOP                             A:01 X:16 Y:00 P:25 SP:F9
8730  EA        NOP                             A:01 X:16 Y:00 P:25 SP:F9
8731  CA        DEX                             A:01 X:16 Y:00 P:25 SP:F9
8732  D0 FB     BNE $872F                       A:01 X:15 Y:00 P:25 SP:F9
872F  EA        NOP                             A:01 X:15 Y:00 P:25 SP:F9
8730  EA        NOP                             A:01 X:15 Y:00 P:25 SP:F9
8731  CA        DEX                             A:01 X:15 Y:00 P:25 SP:F9
8732  D0 FB     BNE $872F                       A:01 X:14 Y:00 P:25 SP:F9
872F  EA        NOP                             A:01 X:14 Y:00 P:25 SP:F9
8730  EA        NOP                             A:01 X:14 Y:00 P:25 SP:F9
8731  CA        DEX                             A:01 X:14 Y:00 P:25 SP:F9
8732  D0 FB     BNE $872F                       A:01 X:13 Y:00 P:25 SP:F9
872F  EA        NOP                             A:01 X:13 Y:00 P:25 SP:F9
8730  EA        NOP                             A:01 X:13 Y:00 P:25 SP:F9
8731  CA        DEX                             A:01 X:13 Y:00 P:25 SP:F9
8732  D0 FB     BNE $872F                       A:01 X:12 Y:00 P:25 SP:F9
872F  EA        NOP                             A:01 X:12 Y:00 P:25 SP:F9
8730  EA        NOP                             A:01 X:12 Y:00 P:25 SP:F9
8731  CA        DEX                             A:01 X:12 Y:00 P:25 SP:F9
8732  D0 FB     BNE $872F                       A:01 X:11 Y:00 P:25 SP:F9
872F  EA        NOP                             A:01 X:11 Y:00 P:25 SP:F9
8730  EA        NOP                             A:01 X:11 Y:00 P:25 SP:F9
8731  CA        DEX                             A:01 X:11 Y:00 P:25 SP:F9
8732  D0 FB     BNE $872F                       A:01 X:10 Y:00 P:25 SP:F9
872F  EA        NOP                             A:01 X:10 Y:00 P:25 SP:F9
8730  EA        NOP                             A:01 X:10 Y:00 P:25 SP:F9
8731  CA        DEX                             A:01 X:10 Y:00 P:25 SP:F9
8732  D0 FB     BNE $872F                       A:01 X:0F Y:00 P:25 SP:F9
872F  EA        NOP                             A:01 X:0F Y:00 P:25 SP:F9
8730  EA        NOP                             A:01 X:0F Y:00 P:25 SP:F9
8731  CA        DEX                             A:01 X:0F Y:00 P:25 SP:F9
8732  D0 FB     BNE $872F                       A:01 X:0E Y:00 P:25 SP:F9
872F  EA        NOP                             A:01 X:0E Y:00 P:25 SP:F9
8730  EA        NOP                             A:01 X:0E Y:00 P:25 SP:F9
8731  CA        DEX                             A:01 X:0E Y:00 P:25 SP:F9
8732  D0 FB     BNE $872F                       A:01 X:0D Y:00 P:25 SP:F9
872F  EA        NOP                             A:01 X:0D Y:00 P:25 SP:F9
8730  EA        NOP                             A:01 X:0D Y:00 P:25 SP:F9
8731  CA        DEX                             A:01 X:0D Y:00 P:25 SP:F9
8732  D0 FB     BNE $872F                       A:01 X:0C Y:00 P:25 SP:F9
872F  EA        NOP                             A:01 X:0C Y:00 P:25 SP:F9
8730  EA        NOP                             A:01 X:0C Y:00 P:25 SP:F9
8731  CA        DEX                             A:01 X:0C Y:00 P:25 SP:F9
8732  D0 FB     BNE $872F                       A:01 X:0B Y:00 P:25 SP:F9
872F  EA        NOP                             A:01 X:0B Y:00 P:25 SP:F9
8730  EA        NOP                             A:01 X:0B Y:00 P:25 SP:F9
8731  CA        DEX                             A:01 X:0B Y:00 P:25 SP:F9
8732  D0 FB     BNE $872F                       A:01 X:0A Y:00 P:25 SP:F9
872F  EA        NOP                             A:01 X:0A Y:00 P:25 SP:F9
8730  EA        NOP                             A:01 X:0A Y:00 P:25 SP:F9
8731  CA        DEX                             A:01 X:0A Y:00 P:25 SP:F9
8732  D0 FB     BNE $872F                       A:01 X:09 Y:00 P:25 SP:F9
872F  EA        NOP                             A:01 X:09 Y:00 P:25 SP:F9
8730  EA        NOP                             A:01 X:09 Y:00 P:25 SP:F9
8731  CA        DEX                             A:01 X:09 Y:00 P:25 SP:F9
8732  D0 FB     BNE $872F                       A:01 X:08 Y:00 P:25 SP:F9
872F  EA        NOP                             A:01 X:08 Y:00 P:25 SP:F9
8730  EA        NOP                             A:01 X:08 Y:00 P:25 SP:F9
8731  CA        DEX                             A:01 X:08 Y:00 P:25 SP:F9
8732  D0 FB     BNE $872F                       A:01 X:07 Y:00 P:25 SP:F9
872F  EA        NOP                             A:01 X:07 Y:00 P:25 SP:F9
8730  EA        NOP                             A:01 X:07 Y:00 P:25 SP:F9
8731  CA        DEX                             A:01 X:07 Y:00 P:25 SP:F9
8732  D0 FB     BNE $872F                       A:01 X:06 Y:00 P:25 SP:F9
872F  EA        NOP                             A:01 X:06 Y:00 P:25 SP:F9
8730  EA        NOP                             A:01 X:06 Y:00 P:25 SP:F9
8731  CA        DEX                             A:01 X:06 Y:00 P:25 SP:F9
8732  D0 FB     BNE $872F                       A:01 X:05 Y:00 P:25 SP:F9
872F  EA        NOP                             A:01 X:05 Y:00 P:25 SP:F9
8730  EA        NOP                             A:01 X:05 Y:00 P:25 SP:F9
8731  CA        DEX                             A:01 X:05 Y:00 P:25 SP:F9
8732  D0 FB     BNE $872F                       A:01 X:04 Y:00 P:25 SP:F9
872F  EA        NOP                             A:01 X:04 Y:00 P:25 SP:F9
8730  EA        NOP                             A:01 X:04 Y:00 P:25 SP:F9
8731  CA        DEX                             A:01 X:04 Y:00 P:25 SP:F9
8732  D0 FB     BNE $872F                       A:01 X:03 Y:00 P:25 SP:F9
872F  EA        NOP                             A:01 X:03 Y:00 P:25 SP:F9
8730  EA        NOP                             A:01 X:03 Y:00 P:25 SP:F9
8731  CA        DEX                             A:01 X:03 Y:00 P:25 SP:F9
8732  D0 FB     BNE $872F                       A:01 X:02 Y:00 P:25 SP:F9
872F  EA        NOP                             A:01 X:02 Y:00 P:25 SP:F9
8730  EA        NOP                             A:01 X:02 Y:00 P:25 SP:F9
8731  CA        DEX                             A:01 X:02 Y:00 P:25 SP:F9
8732  D0 FB     BNE $872F                       A:01 X:01 Y:00 P:25 SP:F9
872F  EA        NOP                             A:01 X:01 Y:00 P:25 SP:F9
8730  EA        NOP                             A:01 X:01 Y:00 P:25 SP:F9
8731  CA        DEX                             A:01 X:01 Y:00 P:25 SP:F9
8732  D0 FB     BNE $872F                       A:01 X:00 Y:00 P:27 SP:F9
8734  60        RTS                             A:01 X:00 Y:00 P:27 SP:F9
864A  4C 38 86  JMP $8638                       A:01 X:00 Y:00 P:27 SP:FB
8638  20 4D 86  JSR $864D                       A:01 X:00 Y:00 P:27 SP:FB
864D  A5 FF     LDA $FF = 00                    A:01 X:00 Y:00 P:27 SP:F9
864F  C9 77     CMP #$77                        A:00 X:00 Y:00 P:27 SP:F9
8651  F0 0D     BEQ $8660                       A:00 X:00 Y:00 P:A4 SP:F9
8653  C9 64     CMP #$64                        A:00 X:00 Y:00 P:A4 SP:F9
8655  F0 14     BEQ $866B                       A:00 X:00 Y:00 P:A4 SP:F9
8657  C9 73     CMP #$73                        A:00 X:00 Y:00 P:A4 SP:F9
8659  F0 1B     BEQ $8676                       A:00 X:00 Y:00 P:A4 SP:F9
865B  C9 61     CMP #$61                        A:00 X:00 Y:00 P:A4 SP:F9
865D  F0 22     BEQ $8681                       A:00 X:00 Y:00 P:A4 SP:F9
865F  60        RTS                             A:00 X:00 Y:00 P:A4 SP:F9
863B  20 8D 86  JSR $868D                       A:00 X:00 Y:00 P:A4 SP:FB
868D  20 94 86  JSR $8694                       A:00 X:00 Y:00 P:A4 SP:F9
8694  A5 00     LDA $00 = 00                    A:00 X:00 Y:00 P:A4 SP:F7
8696  C5 10     CMP $10 = 13                    A:00 X:00 Y:00 P:26 SP:F7
8698  D0 0D     BNE $86A7                       A:00 X:00 Y:00 P:A4 SP:F7
86A7  60        RTS                             A:00 X:00 Y:00 P:A4 SP:F7
8690  20 A8 86  JSR $86A8                       A:00 X:00 Y:00 P:A4 SP:F9
86A8  A2 02     LDX #$02                        A:00 X:00 Y:00 P:A4 SP:F7
86AA  B5 10     LDA $10,X @ 12 = 12             A:00 X:02 Y:00 P:24 SP:F7
86AC  C5 10     CMP $10 = 13                    A:12 X:02 Y:00 P:24 SP:F7
86AE  D0 06     BNE $86B6                       A:12 X:02 Y:00 P:A4 SP:F7
86B6  E8        INX                             A:12 X:02 Y:00 P:A4 SP:F7
86B7  E8        INX                             A:12 X:03 Y:00 P:24 SP:F7
86B8  E4 03     CPX $03 = 06                    A:12 X:04 Y:00 P:24 SP:F7
86BA  F0 06     BEQ $86C2                       A:12 X:04 Y:00 P:A4 SP:F7
86BC  4C AA 86  JMP $86AA                       A:12 X:04 Y:00 P:A4 SP:F7
86AA  B5 10     LDA $10,X @ 14 = 11             A:12 X:04 Y:00 P:A4 SP:F7
86AC  C5 10     CMP $10 = 13                    A:11 X:04 Y:00 P:24 SP:F7
86AE  D0 06     BNE $86B6                       A:11 X:04 Y:00 P:A4 SP:F7
86B6  E8        INX                             A:11 X:04 Y:00 P:A4 SP:F7
86B7  E8        INX                             A:11 X:05 Y:00 P:24 SP:F7
86B8  E4 03     CPX $03 = 06                    A:11 X:06 Y:00 P:24 SP:F7
86BA  F0 06     BEQ $86C2                       A:11 X:06 Y:00 P:27 SP:F7
86C2  60        RTS                             A:11 X:06 Y:00 P:27 SP:F7
8693  60        RTS                             A:11 X:06 Y:00 P:27 SP:F9
863E  20 C3 86  JSR $86C3                       A:11 X:06 Y:00 P:27 SP:FB
86C3  A6 03     LDX $03 = 06                    A:11 X:06 Y:00 P:27 SP:F9
86C5  CA        DEX                             A:11 X:06 Y:00 P:25 SP:F9
86C6  8A        TXA                             A:11 X:05 Y:00 P:25 SP:F9
86C7  B5 10     LDA $10,X @ 15 = 04             A:05 X:05 Y:00 P:25 SP:F9
86C9  95 12     STA $12,X @ 17 = 04             A:04 X:05 Y:00 P:25 SP:F9
86CB  CA        DEX                             A:04 X:05 Y:00 P:25 SP:F9
86CC  10 F9     BPL $86C7                       A:04 X:04 Y:00 P:25 SP:F9
86C7  B5 10     LDA $10,X @ 14 = 11             A:04 X:04 Y:00 P:25 SP:F9
86C9  95 12     STA $12,X @ 16 = 10             A:11 X:04 Y:00 P:25 SP:F9
86CB  CA        DEX                             A:11 X:04 Y:00 P:25 SP:F9
86CC  10 F9     BPL $86C7                       A:11 X:03 Y:00 P:25 SP:F9
86C7  B5 10     LDA $10,X @ 13 = 04             A:11 X:03 Y:00 P:25 SP:F9
86C9  95 12     STA $12,X @ 15 = 04             A:04 X:03 Y:00 P:25 SP:F9
86CB  CA        DEX                             A:04 X:03 Y:00 P:25 SP:F9
86CC  10 F9     BPL $86C7                       A:04 X:02 Y:00 P:25 SP:F9
86C7  B5 10     LDA $10,X @ 12 = 12             A:04 X:02 Y:00 P:25 SP:F9
86C9  95 12     STA $12,X @ 14 = 11             A:12 X:02 Y:00 P:25 SP:F9
86CB  CA        DEX                             A:12 X:02 Y:00 P:25 SP:F9
86CC  10 F9     BPL $86C7                       A:12 X:01 Y:00 P:25 SP:F9
86C7  B5 10     LDA $10,X @ 11 = 04             A:12 X:01 Y:00 P:25 SP:F9
86C9  95 12     STA $12,X @ 13 = 04             A:04 X:01 Y:00 P:25 SP:F9
86CB  CA        DEX                             A:04 X:01 Y:00 P:25 SP:F9
86CC  10 F9     BPL $86C7                       A:04 X:00 Y:00 P:27 SP:F9
86C7  B5 10     LDA $10,X @ 10 = 13             A:04 X:00 Y:00 P:27 SP:F9
86C9  95 12     STA $12,X @ 12 = 12             A:13 X:00 Y:00 P:25 SP:F9
86CB  CA        DEX                             A:13 X:00 Y:00 P:25 SP:F9
86CC  10 F9     BPL $86C7                       A:13 X:FF Y:00 P:A5 SP:F9
86CE  A5 02     LDA $02 = 02                    A:13 X:FF Y:00 P:A5 SP:F9
86D0  4A        LSR A                           A:02 X:FF Y:00 P:25 SP:F9
86D1  B0 09     BCS $86DC                       A:01 X:FF Y:00 P:24 SP:F9
86D3  4A        LSR A                           A:01 X:FF Y:00 P:24 SP:F9
86D4  B0 19     BCS $86EF                       A:00 X:FF Y:00 P:27 SP:F9
86EF  E6 10     INC $10 = 13                    A:00 X:FF Y:00 P:27 SP:F9
86F1  A9 1F     LDA #$1F                        A:00 X:FF Y:00 P:25 SP:F9
86F3  24 10     BIT $10 = 14                    A:1F X:FF Y:00 P:25 SP:F9
86F5  F0 1F     BEQ $8716                       A:1F X:FF Y:00 P:25 SP:F9
86F7  60        RTS                             A:1F X:FF Y:00 P:25 SP:F9
8641  20 19 87  JSR $8719                       A:1F X:FF Y:00 P:25 SP:FB
8719  A0 00     LDY #$00                        A:1F X:FF Y:00 P:25 SP:F9
871B  A5 FE     LDA $FE = 00                    A:1F X:FF Y:00 P:27 SP:F9
871D  91 00     STA ($00),Y = 0200 @ 0200 = 00  A:00 X:FF Y:00 P:27 SP:F9
871F  60        RTS                             A:00 X:FF Y:00 P:27 SP:F9
8644  20 20 87  JSR $8720                       A:00 X:FF Y:00 P:27 SP:FB
8720  A6 03     LDX $03 = 06                    A:00 X:FF Y:00 P:27 SP:F9
8722  A9 00     LDA #$00                        A:00 X:06 Y:00 P:25 SP:F9
8724  81 10     STA ($10,X) @ 16 = 0411 = 00    A:00 X:06 Y:00 P:27 SP:F9
8726  A2 00     LDX #$00                        A:00 X:06 Y:00 P:27 SP:F9
8728  A9 01     LDA #$01                        A:00 X:00 Y:00 P:27 SP:F9
872A  81 10     STA ($10,X) @ 10 = 0414 = 00    A:01 X:00 Y:00 P:25 SP:F9
872C  60        RTS                             A:01 X:00 Y:00 P:25 SP:F9
8647  20 2D 87  JSR $872D                       A:01 X:00 Y:00 P:25 SP:FB
872D  A2 00     LDX #$00                        A:01 X:00 Y:00 P:25 SP:F9
872F  EA        NOP                             A:01 X:00 Y:00 P:27 SP:F9
8730  EA        NOP                             A:01 X:00 Y:00 P:27 SP:F9
8731  CA        DEX                             A:01 X:00 Y:00 P:27 SP:F9
8732  D0 FB     BNE $872F                       A:01 X:FF Y:00 P:A5 SP:F9
872F  EA        NOP                             A:01 X:FF Y:00 P:A5 SP:F9
8730  EA        NOP                             A:01 X:FF Y:00 P:A5 SP:F9
8731  CA        DEX                             A:01 X:FF Y:00 P:A5 SP:F9
8732  D0 FB     BNE $872F                       A:01 X:FE Y:00 P:A5 SP:F9
872F  EA        NOP                             A:01 X:FE Y:00 P:A5 SP:F9
8730  EA        NOP                             A:01 X:FE Y:00 P:A5 SP:F9
8731  CA        DEX                             A:01 X:FE Y:00 P:A5 SP:F9
8732  D0 FB     BNE $872F                       A:01 X:FD Y:00 P:A5 SP:F9
872F  EA        NOP                             A:01 X:FD Y:00 P:A5 SP:F9
8730  EA        NOP                             A:01 X:FD Y:00 P:A5 SP:F9
8731  CA        DEX                             A:01 X:FD Y:00 P:A5 SP:F9
8732  D0 FB     BNE $872F                       A:01 X:FC Y:00 P:A5 SP:F9
872F  EA        NOP                             A:01 X:FC Y:00 P:A5 SP:F9
8730  EA        NOP                             A:01 X:FC Y:00 P:A5 SP:F9
8731  CA        DEX                             A:01 X:FC Y:00 P:A5 SP:F9
8732  D0 FB     BNE $872F                       A:01 X:FB Y:00 P:A5 SP:F9
872F  EA        NOP                             A:01 X:FB Y:00 P:A5 SP:F9
8730  EA        NOP                             A:01 X:FB Y:00 P:A5 SP:F9
8731  CA        DEX                             A:01 X:FB Y:00 P:A5 SP:F9
8732  D0 FB     BNE $872F                       A:01 X:FA Y:00 P:A5 SP:F9
872F  EA        NOP                             A:01 X:FA Y:00 P:A5 SP:F9
8730  EA        NOP                             A:01 X:FA Y:00 P:A5 SP:F9
8731  CA        DEX                             A:01 X:FA Y:00 P:A5 SP:F9
8732  D0 FB     BNE $872F                       A:01 X:F9 Y:00 P:A5 SP:F9
872F  EA        NOP                             A:01 X:F9 Y:00 P:A5 SP:F9
8730  EA        NOP                             A:01 X:F9 Y:00 P:A5 SP:F9
8731  CA        DEX                             A:01 X:F9 Y:00 P:A5 SP:F9
8732  D0 FB     BNE $872F                       A:01 X:F8 Y:00 P:A5 SP:F9
872F  EA        NOP                             A:01 X:F8 Y:00 P:A5 SP:F9
8730  EA        NOP                             A:01 X:F8 Y:00 P:A5 SP:F9
8731  CA        DEX                             A:01 X:F8 Y:00 P:A5 SP:F9
8732  D0 FB     BNE $872F                       A:01 X:F7 Y:00 P:A5 SP:F9
872F  EA        NOP                             A:01 X:F7 Y:00 P:A5 SP:F9
8730  EA        NOP                             A:01 X:F7 Y:00 P:A5 SP:F9
8731  CA        DEX                             A:01 X:F7 Y:00 P:A5 SP:F9
8732  D0 FB     BNE $872F                       A:01 X:F6 Y:00 P:A5 SP:F9
872F  EA        NOP                             A:01 X:F6 Y:00 P:A5 SP:F9
8730  EA        NOP                             A:01 X:F6 Y:00 P:A5 SP:F9
8731  CA        DEX                             A:01 X:F6 Y:00 P:A5 SP:F9
8732  D0 FB     BNE $872F                       A:01 X:F5 Y:00 P:A5 SP:F9
872F  EA        NOP                             A:01 X:F5 Y:00 P:A5 SP:F9
8730  EA        NOP                             A:01 X:F5 Y:00 P:A5 SP:F9
8731  CA        DEX                             A:01 X:F5 Y:00 P:A5 SP:F9
8732  D0 FB     BNE $872F                       A:01 X:F4 Y:00 P:A5 SP:F9
872F  EA        NOP                             A:01 X:F4 Y:00 P:A5 SP:F9
8730  EA        NOP                             A:01 X:F4 Y:00 P:A5 SP:F9
8731  CA        DEX                             A:01 X:F4 Y:00 P:A5 SP:F9
8732  D0 FB     BNE $872F                       A:01 X:F3 Y:00 P:A5 SP:F9
872F  EA        NOP                             A:01 X:F3 Y:00 P:A5 SP:F9
8730  EA        NOP                             A:01 X:F3 Y:00 P:A5 SP:F9
8731  CA        DEX                             A:01 X:F3 Y:00 P:A5 SP:F9
8732  D0 FB     BNE $872F                       A:01 X:F2 Y:00 P:A5 SP:F9
872F  EA        NOP                             A:01 X:F2 Y:00 P:A5 SP:F9
8730  EA        NOP                             A:01 X:F2 Y:00 P:A5 SP:F9
8731  CA        DEX                             A:01 X:F2 Y:00 P:A5 SP:F9
8732  D0 FB     BNE $872F                       A:01 X:F1 Y:00 P:A5 SP:F9
872F  EA        NOP                             A:01 X:F1 Y:00 P:A5 SP:F9
8730  EA        NOP                             A:01 X:F1 Y:00 P:A5 SP:F9
8731  CA        DEX                             A:01 X:F1 Y:00 P:A5 SP:F9
8732  D0 FB     BNE $872F                       A:01 X:F0 Y:00 P:A5 SP:F9
872F  EA        NOP                             A:01 X:F0 Y:00 P:A5 SP:F9
8730  EA        NOP                             A:01 X:F0 Y:00 P:A5 SP:F9
8731  CA        DEX                             A:01 X:F0 Y:00 P:A5 SP:F9
8732  D0 FB     BNE $872F                       A:01 X:EF Y:00 P:A5 SP:F9
872F  EA        NOP                             A:01 X:EF Y:00 P:A5 SP:F9
8730  EA        NOP                             A:01 X:EF Y:00 P:A5 SP:F9
8731  CA        DEX                             A:01 X:EF Y:00 P:A5 SP:F9
8732  D0 FB     BNE $872F                       A:01 X:EE Y:00 P:A5 SP:F9
872F  EA        NOP                             A:01 X:EE Y:00 P:A5 SP:F9
8730  EA        NOP                             A:01 X:EE Y:00 P:A5 SP:F9
8731  CA        DEX                             A:01 X:EE Y:00 P:A5 SP:F9
8732  D0 FB     BNE $872F                       A:01 X:ED Y:00 P:A5 SP:F9
872F  EA        NOP                             A:01 X:ED Y:00 P:A5 SP:F9
8730  EA        NOP                             A:01 X:ED Y:00 P:A5 SP:F9
8731  CA        DEX                             A:01 X:ED Y:00 P:A5 SP:F9
8732  D0 FB     BNE $872F                       A:01 X:EC Y:00 P:A5 SP:F9
872F  EA        NOP                             A:01 X:EC Y:00 P:A5 SP:F9
8730  EA        NOP                             A:01 X:EC Y:00 P:A5 SP:F9
8731  CA        DEX                             A:01 X:EC Y:00 P:A5 SP:F9
8732  D0 FB     BNE $872F                       A:01 X:EB Y:00 P:A5 SP:F9
872F  EA        NOP                             A:01 X:EB Y:00 P:A5 SP:F9
8730  EA        NOP                             A:01 X:EB Y:00 P:A5 SP:F9
8731  CA        DEX                             A:01 X:EB Y:00 P:A5 SP:F9
8732  D0 FB     BNE $872F                       A:01 X:EA Y:00 P:A5 SP:F9
872F  EA        NOP                             A:01 X:EA Y:00 P:A5 SP:F9
8730  EA        NOP                             A:01 X:EA Y:00 P:A5 SP:F9
8731  CA        DEX                             A:01 X:EA Y:00 P:A5 SP:F9
8732  D0 FB     BNE $872F                       A:01 X:E9 Y:00 P:A5 SP:F9
872F  EA        NOP                             A:01 X:E9 Y:00 P:A5 SP:F9
8730  EA        NOP                             A:01 X:E9 Y:00 P:A5 SP:F9
8731  CA        DEX                             A:01 X:E9 Y:00 P:A5 SP:F9
8732  D0 FB     BNE $872F                       A:01 X:E8 Y:00 P:A5 SP:F9
872F  EA        NOP                             A:01 X:E8 Y:00 P:A5 SP:F9
8730  EA        NOP                             A:01 X:E8 Y:00 P:A5 SP:F9
8731  CA        DEX                             A:01 X:E8 Y:00 P:A5 SP:F9
8732  D0 FB     BNE $872F                       A:01 X:E7 Y:00 P:A5 SP:F9
872F  EA        NOP                             A:01 X:E7 Y:00 P:A5 SP:F9
8730  EA        NOP                             A:01 X:E7 Y:00 P:A5 SP:F9
8731  CA        DEX                             A:01 X:E7 Y:00 P:A5 SP:F9
8732  D0 FB     BNE $872F                       A:01 X:E6 Y:00 P:A5 SP:F9
872F  EA        NOP                             A:01 X:E6 Y:00 P:A5 SP:F9
8730  EA        NOP                             A:01 X:E6 Y:00 P:A5 SP:F9
8731  CA        DEX                             A:01 X:E6 Y:00 P:A5 SP:F9
8732  D0 FB     BNE $872F                       A:01 X:E5 Y:00 P:A5 SP:F9
872F  EA        NOP                             A:01 X:E5 Y:00 P:A5 SP:F9
8730  EA        NOP                             A:01 X:E5 Y:00 P:A5 SP:F9
8731  CA        DEX                             A:01 X:E5 Y:00 P:A5 SP:F9
8732  D0 FB     BNE $872F                       A:01 X:E4 Y:00 P:A5 SP:F9
872F  EA        NOP                             A:01 X:E4 Y:00 P:A5 SP:F9
8730  EA        NOP                             A:01 X:E4 Y:00 P:A5 SP:F9
8731  CA        DEX                             A:01 X:E4 Y:00 P:A5 SP:F9
8732  D0 FB     BNE $872F                       A:01 X:E3 Y:00 P:A5 SP:F9
872F  EA        NOP                             A:01 X:E3 Y:00 P:A5 SP:F9
8730  EA        NOP                             A:01 X:E3 Y:00 P:A5 SP:F9
8731  CA        DEX                             A:01 X:E3 Y:00 P:A5 SP:F9
8732  D0 FB     BNE $872F                       A:01 X:E2 Y:00 P:A5 SP:F9
872F  EA        NOP                             A:01 X:E2 Y:00 P:A5 SP:F9
8730  EA        NOP                             A:01 X:E2 Y:00 P:A5 SP:F9
8731  CA        DEX                             A:01 X:E2 Y:00 P:A5 SP:F9
8732  D0 FB     BNE $872F                       A:01 X:E1 Y:00 P:A5 SP:F9
872F  EA        NOP                             A:01 X:E1 Y:00 P:A5 SP:F9
8730  EA        NOP                             A:01 X:E1 Y:00 P:A5 SP:F9
8731  CA        DEX                             A:01 X:E1 Y:00 P:A5 SP:F9
8732  D0 FB     BNE $872F                       A:01 X:E0 Y:00 P:A5 SP:F9
872F  EA        NOP                             A:01 X:E0 Y:00 P:A5 SP:F9
8730  EA        NOP                             A:01 X:E0 Y:00 P:A5 SP:F9
8731  CA        DEX                             A:01 X:E0 Y:00 P:A5 SP:F9
8732  D0 FB     BNE $872F                       A:01 X:DF Y:00 P:A5 SP:F9
872F  EA        NOP                             A:01 X:DF Y:00 P:A5 SP:F9
8730  EA        NOP                             A:01 X:DF Y:00 P:A5 SP:F9
8731  CA        DEX                             A:01 X:DF Y:00 P:A5 SP:F9
8732  D0 FB     BNE $872F                       A:01 X:DE Y:00 P:A5 SP:F9
872F  EA        NOP                             A:01 X:DE Y:00 P:A5 SP:F9
8730  EA        NOP                             A:01 X:DE Y:00 P:A5 SP:F9
8731  CA        DEX                             A:01 X:DE Y:00 P:A5 SP:F9
8732  D0 FB     BNE $872F                       A:01 X:DD Y:00 P:A5 SP:F9
872F  EA        NOP                             A:01 X:DD Y:00 P:A5 SP:F9
8730  EA        NOP                             A:01 X:DD Y:00 P:A5 SP:F9
8731  CA        DEX                             A:01 X:DD Y:00 P:A5 SP:F9
8732  D0 FB     BNE $872F                       A:01 X:DC Y:00 P:A5 SP:F9
872F  EA        NOP                             A:01 X:DC Y:00 P:A5 SP:F9
8730  EA        NOP                             A:01 X:DC Y:00 P:A5 SP:F9
8731  CA        DEX                             A:01 X:DC Y:00 P:A5 SP:F9
8732  D0 FB     BNE $872F                       A:01 X:DB Y:00 P:A5 SP:F9
872F  EA        NOP                             A:01 X:DB Y:00 P:A5 SP:F9
8730  EA        NOP                             A:01 X:DB Y:00 P:A5 SP:F9
8731  CA        DEX                             A:01 X:DB Y:00 P:A5 SP:F9
8732  D0 FB     BNE $872F                       A:01 X:DA Y:00 P:A5 SP:F9
872F  EA        NOP                             A:01 X:DA Y:00 P:A5 SP:F9
8730  EA        NOP                             A:01 X:DA Y:00 P:A5 SP:F9
8731  CA        DEX                             A:01 X:DA Y:00 P:A5 SP:F9
8732  D0 FB     BNE $872F                       A:01 X:D9 Y:00 P:A5 SP:F9
872F  EA        NOP                             A:01 X:D9 Y:00 P:A5 SP:F9
8730  EA        NOP                             A:01 X:D9 Y:00 P:A5 SP:F9
8731  CA        DEX                             A:01 X:D9 Y:00 P:A5 SP:F9
8732  D0 FB     BNE $872F                       A:01 X:D8 Y:00 P:A5 SP:F9
872F  EA        NOP                             A:01 X:D8 Y:00 P:A5 SP:F9
8730  EA        NOP                             A:01 X:D8 Y:00 P:A5 SP:F9
8731  CA        DEX                             A:01 X:D8 Y:00 P:A5 SP:F9
8732  D0 FB     BNE $872F                       A:01 X:D7 Y:00 P:A5 SP:F9
872F  EA        NOP                             A:01 X:D7 Y:00 P:A5 SP:F9
8730  EA        NOP                             A:01 X:D7 Y:00 P:A5 SP:F9
8731  CA        DEX                             A:01 X:D7 Y:00 P:A5 SP:F9
8732  D0 FB     BNE $872F                       A:01 X:D6 Y:00 P:A5 SP:F9
872F  EA        NOP                             A:01 X:D6 Y:00 P:A5 SP:F9
8730  EA        NOP                             A:01 X:D6 Y:00 P:A5 SP:F9
8731  CA        DEX                             A:01 X:D6 Y:00 P:A5 SP:F9
8732  D0 FB     BNE $872F                       A:01 X:D5 Y:00 P:A5 SP:F9
872F  EA        NOP                             A:01 X:D5 Y:00 P:A5 SP:F9
8730  EA        NOP                             A:01 X:D5 Y:00 P:A5 SP:F9
8731  CA        DEX                             A:01 X:D5 Y:00 P:A5 SP:F9
8732  D0 FB     BNE $872F                       A:01 X:D4 Y:00 P:A5 SP:F9
872F  EA        NOP                             A:01 X:D4 Y:00 P:A5 SP:F9
8730  EA        NOP                             A:01 X:D4 Y:00 P:A5 SP:F9
8731  CA        DEX                             A:01 X:D4 Y:00 P:A5 SP:F9
8732  D0 FB     BNE $872F                       A:01 X:D3 Y:00 P:A5 SP:F9
872F  EA        NOP                             A:01 X:D3 Y:00 P:A5 SP:F9
8730  EA        NOP                             A:01 X:D3 Y:00 P:A5 SP:F9
8731  CA        DEX                             A:01 X:D3 Y:00 P:A5 SP:F9
8732  D0 FB     BNE $872F                       A:01 X:D2 Y:00 P:A5 SP:F9
872F  EA        NOP                             A:01 X:D2 Y:00 P:A5 SP:F9
8730  EA        NOP                             A:01 X:D2 Y:00 P:A5 SP:F9
8731  CA        DEX                             A:01 X:D2 Y:00 P:A5 SP:F9
8732  D0 FB     BNE $872F                       A:01 X:D1 Y:00 P:A5 SP:F9
872F  EA        NOP                             A:01 X:D1 Y:00 P:A5 SP:F9
8730  EA        NOP                             A:01 X:D1 Y:00 P:A5 SP:F9
8731  CA        DEX                             A:01 X:D1 Y:00 P:A5 SP:F9
8732  D0 FB     BNE $872F                       A:01 X:D0 Y:00 P:A5 SP:F9
872F  EA        NOP                             A:01 X:D0 Y:00 P:A5 SP:F9
8730  EA        NOP                             A:01 X:D0 Y:00 P:A5 SP:F9
8731  CA        DEX                             A:01 X:D0 Y:00 P:A5 SP:F9
8732  D0 FB     BNE $872F                       A:01 X:CF Y:00 P:A5 SP:F9
872F  EA        NOP                             A:01 X:CF Y:00 P:A5 SP:F9
8730  EA        NOP                             A:01 X:CF Y:00 P:A5 SP:F9
8731  CA        DEX                             A:01 X:CF Y:00 P:A5 SP:F9
8732  D0 FB     BNE $872F                       A:01 X:CE Y:00 P:A5 SP:F9
872F  EA        NOP                             A:01 X:CE Y:00 P:A5 SP:F9
8730  EA        NOP                             A:01 X:CE Y:00 P:A5 SP:F9
8731  CA        DEX                             A:01 X:CE Y:00 P:A5 SP:F9
8732  D0 FB     BNE $872F                       A:01 X:CD Y:00 P:A5 SP:F9
872F  EA        NOP                             A:01 X:CD Y:00 P:A5 SP:F9
8730  EA        NOP                             A:01 X:CD Y:00 P:A5 SP:F9
8731  CA        DEX                             A:01 X:CD Y:00 P:A5 SP:F9
8732  D0 FB     BNE $872F                       A:01 X:CC Y:00 P:A5 SP:F9
872F  EA        NOP                             A:01 X:CC Y:00 P:A5 SP:F9
8730  EA        NOP                             A:01 X:CC Y:00 P:A5 SP:F9
8731  CA        DEX                             A:01 X:CC Y:00 P:A5 SP:F9
8732  D0 FB     BNE $872F                       A:01 X:CB Y:00 P:A5 SP:F9
872F  EA        NOP                             A:01 X:CB Y:00 P:A5 SP:F9
8730  EA        NOP                             A:01 X:CB Y:00 P:A5 SP:F9
8731  CA        DEX                             A:01 X:CB Y:00 P:A5 SP:F9
8732  D0 FB     BNE $872F                       A:01 X:CA Y:00 P:A5 SP:F9
872F  EA        NOP                             A:01 X:CA Y:00 P:A5 SP:F9
8730  EA        NOP                             A:01 X:CA Y:00 P:A5 SP:F9
8731  CA        DEX                             A:01 X:CA Y:00 P:A5 SP:F9
8732  D0 FB     BNE $872F                       A:01 X:C9 Y:00 P:A5 SP:F9
872F  EA        NOP                             A:01 X:C9 Y:00 P:A5 SP:F9
8730  EA        NOP                             A:01 X:C9 Y:00 P:A5 SP:F9
8731  CA        DEX                             A:01 X:C9 Y:00 P:A5 SP:F9
8732  D0 FB     BNE $872F                       A:01 X:C8 Y:00 P:A5 SP:F9
872F  EA        NOP                             A:01 X:C8 Y:00 P:A5 SP:F9
8730  EA        NOP                             A:01 X:C8 Y:00 P:A5 SP:F9
8731  CA        DEX                             A:01 X:C8 Y:00 P:A5 SP:F9
8732  D0 FB     BNE $872F                       A:01 X:C7 Y:00 P:A5 SP:F9
872F  EA        NOP                             A:01 X:C7 Y:00 P:A5 SP:F9
8730  EA        NOP                             A:01 X:C7 Y:00 P:A5 SP:F9
8731  CA        DEX                             A:01 X:C7 Y:00 P:A5 SP:F9
8732  D0 FB     BNE $872F                       A:01 X:C6 Y:00 P:A5 SP:F9
872F  EA        NOP                             A:01 X:C6 Y:00 P:A5 SP:F9
8730  EA        NOP                             A:01 X:C6 Y:00 P:A5 SP:F9
8731  CA        DEX                             A:01 X:C6 Y:00 P:A5 SP:F9
8732  D0 FB     BNE $872F                       A:01 X:C5 Y:00 P:A5 SP:F9
872F  EA        NOP                             A:01 X:C5 Y:00 P:A5 SP:F9
8730  EA        NOP                             A:01 X:C5 Y:00 P:A5 SP:F9
8731  CA        DEX                             A:01 X:C5 Y:00 P:A5 SP:F9
8732  D0 FB     BNE $872F                       A:01 X:C4 Y:00 P:A5 SP:F9
872F  EA        NOP                             A:01 X:C4 Y:00 P:A5 SP:F9
8730  EA        NOP                             A:01 X:C4 Y:00 P:A5 SP:F9
8731  CA        DEX                             A:01 X:C4 Y:00 P:A5 SP:F9
8732  D0 FB     BNE $872F                       A:01 X:C3 Y:00 P:A5 SP:F9
872F  EA        NOP                             A:01 X:C3 Y:00 P:A5 SP:F9
8730  EA        NOP                             A:01 X:C3 Y:00 P:A5 SP:F9
8731  CA        DEX                             A:01 X:C3 Y:00 P:A5 SP:F9
8732  D0 FB     BNE $872F                       A:01 X:C2 Y:00 P:A5 SP:F9
872F  EA        NOP                             A:01 X:C2 Y:00 P:A5 SP:F9
8730  EA        NOP                             A:01 X:C2 Y:00 P:A5 SP:F9
8731  CA        DEX                             A:01 X:C2 Y:00 P:A5 SP:F9
8732  D0 FB     BNE $872F                       A:01 X:C1 Y:00 P:A5 SP:F9
872F  EA        NOP                             A:01 X:C1 Y:00 P:A5 SP:F9
8730  EA        NOP                             A:01 X:C1 Y:00 P:A5 SP:F9
8731  CA        DEX                             A:01 X:C1 Y:00 P:A5 SP:F9
8732  D0 FB     BNE $872F                       A:01 X:C0 Y:00 P:A5 SP:F9
872F  EA        NOP                             A:01 X:C0 Y:00 P:A5 SP:F9
8730  EA        NOP                             A:01 X:C0 Y:00 P:A5 SP:F9
8731  CA        DEX                             A:01 X:C0 Y:00 P:A5 SP:F9
8732  D0 FB     BNE $872F                       A:01 X:BF Y:00 P:A5 SP:F9
872F  EA        NOP                             A:01 X:BF Y:00 P:A5 SP:F9
8730  EA        NOP                             A:01 X:BF Y:00 P:A5 SP:F9
8731  CA        DEX                             A:01 X:BF Y:00 P:A5 SP:F9
8732  D0 FB     BNE $872F                       A:01 X:BE Y:00 P:A5 SP:F9
872F  EA        NOP                             A:01 X:BE Y:00 P:A5 SP:F9
8730  EA        NOP                             A:01 X:BE Y:00 P:A5 SP:F9
8731  CA        DEX                             A:01 X:BE Y:00 P:A5 SP:F9
8732  D0 FB     BNE $872F                       A:01 X:BD Y:00 P:A5 SP:F9
872F  EA        NOP                             A:01 X:BD Y:00 P:A5 SP:F9
8730  EA        NOP                             A:01 X:BD Y:00 P:A5 SP:F9
8731  CA        DEX                             A:01 X:BD Y:00 P:A5 SP:F9
8732  D0 FB     BNE $872F                       A:01 X:BC Y:00 P:A5 SP:F9
872F  EA        NOP                             A:01 X:BC Y:00 P:A5 SP:F9
8730  EA        NOP                             A:01 X:BC Y:00 P:A5 SP:F9
8731  CA        DEX                             A:01 X:BC Y:00 P:A5 SP:F9
8732  D0 FB     BNE $872F                       A:01 X:BB Y:00 P:A5 SP:F9
872F  EA        NOP                             A:01 X:BB Y:00 P:A5 SP:F9
8730  EA        NOP                             A:01 X:BB Y:00 P:A5 SP:F9
8731  CA        DEX                             A:01 X:BB Y:00 P:A5 SP:F9
8732  D0 FB     BNE $872F                       A:01 X:BA Y:00 P:A5 SP:F9
872F  EA        NOP                             A:01 X:BA Y:00 P:A5 SP:F9
8730  EA        NOP                             A:01 X:BA Y:00 P:A5 SP:F9
8731  CA        DEX                             A:01 X:BA Y:00 P:A5 SP:F9
8732  D0 FB     BNE $872F                       A:01 X:B9 Y:00 P:A5 SP:F9
872F  EA        NOP                             A:01 X:B9 Y:00 P:A5 SP:F9
8730  EA        NOP                             A:01 X:B9 Y:00 P:A5 SP:F9
8731  CA        DEX                             A:01 X:B9 Y:00 P:A5 SP:F9
8732  D0 FB     BNE $872F                       A:01 X:B8 Y:00 P:A5 SP:F9
872F  EA        NOP                             A:01 X:B8 Y:00 P:A5 SP:F9
8730  EA        NOP                             A:01 X:B8 Y:00 P:A5 SP:F9
8731  CA        DEX                             A:01 X:B8 Y:00 P:A5 SP:F9
8732  D0 FB     BNE $872F                       A:01 X:B7 Y:00 P:A5 SP:F9
872F  EA        NOP                             A:01 X:B7 Y:00 P:A5 SP:F9
8730  EA        NOP                             A:01 X:B7 Y:00 P:A5 SP:F9
8731  CA        DEX                             A:01 X:B7 Y:00 P:A5 SP:F9
8732  D0 FB     BNE $872F                       A:01 X:B6 Y:00 P:A5 SP:F9
872F  EA        NOP                             A:01 X:B6 Y:00 P:A5 SP:F9
8730  EA        NOP                             A:01 X:B6 Y:00 P:A5 SP:F9
8731  CA        DEX                             A:01 X:B6 Y:00 P:A5 SP:F9
8732  D0 FB     BNE $872F                       A:01 X:B5 Y:00 P:A5 SP:F9
872F  EA        NOP                             A:01 X:B5 Y:00 P:A5 SP:F9
8730  EA        NOP                             A:01 X:B5 Y:00 P:A5 SP:F9
8731  CA        DEX                             A:01 X:B5 Y:00 P:A5 SP:F9
8732  D0 FB     BNE $872F                       A:01 X:B4 Y:00 P:A5 SP:F9
872F  EA        NOP                             A:01 X:B4 Y:00 P:A5 SP:F9
8730  EA        NOP                             A:01 X:B4 Y:00 P:A5 SP:F9
8731  CA        DEX                             A:01 X:B4 Y:00 P:A5 SP:F9
8732  D0 FB     BNE $872F                       A:01 X:B3 Y:00 P:A5 SP:F9
872F  EA        NOP                             A:01 X:B3 Y:00 P:A5 SP:F9
8730  EA        NOP                             A:01 X:B3 Y:00 P:A5 SP:F9
8731  CA        DEX                             A:01 X:B3 Y:00 P:A5 SP:F9
8732  D0 FB     BNE $872F                       A:01 X:B2 Y:00 P:A5 SP:F9
872F  EA        NOP                             A:01 X:B2 Y:00 P:A5 SP:F9
8730  EA        NOP                             A:01 X:B2 Y:00 P:A5 SP:F9
8731  CA        DEX                             A:01 X:B2 Y:00 P:A5 SP:F9
8732  D0 FB     BNE $872F                       A:01 X:B1 Y:00 P:A5 SP:F9
872F  EA        NOP                             A:01 X:B1 Y:00 P:A5 SP:F9
8730  EA        NOP                             A:01 X:B1 Y:00 P:A5 SP:F9
8731  CA        DEX                             A:01 X:B1 Y:00 P:A5 SP:F9
8732  D0 FB     BNE $872F                       A:01 X:B0 Y:00 P:A5 SP:F9
872F  EA        NOP                             A:01 X:B0 Y:00 P:A5 SP:F9
8730  EA        NOP                             A:01 X:B0 Y:00 P:A5 SP:F9
8731  CA        DEX                             A:01 X:B0 Y:00 P:A5 SP:F9
8732  D0 FB     BNE $872F                       A:01 X:AF Y:00 P:A5 SP:F9
872F  EA        NOP                             A:01 X:AF Y:00 P:A5 SP:F9
8730  EA        NOP                             A:01 X:AF Y:00 P:A5 SP:F9
8731  CA        DEX                             A:01 X:AF Y:00 P:A5 SP:F9
8732  D0 FB     BNE $872F                       A:01 X:AE Y:00 P:A5 SP:F9
872F  EA        NOP                             A:01 X:AE Y:00 P:A5 SP:F9
8730  EA        NOP                             A:01 X:AE Y:00 P:A5 SP:F9
8731  CA        DEX                             A:01 X:AE Y:00 P:A5 SP:F9
8732  D0 FB     BNE $872F                       A:01 X:AD Y:00 P:A5 SP:F9
872F  EA        NOP                             A:01 X:AD Y:00 P:A5 SP:F9
8730  EA        NOP                             A:01 X:AD Y:00 P:A5 SP:F9
8731  CA        DEX                             A:01 X:AD Y:00 P:A5 SP:F9
8732  D0 FB     BNE $872F                       A:01 X:AC Y:00 P:A5 SP:F9
872F  EA        NOP                             A:01 X:AC Y:00 P:A5 SP:F9
8730  EA        NOP                             A:01 X:AC Y:00 P:A5 SP:F9
8731  CA        DEX                             A:01 X:AC Y:00 P:A5 SP:F9
8732  D0 FB     BNE $872F                       A:01 X:AB Y:00 P:A5 SP:F9
872F  EA        NOP                             A:01 X:AB Y:00 P:A5 SP:F9
8730  EA        NOP                             A:01 X:AB Y:00 P:A5 SP:F9
8731  CA        DEX                             A:01 X:AB Y:00 P:A5 SP:F9
8732  D0 FB     BNE $872F                       A:01 X:AA Y:00 P:A5 SP:F9
872F  EA        NOP                             A:01 X:AA Y:00 P:A5 SP:F9
8730  EA        NOP                             A:01 X:AA Y:00 P:A5 SP:F9
8731  CA        DEX                             A:01 X:AA Y:00 P:A5 SP:F9
8732  D0 FB     BNE $872F                       A:01 X:A9 Y:00 P:A5 SP:F9
872F  EA        NOP                             A:01 X:A9 Y:00 P:A5 SP:F9
8730  EA        NOP                             A:01 X:A9 Y:00 P:A5 SP:F9
8731  CA        DEX                             A:01 X:A9 Y:00 P:A5 SP:F9
8732  D0 FB     BNE $872F                       A:01 X:A8 Y:00 P:A5 SP:F9
872F  EA        NOP                             A:01 X:A8 Y:00 P:A5 SP:F9
8730  EA        NOP                             A:01 X:A8 Y:00 P:A5 SP:F9
8731  CA        DEX                             A:01 X:A8 Y:00 P:A5 SP:F9
8732  D0 FB     BNE $872F                       A:01 X:A7 Y:00 P:A5 SP:F9
872F  EA        NOP                             A:01 X:A7 Y:00 P:A5 SP:F9
8730  EA        NOP                             A:01 X:A7 Y:00 P:A5 SP:F9
8731  CA        DEX                             A:01 X:A7 Y:00 P:A5 SP:F9
8732  D0 FB     BNE $872F                       A:01 X:A6 Y:00 P:A5 SP:F9
872F  EA        NOP                             A:01 X:A6 Y:00 P:A5 SP:F9
8730  EA        NOP                             A:01 X:A6 Y:00 P:A5 SP:F9
8731  CA        DEX                             A:01 X:A6 Y:00 P:A5 SP:F9
8732  D0 FB     BNE $872F                       A:01 X:A5 Y:00 P:A5 SP:F9
872F  EA        NOP                             A:01 X:A5 Y:00 P:A5 SP:F9
8730  EA        NOP                             A:01 X:A5 Y:00 P:A5 SP:F9
8731  CA        DEX                             A:01 X:A5 Y:00 P:A5 SP:F9
8732  D0 FB     BNE $872F                       A:01 X:A4 Y:00 P:A5 SP:F9
872F  EA        NOP                             A:01 X:A4 Y:00 P:A5 SP:F9
8730  EA        NOP                             A:01 X:A4 Y:00 P:A5 SP:F9
8731  CA        DEX                             A:01 X:A4 Y:00 P:A5 SP:F9
8732  D0 FB     BNE $872F                       A:01 X:A3 Y:00 P:A5 SP:F9
872F  EA        NOP                             A:01 X:A3 Y:00 P:A5 SP:F9
8730  EA        NOP                             A:01 X:A3 Y:00 P:A5 SP:F9
8731  CA        DEX                             A:01 X:A3 Y:00 P:A5 SP:F9
8732  D0 FB     BNE $872F                       A:01 X:A2 Y:00 P:A5 SP:F9
872F  EA        NOP                             A:01 X:A2 Y:00 P:A5 SP:F9
8730  EA        NOP                             A:01 X:A2 Y:00 P:A5 SP:F9
8731  CA        DEX                             A:01 X:A2 Y:00 P:A5 SP:F9
8732  D0 FB     BNE $872F                       A:01 X:A1 Y:00 P:A5 SP:F9
872F  EA        NOP                             A:01 X:A1 Y:00 P:A5 SP:F9
8730  EA        NOP                             A:01 X:A1 Y:00 P:A5 SP:F9
8731  CA        DEX                             A:01 X:A1 Y:00 P:A5 SP:F9
8732  D0 FB     BNE $872F                       A:01 X:A0 Y:00 P:A5 SP:F9
872F  EA        NOP                             A:01 X:A0 Y:00 P:A5 SP:F9
8730  EA        NOP                             A:01 X:A0 Y:00 P:A5 SP:F9
8731  CA        DEX                             A:01 X:A0 Y:00 P:A5 SP:F9
8732  D0 FB     BNE $872F                       A:01 X:9F Y:00 P:A5 SP:F9
872F  EA        NOP                             A:01 X:9F Y:00 P:A5 SP:F9
8730  EA        NOP                             A:01 X:9F Y:00 P:A5 SP:F9
8731  CA        DEX                             A:01 X:9F Y:00 P:A5 SP:F9
8732  D0 FB     BNE $872F                       A:01 X:9E Y:00 P:A5 SP:F9
872F  EA        NOP                             A:01 X:9E Y:00 P:A5 SP:F9
8730  EA        NOP                             A:01 X:9E Y:00 P:A5 SP:F9
8731  CA        DEX                             A:01 X:9E Y:00 P:A5 SP:F9
8732  D0 FB     BNE $872F                       A:01 X:9D Y:00 P:A5 SP:F9
872F  EA        NOP                             A:01 X:9D Y:00 P:A5 SP:F9
8730  EA        NOP                             A:01 X:9D Y:00 P:A5 SP:F9
8731  CA        DEX                             A:01 X:9D Y:00 P:A5 SP:F9
8732  D0 FB     BNE $872F                       A:01 X:9C Y:00 P:A5 SP:F9
872F  EA        NOP                             A:01 X:9C Y:00 P:A5 SP:F9
8730  EA        NOP                             A:01 X:9C Y:00 P:A5 SP:F9
8731  CA        DEX                             A:01 X:9C Y:00 P:A5 SP:F9
8732  D0 FB     BNE $872F                       A:01 X:9B Y:00 P:A5 SP:F9
872F  EA        NOP                             A:01 X:9B Y:00 P:A5 SP:F9
8730  EA        NOP                             A:01 X:9B Y:00 P:A5 SP:F9
8731  CA        DEX                             A:01 X:9B Y:00 P:A5 SP:F9
8732  D0 FB     BNE $872F                       A:01 X:9A Y:00 P:A5 SP:F9
872F  EA        NOP                             A:01 X:9A Y:00 P:A5 SP:F9
8730  EA        NOP                             A:01 X:9A Y:00 P:A5 SP:F9
8731  CA        DEX                             A:01 X:9A Y:00 P:A5 SP:F9
8732  D0 FB     BNE $872F                       A:01 X:99 Y:00 P:A5 SP:F9
872F  EA        NOP                             A:01 X:99 Y:00 P:A5 SP:F9
8730  EA        NOP                             A:01 X:99 Y:00 P:A5 SP:F9
8731  CA        DEX                             A:01 X:99 Y:00 P:A5 SP:F9
8732  D0 FB     BNE $872F                       A:01 X:98 Y:00 P:A5 SP:F9
872F  EA        NOP                             A:01 X:98 Y:00 P:A5 SP:F9
8730  EA        NOP                             A:01 X:98 Y:00 P:A5 SP:F9
8731  CA        DEX                             A:01 X:98 Y:00 P:A5 SP:F9
8732  D0 FB     BNE $872F                       A:01 X:97 Y:00 P:A5 SP:F9
872F  EA        NOP                             A:01 X:97 Y:00 P:A5 SP:F9
8730  EA        NOP                             A:01 X:97 Y:00 P:A5 SP:F9
8731  CA        DEX                             A:01 X:97 Y:00 P:A5 SP:F9
8732  D0 FB     BNE $872F                       A:01 X:96 Y:00 P:A5 SP:F9
872F  EA        NOP                             A:01 X:96 Y:00 P:A5 SP:F9
8730  EA        NOP                             A:01 X:96 Y:00 P:A5 SP:F9
8731  CA        DEX                             A:01 X:96 Y:00 P:A5 SP:F9
8732  D0 FB     BNE $872F                       A:01 X:95 Y:00 P:A5 SP:F9
872F  EA        NOP                             A:01 X:95 Y:00 P:A5 SP:F9
8730  EA        NOP                             A:01 X:95 Y:00 P:A5 SP:F9
8731  CA        DEX                             A:01 X:95 Y:00 P:A5 SP:F9
8732  D0 FB     BNE $872F                       A:01 X:94 Y:00 P:A5 SP:F9
872F  EA        NOP                             A:01 X:94 Y:00 P:A5 SP:F9
8730  EA        NOP                             A:01 X:94 Y:00 P:A5 SP:F9
8731  CA        DEX                             A:01 X:94 Y:00 P:A5 SP:F9
8732  D0 FB     BNE $872F                       A:01 X:93 Y:00 P:A5 SP:F9
872F  EA        NOP                             A:01 X:93 Y:00 P:A5 SP:F9
8730  EA        NOP                             A:01 X:93 Y:00 P:A5 SP:F9
8731  CA        DEX                             A:01 X:93 Y:00 P:A5 SP:F9
8732  D0 FB     BNE $872F                       A:01 X:92 Y:00 P:A5 SP:F9
872F  EA        NOP                             A:01 X:92 Y:00 P:A5 SP:F9
8730  EA        NOP                             A:01 X:92 Y:00 P:A5 SP:F9
8731  CA        DEX                             A:01 X:92 Y:00 P:A5 SP:F9
8732  D0 FB     BNE $872F                       A:01 X:91 Y:00 P:A5 SP:F9
872F  EA        NOP                             A:01 X:91 Y:00 P:A5 SP:F9
8730  EA        NOP                             A:01 X:91 Y:00 P:A5 SP:F9
8731  CA        DEX                             A:01 X:91 Y:00 P:A5 SP:F9
8732  D0 FB     BNE $872F                       A:01 X:90 Y:00 P:A5 SP:F9
872F  EA        NOP                             A:01 X:90 Y:00 P:A5 SP:F9
8730  EA        NOP                             A:01 X:90 Y:00 P:A5 SP:F9
8731  CA        DEX                             A:01 X:90 Y:00 P:A5 SP:F9
8732  D0 FB     BNE $872F                       A:01 X:8F Y:00 P:A5 SP:F9
872F  EA        NOP                             A:01 X:8F Y:00 P:A5 SP:F9
8730  EA        NOP                             A:01 X:8F Y:00 P:A5 SP:F9
8731  CA        DEX                             A:01 X:8F Y:00 P:A5 SP:F9
8732  D0 FB     BNE $872F                       A:01 X:8E Y:00 P:A5 SP:F9
872F  EA        NOP                             A:01 X:8E Y:00 P:A5 SP:F9
8730  EA        NOP                             A:01 X:8E Y:00 P:A5 SP:F9
8731  CA        DEX                             A:01 X:8E Y:00 P:A5 SP:F9
8732  D0 FB     BNE $872F                       A:01 X:8D Y:00 P:A5 SP:F9
872F  EA        NOP                             A:01 X:8D Y:00 P:A5 SP:F9
8730  EA        NOP                             A:01 X:8D Y:00 P:A5 SP:F9
8731  CA        DEX                             A:01 X:8D Y:00 P:A5 SP:F9
8732  D0 FB     BNE $872F                       A:01 X:8C Y:00 P:A5 SP:F9
872F  EA        NOP                             A:01 X:8C Y:00 P:A5 SP:F9
8730  EA        NOP                             A:01 X:8C Y:00 P:A5 SP:F9
8731  CA        DEX                             A:01 X:8C Y:00 P:A5 SP:F9
8732  D0 FB     BNE $872F                       A:01 X:8B Y:00 P:A5 SP:F9
872F  EA        NOP                             A:01 X:8B Y:00 P:A5 SP:F9
8730  EA        NOP                             A:01 X:8B Y:00 P:A5 SP:F9
8731  CA        DEX                             A:01 X:8B Y:00 P:A5 SP:F9
8732  D0 FB     BNE $872F                       A:01 X:8A Y:00 P:A5 SP:F9
872F  EA        NOP                             A:01 X:8A Y:00 P:A5 SP:F9
8730  EA        NOP                             A:01 X:8A Y:00 P:A5 SP:F9
8731  CA        DEX                             A:01 X:8A Y:00 P:A5 SP:F9
8732  D0 FB     BNE $872F                       A:01 X:89 Y:00 P:A5 SP:F9
872F  EA        NOP                             A:01 X:89 Y:00 P:A5 SP:F9
8730  EA        NOP                             A:01 X:89 Y:00 P:A5 SP:F9
8731  CA        DEX                             A:01 X:89 Y:00 P:A5 SP:F9
8732  D0 FB     BNE $872F                       A:01 X:88 Y:00 P:A5 SP:F9
872F  EA        NOP                             A:01 X:88 Y:00 P:A5 SP:F9
8730  EA        NOP                             A:01 X:88 Y:00 P:A5 SP:F9
8731  CA        DEX                             A:01 X:88 Y:00 P:A5 SP:F9
8732  D0 FB     BNE $872F                       A:01 X:87 Y:00 P:A5 SP:F9
872F  EA        NOP                             A:01 X:87 Y:00 P:A5 SP:F9
8730  EA        NOP                             A:01 X:87 Y:00 P:A5 SP:F9
8731  CA        DEX                             A:01 X:87 Y:00 P:A5 SP:F9
8732  D0 FB     BNE $872F                       A:01 X:86 Y:00 P:A5 SP:F9
872F  EA        NOP                             A:01 X:86 Y:00 P:A5 SP:F9
8730  EA        NOP                             A:01 X:86 Y:00 P:A5 SP:F9
8731  CA        DEX                             A:01 X:86 Y:00 P:A5 SP:F9
8732  D0 FB     BNE $872F                       A:01 X:85 Y:00 P:A5 SP:F9
872F  EA        NOP                             A:01 X:85 Y:00 P:A5 SP:F9
8730  EA        NOP                             A:01 X:85 Y:00 P:A5 SP:F9
8731  CA        DEX                             A:01 X:85 Y:00 P:A5 SP:F9
8732  D0 FB     BNE $872F                       A:01 X:84 Y:00 P:A5 SP:F9
872F  EA        NOP                             A:01 X:84 Y:00 P:A5 SP:F9
8730  EA        NOP                             A:01 X:84 Y:00 P:A5 SP:F9
8731  CA        DEX                             A:01 X:84 Y:00 P:A5 SP:F9
8732  D0 FB     BNE $872F                       A:01 X:83 Y:00 P:A5 SP:F9
872F  EA        NOP                             A:01 X:83 Y:00 P:A5 SP:F9
8730  EA        NOP                             A:01 X:83 Y:00 P:A5 SP:F9
8731  CA        DEX                             A:01 X:83 Y:00 P:A5 SP:F9
8732  D0 FB     BNE $872F                       A:01 X:82 Y:00 P:A5 SP:F9
872F  EA        NOP                             A:01 X:82 Y:00 P:A5 SP:F9
8730  EA        NOP                             A:01 X:82 Y:00 P:A5 SP:F9
8731  CA        DEX                             A:01 X:82 Y:00 P:A5 SP:F9
8732  D0 FB     BNE $872F                       A:01 X:81 Y:00 P:A5 SP:F9
872F  EA        NOP                             A:01 X:81 Y:00 P:A5 SP:F9
8730  EA        NOP                             A:01 X:81 Y:00 P:A5 SP:F9
8731  CA        DEX                             A:01 X:81 Y:00 P:A5 SP:F9
8732  D0 FB     BNE $872F                       A:01 X:80 Y:00 P:A5 SP:F9
872F  EA        NOP                             A:01 X:80 Y:00 P:A5 SP:F9
8730  EA        NOP                             A:01 X:80 Y:00 P:A5 SP:F9
8731  CA        DEX                             A:01 X:80 Y:00 P:A5 SP:F9
8732  D0 FB     BNE $872F                       A:01 X:7F Y:00 P:25 SP:F9
872F  EA        NOP                             A:01 X:7F Y:00 P:25 SP:F9
8730  EA        NOP                             A:01 X:7F Y:00 P:25 SP:F9
8731  CA        DEX                             A:01 X:7F Y:00 P:25 SP:F9
8732  D0 FB     BNE $872F                       A:01 X:7E Y:00 P:25 SP:F9
872F  EA        NOP                             A:01 X:7E Y:00 P:25 SP:F9
8730  EA        NOP                             A:01 X:7E Y:00 P:25 SP:F9
8731  CA        DEX                             A:01 X:7E Y:00 P:25 SP:F9
8732  D0 FB     BNE $872F                       A:01 X:7D Y:00 P:25 SP:F9
872F  EA        NOP                             A:01 X:7D Y:00 P:25 SP:F9
8730  EA        NOP                             A:01 X:7D Y:00 P:25 SP:F9
8731  CA        DEX                             A:01 X:7D Y:00 P:25 SP:F9
8732  D0 FB     BNE $872F                       A:01 X:7C Y:00 P:25 SP:F9
872F  EA        NOP                             A:01 X:7C Y:00 P:25 SP:F9
8730  EA        NOP                             A:01 X:7C Y:00 P:25 SP:F9
8731  CA        DEX                             A:01 X:7C Y:00 P:25 SP:F9
8732  D0 FB     BNE $872F                       A:01 X:7B Y:00 P:25 SP:F9
872F  EA        NOP                             A:01 X:7B Y:00 P:25 SP:F9
8730  EA        NOP                             A:01 X:7B Y:00 P:25 SP:F9
8731  CA        DEX                             A:01 X:7B Y:00 P:25 SP:F9
8732  D0 FB     BNE $872F                       A:01 X:7A Y:00 P:25 SP:F9
872F  EA        NOP                             A:01 X:7A Y:00 P:25 SP:F9
8730  EA        NOP                             A:01 X:7A Y:00 P:25 SP:F9
8731  CA        DEX                             A:01 X:7A Y:00 P:25 SP:F9
8732  D0 FB     BNE $872F                       A:01 X:79 Y:00 P:25 SP:F9
872F  EA        NOP                             A:01 X:79 Y:00 P:25 SP:F9
8730  EA        NOP                             A:01 X:79 Y:00 P:25 SP:F9
8731  CA        DEX                             A:01 X:79 Y:00 P:25 SP:F9
8732  D0 FB     BNE $872F                       A:01 X:78 Y:00 P:25 SP:F9
872F  EA        NOP                             A:01 X:78 Y:00 P:25 SP:F9
8730  EA        NOP                             A:01 X:78 Y:00 P:25 SP:F9
8731  CA        DEX                             A:01 X:78 Y:00 P:25 SP:F9
8732  D0 FB     BNE $872F                       A:01 X:77 Y:00 P:25 SP:F9
872F  EA        NOP                             A:01 X:77 Y:00 P:25 SP:F9
8730  EA        NOP                             A:01 X:77 Y:00 P:25 SP:F9
8731  CA        DEX                             A:01 X:77 Y:00 P:25 SP:F9
8732  D0 FB     BNE $872F                       A:01 X:76 Y:00 P:25 SP:F9
872F  EA        NOP                             A:01 X:76 Y:00 P:25 SP:F9
8730  EA        NOP                             A:01 X:76 Y:00 P:25 SP:F9
8731  CA        DEX                             A:01 X:76 Y:00 P:25 SP:F9
8732  D0 FB     BNE $872F                       A:01 X:75 Y:00 P:25 SP:F9
872F  EA        NOP                             A:01 X:75 Y:00 P:25 SP:F9
8730  EA        NOP                             A:01 X:75 Y:00 P:25 SP:F9
8731  CA        DEX                             A:01 X:75 Y:00 P:25 SP:F9
8732  D0 FB     BNE $872F                       A:01 X:74 Y:00 P:25 SP:F9
872F  EA        NOP                             A:01 X:74 Y:00 P:25 SP:F9
8730  EA        NOP                             A:01 X:74 Y:00 P:25 SP:F9
8731  CA        DEX                             A:01 X:74 Y:00 P:25 SP:F9
8732  D0 FB     BNE $872F                       A:01 X:73 Y:00 P:25 SP:F9
872F  EA        NOP                             A:01 X:73 Y:00 P:25 SP:F9
8730  EA        NOP                             A:01 X:73 Y:00 P:25 SP:F9
8731  CA        DEX                             A:01 X:73 Y:00 P:25 SP:F9
8732  D0 FB     BNE $872F                       A:01 X:72 Y:00 P:25 SP:F9
872F  EA        NOP                             A:01 X:72 Y:00 P:25 SP:F9
8730  EA        NOP                             A:01 X:72 Y:00 P:25 SP:F9
8731  CA        DEX                             A:01 X:72 Y:00 P:25 SP:F9
8732  D0 FB     BNE $872F                       A:01 X:71 Y:00 P:25 SP:F9
872F  EA        NOP                             A:01 X:71 Y:00 P:25 SP:F9
8730  EA        NOP                             A:01 X:71 Y:00 P:25 SP:F9
8731  CA        DEX                             A:01 X:71 Y:00 P:25 SP:F9
8732  D0 FB     BNE $872F                       A:01 X:70 Y:00 P:25 SP:F9
872F  EA        NOP                             A:01 X:70 Y:00 P:25 SP:F9
8730  EA        NOP                             A:01 X:70 Y:00 P:25 SP:F9
8731  CA        DEX                             A:01 X:70 Y:00 P:25 SP:F9
8732  D0 FB     BNE $872F                       A:01 X:6F Y:00 P:25 SP:F9
872F  EA        NOP                             A:01 X:6F Y:00 P:25 SP:F9
8730  EA        NOP                             A:01 X:6F Y:00 P:25 SP:F9
8731  CA        DEX                             A:01 X:6F Y:00 P:25 SP:F9
8732  D0 FB     BNE $872F                       A:01 X:6E Y:00 P:25 SP:F9
872F  EA        NOP                             A:01 X:6E Y:00 P:25 SP:F9
8730  EA        NOP                             A:01 X:6E Y:00 P:25 SP:F9
8731  CA        DEX                             A:01 X:6E Y:00 P:25 SP:F9
8732  D0 FB     BNE $872F                       A:01 X:6D Y:00 P:25 SP:F9
872F  EA        NOP                             A:01 X:6D Y:00 P:25 SP:F9
8730  EA        NOP                             A:01 X:6D Y:00 P:25 SP:F9
8731  CA        DEX                             A:01 X:6D Y:00 P:25 SP:F9
8732  D0 FB     BNE $872F                       A:01 X:6C Y:00 P:25 SP:F9
872F  EA        NOP                             A:01 X:6C Y:00 P:25 SP:F9
8730  EA        NOP                             A:01 X:6C Y:00 P:25 SP:F9
8731  CA        DEX                             A:01 X:6C Y:00 P:25 SP:F9
8732  D0 FB     BNE $872F                       A:01 X:6B Y:00 P:25 SP:F9
872F  EA        NOP                             A:01 X:6B Y:00 P:25 SP:F9
8730  EA        NOP                             A:01 X:6B Y:00 P:25 SP:F9
8731  CA        DEX                             A:01 X:6B Y:00 P:25 SP:F9
8732  D0 FB     BNE $872F                       A:01 X:6A Y:00 P:25 SP:F9
872F  EA        NOP                             A:01 X:6A Y:00 P:25 SP:F9
8730  EA        NOP                             A:01 X:6A Y:00 P:25 SP:F9
8731  CA        DEX                             A:01 X:6A Y:00 P:25 SP:F9
8732  D0 FB     BNE $872F                       A:01 X:69 Y:00 P:25 SP:F9
872F  EA        NOP                             A:01 X:69 Y:00 P:25 SP:F9
8730  EA        NOP                             A:01 X:69 Y:00 P:25 SP:F9
8731  CA        DEX                             A:01 X:69 Y:00 P:25 SP:F9
8732  D0 FB     BNE $872F                       A:01 X:68 Y:00 P:25 SP:F9
872F  EA        NOP                             A:01 X:68 Y:00 P:25 SP:F9
8730  EA        NOP                             A:01 X:68 Y:00 P:25 SP:F9
8731  CA        DEX                             A:01 X:68 Y:00 P:25 SP:F9
8732  D0 FB     BNE $872F                       A:01 X:67 Y:00 P:25 SP:F9
872F  EA        NOP                             A:01 X:67 Y:00 P:25 SP:F9
8730  EA        NOP                             A:01 X:67 Y:00 P:25 SP:F9
8731  CA        DEX                             A:01 X:67 Y:00 P:25 SP:F9
8732  D0 FB     BNE $872F                       A:01 X:66 Y:00 P:25 SP:F9
872F  EA        NOP                             A:01 X:66 Y:00 P:25 SP:F9
8730  EA        NOP                             A:01 X:66 Y:00 P:25 SP:F9
8731  CA        DEX                             A:01 X:66 Y:00 P:25 SP:F9
8732  D0 FB     BNE $872F                       A:01 X:65 Y:00 P:25 SP:F9
872F  EA        NOP                             A:01 X:65 Y:00 P:25 SP:F9
8730  EA        NOP                             A:01 X:65 Y:00 P:25 SP:F9
8731  CA        DEX                             A:01 X:65 Y:00 P:25 SP:F9
8732  D0 FB     BNE $872F                       A:01 X:64 Y:00 P:25 SP:F9
872F  EA        NOP                             A:01 X:64 Y:00 P:25 SP:F9
8730  EA        NOP                             A:01 X:64 Y:00 P:25 SP:F9
8731  CA        DEX                             A:01 X:64 Y:00 P:25 SP:F9
8732  D0 FB     BNE $872F                       A:01 X:63 Y:00 P:25 SP:F9
872F  EA        NOP                             A:01 X:63 Y:00 P:25 SP:F9
8730  EA        NOP                             A:01 X:63 Y:00 P:25 SP:F9
8731  CA        DEX                             A:01 X:63 Y:00 P:25 SP:F9
8732  D0 FB     BNE $872F                       A:01 X:62 Y:00 P:25 SP:F9
872F  EA        NOP                             A:01 X:62 Y:00 P:25 SP:F9
8730  EA        NOP                             A:01 X:62 Y:00 P:25 SP:F9
8731  CA        DEX                             A:01 X:62 Y:00 P:25 SP:F9
8732  D0 FB     BNE $872F                       A:01 X:61 Y:00 P:25 SP:F9
872F  EA        NOP                             A:01 X:61 Y:00 P:25 SP:F9
8730  EA        NOP                             A:01 X:61 Y:00 P:25 SP:F9
8731  CA        DEX                             A:01 X:61 Y:00 P:25 SP:F9
8732  D0 FB     BNE $872F                       A:01 X:60 Y:00 P:25 SP:F9
872F  EA        NOP                             A:01 X:60 Y:00 P:25 SP:F9
8730  EA        NOP                             A:01 X:60 Y:00 P:25 SP:F9
8731  CA        DEX                             A:01 X:60 Y:00 P:25 SP:F9
8732  D0 FB     BNE $872F                       A:01 X:5F Y:00 P:25 SP:F9
872F  EA        NOP                             A:01 X:5F Y:00 P:25 SP:F9
8730  EA        NOP                             A:01 X:5F Y:00 P:25 SP:F9
8731  CA        DEX                             A:01 X:5F Y:00 P:25 SP:F9
8732  D0 FB     BNE $872F                       A:01 X:5E Y:00 P:25 SP:F9
872F  EA        NOP                             A:01 X:5E Y:00 P:25 SP:F9
8730  EA        NOP                             A:01 X:5E Y:00 P:25 SP:F9
8731  CA        DEX                             A:01 X:5E Y:00 P:25 SP:F9
8732  D0 FB     BNE $872F                       A:01 X:5D Y:00 P:25 SP:F9
872F  EA        NOP                             A:01 X:5D Y:00 P:25 SP:F9
8730  EA        NOP                             A:01 X:5D Y:00 P:25 SP:F9
8731  CA        DEX                             A:01 X:5D Y:00 P:25 SP:F9
8732  D0 FB     BNE $872F                       A:01 X:5C Y:00 P:25 SP:F9
872F  EA        NOP                             A:01 X:5C Y:00 P:25 SP:F9
8730  EA        NOP                             A:01 X:5C Y:00 P:25 SP:F9
8731  CA        DEX                             A:01 X:5C Y:00 P:25 SP:F9
8732  D0 FB     BNE $872F                       A:01 X:5B Y:00 P:25 SP:F9
872F  EA        NOP                             A:01 X:5B Y:00 P:25 SP:F9
8730  EA        NOP                             A:01 X:5B Y:00 P:25 SP:F9
8731  CA        DEX                             A:01 X:5B Y:00 P:25 SP:F9
8732  D0 FB     BNE $872F                       A:01 X:5A Y:00 P:25 SP:F9
872F  EA        NOP                             A:01 X:5A Y:00 P:25 SP:F9
8730  EA        NOP                             A:01 X:5A Y:00 P:25 SP:F9
8731  CA        DEX                             A:01 X:5A Y:00 P:25 SP:F9
8732  D0 FB     BNE $872F                       A:01 X:59 Y:00 P:25 SP:F9
872F  EA        NOP                             A:01 X:59 Y:00 P:25 SP:F9
8730  EA        NOP                             A:01 X:59 Y:00 P:25 SP:F9
8731  CA        DEX                             A:01 X:59 Y:00 P:25 SP:F9
8732  D0 FB     BNE $872F                       A:01 X:58 Y:00 P:25 SP:F9
872F  EA        NOP                             A:01 X:58 Y:00 P:25 SP:F9
8730  EA        NOP                             A:01 X:58 Y:00 P:25 SP:F9
8731  CA        DEX                             A:01 X:58 Y:00 P:25 SP:F9
8732  D0 FB     BNE $872F                       A:01 X:57 Y:00 P:25 SP:F9
872F  EA        NOP                             A:01 X:57 Y:00 P:25 SP:F9
8730  EA        NOP                             A:01 X:57 Y:00 P:25 SP:F9
8731  CA        DEX                             A:01 X:57 Y:00 P:25 SP:F9
8732  D0 FB     BNE $872F                       A:01 X:56 Y:00 P:25 SP:F9
872F  EA        NOP                             A:01 X:56 Y:00 P:25 SP:F9
8730  EA        NOP                             A:01 X:56 Y:00 P:25 SP:F9
8731  CA        DEX                             A:01 X:56 Y:00 P:25 SP:F9
8732  D0 FB     BNE $872F                       A:01 X:55 Y:00 P:25 SP:F9
872F  EA        NOP                             A:01 X:55 Y:00 P:25 SP:F9
8730  EA        NOP                             A:01 X:55 Y:00 P:25 SP:F9
8731  CA        DEX                             A:01 X:55 Y:00 P:25 SP:F9
8732  D0 FB     BNE $872F                       A:01 X:54 Y:00 P:25 SP:F9
872F  EA        NOP                             A:01 X:54 Y:00 P:25 SP:F9
8730  EA        NOP                             A:01 X:54 Y:00 P:25 SP:F9
8731  CA        DEX                             A:01 X:54 Y:00 P:25 SP:F9
8732  D0 FB     BNE $872F                       A:01 X:53 Y:00 P:25 SP:F9
872F  EA        NOP                             A:01 X:53 Y:00 P:25 SP:F9
8730  EA        NOP                             A:01 X:53 Y:00 P:25 SP:F9
8731  CA        DEX                             A:01 X:53 Y:00 P:25 SP:F9
8732  D0 FB     BNE $872F                       A:01 X:52 Y:00 P:25 SP:F9
872F  EA        NOP                             A:01 X:52 Y:00 P:25 SP:F9
8730  EA        NOP                             A:01 X:52 Y:00 P:25 SP:F9
8731  CA        DEX                             A:01 X:52 Y:00 P:25 SP:F9
8732  D0 FB     BNE $872F                       A:01 X:51 Y:00 P:25 SP:F9
872F  EA        NOP                             A:01 X:51 Y:00 P:25 SP:F9
8730  EA        NOP                             A:01 X:51 Y:00 P:25 SP:F9
8731  CA        DEX                             A:01 X:51 Y:00 P:25 SP:F9
8732  D0 FB     BNE $872F                       A:01 X:50 Y:00 P:25 SP:F9
872F  EA        NOP                             A:01 X:50 Y:00 P:25 SP:F9
8730  EA        NOP                             A:01 X:50 Y:00 P:25 SP:F9
8731  CA        DEX                             A:01 X:50 Y:00 P:25 SP:F9
8732  D0 FB     BNE $872F                       A:01 X:4F Y:00 P:25 SP:F9
872F  EA        NOP                             A:01 X:4F Y:00 P:25 SP:F9
8730  EA        NOP                             A:01 X:4F Y:00 P:25 SP:F9
8731  CA        DEX                             A:01 X:4F Y:00 P:25 SP:F9
8732  D0 FB     BNE $872F                       A:01 X:4E Y:00 P:25 SP:F9
872F  EA        NOP                             A:01 X:4E Y:00 P:25 SP:F9
8730  EA        NOP                             A:01 X:4E Y:00 P:25 SP:F9
8731  CA        DEX                             A:01 X:4E Y:00 P:25 SP:F9
8732  D0 FB     BNE $872F                       A:01 X:4D Y:00 P:25 SP:F9
872F  EA        NOP                             A:01 X:4D Y:00 P:25 SP:F9
8730  EA        NOP                             A:01 X:4D Y:00 P:25 SP:F9
8731  CA        DEX                             A:01 X:4D Y:00 P:25 SP:F9
8732  D0 FB     BNE $872F                       A:01 X:4C Y:00 P:25 SP:F9
872F  EA        NOP                             A:01 X:4C Y:00 P:25 SP:F9
8730  EA        NOP                             A:01 X:4C Y:00 P:25 SP:F9
8731  CA        DEX                             A:01 X:4C Y:00 P:25 SP:F9
8732  D0 FB     BNE $872F                       A:01 X:4B Y:00 P:25 SP:F9
872F  EA        NOP                             A:01 X:4B Y:00 P:25 SP:F9
8730  EA        NOP                             A:01 X:4B Y:00 P:25 SP:F9
8731  CA        DEX                             A:01 X:4B Y:00 P:25 SP:F9
8732  D0 FB     BNE $872F                       A:01 X:4A Y:00 P:25 SP:F9
872F  EA        NOP                             A:01 X:4A Y:00 P:25 SP:F9
8730  EA        NOP                             A:01 X:4A Y:00 P:25 SP:F9
8731  CA        DEX                             A:01 X:4A Y:00 P:25 SP:F9
8732  D0 FB     BNE $872F                       A:01 X:49 Y:00 P:25 SP:F9
872F  EA        NOP                             A:01 X:49 Y:00 P:25 SP:F9
8730  EA        NOP                             A:01 X:49 Y:00 P:25 SP:F9
8731  CA        DEX                             A:01 X:49 Y:00 P:25 SP:F9
8732  D0 FB     BNE $872F                       A:01 X:48 Y:00 P:25 SP:F9
872F  EA        NOP                             A:01 X:48 Y:00 P:25 SP:F9
8730  EA        NOP                             A:01 X:48 Y:00 P:25 SP:F9
8731  CA        DEX                             A:01 X:48 Y:00 P:25 SP:F9
8732  D0 FB     BNE $872F                       A:01 X:47 Y:00 P:25 SP:F9
872F  EA        NOP                             A:01 X:47 Y:00 P:25 SP:F9
8730  EA        NOP                             A:01 X:47 Y:00 P:25 SP:F9
8731  CA        DEX                             A:01 X:47 Y:00 P:25 SP:F9
8732  D0 FB     BNE $872F                       A:01 X:46 Y:00 P:25 SP:F9
872F  EA        NOP                             A:01 X:46 Y:00 P:25 SP:F9
8730  EA        NOP                             A:01 X:46 Y:00 P:25 SP:F9
8731  CA        DEX                             A:01 X:46 Y:00 P:25 SP:F9
8732  D0 FB     BNE $872F                       A:01 X:45 Y:00 P:25 SP:F9
872F  EA        NOP                             A:01 X:45 Y:00 P:25 SP:F9
8730  EA        NOP                             A:01 X:45 Y:00 P:25 SP:F9
8731  CA        DEX                             A:01 X:45 Y:00 P:25 SP:F9
8732  D0 FB     BNE $872F                       A:01 X:44 Y:00 P:25 SP:F9
872F  EA        NOP                             A:01 X:44 Y:00 P:25 SP:F9
8730  EA        NOP                             A:01 X:44 Y:00 P:25 SP:F9
8731  CA        DEX                             A:01 X:44 Y:00 P:25 SP:F9
8732  D0 FB     BNE $872F                       A:01 X:43 Y:00 P:25 SP:F9
872F  EA        NOP                             A:01 X:43 Y:00 P:25 SP:F9
8730  EA        NOP                             A:01 X:43 Y:00 P:25 SP:F9
8731  CA        DEX                             A:01 X:43 Y:00 P:25 SP:F9
8732  D0 FB     BNE $872F                       A:01 X:42 Y:00 P:25 SP:F9
872F  EA        NOP                             A:01 X:42 Y:00 P:25 SP:F9
8730  EA        NOP                             A:01 X:42 Y:00 P:25 SP:F9
8731  CA        DEX                             A:01 X:42 Y:00 P:25 SP:F9
8732  D0 FB     BNE $872F                       A:01 X:41 Y:00 P:25 SP:F9
872F  EA        NOP                             A:01 X:41 Y:00 P:25 SP:F9
8730  EA        NOP                             A:01 X:41 Y:00 P:25 SP:F9
8731  CA        DEX                             A:01 X:41 Y:00 P:25 SP:F9
8732  D0 FB     BNE $872F                       A:01 X:40 Y:00 P:25 SP:F9
872F  EA        NOP                             A:01 X:40 Y:00 P:25 SP:F9
8730  EA        NOP                             A:01 X:40 Y:00 P:25 SP:F9
8731  CA        DEX                             A:01 X:40 Y:00 P:25 SP:F9
8732  D0 FB     BNE $872F                       A:01 X:3F Y:00 P:25 SP:F9
872F  EA        NOP                             A:01 X:3F Y:00 P:25 SP:F9
8730  EA        NOP                             A:01 X:3F Y:00 P:25 SP:F9
8731  CA        DEX                             A:01 X:3F Y:00 P:25 SP:F9
8732  D0 FB     BNE $872F                       A:01 X:3E Y:00 P:25 SP:F9
872F  EA        NOP                             A:01 X:3E Y:00 P:25 SP:F9
8730  EA        NOP                             A:01 X:3E Y:00 P:25 SP:F9
8731  CA        DEX                             A:01 X:3E Y:00 P:25 SP:F9
8732  D0 FB     BNE $872F                       A:01 X:3D Y:00 P:25 SP:F9
872F  EA        NOP                             A:01 X:3D Y:00 P:25 SP:F9
8730  EA        NOP                             A:01 X:3D Y:00 P:25 SP:F9
8731  CA        DEX                             A:01 X:3D Y:00 P:25 SP:F9
8732  D0 FB     BNE $872F                       A:01 X:3C Y:00 P:25 SP:F9
872F  EA        NOP                             A:01 X:3C Y:00 P:25 SP:F9
8730  EA        NOP                             A:01 X:3C Y:00 P:25 SP:F9
8731  CA        DEX                             A:01 X:3C Y:00 P:25 SP:F9
8732  D0 FB     BNE $872F                       A:01 X:3B Y:00 P:25 SP:F9
872F  EA        NOP                             A:01 X:3B Y:00 P:25 SP:F9
8730  EA        NOP                             A:01 X:3B Y:00 P:25 SP:F9
8731  CA        DEX                             A:01 X:3B Y:00 P:25 SP:F9
8732  D0 FB     BNE $872F                       A:01 X:3A Y:00 P:25 SP:F9
872F  EA        NOP                             A:01 X:3A Y:00 P:25 SP:F9
8730  EA        NOP                             A:01 X:3A Y:00 P:25 SP:F9
8731  CA        DEX                             A:01 X:3A Y:00 P:25 SP:F9
8732  D0 FB     BNE $872F                       A:01 X:39 Y:00 P:25 SP:F9
872F  EA        NOP                             A:01 X:39 Y:00 P:25 SP:F9
8730  EA        NOP                             A:01 X:39 Y:00 P:25 SP:F9
8731  CA        DEX                             A:01 X:39 Y:00 P:25 SP:F9
8732  D0 FB     BNE $872F                       A:01 X:38 Y:00 P:25 SP:F9
872F  EA        NOP                             A:01 X:38 Y:00 P:25 SP:F9
8730  EA        NOP                             A:01 X:38 Y:00 P:25 SP:F9
8731  CA        DEX                             A:01 X:38 Y:00 P:25 SP:F9
8732  D0 FB     BNE $872F                       A:01 X:37 Y:00 P:25 SP:F9
872F  EA        NOP                             A:01 X:37 Y:00 P:25 SP:F9
8730  EA        NOP                             A:01 X:37 Y:00 P:25 SP:F9
8731  CA        DEX                             A:01 X:37 Y:00 P:25 SP:F9
8732  D0 FB     BNE $872F                       A:01 X:36 Y:00 P:25 SP:F9
872F  EA        NOP                             A:01 X:36 Y:00 P:25 SP:F9
8730  EA        NOP                             A:01 X:36 Y:00 P:25 SP:F9
8731  CA        DEX                             A:01 X:36 Y:00 P:25 SP:F9
8732  D0 FB     BNE $872F                       A:01 X:35 Y:00 P:25 SP:F9
872F  EA        NOP                             A:01 X:35 Y:00 P:25 SP:F9
8730  EA        NOP                             A:01 X:35 Y:00 P:25 SP:F9
8731  CA        DEX                             A:01 X:35 Y:00 P:25 SP:F9
8732  D0 FB     BNE $872F                       A:01 X:34 Y:00 P:25 SP:F9
872F  EA        NOP                             A:01 X:34 Y:00 P:25 SP:F9
8730  EA        NOP                             A:01 X:34 Y:00 P:25 SP:F9
8731  CA        DEX                             A:01 X:34 Y:00 P:25 SP:F9
8732  D0 FB     BNE $872F                       A:01 X:33 Y:00 P:25 SP:F9
872F  EA        NOP                             A:01 X:33 Y:00 P:25 SP:F9
8730  EA        NOP                             A:01 X:33 Y:00 P:25 SP:F9
8731  CA        DEX                             A:01 X:33 Y:00 P:25 SP:F9
8732  D0 FB     BNE $872F                       A:01 X:32 Y:00 P:25 SP:F9
872F  EA        NOP                             A:01 X:32 Y:00 P:25 SP:F9
8730  EA        NOP                             A:01 X:32 Y:00 P:25 SP:F9
8731  CA        DEX                             A:01 X:32 Y:00 P:25 SP:F9
8732  D0 FB     BNE $872F                       A:01 X:31 Y:00 P:25 SP:F9
872F  EA        NOP                             A:01 X:31 Y:00 P:25 SP:F9
8730  EA        NOP                             A:01 X:31 Y:00 P:25 SP:F9
8731  CA        DEX                             A:01 X:31 Y:00 P:25 SP:F9
8732  D0 FB     BNE $872F                       A:01 X:30 Y:00 P:25 SP:F9
872F  EA        NOP                             A:01 X:30 Y:00 P:25 SP:F9
8730  EA        NOP                             A:01 X:30 Y:00 P:25 SP:F9
8731  CA        DEX                             A:01 X:30 Y:00 P:25 SP:F9
8732  D0 FB     BNE $872F                       A:01 X:2F Y:00 P:25 SP:F9
872F  EA        NOP                             A:01 X:2F Y:00 P:25 SP:F9
8730  EA        NOP                             A:01 X:2F Y:00 P:25 SP:F9
8731  CA        DEX                             A:01 X:2F Y:00 P:25 SP:F9
8732  D0 FB     BNE $872F                       A:01 X:2E Y:00 P:25 SP:F9
872F  EA        NOP                             A:01 X:2E Y:00 P:25 SP:F9
8730  EA        NOP                             A:01 X:2E Y:00 P:25 SP:F9
8731  CA        DEX                             A:01 X:2E Y:00 P:25 SP:F9
8732  D0 FB     BNE $872F                       A:01 X:2D Y:00 P:25 SP:F9
872F  EA        NOP                             A:01 X:2D Y:00 P:25 SP:F9
8730  EA        NOP                             A:01 X:2D Y:00 P:25 SP:F9
8731  CA        DEX                             A:01 X:2D Y:00 P:25 SP:F9
8732  D0 FB     BNE $872F                       A:01 X:2C Y:00 P:25 SP:F9
872F  EA        NOP                             A:01 X:2C Y:00 P:25 SP:F9
8730  EA        NOP                             A:01 X:2C Y:00 P:25 SP:F9
8731  CA        DEX                             A:01 X:2C Y:00 P:25 SP:F9
8732  D0 FB     BNE $872F                       A:01 X:2B Y:00 P:25 SP:F9
872F  EA        NOP                             A:01 X:2B Y:00 P:25 SP:F9
8730  EA        NOP                             A:01 X:2B Y:00 P:25 SP:F9
8731  CA        DEX                             A:01 X:2B Y:00 P:25 SP:F9
8732  D0 FB     BNE $872F                       A:01 X:2A Y:00 P:25 SP:F9
872F  EA        NOP                             A:01 X:2A Y:00 P:25 SP:F9
8730  EA        NOP                             A:01 X:2A Y:00 P:25 SP:F9
8731  CA        DEX                             A:01 X:2A Y:00 P:25 SP:F9
8732  D0 FB     BNE $872F                       A:01 X:29 Y:00 P:25 SP:F9
872F  EA        NOP                             A:01 X:29 Y:00 P:25 SP:F9
8730  EA        NOP                             A:01 X:29 Y:00 P:25 SP:F9
8731  CA        DEX                             A:01 X:29 Y:00 P:25 SP:F9
8732  D0 FB     BNE $872F                       A:01 X:28 Y:00 P:25 SP:F9
872F  EA        NOP                             A:01 X:28 Y:00 P:25 SP:F9
8730  EA        NOP                             A:01 X:28 Y:00 P:25 SP:F9
8731  CA        DEX                             A:01 X:28 Y:00 P:25 SP:F9
8732  D0 FB     BNE $872F                       A:01 X:27 Y:00 P:25 SP:F9
872F  EA        NOP                             A:01 X:27 Y:00 P:25 SP:F9
8730  EA        NOP                             A:01 X:27 Y:00 P:25 SP:F9
8731  CA        DEX                             A:01 X:27 Y:00 P:25 SP:F9
8732  D0 FB     BNE $872F                       A:01 X:26 Y:00 P:25 SP:F9
872F  EA        NOP                             A:01 X:26 Y:00 P:25 SP:F9
8730  EA        NOP                             A:01 X:26 Y:00 P:25 SP:F9
8731  CA        DEX                             A:01 X:26 Y:00 P:25 SP:F9
8732  D0 FB     BNE $872F                       A:01 X:25 Y:00 P:25 SP:F9
872F  EA        NOP                             A:01 X:25 Y:00 P:25 SP:F9
8730  EA        NOP                             A:01 X:25 Y:00 P:25 SP:F9
8731  CA        DEX                             A:01 X:25 Y:00 P:25 SP:F9
8732  D0 FB     BNE $872F                       A:01 X:24 Y:00 P:25 SP:F9
872F  EA        NOP                             A:01 X:24 Y:00 P:25 SP:F9
8730  EA        NOP                             A:01 X:24 Y:00 P:25 SP:F9
8731  CA        DEX                             A:01 X:24 Y:00 P:25 SP:F9
8732  D0 FB     BNE $872F                       A:01 X:23 Y:00 P:25 SP:F9
872F  EA        NOP                             A:01 X:23 Y:00 P:25 SP:F9
8730  EA        NOP                             A:01 X:23 Y:00 P:25 SP:F9
8731  CA        DEX                             A:01 X:23 Y:00 P:25 SP:F9
8732  D0 FB     BNE $872F                       A:01 X:22 Y:00 P:25 SP:F9
872F  EA        NOP                             A:01 X:22 Y:00 P:25 SP:F9
8730  EA        NOP                             A:01 X:22 Y:00 P:25 SP:F9
8731  CA        DEX                             A:01 X:22 Y:00 P:25 SP:F9
8732  D0 FB     BNE $872F                       A:01 X:21 Y:00 P:25 SP:F9
872F  EA        NOP                             A:01 X:21 Y:00 P:25 SP:F9
8730  EA        NOP                             A:01 X:21 Y:00 P:25 SP:F9
8731  CA        DEX                             A:01 X:21 Y:00 P:25 SP:F9
8732  D0 FB     BNE $872F                       A:01 X:20 Y:00 P:25 SP:F9
872F  EA        NOP                             A:01 X:20 Y:00 P:25 SP:F9
8730  EA        NOP                             A:01 X:20 Y:00 P:25 SP:F9
8731  CA        DEX                             A:01 X:20 Y:00 P:25 SP:F9
8732  D0 FB     BNE $872F                       A:01 X:1F Y:00 P:25 SP:F9
872F  EA        NOP                             A:01 X:1F Y:00 P:25 SP:F9
8730  EA        NOP                             A:01 X:1F Y:00 P:25 SP:F9
8731  CA        DEX                             A:01 X:1F Y:00 P:25 SP:F9
8732  D0 FB     BNE $872F                       A:01 X:1E Y:00 P:25 SP:F9
872F  EA        NOP                             A:01 X:1E Y:00 P:25 SP:F9
8730  EA        NOP                             A:01 X:1E Y:00 P:25 SP:F9
8731  CA        DEX                             A:01 X:1E Y:00 P:25 SP:F9
8732  D0 FB     BNE $872F                       A:01 X:1D Y:00 P:25 SP:F9
872F  EA        NOP                             A:01 X:1D Y:00 P:25 SP:F9
8730  EA        NOP                             A:01 X:1D Y:00 P:25 SP:F9
8731  CA        DEX                             A:01 X:1D Y:00 P:25 SP:F9
8732  D0 FB     BNE $872F                       A:01 X:1C Y:00 P:25 SP:F9
872F  EA        NOP                             A:01 X:1C Y:00 P:25 SP:F9
8730  EA        NOP                             A:01 X:1C Y:00 P:25 SP:F9
8731  CA        DEX                             A:01 X:1C Y:00 P:25 SP:F9
8732  D0 FB     BNE $872F                       A:01 X:1B Y:00 P:25 SP:F9
872F  EA        NOP                             A:01 X:1B Y:00 P:25 SP:F9
8730  EA        NOP                             A:01 X:1B Y:00 P:25 SP:F9
8731  CA        DEX                             A:01 X:1B Y:00 P:25 SP:F9
8732  D0 FB     BNE $872F                       A:01 X:1A Y:00 P:25 SP:F9
872F  EA        NOP                             A:01 X:1A Y:00 P:25 SP:F9
8730  EA        NOP                             A:01 X:1A Y:00 P:25 SP:F9
8731  CA        DEX                             A:01 X:1A Y:00 P:25 SP:F9
8732  D0 FB     BNE $872F                       A:01 X:19 Y:00 P:25 SP:F9
872F  EA        NOP                             A:01 X:19 Y:00 P:25 SP:F9
8730  EA        NOP                             A:01 X:19 Y:00 P:25 SP:F9
8731  CA        DEX                             A:01 X:19 Y:00 P:25 SP:F9
8732  D0 FB     BNE $872F                       A:01 X:18 Y:00 P:25 SP:F9
872F  EA        NOP                             A:01 X:18 Y:00 P:25 SP:F9
8730  EA        NOP                             A:01 X:18 Y:00 P:25 SP:F9
8731  CA        DEX                             A:01 X:18 Y:00 P:25 SP:F9
8732  D0 FB     BNE $872F                       A:01 X:17 Y:00 P:25 SP:F9
872F  EA        NOP                             A:01 X:17 Y:00 P:25 SP:F9
8730  EA        NOP                             A:01 X:17 Y:00 P:25 SP:F9
8731  CA        DEX                             A:01 X:17 Y:00 P:25 SP:F9
8732  D0 FB     BNE $872F                       A:01 X:16 Y:00 P:25 SP:F9
872F  EA        NOP                             A:01 X:16 Y:00 P:25 SP:F9
8730  EA        NOP                             A:01 X:16 Y:00 P:25 SP:F9
8731  CA        DEX                             A:01 X:16 Y:00 P:25 SP:F9
8732  D0 FB     BNE $872F                       A:01 X:15 Y:00 P:25 SP:F9
872F  EA        NOP                             A:01 X:15 Y:00 P:25 SP:F9
8730  EA        NOP                             A:01 X:15 Y:00 P:25 SP:F9
8731  CA        DEX                             A:01 X:15 Y:00 P:25 SP:F9
8732  D0 FB     BNE $872F                       A:01 X:14 Y:00 P:25 SP:F9
872F  EA        NOP                             A:01 X:14 Y:00 P:25 SP:F9
8730  EA        NOP                             A:01 X:14 Y:00 P:25 SP:F9
8731  CA        DEX                             A:01 X:14 Y:00 P:25 SP:F9
8732  D0 FB     BNE $872F                       A:01 X:13 Y:00 P:25 SP:F9
872F  EA        NOP                             A:01 X:13 Y:00 P:25 SP:F9
8730  EA        NOP                             A:01 X:13 Y:00 P:25 SP:F9
8731  CA        DEX                             A:01 X:13 Y:00 P:25 SP:F9
8732  D0 FB     BNE $872F                       A:01 X:12 Y:00 P:25 SP:F9
872F  EA        NOP                             A:01 X:12 Y:00 P:25 SP:F9
8730  EA        NOP                             A:01 X:12 Y:00 P:25 SP:F9
8731  CA        DEX                             A:01 X:12 Y:00 P:25 SP:F9
8732  D0 FB     BNE $872F                       A:01 X:11 Y:00 P:25 SP:F9
872F  EA        NOP                             A:01 X:11 Y:00 P:25 SP:F9
8730  EA        NOP                             A:01 X:11 Y:00 P:25 SP:F9
8731  CA        DEX                             A:01 X:11 Y:00 P:25 SP:F9
8732  D0 FB     BNE $872F                       A:01 X:10 Y:00 P:25 SP:F9
872F  EA        NOP                             A:01 X:10 Y:00 P:25 SP:F9
8730  EA        NOP                             A:01 X:10 Y:00 P:25 SP:F9
8731  CA        DEX                             A:01 X:10 Y:00 P:25 SP:F9
8732  D0 FB     BNE $872F                       A:01 X:0F Y:00 P:25 SP:F9
872F  EA        NOP                             A:01 X:0F Y:00 P:25 SP:F9
8730  EA        NOP                             A:01 X:0F Y:00 P:25 SP:F9
8731  CA        DEX                             A:01 X:0F Y:00 P:25 SP:F9
8732  D0 FB     BNE $872F                       A:01 X:0E Y:00 P:25 SP:F9
872F  EA        NOP                             A:01 X:0E Y:00 P:25 SP:F9
8730  EA        NOP                             A:01 X:0E Y:00 P:25 SP:F9
8731  CA        DEX                             A:01 X:0E Y:00 P:25 SP:F9
8732  D0 FB     BNE $872F                       A:01 X:0D Y:00 P:25 SP:F9
872F  EA        NOP                             A:01 X:0D Y:00 P:25 SP:F9
8730  EA        NOP                             A:01 X:0D Y:00 P:25 SP:F9
8731  CA        DEX                             A:01 X:0D Y:00 P:25 SP:F9
8732  D0 FB     BNE $872F                       A:01 X:0C Y:00 P:25 SP:F9
872F  EA        NOP                             A:01 X:0C Y:00 P:25 SP:F9
8730  EA        NOP                             A:01 X:0C Y:00 P:25 SP:F9
8731  CA        DEX                             A:01 X:0C Y:00 P:25 SP:F9
8732  D0 FB     BNE $872F                       A:01 X:0B Y:00 P:25 SP:F9
872F  EA        NOP                             A:01 X:0B Y:00 P:25 SP:F9
8730  EA        NOP                             A:01 X:0B Y:00 P:25 SP:F9
8731  CA        DEX                             A:01 X:0B Y:00 P:25 SP:F9
8732  D0 FB     BNE $872F                       A:01 X:0A Y:00 P:25 SP:F9
872F  EA        NOP                             A:01 X:0A Y:00 P:25 SP:F9
8730  EA        NOP                             A:01 X:0A Y:00 P:25 SP:F9
8731  CA        DEX                             A:01 X:0A Y:00 P:25 SP:F9
8732  D0 FB     BNE $872F                       A:01 X:09 Y:00 P:25 SP:F9
872F  EA        NOP                             A:01 X:09 Y:00 P:25 SP:F9
8730  EA        NOP                             A:01 X:09 Y:00 P:25 SP:F9
8731  CA        DEX                             A:01 X:09 Y:00 P:25 SP:F9
8732  D0 FB     BNE $872F                       A:01 X:08 Y:00 P:25 SP:F9
872F  EA        NOP                             A:01 X:08 Y:00 P:25 SP:F9
8730  EA        NOP                             A:01 X:08 Y:00 P:25 SP:F9
8731  CA        DEX                             A:01 X:08 Y:00 P:25 SP:F9
8732  D0 FB     BNE $872F                       A:01 X:07 Y:00 P:25 SP:F9
872F  EA        NOP                             A:01 X:07 Y:00 P:25 SP:F9
8730  EA        NOP                             A:01 X:07 Y:00 P:25 SP:F9
8731  CA        DEX                             A:01 X:07 Y:00 P:25 SP:F9
8732  D0 FB     BNE $872F                       A:01 X:06 Y:00 P:25 SP:F9
872F  EA        NOP                             A:01 X:06 Y:00 P:25 SP:F9
8730  EA        NOP                             A:01 X:06 Y:00 P:25 SP:F9
8731  CA        DEX                             A:01 X:06 Y:00 P:25 SP:F9
8732  D0 FB     BNE $872F                       A:01 X:05 Y:00 P:25 SP:F9
872F  EA        NOP                             A:01 X:05 Y:00 P:25 SP:F9
8730  EA        NOP                             A:01 X:05 Y:00 P:25 SP:F9
8731  CA        DEX                             A:01 X:05 Y:00 P:25 SP:F9
8732  D0 FB     BNE $872F                       A:01 X:04 Y:00 P:25 SP:F9
872F  EA        NOP                             A:01 X:04 Y:00 P:25 SP:F9
8730  EA        NOP                             A:01 X:04 Y:00 P:25 SP:F9
8731  CA        DEX                             A:01 X:04 Y:00 P:25 SP:F9
8732  D0 FB     BNE $872F                       A:01 X:03 Y:00 P:25 SP:F9
872F  EA        NOP                             A:01 X:03 Y:00 P:25 SP:F9
8730  EA        NOP                             A:01 X:03 Y:00 P:25 SP:F9
8731  CA        DEX                             A:01 X:03 Y:00 P:25 SP:F9
8732  D0 FB     BNE $872F                       A:01 X:02 Y:00 P:25 SP:F9
872F  EA        NOP                             A:01 X:02 Y:00 P:25 SP:F9
8730  EA        NOP                             A:01 X:02 Y:00 P:25 SP:F9
8731  CA        DEX                             A:01 X:02 Y:00 P:25 SP:F9
8732  D0 FB     BNE $872F                       A:01 X:01 Y:00 P:25 SP:F9
872F  EA        NOP                             A:01 X:01 Y:00 P:25 SP:F9
8730  EA        NOP                             A:01 X:01 Y:00 P:25 SP:F9
8731  CA        DEX                             A:01 X:01 Y:00 P:25 SP:F9
8732  D0 FB     BNE $872F                       A:01 X:00 Y:00 P:27 SP:F9
8734  60        RTS                             A:01 X:00 Y:00 P:27 SP:F9
864A  4C 38 86  JMP $8638                       A:01 X:00 Y:00 P:27 SP:FB
8638  20 4D 86  JSR $864D                       A:01 X:00 Y:00 P:27 SP:FB
864D  A5 FF     LDA $FF = 00                    A:01 X:00 Y:00 P:27 SP:F9
864F  C9 77     CMP #$77                        A:00 X:00 Y:00 P:27 SP:F9
8651  F0 0D     BEQ $8660                       A:00 X:00 Y:00 P:A4 SP:F9
8653  C9 64     CMP #$64                        A:00 X:00 Y:00 P:A4 SP:F9
8655  F0 14     BEQ $866B                       A:00 X:00 Y:00 P:A4 SP:F9
8657  C9 73     CMP #$73                        A:00 X:00 Y:00 P:A4 SP:F9
8659  F0 1B     BEQ $8676                       A:00 X:00 Y:00 P:A4 SP:F9
865B  C9 61     CMP #$61                        A:00 X:00 Y:00 P:A4 SP:F9
865D  F0 22     BEQ $8681                       A:00 X:00 Y:00 P:A4 SP:F9
865F  60        RTS                             A:00 X:00 Y:00 P:A4 SP:F9
863B  20 8D 86  JSR $868D                       A:00 X:00 Y:00 P:A4 SP:FB
868D  20 94 86  JSR $8694                       A:00 X:00 Y:00 P:A4 SP:F9
8694  A5 00     LDA $00 = 00                    A:00 X:00 Y:00 P:A4 SP:F7
8696  C5 10     CMP $10 = 14                    A:00 X:00 Y:00 P:26 SP:F7
8698  D0 0D     BNE $86A7                       A:00 X:00 Y:00 P:A4 SP:F7
86A7  60        RTS                             A:00 X:00 Y:00 P:A4 SP:F7
8690  20 A8 86  JSR $86A8                       A:00 X:00 Y:00 P:A4 SP:F9
86A8  A2 02     LDX #$02                        A:00 X:00 Y:00 P:A4 SP:F7
86AA  B5 10     LDA $10,X @ 12 = 13             A:00 X:02 Y:00 P:24 SP:F7
86AC  C5 10     CMP $10 = 14                    A:13 X:02 Y:00 P:24 SP:F7
86AE  D0 06     BNE $86B6                       A:13 X:02 Y:00 P:A4 SP:F7
86B6  E8        INX                             A:13 X:02 Y:00 P:A4 SP:F7
86B7  E8        INX                             A:13 X:03 Y:00 P:24 SP:F7
86B8  E4 03     CPX $03 = 06                    A:13 X:04 Y:00 P:24 SP:F7
86BA  F0 06     BEQ $86C2                       A:13 X:04 Y:00 P:A4 SP:F7
86BC  4C AA 86  JMP $86AA                       A:13 X:04 Y:00 P:A4 SP:F7
86AA  B5 10     LDA $10,X @ 14 = 12             A:13 X:04 Y:00 P:A4 SP:F7
86AC  C5 10     CMP $10 = 14                    A:12 X:04 Y:00 P:24 SP:F7
86AE  D0 06     BNE $86B6                       A:12 X:04 Y:00 P:A4 SP:F7
86B6  E8        INX                             A:12 X:04 Y:00 P:A4 SP:F7
86B7  E8        INX                             A:12 X:05 Y:00 P:24 SP:F7
86B8  E4 03     CPX $03 = 06                    A:12 X:06 Y:00 P:24 SP:F7
86BA  F0 06     BEQ $86C2                       A:12 X:06 Y:00 P:27 SP:F7
86C2  60        RTS                             A:12 X:06 Y:00 P:27 SP:F7
8693  60        RTS                             A:12 X:06 Y:00 P:27 SP:F9
863E  20 C3 86  JSR $86C3                       A:12 X:06 Y:00 P:27 SP:FB
86C3  A6 03     LDX $03 = 06                    A:12 X:06 Y:00 P:27 SP:F9
86C5  CA        DEX                             A:12 X:06 Y:00 P:25 SP:F9
86C6  8A        TXA                             A:12 X:05 Y:00 P:25 SP:F9
86C7  B5 10     LDA $10,X @ 15 = 04             A:05 X:05 Y:00 P:25 SP:F9
86C9  95 12     STA $12,X @ 17 = 04             A:04 X:05 Y:00 P:25 SP:F9
86CB  CA        DEX                             A:04 X:05 Y:00 P:25 SP:F9
86CC  10 F9     BPL $86C7                       A:04 X:04 Y:00 P:25 SP:F9
86C7  B5 10     LDA $10,X @ 14 = 12             A:04 X:04 Y:00 P:25 SP:F9
86C9  95 12     STA $12,X @ 16 = 11             A:12 X:04 Y:00 P:25 SP:F9
86CB  CA        DEX                             A:12 X:04 Y:00 P:25 SP:F9
86CC  10 F9     BPL $86C7                       A:12 X:03 Y:00 P:25 SP:F9
86C7  B5 10     LDA $10,X @ 13 = 04             A:12 X:03 Y:00 P:25 SP:F9
86C9  95 12     STA $12,X @ 15 = 04             A:04 X:03 Y:00 P:25 SP:F9
86CB  CA        DEX                             A:04 X:03 Y:00 P:25 SP:F9
86CC  10 F9     BPL $86C7                       A:04 X:02 Y:00 P:25 SP:F9
86C7  B5 10     LDA $10,X @ 12 = 13             A:04 X:02 Y:00 P:25 SP:F9
86C9  95 12     STA $12,X @ 14 = 12             A:13 X:02 Y:00 P:25 SP:F9
86CB  CA        DEX                             A:13 X:02 Y:00 P:25 SP:F9
86CC  10 F9     BPL $86C7                       A:13 X:01 Y:00 P:25 SP:F9
86C7  B5 10     LDA $10,X @ 11 = 04             A:13 X:01 Y:00 P:25 SP:F9
86C9  95 12     STA $12,X @ 13 = 04             A:04 X:01 Y:00 P:25 SP:F9
86CB  CA        DEX                             A:04 X:01 Y:00 P:25 SP:F9
86CC  10 F9     BPL $86C7                       A:04 X:00 Y:00 P:27 SP:F9
86C7  B5 10     LDA $10,X @ 10 = 14             A:04 X:00 Y:00 P:27 SP:F9
86C9  95 12     STA $12,X @ 12 = 13             A:14 X:00 Y:00 P:25 SP:F9
86CB  CA        DEX                             A:14 X:00 Y:00 P:25 SP:F9
86CC  10 F9     BPL $86C7                       A:14 X:FF Y:00 P:A5 SP:F9
86CE  A5 02     LDA $02 = 02                    A:14 X:FF Y:00 P:A5 SP:F9
86D0  4A        LSR A                           A:02 X:FF Y:00 P:25 SP:F9
86D1  B0 09     BCS $86DC                       A:01 X:FF Y:00 P:24 SP:F9
86D3  4A        LSR A                           A:01 X:FF Y:00 P:24 SP:F9
86D4  B0 19     BCS $86EF                       A:00 X:FF Y:00 P:27 SP:F9
86EF  E6 10     INC $10 = 14                    A:00 X:FF Y:00 P:27 SP:F9
86F1  A9 1F     LDA #$1F                        A:00 X:FF Y:00 P:25 SP:F9
86F3  24 10     BIT $10 = 15                    A:1F X:FF Y:00 P:25 SP:F9
86F5  F0 1F     BEQ $8716                       A:1F X:FF Y:00 P:25 SP:F9
86F7  60        RTS                             A:1F X:FF Y:00 P:25 SP:F9
8641  20 19 87  JSR $8719                       A:1F X:FF Y:00 P:25 SP:FB
8719  A0 00     LDY #$00                        A:1F X:FF Y:00 P:25 SP:F9
871B  A5 FE     LDA $FE = 00                    A:1F X:FF Y:00 P:27 SP:F9
871D  91 00     STA ($00),Y = 0200 @ 0200 = 00  A:00 X:FF Y:00 P:27 SP:F9
871F  60        RTS                             A:00 X:FF Y:00 P:27 SP:F9
8644  20 20 87  JSR $8720                       A:00 X:FF Y:00 P:27 SP:FB
8720  A6 03     LDX $03 = 06                    A:00 X:FF Y:00 P:27 SP:F9
8722  A9 00     LDA #$00                        A:00 X:06 Y:00 P:25 SP:F9
8724  81 10     STA ($10,X) @ 16 = 0412 = 01    A:00 X:06 Y:00 P:27 SP:F9
8726  A2 00     LDX #$00                        A:00 X:06 Y:00 P:27 SP:F9
8728  A9 01     LDA #$01                        A:00 X:00 Y:00 P:27 SP:F9
872A  81 10     STA ($10,X) @ 10 = 0415 = 00    A:01 X:00 Y:00 P:25 SP:F9
872C  60        RTS                             A:01 X:00 Y:00 P:25 SP:F9
8647  20 2D 87  JSR $872D                       A:01 X:00 Y:00 P:25 SP:FB
872D  A2 00     LDX #$00                        A:01 X:00 Y:00 P:25 SP:F9
872F  EA        NOP                             A:01 X:00 Y:00 P:27 SP:F9
8730  EA        NOP                             A:01 X:00 Y:00 P:27 SP:F9
8731  CA        DEX                             A:01 X:00 Y:00 P:27 SP:F9
8732  D0 FB     BNE $872F                       A:01 X:FF Y:00 P:A5 SP:F9
872F  EA        NOP                             A:01 X:FF Y:00 P:A5 SP:F9
8730  EA        NOP                             A:01 X:FF Y:00 P:A5 SP:F9
8731  CA        DEX                             A:01 X:FF Y:00 P:A5 SP:F9
8732  D0 FB     BNE $872F                       A:01 X:FE Y:00 P:A5 SP:F9
872F  EA        NOP                             A:01 X:FE Y:00 P:A5 SP:F9
8730  EA        NOP                             A:01 X:FE Y:00 P:A5 SP:F9
8731  CA        DEX                             A:01 X:FE Y:00 P:A5 SP:F9
8732  D0 FB     BNE $872F                       A:01 X:FD Y:00 P:A5 SP:F9
872F  EA        NOP                             A:01 X:FD Y:00 P:A5 SP:F9
8730  EA        NOP                             A:01 X:FD Y:00 P:A5 SP:F9
8731  CA        DEX                             A:01 X:FD Y:00 P:A5 SP:F9
8732  D0 FB     BNE $872F                       A:01 X:FC Y:00 P:A5 SP:F9
872F  EA        NOP                             A:01 X:FC Y:00 P:A5 SP:F9
8730  EA        NOP                             A:01 X:FC Y:00 P:A5 SP:F9
8731  CA        DEX                             A:01 X:FC Y:00 P:A5 SP:F9
8732  D0 FB     BNE $872F                       A:01 X:FB Y:00 P:A5 SP:F9
872F  EA        NOP                             A:01 X:FB Y:00 P:A5 SP:F9
8730  EA        NOP                             A:01 X:FB Y:00 P:A5 SP:F9
8731  CA        DEX                             A:01 X:FB Y:00 P:A5 SP:F9
8732  D0 FB     BNE $872F                       A:01 X:FA Y:00 P:A5 SP:F9
872F  EA        NOP                             A:01 X:FA Y:00 P:A5 SP:F9
8730  EA        NOP                             A:01 X:FA Y:00 P:A5 SP:F9
8731  CA        DEX                             A:01 X:FA Y:00 P:A5 SP:F9
8732  D0 FB     BNE $872F                       A:01 X:F9 Y:00 P:A5 SP:F9
872F  EA        NOP                             A:01 X:F9 Y:00 P:A5 SP:F9
8730  EA        NOP                             A:01 X:F9 Y:00 P:A5 SP:F9
8731  CA        DEX                             A:01 X:F9 Y:00 P:A5 SP:F9
8732  D0 FB     BNE $872F                       A:01 X:F8 Y:00 P:A5 SP:F9
872F  EA        NOP                             A:01 X:F8 Y:00 P:A5 SP:F9
8730  EA        NOP                             A:01 X:F8 Y:00 P:A5 SP:F9
8731  CA        DEX                             A:01 X:F8 Y:00 P:A5 SP:F9
8732  D0 FB     BNE $872F                       A:01 X:F7 Y:00 P:A5 SP:F9
872F  EA        NOP                             A:01 X:F7 Y:00 P:A5 SP:F9
8730  EA        NOP                             A:01 X:F7 Y:00 P:A5 SP:F9
8731  CA        DEX                             A:01 X:F7 Y:00 P:A5 SP:F9
8732  D0 FB     BNE $872F                       A:01 X:F6 Y:00 P:A5 SP:F9
872F  EA        NOP                             A:01 X:F6 Y:00 P:A5 SP:F9
8730  EA        NOP                             A:01 X:F6 Y:00 P:A5 SP:F9
8731  CA        DEX                             A:01 X:F6 Y:00 P:A5 SP:F9
8732  D0 FB     BNE $872F                       A:01 X:F5 Y:00 P:A5 SP:F9
872F  EA        NOP                             A:01 X:F5 Y:00 P:A5 SP:F9
8730  EA        NOP                             A:01 X:F5 Y:00 P:A5 SP:F9
8731  CA        DEX                             A:01 X:F5 Y:00 P:A5 SP:F9
8732  D0 FB     BNE $872F                       A:01 X:F4 Y:00 P:A5 SP:F9
872F  EA        NOP                             A:01 X:F4 Y:00 P:A5 SP:F9
8730  EA        NOP                             A:01 X:F4 Y:00 P:A5 SP:F9
8731  CA        DEX                             A:01 X:F4 Y:00 P:A5 SP:F9
8732  D0 FB     BNE $872F                       A:01 X:F3 Y:00 P:A5 SP:F9
872F  EA        NOP                             A:01 X:F3 Y:00 P:A5 SP:F9
8730  EA        NOP                             A:01 X:F3 Y:00 P:A5 SP:F9
8731  CA        DEX                             A:01 X:F3 Y:00 P:A5 SP:F9
8732  D0 FB     BNE $872F                       A:01 X:F2 Y:00 P:A5 SP:F9
872F  EA        NOP                             A:01 X:F2 Y:00 P:A5 SP:F9
8730  EA        NOP                             A:01 X:F2 Y:00 P:A5 SP:F9
8731  CA        DEX                             A:01 X:F2 Y:00 P:A5 SP:F9
8732  D0 FB     BNE $872F                       A:01 X:F1 Y:00 P:A5 SP:F9
872F  EA        NOP                             A:01 X:F1 Y:00 P:A5 SP:F9
8730  EA        NOP                             A:01 X:F1 Y:00 P:A5 SP:F9
8731  CA        DEX                             A:01 X:F1 Y:00 P:A5 SP:F9
8732  D0 FB     BNE $872F                       A:01 X:F0 Y:00 P:A5 SP:F9
872F  EA        NOP                             A:01 X:F0 Y:00 P:A5 SP:F9
8730  EA        NOP                             A:01 X:F0 Y:00 P:A5 SP:F9
8731  CA        DEX                             A:01 X:F0 Y:00 P:A5 SP:F9
8732  D0 FB     BNE $872F                       A:01 X:EF Y:00 P:A5 SP:F9
872F  EA        NOP                             A:01 X:EF Y:00 P:A5 SP:F9
8730  EA        NOP                             A:01 X:EF Y:00 P:A5 SP:F9
8731  CA        DEX                             A:01 X:EF Y:00 P:A5 SP:F9
8732  D0 FB     BNE $872F                       A:01 X:EE Y:00 P:A5 SP:F9
872F  EA        NOP                             A:01 X:EE Y:00 P:A5 SP:F9
8730  EA        NOP                             A:01 X:EE Y:00 P:A5 SP:F9
8731  CA        DEX                             A:01 X:EE Y:00 P:A5 SP:F9
8732  D0 FB     BNE $872F                       A:01 X:ED Y:00 P:A5 SP:F9
872F  EA        NOP                             A:01 X:ED Y:00 P:A5 SP:F9
8730  EA        NOP                             A:01 X:ED Y:00 P:A5 SP:F9
8731  CA        DEX                             A:01 X:ED Y:00 P:A5 SP:F9
8732  D0 FB     BNE $872F                       A:01 X:EC Y:00 P:A5 SP:F9
872F  EA        NOP                             A:01 X:EC Y:00 P:A5 SP:F9
8730  EA        NOP                             A:01 X:EC Y:00 P:A5 SP:F9
8731  CA        DEX                             A:01 X:EC Y:00 P:A5 SP:F9
8732  D0 FB     BNE $872F                       A:01 X:EB Y:00 P:A5 SP:F9
872F  EA        NOP                             A:01 X:EB Y:00 P:A5 SP:F9
8730  EA        NOP                             A:01 X:EB Y:00 P:A5 SP:F9
8731  CA        DEX                             A:01 X:EB Y:00 P:A5 SP:F9
8732  D0 FB     BNE $872F                       A:01 X:EA Y:00 P:A5 SP:F9
872F  EA        NOP                             A:01 X:EA Y:00 P:A5 SP:F9
8730  EA        NOP                             A:01 X:EA Y:00 P:A5 SP:F9
8731  CA        DEX                             A:01 X:EA Y:00 P:A5 SP:F9
8732  D0 FB     BNE $872F                       A:01 X:E9 Y:00 P:A5 SP:F9
872F  EA        NOP                             A:01 X:E9 Y:00 P:A5 SP:F9
8730  EA        NOP                             A:01 X:E9 Y:00 P:A5 SP:F9
8731  CA        DEX                             A:01 X:E9 Y:00 P:A5 SP:F9
8732  D0 FB     BNE $872F                       A:01 X:E8 Y:00 P:A5 SP:F9
872F  EA        NOP                             A:01 X:E8 Y:00 P:A5 SP:F9
8730  EA        NOP                             A:01 X:E8 Y:00 P:A5 SP:F9
8731  CA        DEX                             A:01 X:E8 Y:00 P:A5 SP:F9
8732  D0 FB     BNE $872F                       A:01 X:E7 Y:00 P:A5 SP:F9
872F  EA        NOP                             A:01 X:E7 Y:00 P:A5 SP:F9
8730  EA        NOP                             A:01 X:E7 Y:00 P:A5 SP:F9
8731  CA        DEX                             A:01 X:E7 Y:00 P:A5 SP:F9
8732  D0 FB     BNE $872F                       A:01 X:E6 Y:00 P:A5 SP:F9
872F  EA        NOP                             A:01 X:E6 Y:00 P:A5 SP:F9
8730  EA        NOP                             A:01 X:E6 Y:00 P:A5 SP:F9
8731  CA        DEX                             A:01 X:E6 Y:00 P:A5 SP:F9
8732  D0 FB     BNE $872F                       A:01 X:E5 Y:00 P:A5 SP:F9
872F  EA        NOP                             A:01 X:E5 Y:00 P:A5 SP:F9
8730  EA        NOP                             A:01 X:E5 Y:00 P:A5 SP:F9
8731  CA        DEX                             A:01 X:E5 Y:00 P:A5 SP:F9
8732  D0 FB     BNE $872F                       A:01 X:E4 Y:00 P:A5 SP:F9
872F  EA        NOP                             A:01 X:E4 Y:00 P:A5 SP:F9
8730  EA        NOP                             A:01 X:E4 Y:00 P:A5 SP:F9
8731  CA        DEX                             A:01 X:E4 Y:00 P:A5 SP:F9
8732  D0 FB     BNE $872F                       A:01 X:E3 Y:00 P:A5 SP:F9
872F  EA        NOP                             A:01 X:E3 Y:00 P:A5 SP:F9
8730  EA        NOP                             A:01 X:E3 Y:00 P:A5 SP:F9
8731  CA        DEX                             A:01 X:E3 Y:00 P:A5 SP:F9
8732  D0 FB     BNE $872F                       A:01 X:E2 Y:00 P:A5 SP:F9
872F  EA        NOP                             A:01 X:E2 Y:00 P:A5 SP:F9
8730  EA        NOP                             A:01 X:E2 Y:00 P:A5 SP:F9
8731  CA        DEX                             A:01 X:E2 Y:00 P:A5 SP:F9
8732  D0 FB     BNE $872F                       A:01 X:E1 Y:00 P:A5 SP:F9
872F  EA        NOP                             A:01 X:E1 Y:00 P:A5 SP:F9
8730  EA        NOP                             A:01 X:E1 Y:00 P:A5 SP:F9
8731  CA        DEX                             A:01 X:E1 Y:00 P:A5 SP:F9
8732  D0 FB     BNE $872F                       A:01 X:E0 Y:00 P:A5 SP:F9
872F  EA        NOP                             A:01 X:E0 Y:00 P:A5 SP:F9
8730  EA        NOP                             A:01 X:E0 Y:00 P:A5 SP:F9
8731  CA        DEX                             A:01 X:E0 Y:00 P:A5 SP:F9
8732  D0 FB     BNE $872F                       A:01 X:DF Y:00 P:A5 SP:F9
872F  EA        NOP                             A:01 X:DF Y:00 P:A5 SP:F9
8730  EA        NOP                             A:01 X:DF Y:00 P:A5 SP:F9
8731  CA        DEX                             A:01 X:DF Y:00 P:A5 SP:F9
8732  D0 FB     BNE $872F                       A:01 X:DE Y:00 P:A5 SP:F9
872F  EA        NOP                             A:01 X:DE Y:00 P:A5 SP:F9
8730  EA        NOP                             A:01 X:DE Y:00 P:A5 SP:F9
8731  CA        DEX                             A:01 X:DE Y:00 P:A5 SP:F9
8732  D0 FB     BNE $872F                       A:01 X:DD Y:00 P:A5 SP:F9
872F  EA        NOP                             A:01 X:DD Y:00 P:A5 SP:F9
8730  EA        NOP                             A:01 X:DD Y:00 P:A5 SP:F9
8731  CA        DEX                             A:01 X:DD Y:00 P:A5 SP:F9
8732  D0 FB     BNE $872F                       A:01 X:DC Y:00 P:A5 SP:F9
872F  EA        NOP                             A:01 X:DC Y:00 P:A5 SP:F9
8730  EA        NOP                             A:01 X:DC Y:00 P:A5 SP:F9
8731  CA        DEX                             A:01 X:DC Y:00 P:A5 SP:F9
8732  D0 FB     BNE $872F                       A:01 X:DB Y:00 P:A5 SP:F9
872F  EA        NOP                             A:01 X:DB Y:00 P:A5 SP:F9
8730  EA        NOP                             A:01 X:DB Y:00 P:A5 SP:F9
8731  CA        DEX                             A:01 X:DB Y:00 P:A5 SP:F9
8732  D0 FB     BNE $872F                       A:01 X:DA Y:00 P:A5 SP:F9
872F  EA        NOP                             A:01 X:DA Y:00 P:A5 SP:F9
8730  EA        NOP                             A:01 X:DA Y:00 P:A5 SP:F9
8731  CA        DEX                             A:01 X:DA Y:00 P:A5 SP:F9
8732  D0 FB     BNE $872F                       A:01 X:D9 Y:00 P:A5 SP:F9
872F  EA        NOP                             A:01 X:D9 Y:00 P:A5 SP:F9
8730  EA        NOP                             A:01 X:D9 Y:00 P:A5 SP:F9
8731  CA        DEX                             A:01 X:D9 Y:00 P:A5 SP:F9
8732  D0 FB     BNE $872F                       A:01 X:D8 Y:00 P:A5 SP:F9
872F  EA        NOP                             A:01 X:D8 Y:00 P:A5 SP:F9
8730  EA        NOP                             A:01 X:D8 Y:00 P:A5 SP:F9
8731  CA        DEX                             A:01 X:D8 Y:00 P:A5 SP:F9
8732  D0 FB     BNE $872F                       A:01 X:D7 Y:00 P:A5 SP:F9
872F  EA        NOP                             A:01 X:D7 Y:00 P:A5 SP:F9
8730  EA        NOP                             A:01 X:D7 Y:00 P:A5 SP:F9
8731  CA        DEX                             A:01 X:D7 Y:00 P:A5 SP:F9
8732  D0 FB     BNE $872F                       A:01 X:D6 Y:00 P:A5 SP:F9
872F  EA        NOP                             A:01 X:D6 Y:00 P:A5 SP:F9
8730  EA        NOP                             A:01 X:D6 Y:00 P:A5 SP:F9
8731  CA        DEX                             A:01 X:D6 Y:00 P:A5 SP:F9
8732  D0 FB     BNE $872F                       A:01 X:D5 Y:00 P:A5 SP:F9
872F  EA        NOP                             A:01 X:D5 Y:00 P:A5 SP:F9
8730  EA        NOP                             A:01 X:D5 Y:00 P:A5 SP:F9
8731  CA        DEX                             A:01 X:D5 Y:00 P:A5 SP:F9
8732  D0 FB     BNE $872F                       A:01 X:D4 Y:00 P:A5 SP:F9
872F  EA        NOP                             A:01 X:D4 Y:00 P:A5 SP:F9
8730  EA        NOP                             A:01 X:D4 Y:00 P:A5 SP:F9
8731  CA        DEX                             A:01 X:D4 Y:00 P:A5 SP:F9
8732  D0 FB     BNE $872F                       A:01 X:D3 Y:00 P:A5 SP:F9
872F  EA        NOP                             A:01 X:D3 Y:00 P:A5 SP:F9
8730  EA        NOP                             A:01 X:D3 Y:00 P:A5 SP:F9
8731  CA        DEX                             A:01 X:D3 Y:00 P:A5 SP:F9
8732  D0 FB     BNE $872F                       A:01 X:D2 Y:00 P:A5 SP:F9
872F  EA        NOP                             A:01 X:D2 Y:00 P:A5 SP:F9
8730  EA        NOP                             A:01 X:D2 Y:00 P:A5 SP:F9
8731  CA        DEX                             A:01 X:D2 Y:00 P:A5 SP:F9
8732  D0 FB     BNE $872F                       A:01 X:D1 Y:00 P:A5 SP:F9
872F  EA        NOP                             A:01 X:D1 Y:00 P:A5 SP:F9
8730  EA        NOP                             A:01 X:D1 Y:00 P:A5 SP:F9
8731  CA        DEX                             A:01 X:D1 Y:00 P:A5 SP:F9
8732  D0 FB     BNE $872F                       A:01 X:D0 Y:00 P:A5 SP:F9
872F  EA        NOP                             A:01 X:D0 Y:00 P:A5 SP:F9
8730  EA        NOP                             A:01 X:D0 Y:00 P:A5 SP:F9
8731  CA        DEX                             A:01 X:D0 Y:00 P:A5 SP:F9
8732  D0 FB     BNE $872F                       A:01 X:CF Y:00 P:A5 SP:F9
872F  EA        NOP                             A:01 X:CF Y:00 P:A5 SP:F9
8730  EA        NOP                             A:01 X:CF Y:00 P:A5 SP:F9
8731  CA        DEX                             A:01 X:CF Y:00 P:A5 SP:F9
8732  D0 FB     BNE $872F                       A:01 X:CE Y:00 P:A5 SP:F9
872F  EA        NOP                             A:01 X:CE Y:00 P:A5 SP:F9
8730  EA        NOP                             A:01 X:CE Y:00 P:A5 SP:F9
8731  CA        DEX                             A:01 X:CE Y:00 P:A5 SP:F9
8732  D0 FB     BNE $872F                       A:01 X:CD Y:00 P:A5 SP:F9
872F  EA        NOP                             A:01 X:CD Y:00 P:A5 SP:F9
8730  EA        NOP                             A:01 X:CD Y:00 P:A5 SP:F9
8731  CA        DEX                             A:01 X:CD Y:00 P:A5 SP:F9
8732  D0 FB     BNE $872F                       A:01 X:CC Y:00 P:A5 SP:F9
872F  EA        NOP                             A:01 X:CC Y:00 P:A5 SP:F9
8730  EA        NOP                             A:01 X:CC Y:00 P:A5 SP:F9
8731  CA        DEX                             A:01 X:CC Y:00 P:A5 SP:F9
8732  D0 FB     BNE $872F                       A:01 X:CB Y:00 P:A5 SP:F9
872F  EA        NOP                             A:01 X:CB Y:00 P:A5 SP:F9
8730  EA        NOP                             A:01 X:CB Y:00 P:A5 SP:F9
8731  CA        DEX                             A:01 X:CB Y:00 P:A5 SP:F9
8732  D0 FB     BNE $872F                       A:01 X:CA Y:00 P:A5 SP:F9
872F  EA        NOP                             A:01 X:CA Y:00 P:A5 SP:F9
8730  EA        NOP                             A:01 X:CA Y:00 P:A5 SP:F9
8731  CA        DEX                             A:01 X:CA Y:00 P:A5 SP:F9
8732  D0 FB     BNE $872F                       A:01 X:C9 Y:00 P:A5 SP:F9
872F  EA        NOP                             A:01 X:C9 Y:00 P:A5 SP:F9
8730  EA        NOP                             A:01 X:C9 Y:00 P:A5 SP:F9
8731  CA        DEX                             A:01 X:C9 Y:00 P:A5 SP:F9
8732  D0 FB     BNE $872F                       A:01 X:C8 Y:00 P:A5 SP:F9
872F  EA        NOP                             A:01 X:C8 Y:00 P:A5 SP:F9
8730  EA        NOP                             A:01 X:C8 Y:00 P:A5 SP:F9
8731  CA        DEX                             A:01 X:C8 Y:00 P:A5 SP:F9
8732  D0 FB     BNE $872F                       A:01 X:C7 Y:00 P:A5 SP:F9
872F  EA        NOP                             A:01 X:C7 Y:00 P:A5 SP:F9
8730  EA        NOP                             A:01 X:C7 Y:00 P:A5 SP:F9
8731  CA        DEX                             A:01 X:C7 Y:00 P:A5 SP:F9
8732  D0 FB     BNE $872F                       A:01 X:C6 Y:00 P:A5 SP:F9
872F  EA        NOP                             A:01 X:C6 Y:00 P:A5 SP:F9
8730  EA        NOP                             A:01 X:C6 Y:00 P:A5 SP:F9
8731  CA        DEX                             A:01 X:C6 Y:00 P:A5 SP:F9
8732  D0 FB     BNE $872F                       A:01 X:C5 Y:00 P:A5 SP:F9
872F  EA        NOP                             A:01 X:C5 Y:00 P:A5 SP:F9
8730  EA        NOP                             A:01 X:C5 Y:00 P:A5 SP:F9
8731  CA        DEX                             A:01 X:C5 Y:00 P:A5 SP:F9
8732  D0 FB     BNE $872F                       A:01 X:C4 Y:00 P:A5 SP:F9
872F  EA        NOP                             A:01 X:C4 Y:00 P:A5 SP:F9
8730  EA        NOP                             A:01 X:C4 Y:00 P:A5 SP:F9
8731  CA        DEX                             A:01 X:C4 Y:00 P:A5 SP:F9
8732  D0 FB     BNE $872F                       A:01 X:C3 Y:00 P:A5 SP:F9
872F  EA        NOP                             A:01 X:C3 Y:00 P:A5 SP:F9
8730  EA        NOP                             A:01 X:C3 Y:00 P:A5 SP:F9
8731  CA        DEX                             A:01 X:C3 Y:00 P:A5 SP:F9
8732  D0 FB     BNE $872F                       A:01 X:C2 Y:00 P:A5 SP:F9
872F  EA        NOP                             A:01 X:C2 Y:00 P:A5 SP:F9
8730  EA        NOP                             A:01 X:C2 Y:00 P:A5 SP:F9
8731  CA        DEX                             A:01 X:C2 Y:00 P:A5 SP:F9
8732  D0 FB     BNE $872F                       A:01 X:C1 Y:00 P:A5 SP:F9
872F  EA        NOP                             A:01 X:C1 Y:00 P:A5 SP:F9
8730  EA        NOP                             A:01 X:C1 Y:00 P:A5 SP:F9
8731  CA        DEX                             A:01 X:C1 Y:00 P:A5 SP:F9
8732  D0 FB     BNE $872F                       A:01 X:C0 Y:00 P:A5 SP:F9
872F  EA        NOP                             A:01 X:C0 Y:00 P:A5 SP:F9
8730  EA        NOP                             A:01 X:C0 Y:00 P:A5 SP:F9
8731  CA        DEX                             A:01 X:C0 Y:00 P:A5 SP:F9
8732  D0 FB     BNE $872F                       A:01 X:BF Y:00 P:A5 SP:F9
872F  EA        NOP                             A:01 X:BF Y:00 P:A5 SP:F9
8730  EA        NOP                             A:01 X:BF Y:00 P:A5 SP:F9
8731  CA        DEX                             A:01 X:BF Y:00 P:A5 SP:F9
8732  D0 FB     BNE $872F                       A:01 X:BE Y:00 P:A5 SP:F9
872F  EA        NOP                             A:01 X:BE Y:00 P:A5 SP:F9
8730  EA        NOP                             A:01 X:BE Y:00 P:A5 SP:F9
8731  CA        DEX                             A:01 X:BE Y:00 P:A5 SP:F9
8732  D0 FB     BNE $872F                       A:01 X:BD Y:00 P:A5 SP:F9
872F  EA        NOP                             A:01 X:BD Y:00 P:A5 SP:F9
8730  EA        NOP                             A:01 X:BD Y:00 P:A5 SP:F9
8731  CA        DEX                             A:01 X:BD Y:00 P:A5 SP:F9
8732  D0 FB     BNE $872F                       A:01 X:BC Y:00 P:A5 SP:F9
872F  EA        NOP                             A:01 X:BC Y:00 P:A5 SP:F9
8730  EA        NOP                             A:01 X:BC Y:00 P:A5 SP:F9
8731  CA        DEX                             A:01 X:BC Y:00 P:A5 SP:F9
8732  D0 FB     BNE $872F                       A:01 X:BB Y:00 P:A5 SP:F9
872F  EA        NOP                             A:01 X:BB Y:00 P:A5 SP:F9
8730  EA        NOP                             A:01 X:BB Y:00 P:A5 SP:F9
8731  CA        DEX                             A:01 X:BB Y:00 P:A5 SP:F9
8732  D0 FB     BNE $872F                       A:01 X:BA Y:00 P:A5 SP:F9
872F  EA        NOP                             A:01 X:BA Y:00 P:A5 SP:F9
8730  EA        NOP                             A:01 X:BA Y:00 P:A5 SP:F9
8731  CA        DEX                             A:01 X:BA Y:00 P:A5 SP:F9
8732  D0 FB     BNE $872F                       A:01 X:B9 Y:00 P:A5 SP:F9
872F  EA        NOP                             A:01 X:B9 Y:00 P:A5 SP:F9
8730  EA        NOP                             A:01 X:B9 Y:00 P:A5 SP:F9
8731  CA        DEX                             A:01 X:B9 Y:00 P:A5 SP:F9
8732  D0 FB     BNE $872F                       A:01 X:B8 Y:00 P:A5 SP:F9
872F  EA        NOP                             A:01 X:B8 Y:00 P:A5 SP:F9
8730  EA        NOP                             A:01 X:B8 Y:00 P:A5 SP:F9
8731  CA        DEX                             A:01 X:B8 Y:00 P:A5 SP:F9
8732  D0 FB     BNE $872F                       A:01 X:B7 Y:00 P:A5 SP:F9
872F  EA        NOP                             A:01 X:B7 Y:00 P:A5 SP:F9
8730  EA        NOP                             A:01 X:B7 Y:00 P:A5 SP:F9
8731  CA        DEX                             A:01 X:B7 Y:00 P:A5 SP:F9
8732  D0 FB     BNE $872F                       A:01 X:B6 Y:00 P:A5 SP:F9
872F  EA        NOP                             A:01 X:B6 Y:00 P:A5 SP:F9
8730  EA        NOP                             A:01 X:B6 Y:00 P:A5 SP:F9
8731  CA        DEX                             A:01 X:B6 Y:00 P:A5 SP:F9
8732  D0 FB     BNE $872F                       A:01 X:B5 Y:00 P:A5 SP:F9
872F  EA        NOP                             A:01 X:B5 Y:00 P:A5 SP:F9
8730  EA        NOP                             A:01 X:B5 Y:00 P:A5 SP:F9
8731  CA        DEX                             A:01 X:B5 Y:00 P:A5 SP:F9
8732  D0 FB     BNE $872F                       A:01 X:B4 Y:00 P:A5 SP:F9
872F  EA        NOP                             A:01 X:B4 Y:00 P:A5 SP:F9
8730  EA        NOP                             A:01 X:B4 Y:00 P:A5 SP:F9
8731  CA        DEX                             A:01 X:B4 Y:00 P:A5 SP:F9
8732  D0 FB     BNE $872F                       A:01 X:B3 Y:00 P:A5 SP:F9
872F  EA        NOP                             A:01 X:B3 Y:00 P:A5 SP:F9
8730  EA        NOP                             A:01 X:B3 Y:00 P:A5 SP:F9
8731  CA        DEX                             A:01 X:B3 Y:00 P:A5 SP:F9
8732  D0 FB     BNE $872F                       A:01 X:B2 Y:00 P:A5 SP:F9
872F  EA        NOP                             A:01 X:B2 Y:00 P:A5 SP:F9
8730  EA        NOP                             A:01 X:B2 Y:00 P:A5 SP:F9
8731  CA        DEX                             A:01 X:B2 Y:00 P:A5 SP:F9
8732  D0 FB     BNE $872F                       A:01 X:B1 Y:00 P:A5 SP:F9
872F  EA        NOP                             A:01 X:B1 Y:00 P:A5 SP:F9
8730  EA        NOP                             A:01 X:B1 Y:00 P:A5 SP:F9
8731  CA        DEX                             A:01 X:B1 Y:00 P:A5 SP:F9
8732  D0 FB     BNE $872F                       A:01 X:B0 Y:00 P:A5 SP:F9
872F  EA        NOP                             A:01 X:B0 Y:00 P:A5 SP:F9
8730  EA        NOP                             A:01 X:B0 Y:00 P:A5 SP:F9
8731  CA        DEX                             A:01 X:B0 Y:00 P:A5 SP:F9
8732  D0 FB     BNE $872F                       A:01 X:AF Y:00 P:A5 SP:F9
872F  EA        NOP                             A:01 X:AF Y:00 P:A5 SP:F9
8730  EA        NOP                             A:01 X:AF Y:00 P:A5 SP:F9
8731  CA        DEX                             A:01 X:AF Y:00 P:A5 SP:F9
8732  D0 FB     BNE $872F                       A:01 X:AE Y:00 P:A5 SP:F9
872F  EA        NOP                             A:01 X:AE Y:00 P:A5 SP:F9
8730  EA        NOP                             A:01 X:AE Y:00 P:A5 SP:F9
8731  CA        DEX                             A:01 X:AE Y:00 P:A5 SP:F9
8732  D0 FB     BNE $872F                       A:01 X:AD Y:00 P:A5 SP:F9
872F  EA        NOP                             A:01 X:AD Y:00 P:A5 SP:F9
8730  EA        NOP                             A:01 X:AD Y:00 P:A5 SP:F9
8731  CA        DEX                             A:01 X:AD Y:00 P:A5 SP:F9
8732  D0 FB     BNE $872F                       A:01 X:AC Y:00 P:A5 SP:F9
872F  EA        NOP                             A:01 X:AC Y:00 P:A5 SP:F9
8730  EA        NOP                             A:01 X:AC Y:00 P:A5 SP:F9
8731  CA        DEX                             A:01 X:AC Y:00 P:A5 SP:F9
8732  D0 FB     BNE $872F                       A:01 X:AB Y:00 P:A5 SP:F9
872F  EA        NOP                             A:01 X:AB Y:00 P:A5 SP:F9
8730  EA        NOP                             A:01 X:AB Y:00 P:A5 SP:F9
8731  CA        DEX                             A:01 X:AB Y:00 P:A5 SP:F9
8732  D0 FB     BNE $872F                       A:01 X:AA Y:00 P:A5 SP:F9
872F  EA        NOP                             A:01 X:AA Y:00 P:A5 SP:F9
8730  EA        NOP                             A:01 X:AA Y:00 P:A5 SP:F9
8731  CA        DEX                             A:01 X:AA Y:00 P:A5 SP:F9
8732  D0 FB     BNE $872F                       A:01 X:A9 Y:00 P:A5 SP:F9
872F  EA        NOP                             A:01 X:A9 Y:00 P:A5 SP:F9
8730  EA        NOP                             A:01 X:A9 Y:00 P:A5 SP:F9
8731  CA        DEX                             A:01 X:A9 Y:00 P:A5 SP:F9
8732  D0 FB     BNE $872F                       A:01 X:A8 Y:00 P:A5 SP:F9
872F  EA        NOP                             A:01 X:A8 Y:00 P:A5 SP:F9
8730  EA        NOP                             A:01 X:A8 Y:00 P:A5 SP:F9
8731  CA        DEX                             A:01 X:A8 Y:00 P:A5 SP:F9
8732  D0 FB     BNE $872F                       A:01 X:A7 Y:00 P:A5 SP:F9
872F  EA        NOP                             A:01 X:A7 Y:00 P:A5 SP:F9
8730  EA        NOP                             A:01 X:A7 Y:00 P:A5 SP:F9
8731  CA        DEX                             A:01 X:A7 Y:00 P:A5 SP:F9
8732  D0 FB     BNE $872F                       A:01 X:A6 Y:00 P:A5 SP:F9
872F  EA        NOP                             A:01 X:A6 Y:00 P:A5 SP:F9
8730  EA        NOP                             A:01 X:A6 Y:00 P:A5 SP:F9
8731  CA        DEX                             A:01 X:A6 Y:00 P:A5 SP:F9
8732  D0 FB     BNE $872F                       A:01 X:A5 Y:00 P:A5 SP:F9
872F  EA        NOP                             A:01 X:A5 Y:00 P:A5 SP:F9
8730  EA        NOP                             A:01 X:A5 Y:00 P:A5 SP:F9
8731  CA        DEX                             A:01 X:A5 Y:00 P:A5 SP:F9
8732  D0 FB     BNE $872F                       A:01 X:A4 Y:00 P:A5 SP:F9
872F  EA        NOP                             A:01 X:A4 Y:00 P:A5 SP:F9
8730  EA        NOP                             A:01 X:A4 Y:00 P:A5 SP:F9
8731  CA        DEX                             A:01 X:A4 Y:00 P:A5 SP:F9
8732  D0 FB     BNE $872F                       A:01 X:A3 Y:00 P:A5 SP:F9
872F  EA        NOP                             A:01 X:A3 Y:00 P:A5 SP:F9
8730  EA        NOP                             A:01 X:A3 Y:00 P:A5 SP:F9
8731  CA        DEX                             A:01 X:A3 Y:00 P:A5 SP:F9
8732  D0 FB     BNE $872F                       A:01 X:A2 Y:00 P:A5 SP:F9
872F  EA        NOP                             A:01 X:A2 Y:00 P:A5 SP:F9
8730  EA        NOP                             A:01 X:A2 Y:00 P:A5 SP:F9
8731  CA        DEX                             A:01 X:A2 Y:00 P:A5 SP:F9
8732  D0 FB     BNE $872F                       A:01 X:A1 Y:00 P:A5 SP:F9
872F  EA        NOP                             A:01 X:A1 Y:00 P:A5 SP:F9
8730  EA        NOP                             A:01 X:A1 Y:00 P:A5 SP:F9
8731  CA        DEX                             A:01 X:A1 Y:00 P:A5 SP:F9
8732  D0 FB     BNE $872F                       A:01 X:A0 Y:00 P:A5 SP:F9
872F  EA        NOP                             A:01 X:A0 Y:00 P:A5 SP:F9
8730  EA        NOP                             A:01 X:A0 Y:00 P:A5 SP:F9
8731  CA        DEX                             A:01 X:A0 Y:00 P:A5 SP:F9
8732  D0 FB     BNE $872F                       A:01 X:9F Y:00 P:A5 SP:F9
872F  EA        NOP                             A:01 X:9F Y:00 P:A5 SP:F9
8730  EA        NOP                             A:01 X:9F Y:00 P:A5 SP:F9
8731  CA        DEX                             A:01 X:9F Y:00 P:A5 SP:F9
8732  D0 FB     BNE $872F                       A:01 X:9E Y:00 P:A5 SP:F9
872F  EA        NOP                             A:01 X:9E Y:00 P:A5 SP:F9
8730  EA        NOP                             A:01 X:9E Y:00 P:A5 SP:F9
8731  CA        DEX                             A:01 X:9E Y:00 P:A5 SP:F9
8732  D0 FB     BNE $872F                       A:01 X:9D Y:00 P:A5 SP:F9
872F  EA        NOP                             A:01 X:9D Y:00 P:A5 SP:F9
8730  EA        NOP                             A:01 X:9D Y:00 P:A5 SP:F9
8731  CA        DEX                             A:01 X:9D Y:00 P:A5 SP:F9
8732  D0 FB     BNE $872F                       A:01 X:9C Y:00 P:A5 SP:F9
872F  EA        NOP                             A:01 X:9C Y:00 P:A5 SP:F9
8730  EA        NOP                             A:01 X:9C Y:00 P:A5 SP:F9
8731  CA        DEX                             A:01 X:9C Y:00 P:A5 SP:F9
8732  D0 FB     BNE $872F                       A:01 X:9B Y:00 P:A5 SP:F9
872F  EA        NOP                             A:01 X:9B Y:00 P:A5 SP:F9
8730  EA        NOP                             A:01 X:9B Y:00 P:A5 SP:F9
8731  CA        DEX                             A:01 X:9B Y:00 P:A5 SP:F9
8732  D0 FB     BNE $872F                       A:01 X:9A Y:00 P:A5 SP:F9
872F  EA        NOP                             A:01 X:9A Y:00 P:A5 SP:F9
8730  EA        NOP                             A:01 X:9A Y:00 P:A5 SP:F9
8731  CA        DEX                             A:01 X:9A Y:00 P:A5 SP:F9
8732  D0 FB     BNE $872F                       A:01 X:99 Y:00 P:A5 SP:F9
872F  EA        NOP                             A:01 X:99 Y:00 P:A5 SP:F9
8730  EA        NOP                             A:01 X:99 Y:00 P:A5 SP:F9
8731  CA        DEX                             A:01 X:99 Y:00 P:A5 SP:F9
8732  D0 FB     BNE $872F                       A:01 X:98 Y:00 P:A5 SP:F9
872F  EA        NOP                             A:01 X:98 Y:00 P:A5 SP:F9
8730  EA        NOP                             A:01 X:98 Y:00 P:A5 SP:F9
8731  CA        DEX                             A:01 X:98 Y:00 P:A5 SP:F9
8732  D0 FB     BNE $872F                       A:01 X:97 Y:00 P:A5 SP:F9
872F  EA        NOP                             A:01 X:97 Y:00 P:A5 SP:F9
8730  EA        NOP                             A:01 X:97 Y:00 P:A5 SP:F9
8731  CA        DEX                             A:01 X:97 Y:00 P:A5 SP:F9
8732  D0 FB     BNE $872F                       A:01 X:96 Y:00 P:A5 SP:F9
872F  EA        NOP                             A:01 X:96 Y:00 P:A5 SP:F9
8730  EA        NOP                             A:01 X:96 Y:00 P:A5 SP:F9
8731  CA        DEX                             A:01 X:96 Y:00 P:A5 SP:F9
8732  D0 FB     BNE $872F                       A:01 X:95 Y:00 P:A5 SP:F9
872F  EA        NOP                             A:01 X:95 Y:00 P:A5 SP:F9
8730  EA        NOP                             A:01 X:95 Y:00 P:A5 SP:F9
8731  CA        DEX                             A:01 X:95 Y:00 P:A5 SP:F9
8732  D0 FB     BNE $872F                       A:01 X:94 Y:00 P:A5 SP:F9
872F  EA        NOP                             A:01 X:94 Y:00 P:A5 SP:F9
8730  EA        NOP                             A:01 X:94 Y:00 P:A5 SP:F9
8731  CA        DEX                             A:01 X:94 Y:00 P:A5 SP:F9
8732  D0 FB     BNE $872F                       A:01 X:93 Y:00 P:A5 SP:F9
872F  EA        NOP                             A:01 X:93 Y:00 P:A5 SP:F9
8730  EA        NOP                             A:01 X:93 Y:00 P:A5 SP:F9
8731  CA        DEX                             A:01 X:93 Y:00 P:A5 SP:F9
8732  D0 FB     BNE $872F                       A:01 X:92 Y:00 P:A5 SP:F9
872F  EA        NOP                             A:01 X:92 Y:00 P:A5 SP:F9
8730  EA        NOP                             A:01 X:92 Y:00 P:A5 SP:F9
8731  CA        DEX                             A:01 X:92 Y:00 P:A5 SP:F9
8732  D0 FB     BNE $872F                       A:01 X:91 Y:00 P:A5 SP:F9
872F  EA        NOP                             A:01 X:91 Y:00 P:A5 SP:F9
8730  EA        NOP                             A:01 X:91 Y:00 P:A5 SP:F9
8731  CA        DEX                             A:01 X:91 Y:00 P:A5 SP:F9
8732  D0 FB     BNE $872F                       A:01 X:90 Y:00 P:A5 SP:F9
872F  EA        NOP                             A:01 X:90 Y:00 P:A5 SP:F9
8730  EA        NOP                             A:01 X:90 Y:00 P:A5 SP:F9
8731  CA        DEX                             A:01 X:90 Y:00 P:A5 SP:F9
8732  D0 FB     BNE $872F                       A:01 X:8F Y:00 P:A5 SP:F9
872F  EA        NOP                             A:01 X:8F Y:00 P:A5 SP:F9
8730  EA        NOP                             A:01 X:8F Y:00 P:A5 SP:F9
8731  CA        DEX                             A:01 X:8F Y:00 P:A5 SP:F9
8732  D0 FB     BNE $872F                       A:01 X:8E Y:00 P:A5 SP:F9
872F  EA        NOP                             A:01 X:8E Y:00 P:A5 SP:F9
8730  EA        NOP                             A:01 X:8E Y:00 P:A5 SP:F9
8731  CA        DEX                             A:01 X:8E Y:00 P:A5 SP:F9
8732  D0 FB     BNE $872F                       A:01 X:8D Y:00 P:A5 SP:F9
872F  EA        NOP                             A:01 X:8D Y:00 P:A5 SP:F9
8730  EA        NOP                             A:01 X:8D Y:00 P:A5 SP:F9
8731  CA        DEX                             A:01 X:8D Y:00 P:A5 SP:F9
8732  D0 FB     BNE $872F                       A:01 X:8C Y:00 P:A5 SP:F9
872F  EA        NOP                             A:01 X:8C Y:00 P:A5 SP:F9
8730  EA        NOP                             A:01 X:8C Y:00 P:A5 SP:F9
8731  CA        DEX                             A:01 X:8C Y:00 P:A5 SP:F9
8732  D0 FB     BNE $872F                       A:01 X:8B Y:00 P:A5 SP:F9
872F  EA        NOP                             A:01 X:8B Y:00 P:A5 SP:F9
8730  EA        NOP                             A:01 X:8B Y:00 P:A5 SP:F9
8731  CA        DEX                             A:01 X:8B Y:00 P:A5 SP:F9
8732  D0 FB     BNE $872F                       A:01 X:8A Y:00 P:A5 SP:F9
872F  EA        NOP                             A:01 X:8A Y:00 P:A5 SP:F9
8730  EA        NOP                             A:01 X:8A Y:00 P:A5 SP:F9
8731  CA        DEX                             A:01 X:8A Y:00 P:A5 SP:F9
8732  D0 FB     BNE $872F                       A:01 X:89 Y:00 P:A5 SP:F9
872F  EA        NOP                             A:01 X:89 Y:00 P:A5 SP:F9
8730  EA        NOP                             A:01 X:89 Y:00 P:A5 SP:F9
8731  CA        DEX                             A:01 X:89 Y:00 P:A5 SP:F9
8732  D0 FB     BNE $872F                       A:01 X:88 Y:00 P:A5 SP:F9
872F  EA        NOP                             A:01 X:88 Y:00 P:A5 SP:F9
8730  EA        NOP                             A:01 X:88 Y:00 P:A5 SP:F9
8731  CA        DEX                             A:01 X:88 Y:00 P:A5 SP:F9
8732  D0 FB     BNE $872F                       A:01 X:87 Y:00 P:A5 SP:F9
872F  EA        NOP                             A:01 X:87 Y:00 P:A5 SP:F9
8730  EA        NOP                             A:01 X:87 Y:00 P:A5 SP:F9
8731  CA        DEX                             A:01 X:87 Y:00 P:A5 SP:F9
8732  D0 FB     BNE $872F                       A:01 X:86 Y:00 P:A5 SP:F9
872F  EA        NOP                             A:01 X:86 Y:00 P:A5 SP:F9
8730  EA        NOP                             A:01 X:86 Y:00 P:A5 SP:F9
8731  CA        DEX                             A:01 X:86 Y:00 P:A5 SP:F9
8732  D0 FB     BNE $872F                       A:01 X:85 Y:00 P:A5 SP:F9
872F  EA        NOP                             A:01 X:85 Y:00 P:A5 SP:F9
8730  EA        NOP                             A:01 X:85 Y:00 P:A5 SP:F9
8731  CA        DEX                             A:01 X:85 Y:00 P:A5 SP:F9
8732  D0 FB     BNE $872F                       A:01 X:84 Y:00 P:A5 SP:F9
872F  EA        NOP                             A:01 X:84 Y:00 P:A5 SP:F9
8730  EA        NOP                             A:01 X:84 Y:00 P:A5 SP:F9
8731  CA        DEX                             A:01 X:84 Y:00 P:A5 SP:F9
8732  D0 FB     BNE $872F                       A:01 X:83 Y:00 P:A5 SP:F9
872F  EA        NOP                             A:01 X:83 Y:00 P:A5 SP:F9
8730  EA        NOP                             A:01 X:83 Y:00 P:A5 SP:F9
8731  CA        DEX                             A:01 X:83 Y:00 P:A5 SP:F9
8732  D0 FB     BNE $872F                       A:01 X:82 Y:00 P:A5 SP:F9
872F  EA        NOP                             A:01 X:82 Y:00 P:A5 SP:F9
8730  EA        NOP                             A:01 X:82 Y:00 P:A5 SP:F9
8731  CA        DEX                             A:01 X:82 Y:00 P:A5 SP:F9
8732  D0 FB     BNE $872F                       A:01 X:81 Y:00 P:A5 SP:F9
872F  EA        NOP                             A:01 X:81 Y:00 P:A5 SP:F9
8730  EA        NOP                             A:01 X:81 Y:00 P:A5 SP:F9
8731  CA        DEX                             A:01 X:81 Y:00 P:A5 SP:F9
8732  D0 FB     BNE $872F                       A:01 X:80 Y:00 P:A5 SP:F9
872F  EA        NOP                             A:01 X:80 Y:00 P:A5 SP:F9
8730  EA        NOP                             A:01 X:80 Y:00 P:A5 SP:F9
8731  CA        DEX                             A:01 X:80 Y:00 P:A5 SP:F9
8732  D0 FB     BNE $872F                       A:01 X:7F Y:00 P:25 SP:F9
872F  EA        NOP                             A:01 X:7F Y:00 P:25 SP:F9
8730  EA        NOP                             A:01 X:7F Y:00 P:25 SP:F9
8731  CA        DEX                             A:01 X:7F Y:00 P:25 SP:F9
8732  D0 FB     BNE $872F                       A:01 X:7E Y:00 P:25 SP:F9
872F  EA        NOP                             A:01 X:7E Y:00 P:25 SP:F9
8730  EA        NOP                             A:01 X:7E Y:00 P:25 SP:F9
8731  CA        DEX                             A:01 X:7E Y:00 P:25 SP:F9
8732  D0 FB     BNE $872F                       A:01 X:7D Y:00 P:25 SP:F9
872F  EA        NOP                             A:01 X:7D Y:00 P:25 SP:F9
8730  EA        NOP                             A:01 X:7D Y:00 P:25 SP:F9
8731  CA        DEX                             A:01 X:7D Y:00 P:25 SP:F9
8732  D0 FB     BNE $872F                       A:01 X:7C Y:00 P:25 SP:F9
872F  EA        NOP                             A:01 X:7C Y:00 P:25 SP:F9
8730  EA        NOP                             A:01 X:7C Y:00 P:25 SP:F9
8731  CA        DEX                             A:01 X:7C Y:00 P:25 SP:F9
8732  D0 FB     BNE $872F                       A:01 X:7B Y:00 P:25 SP:F9
872F  EA        NOP                             A:01 X:7B Y:00 P:25 SP:F9
8730  EA        NOP                             A:01 X:7B Y:00 P:25 SP:F9
8731  CA        DEX                             A:01 X:7B Y:00 P:25 SP:F9
8732  D0 FB     BNE $872F                       A:01 X:7A Y:00 P:25 SP:F9
872F  EA        NOP                             A:01 X:7A Y:00 P:25 SP:F9
8730  EA        NOP                             A:01 X:7A Y:00 P:25 SP:F9
8731  CA        DEX                             A:01 X:7A Y:00 P:25 SP:F9
8732  D0 FB     BNE $872F                       A:01 X:79 Y:00 P:25 SP:F9
872F  EA        NOP                             A:01 X:79 Y:00 P:25 SP:F9
8730  EA        NOP                             A:01 X:79 Y:00 P:25 SP:F9
8731  CA        DEX                             A:01 X:79 Y:00 P:25 SP:F9
8732  D0 FB     BNE $872F                       A:01 X:78 Y:00 P:25 SP:F9
872F  EA        NOP                             A:01 X:78 Y:00 P:25 SP:F9
8730  EA        NOP                             A:01 X:78 Y:00 P:25 SP:F9
8731  CA        DEX                             A:01 X:78 Y:00 P:25 SP:F9
8732  D0 FB     BNE $872F                       A:01 X:77 Y:00 P:25 SP:F9
872F  EA        NOP                             A:01 X:77 Y:00 P:25 SP:F9
8730  EA        NOP                             A:01 X:77 Y:00 P:25 SP:F9
8731  CA        DEX                             A:01 X:77 Y:00 P:25 SP:F9
8732  D0 FB     BNE $872F                       A:01 X:76 Y:00 P:25 SP:F9
872F  EA        NOP                             A:01 X:76 Y:00 P:25 SP:F9
8730  EA        NOP                             A:01 X:76 Y:00 P:25 SP:F9
8731  CA        DEX                             A:01 X:76 Y:00 P:25 SP:F9
8732  D0 FB     BNE $872F                       A:01 X:75 Y:00 P:25 SP:F9
872F  EA        NOP                             A:01 X:75 Y:00 P:25 SP:F9
8730  EA        NOP                             A:01 X:75 Y:00 P:25 SP:F9
8731  CA        DEX                             A:01 X:75 Y:00 P:25 SP:F9
8732  D0 FB     BNE $872F                       A:01 X:74 Y:00 P:25 SP:F9
872F  EA        NOP                             A:01 X:74 Y:00 P:25 SP:F9
8730  EA        NOP                             A:01 X:74 Y:00 P:25 SP:F9
8731  CA        DEX                             A:01 X:74 Y:00 P:25 SP:F9
8732  D0 FB     BNE $872F                       A:01 X:73 Y:00 P:25 SP:F9
872F  EA        NOP                             A:01 X:73 Y:00 P:25 SP:F9
8730  EA        NOP                             A:01 X:73 Y:00 P:25 SP:F9
8731  CA        DEX                             A:01 X:73 Y:00 P:25 SP:F9
8732  D0 FB     BNE $872F                       A:01 X:72 Y:00 P:25 SP:F9
872F  EA        NOP                             A:01 X:72 Y:00 P:25 SP:F9
8730  EA        NOP                             A:01 X:72 Y:00 P:25 SP:F9
8731  CA        DEX                             A:01 X:72 Y:00 P:25 SP:F9
8732  D0 FB     BNE $872F                       A:01 X:71 Y:00 P:25 SP:F9
872F  EA        NOP                             A:01 X:71 Y:00 P:25 SP:F9
8730  EA        NOP                             A:01 X:71 Y:00 P:25 SP:F9
8731  CA        DEX                             A:01 X:71 Y:00 P:25 SP:F9
8732  D0 FB     BNE $872F                       A:01 X:70 Y:00 P:25 SP:F9
872F  EA        NOP                             A:01 X:70 Y:00 P:25 SP:F9
8730  EA        NOP                             A:01 X:70 Y:00 P:25 SP:F9
8731  CA        DEX                             A:01 X:70 Y:00 P:25 SP:F9
8732  D0 FB     BNE $872F                       A:01 X:6F Y:00 P:25 SP:F9
872F  EA        NOP                             A:01 X:6F Y:00 P:25 SP:F9
8730  EA        NOP                             A:01 X:6F Y:00 P:25 SP:F9
8731  CA        DEX                             A:01 X:6F Y:00 P:25 SP:F9
8732  D0 FB     BNE $872F                       A:01 X:6E Y:00 P:25 SP:F9
872F  EA        NOP                             A:01 X:6E Y:00 P:25 SP:F9
8730  EA        NOP                             A:01 X:6E Y:00 P:25 SP:F9
8731  CA        DEX                             A:01 X:6E Y:00 P:25 SP:F9
8732  D0 FB     BNE $872F                       A:01 X:6D Y:00 P:25 SP:F9
872F  EA        NOP                             A:01 X:6D Y:00 P:25 SP:F9
8730  EA        NOP                             A:01 X:6D Y:00 P:25 SP:F9
8731  CA        DEX                             A:01 X:6D Y:00 P:25 SP:F9
8732  D0 FB     BNE $872F                       A:01 X:6C Y:00 P:25 SP:F9
872F  EA        NOP                             A:01 X:6C Y:00 P:25 SP:F9
8730  EA        NOP                             A:01 X:6C Y:00 P:25 SP:F9
8731  CA        DEX                             A:01 X:6C Y:00 P:25 SP:F9
8732  D0 FB     BNE $872F                       A:01 X:6B Y:00 P:25 SP:F9
872F  EA        NOP                             A:01 X:6B Y:00 P:25 SP:F9
8730  EA        NOP                             A:01 X:6B Y:00 P:25 SP:F9
8731  CA        DEX                             A:01 X:6B Y:00 P:25 SP:F9
8732  D0 FB     BNE $872F                       A:01 X:6A Y:00 P:25 SP:F9
872F  EA        NOP                             A:01 X:6A Y:00 P:25 SP:F9
8730  EA        NOP                             A:01 X:6A Y:00 P:25 SP:F9
8731  CA        DEX                             A:01 X:6A Y:00 P:25 SP:F9
8732  D0 FB     BNE $872F                       A:01 X:69 Y:00 P:25 SP:F9
872F  EA        NOP                             A:01 X:69 Y:00 P:25 SP:F9
8730  EA        NOP                             A:01 X:69 Y:00 P:25 SP:F9
8731  CA        DEX                             A:01 X:69 Y:00 P:25 SP:F9
8732  D0 FB     BNE $872F                       A:01 X:68 Y:00 P:25 SP:F9
872F  EA        NOP                             A:01 X:68 Y:00 P:25 SP:F9
8730  EA        NOP                             A:01 X:68 Y:00 P:25 SP:F9
8731  CA        DEX                             A:01 X:68 Y:00 P:25 SP:F9
8732  D0 FB     BNE $872F                       A:01 X:67 Y:00 P:25 SP:F9
872F  EA        NOP                             A:01 X:67 Y:00 P:25 SP:F9
8730  EA        NOP                             A:01 X:67 Y:00 P:25 SP:F9
8731  CA        DEX                             A:01 X:67 Y:00 P:25 SP:F9
8732  D0 FB     BNE $872F                       A:01 X:66 Y:00 P:25 SP:F9
872F  EA        NOP                             A:01 X:66 Y:00 P:25 SP:F9
8730  EA        NOP                             A:01 X:66 Y:00 P:25 SP:F9
8731  CA        DEX                             A:01 X:66 Y:00 P:25 SP:F9
8732  D0 FB     BNE $872F                       A:01 X:65 Y:00 P:25 SP:F9
872F  EA        NOP                             A:01 X:65 Y:00 P:25 SP:F9
8730  EA        NOP                             A:01 X:65 Y:00 P:25 SP:F9
8731  CA        DEX                             A:01 X:65 Y:00 P:25 SP:F9
8732  D0 FB     BNE $872F                       A:01 X:64 Y:00 P:25 SP:F9
872F  EA        NOP                             A:01 X:64 Y:00 P:25 SP:F9
8730  EA        NOP                             A:01 X:64 Y:00 P:25 SP:F9
8731  CA        DEX                             A:01 X:64 Y:00 P:25 SP:F9
8732  D0 FB     BNE $872F                       A:01 X:63 Y:00 P:25 SP:F9
872F  EA        NOP                             A:01 X:63 Y:00 P:25 SP:F9
8730  EA        NOP                             A:01 X:63 Y:00 P:25 SP:F9
8731  CA        DEX                             A:01 X:63 Y:00 P:25 SP:F9
8732  D0 FB     BNE $872F                       A:01 X:62 Y:00 P:25 SP:F9
872F  EA        NOP                             A:01 X:62 Y:00 P:25 SP:F9
8730  EA        NOP                             A:01 X:62 Y:00 P:25 SP:F9
8731  CA        DEX                             A:01 X:62 Y:00 P:25 SP:F9
8732  D0 FB     BNE $872F                       A:01 X:61 Y:00 P:25 SP:F9
872F  EA        NOP                             A:01 X:61 Y:00 P:25 SP:F9
8730  EA        NOP                             A:01 X:61 Y:00 P:25 SP:F9
8731  CA        DEX                             A:01 X:61 Y:00 P:25 SP:F9
8732  D0 FB     BNE $872F                       A:01 X:60 Y:00 P:25 SP:F9
872F  EA        NOP                             A:01 X:60 Y:00 P:25 SP:F9
8730  EA        NOP                             A:01 X:60 Y:00 P:25 SP:F9
8731  CA        DEX                             A:01 X:60 Y:00 P:25 SP:F9
8732  D0 FB     BNE $872F                       A:01 X:5F Y:00 P:25 SP:F9
872F  EA        NOP                             A:01 X:5F Y:00 P:25 SP:F9
8730  EA        NOP                             A:01 X:5F Y:00 P:25 SP:F9
8731  CA        DEX                             A:01 X:5F Y:00 P:25 SP:F9
8732  D0 FB     BNE $872F                       A:01 X:5E Y:00 P:25 SP:F9
872F  EA        NOP                             A:01 X:5E Y:00 P:25 SP:F9
8730  EA        NOP                             A:01 X:5E Y:00 P:25 SP:F9
8731  CA        DEX                             A:01 X:5E Y:00 P:25 SP:F9
8732  D0 FB     BNE $872F                       A:01 X:5D Y:00 P:25 SP:F9
872F  EA        NOP                             A:01 X:5D Y:00 P:25 SP:F9
8730  EA        NOP                             A:01 X:5D Y:00 P:25 SP:F9
8731  CA        DEX                             A:01 X:5D Y:00 P:25 SP:F9
8732  D0 FB     BNE $872F                       A:01 X:5C Y:00 P:25 SP:F9
872F  EA        NOP                             A:01 X:5C Y:00 P:25 SP:F9
8730  EA        NOP                             A:01 X:5C Y:00 P:25 SP:F9
8731  CA        DEX                             A:01 X:5C Y:00 P:25 SP:F9
8732  D0 FB     BNE $872F                       A:01 X:5B Y:00 P:25 SP:F9
872F  EA        NOP                             A:01 X:5B Y:00 P:25 SP:F9
8730  EA        NOP                             A:01 X:5B Y:00 P:25 SP:F9
8731  CA        DEX                             A:01 X:5B Y:00 P:25 SP:F9
8732  D0 FB     BNE $872F                       A:01 X:5A Y:00 P:25 SP:F9
872F  EA        NOP                             A:01 X:5A Y:00 P:25 SP:F9
8730  EA        NOP                             A:01 X:5A Y:00 P:25 SP:F9
8731  CA        DEX                             A:01 X:5A Y:00 P:25 SP:F9
8732  D0 FB     BNE $872F                       A:01 X:59 Y:00 P:25 SP:F9
872F  EA        NOP                             A:01 X:59 Y:00 P:25 SP:F9
8730  EA        NOP                             A:01 X:59 Y:00 P:25 SP:F9
8731  CA        DEX                             A:01 X:59 Y:00 P:25 SP:F9
8732  D0 FB     BNE $872F                       A:01 X:58 Y:00 P:25 SP:F9
872F  EA        NOP                             A:01 X:58 Y:00 P:25 SP:F9
8730  EA        NOP                             A:01 X:58 Y:00 P:25 SP:F9
8731  CA        DEX                             A:01 X:58 Y:00 P:25 SP:F9
8732  D0 FB     BNE $872F                       A:01 X:57 Y:00 P:25 SP:F9
872F  EA        NOP                             A:01 X:57 Y:00 P:25 SP:F9
8730  EA        NOP                             A:01 X:57 Y:00 P:25 SP:F9
8731  CA        DEX                             A:01 X:57 Y:00 P:25 SP:F9
8732  D0 FB     BNE $872F                       A:01 X:56 Y:00 P:25 SP:F9
872F  EA        NOP                             A:01 X:56 Y:00 P:25 SP:F9
8730  EA        NOP                             A:01 X:56 Y:00 P:25 SP:F9
8731  CA        DEX                             A:01 X:56 Y:00 P:25 SP:F9
8732  D0 FB     BNE $872F                       A:01 X:55 Y:00 P:25 SP:F9
872F  EA        NOP                             A:01 X:55 Y:00 P:25 SP:F9
8730  EA        NOP                             A:01 X:55 Y:00 P:25 SP:F9
8731  CA        DEX                             A:01 X:55 Y:00 P:25 SP:F9
8732  D0 FB     BNE $872F                       A:01 X:54 Y:00 P:25 SP:F9
872F  EA        NOP                             A:01 X:54 Y:00 P:25 SP:F9
8730  EA        NOP                             A:01 X:54 Y:00 P:25 SP:F9
8731  CA        DEX                             A:01 X:54 Y:00 P:25 SP:F9
8732  D0 FB     BNE $872F                       A:01 X:53 Y:00 P:25 SP:F9
872F  EA        NOP                             A:01 X:53 Y:00 P:25 SP:F9
8730  EA        NOP                             A:01 X:53 Y:00 P:25 SP:F9
8731  CA        DEX                             A:01 X:53 Y:00 P:25 SP:F9
8732  D0 FB     BNE $872F                       A:01 X:52 Y:00 P:25 SP:F9
872F  EA        NOP                             A:01 X:52 Y:00 P:25 SP:F9
8730  EA        NOP                             A:01 X:52 Y:00 P:25 SP:F9
8731  CA        DEX                             A:01 X:52 Y:00 P:25 SP:F9
8732  D0 FB     BNE $872F                       A:01 X:51 Y:00 P:25 SP:F9
872F  EA        NOP                             A:01 X:51 Y:00 P:25 SP:F9
8730  EA        NOP                             A:01 X:51 Y:00 P:25 SP:F9
8731  CA        DEX                             A:01 X:51 Y:00 P:25 SP:F9
8732  D0 FB     BNE $872F                       A:01 X:50 Y:00 P:25 SP:F9
872F  EA        NOP                             A:01 X:50 Y:00 P:25 SP:F9
8730  EA        NOP                             A:01 X:50 Y:00 P:25 SP:F9
8731  CA        DEX                             A:01 X:50 Y:00 P:25 SP:F9
8732  D0 FB     BNE $872F                       A:01 X:4F Y:00 P:25 SP:F9
872F  EA        NOP                             A:01 X:4F Y:00 P:25 SP:F9
8730  EA        NOP                             A:01 X:4F Y:00 P:25 SP:F9
8731  CA        DEX                             A:01 X:4F Y:00 P:25 SP:F9
8732  D0 FB     BNE $872F                       A:01 X:4E Y:00 P:25 SP:F9
872F  EA        NOP                             A:01 X:4E Y:00 P:25 SP:F9
8730  EA        NOP                             A:01 X:4E Y:00 P:25 SP:F9
8731  CA        DEX                             A:01 X:4E Y:00 P:25 SP:F9
8732  D0 FB     BNE $872F                       A:01 X:4D Y:00 P:25 SP:F9
872F  EA        NOP                             A:01 X:4D Y:00 P:25 SP:F9
8730  EA        NOP                             A:01 X:4D Y:00 P:25 SP:F9
8731  CA        DEX                             A:01 X:4D Y:00 P:25 SP:F9
8732  D0 FB     BNE $872F                       A:01 X:4C Y:00 P:25 SP:F9
872F  EA        NOP                             A:01 X:4C Y:00 P:25 SP:F9
8730  EA        NOP                             A:01 X:4C Y:00 P:25 SP:F9
8731  CA        DEX                             A:01 X:4C Y:00 P:25 SP:F9
8732  D0 FB     BNE $872F                       A:01 X:4B Y:00 P:25 SP:F9
872F  EA        NOP                             A:01 X:4B Y:00 P:25 SP:F9
8730  EA        NOP                             A:01 X:4B Y:00 P:25 SP:F9
8731  CA        DEX                             A:01 X:4B Y:00 P:25 SP:F9
8732  D0 FB     BNE $872F                       A:01 X:4A Y:00 P:25 SP:F9
872F  EA        NOP                             A:01 X:4A Y:00 P:25 SP:F9
8730  EA        NOP                             A:01 X:4A Y:00 P:25 SP:F9
8731  CA        DEX                             A:01 X:4A Y:00 P:25 SP:F9
8732  D0 FB     BNE $872F                       A:01 X:49 Y:00 P:25 SP:F9
872F  EA        NOP                             A:01 X:49 Y:00 P:25 SP:F9
8730  EA        NOP                             A:01 X:49 Y:00 P:25 SP:F9
8731  CA        DEX                             A:01 X:49 Y:00 P:25 SP:F9
8732  D0 FB     BNE $872F                       A:01 X:48 Y:00 P:25 SP:F9
872F  EA        NOP                             A:01 X:48 Y:00 P:25 SP:F9
8730  EA        NOP                             A:01 X:48 Y:00 P:25 SP:F9
8731  CA        DEX                             A:01 X:48 Y:00 P:25 SP:F9
8732  D0 FB     BNE $872F                       A:01 X:47 Y:00 P:25 SP:F9
872F  EA        NOP                             A:01 X:47 Y:00 P:25 SP:F9
8730  EA        NOP                             A:01 X:47 Y:00 P:25 SP:F9
8731  CA        DEX                             A:01 X:47 Y:00 P:25 SP:F9
8732  D0 FB     BNE $872F                       A:01 X:46 Y:00 P:25 SP:F9
872F  EA        NOP                             A:01 X:46 Y:00 P:25 SP:F9
8730  EA        NOP                             A:01 X:46 Y:00 P:25 SP:F9
8731  CA        DEX                             A:01 X:46 Y:00 P:25 SP:F9
8732  D0 FB     BNE $872F                       A:01 X:45 Y:00 P:25 SP:F9
872F  EA        NOP                             A:01 X:45 Y:00 P:25 SP:F9
8730  EA        NOP                             A:01 X:45 Y:00 P:25 SP:F9
8731  CA        DEX                             A:01 X:45 Y:00 P:25 SP:F9
8732  D0 FB     BNE $872F                       A:01 X:44 Y:00 P:25 SP:F9
872F  EA        NOP                             A:01 X:44 Y:00 P:25 SP:F9
8730  EA        NOP                             A:01 X:44 Y:00 P:25 SP:F9
8731  CA        DEX                             A:01 X:44 Y:00 P:25 SP:F9
8732  D0 FB     BNE $872F                       A:01 X:43 Y:00 P:25 SP:F9
872F  EA        NOP                             A:01 X:43 Y:00 P:25 SP:F9
8730  EA        NOP                             A:01 X:43 Y:00 P:25 SP:F9
8731  CA        DEX                             A:01 X:43 Y:00 P:25 SP:F9
8732  D0 FB     BNE $872F                       A:01 X:42 Y:00 P:25 SP:F9
872F  EA        NOP                             A:01 X:42 Y:00 P:25 SP:F9
8730  EA        NOP                             A:01 X:42 Y:00 P:25 SP:F9
8731  CA        DEX                             A:01 X:42 Y:00 P:25 SP:F9
8732  D0 FB     BNE $872F                       A:01 X:41 Y:00 P:25 SP:F9
872F  EA        NOP                             A:01 X:41 Y:00 P:25 SP:F9
8730  EA        NOP                             A:01 X:41 Y:00 P:25 SP:F9
8731  CA        DEX                             A:01 X:41 Y:00 P:25 SP:F9
8732  D0 FB     BNE $872F                       A:01 X:40 Y:00 P:25 SP:F9
872F  EA        NOP                             A:01 X:40 Y:00 P:25 SP:F9
8730  EA        NOP                             A:01 X:40 Y:00 P:25 SP:F9
8731  CA        DEX                             A:01 X:40 Y:00 P:25 SP:F9
8732  D0 FB     BNE $872F                       A:01 X:3F Y:00 P:25 SP:F9
872F  EA        NOP                             A:01 X:3F Y:00 P:25 SP:F9
8730  EA        NOP                             A:01 X:3F Y:00 P:25 SP:F9
8731  CA        DEX                             A:01 X:3F Y:00 P:25 SP:F9
8732  D0 FB     BNE $872F                       A:01 X:3E Y:00 P:25 SP:F9
872F  EA        NOP                             A:01 X:3E Y:00 P:25 SP:F9
8730  EA        NOP                             A:01 X:3E Y:00 P:25 SP:F9
8731  CA        DEX                             A:01 X:3E Y:00 P:25 SP:F9
8732  D0 FB     BNE $872F                       A:01 X:3D Y:00 P:25 SP:F9
872F  EA        NOP                             A:01 X:3D Y:00 P:25 SP:F9
8730  EA        NOP                             A:01 X:3D Y:00 P:25 SP:F9
8731  CA        DEX                             A:01 X:3D Y:00 P:25 SP:F9
8732  D0 FB     BNE $872F                       A:01 X:3C Y:00 P:25 SP:F9
872F  EA        NOP                             A:01 X:3C Y:00 P:25 SP:F9
8730  EA        NOP                             A:01 X:3C Y:00 P:25 SP:F9
8731  CA        DEX                             A:01 X:3C Y:00 P:25 SP:F9
8732  D0 FB     BNE $872F                       A:01 X:3B Y:00 P:25 SP:F9
872F  EA        NOP                             A:01 X:3B Y:00 P:25 SP:F9
8730  EA        NOP                             A:01 X:3B Y:00 P:25 SP:F9
8731  CA        DEX                             A:01 X:3B Y:00 P:25 SP:F9
8732  D0 FB     BNE $872F                       A:01 X:3A Y:00 P:25 SP:F9
872F  EA        NOP                             A:01 X:3A Y:00 P:25 SP:F9
8730  EA        NOP                             A:01 X:3A Y:00 P:25 SP:F9
8731  CA        DEX                             A:01 X:3A Y:00 P:25 SP:F9
8732  D0 FB     BNE $872F                       A:01 X:39 Y:00 P:25 SP:F9
872F  EA        NOP                             A:01 X:39 Y:00 P:25 SP:F9
8730  EA        NOP                             A:01 X:39 Y:00 P:25 SP:F9
8731  CA        DEX                             A:01 X:39 Y:00 P:25 SP:F9
8732  D0 FB     BNE $872F                       A:01 X:38 Y:00 P:25 SP:F9
872F  EA        NOP                             A:01 X:38 Y:00 P:25 SP:F9
8730  EA        NOP                             A:01 X:38 Y:00 P:25 SP:F9
8731  CA        DEX                             A:01 X:38 Y:00 P:25 SP:F9
8732  D0 FB     BNE $872F                       A:01 X:37 Y:00 P:25 SP:F9
872F  EA        NOP                             A:01 X:37 Y:00 P:25 SP:F9
8730  EA        NOP                             A:01 X:37 Y:00 P:25 SP:F9
8731  CA        DEX                             A:01 X:37 Y:00 P:25 SP:F9
8732  D0 FB     BNE $872F                       A:01 X:36 Y:00 P:25 SP:F9
872F  EA        NOP                             A:01 X:36 Y:00 P:25 SP:F9
8730  EA        NOP                             A:01 X:36 Y:00 P:25 SP:F9
8731  CA        DEX                             A:01 X:36 Y:00 P:25 SP:F9
8732  D0 FB     BNE $872F                       A:01 X:35 Y:00 P:25 SP:F9
872F  EA        NOP                             A:01 X:35 Y:00 P:25 SP:F9
8730  EA        NOP                             A:01 X:35 Y:00 P:25 SP:F9
8731  CA        DEX                             A:01 X:35 Y:00 P:25 SP:F9
8732  D0 FB     BNE $872F                       A:01 X:34 Y:00 P:25 SP:F9
872F  EA        NOP                             A:01 X:34 Y:00 P:25 SP:F9
8730  EA        NOP                             A:01 X:34 Y:00 P:25 SP:F9
8731  CA        DEX                             A:01 X:34 Y:00 P:25 SP:F9
8732  D0 FB     BNE $872F                       A:01 X:33 Y:00 P:25 SP:F9
872F  EA        NOP                             A:01 X:33 Y:00 P:25 SP:F9
8730  EA        NOP                             A:01 X:33 Y:00 P:25 SP:F9
8731  CA        DEX                             A:01 X:33 Y:00 P:25 SP:F9
8732  D0 FB     BNE $872F                       A:01 X:32 Y:00 P:25 SP:F9
872F  EA        NOP                             A:01 X:32 Y:00 P:25 SP:F9
8730  EA        NOP                             A:01 X:32 Y:00 P:25 SP:F9
8731  CA        DEX                             A:01 X:32 Y:00 P:25 SP:F9
8732  D0 FB     BNE $872F                       A:01 X:31 Y:00 P:25 SP:F9
872F  EA        NOP                             A:01 X:31 Y:00 P:25 SP:F9
8730  EA        NOP                             A:01 X:31 Y:00 P:25 SP:F9
8731  CA        DEX                             A:01 X:31 Y:00 P:25 SP:F9
8732  D0 FB     BNE $872F                       A:01 X:30 Y:00 P:25 SP:F9
872F  EA        NOP                             A:01 X:30 Y:00 P:25 SP:F9
8730  EA        NOP                             A:01 X:30 Y:00 P:25 SP:F9
8731  CA        DEX                             A:01 X:30 Y:00 P:25 SP:F9
8732  D0 FB     BNE $872F                       A:01 X:2F Y:00 P:25 SP:F9
872F  EA        NOP                             A:01 X:2F Y:00 P:25 SP:F9
8730  EA        NOP                             A:01 X:2F Y:00 P:25 SP:F9
8731  CA        DEX                             A:01 X:2F Y:00 P:25 SP:F9
8732  D0 FB     BNE $872F                       A:01 X:2E Y:00 P:25 SP:F9
872F  EA        NOP                             A:01 X:2E Y:00 P:25 SP:F9
8730  EA        NOP                             A:01 X:2E Y:00 P:25 SP:F9
8731  CA        DEX                             A:01 X:2E Y:00 P:25 SP:F9
8732  D0 FB     BNE $872F                       A:01 X:2D Y:00 P:25 SP:F9
872F  EA        NOP                             A:01 X:2D Y:00 P:25 SP:F9
8730  EA        NOP                             A:01 X:2D Y:00 P:25 SP:F9
8731  CA        DEX                             A:01 X:2D Y:00 P:25 SP:F9
8732  D0 FB     BNE $872F                       A:01 X:2C Y:00 P:25 SP:F9
872F  EA        NOP                             A:01 X:2C Y:00 P:25 SP:F9
8730  EA        NOP                             A:01 X:2C Y:00 P:25 SP:F9
8731  CA        DEX                             A:01 X:2C Y:00 P:25 SP:F9
8732  D0 FB     BNE $872F                       A:01 X:2B Y:00 P:25 SP:F9
872F  EA        NOP                             A:01 X:2B Y:00 P:25 SP:F9
8730  EA        NOP                             A:01 X:2B Y:00 P:25 SP:F9
8731  CA        DEX                             A:01 X:2B Y:00 P:25 SP:F9
8732  D0 FB     BNE $872F                       A:01 X:2A Y:00 P:25 SP:F9
872F  EA        NOP                             A:01 X:2A Y:00 P:25 SP:F9
8730  EA        NOP                             A:01 X:2A Y:00 P:25 SP:F9
8731  CA        DEX                             A:01 X:2A Y:00 P:25 SP:F9
8732  D0 FB     BNE $872F                       A:01 X:29 Y:00 P:25 SP:F9
872F  EA        NOP                             A:01 X:29 Y:00 P:25 SP:F9
8730  EA        NOP                             A:01 X:29 Y:00 P:25 SP:F9
8731  CA        DEX                             A:01 X:29 Y:00 P:25 SP:F9
8732  D0 FB     BNE $872F                       A:01 X:28 Y:00 P:25 SP:F9
872F  EA        NOP                             A:01 X:28 Y:00 P:25 SP:F9
8730  EA        NOP                             A:01 X:28 Y:00 P:25 SP:F9
8731  CA        DEX                             A:01 X:28 Y:00 P:25 SP:F9
8732  D0 FB     BNE $872F                       A:01 X:27 Y:00 P:25 SP:F9
872F  EA        NOP                             A:01 X:27 Y:00 P:25 SP:F9
8730  EA        NOP                             A:01 X:27 Y:00 P:25 SP:F9
8731  CA        DEX                             A:01 X:27 Y:00 P:25 SP:F9
8732  D0 FB     BNE $872F                       A:01 X:26 Y:00 P:25 SP:F9
872F  EA        NOP                             A:01 X:26 Y:00 P:25 SP:F9
8730  EA        NOP                             A:01 X:26 Y:00 P:25 SP:F9
8731  CA        DEX                             A:01 X:26 Y:00 P:25 SP:F9
8732  D0 FB     BNE $872F                       A:01 X:25 Y:00 P:25 SP:F9
872F  EA        NOP                             A:01 X:25 Y:00 P:25 SP:F9
8730  EA        NOP                             A:01 X:25 Y:00 P:25 SP:F9
8731  CA        DEX                             A:01 X:25 Y:00 P:25 SP:F9
8732  D0 FB     BNE $872F                       A:01 X:24 Y:00 P:25 SP:F9
872F  EA        NOP                             A:01 X:24 Y:00 P:25 SP:F9
8730  EA        NOP                             A:01 X:24 Y:00 P:25 SP:F9
8731  CA        DEX                             A:01 X:24 Y:00 P:25 SP:F9
8732  D0 FB     BNE $872F                       A:01 X:23 Y:00 P:25 SP:F9
872F  EA        NOP                             A:01 X:23 Y:00 P:25 SP:F9
8730  EA        NOP                             A:01 X:23 Y:00 P:25 SP:F9
8731  CA        DEX                             A:01 X:23 Y:00 P:25 SP:F9
8732  D0 FB     BNE $872F                       A:01 X:22 Y:00 P:25 SP:F9
872F  EA        NOP                             A:01 X:22 Y:00 P:25 SP:F9
8730  EA        NOP                             A:01 X:22 Y:00 P:25 SP:F9
8731  CA        DEX                             A:01 X:22 Y:00 P:25 SP:F9
8732  D0 FB     BNE $872F                       A:01 X:21 Y:00 P:25 SP:F9
872F  EA        NOP                             A:01 X:21 Y:00 P:25 SP:F9
8730  EA        NOP                             A:01 X:21 Y:00 P:25 SP:F9
8731  CA        DEX                             A:01 X:21 Y:00 P:25 SP:F9
8732  D0 FB     BNE $872F                       A:01 X:20 Y:00 P:25 SP:F9
872F  EA        NOP                             A:01 X:20 Y:00 P:25 SP:F9
8730  EA        NOP                             A:01 X:20 Y:00 P:25 SP:F9
8731  CA        DEX                             A:01 X:20 Y:00 P:25 SP:F9
8732  D0 FB     BNE $872F                       A:01 X:1F Y:00 P:25 SP:F9
872F  EA        NOP                             A:01 X:1F Y:00 P:25 SP:F9
8730  EA        NOP                             A:01 X:1F Y:00 P:25 SP:F9
8731  CA        DEX                             A:01 X:1F Y:00 P:25 SP:F9
8732  D0 FB     BNE $872F                       A:01 X:1E Y:00 P:25 SP:F9
872F  EA        NOP                             A:01 X:1E Y:00 P:25 SP:F9
8730  EA        NOP                             A:01 X:1E Y:00 P:25 SP:F9
8731  CA        DEX                             A:01 X:1E Y:00 P:25 SP:F9
8732  D0 FB     BNE $872F                       A:01 X:1D Y:00 P:25 SP:F9
872F  EA        NOP                             A:01 X:1D Y:00 P:25 SP:F9
8730  EA        NOP                             A:01 X:1D Y:00 P:25 SP:F9
8731  CA        DEX                             A:01 X:1D Y:00 P:25 SP:F9
8732  D0 FB     BNE $872F                       A:01 X:1C Y:00 P:25 SP:F9
872F  EA        NOP                             A:01 X:1C Y:00 P:25 SP:F9
8730  EA        NOP                             A:01 X:1C Y:00 P:25 SP:F9
8731  CA        DEX                             A:01 X:1C Y:00 P:25 SP:F9
8732  D0 FB     BNE $872F                       A:01 X:1B Y:00 P:25 SP:F9
872F  EA        NOP                             A:01 X:1B Y:00 P:25 SP:F9
8730  EA        NOP                             A:01 X:1B Y:00 P:25 SP:F9
8731  CA        DEX                             A:01 X:1B Y:00 P:25 SP:F9
8732  D0 FB     BNE $872F                       A:01 X:1A Y:00 P:25 SP:F9
872F  EA        NOP                             A:01 X:1A Y:00 P:25 SP:F9
8730  EA        NOP                             A:01 X:1A Y:00 P:25 SP:F9
8731  CA        DEX                             A:01 X:1A Y:00 P:25 SP:F9
8732  D0 FB     BNE $872F                       A:01 X:19 Y:00 P:25 SP:F9
872F  EA        NOP                             A:01 X:19 Y:00 P:25 SP:F9
8730  EA        NOP                             A:01 X:19 Y:00 P:25 SP:F9
8731  CA        DEX                             A:01 X:19 Y:00 P:25 SP:F9
8732  D0 FB     BNE $872F                       A:01 X:18 Y:00 P:25 SP:F9
872F  EA        NOP                             A:01 X:18 Y:00 P:25 SP:F9
8730  EA        NOP                             A:01 X:18 Y:00 P:25 SP:F9
8731  CA        DEX                             A:01 X:18 Y:00 P:25 SP:F9
8732  D0 FB     BNE $872F                       A:01 X:17 Y:00 P:25 SP:F9
872F  EA        NOP                             A:01 X:17 Y:00 P:25 SP:F9
8730  EA        NOP                             A:01 X:17 Y:00 P:25 SP:F9
8731  CA        DEX                             A:01 X:17 Y:00 P:25 SP:F9
8732  D0 FB     BNE $872F                       A:01 X:16 Y:00 P:25 SP:F9
872F  EA        NOP                             A:01 X:16 Y:00 P:25 SP:F9
8730  EA        NOP                             A:01 X:16 Y:00 P:25 SP:F9
8731  CA        DEX                             A:01 X:16 Y:00 P:25 SP:F9
8732  D0 FB     BNE $872F                       A:01 X:15 Y:00 P:25 SP:F9
872F  EA        NOP                             A:01 X:15 Y:00 P:25 SP:F9
8730  EA        NOP                             A:01 X:15 Y:00 P:25 SP:F9
8731  CA        DEX                             A:01 X:15 Y:00 P:25 SP:F9
8732  D0 FB     BNE $872F                       A:01 X:14 Y:00 P:25 SP:F9
872F  EA        NOP                             A:01 X:14 Y:00 P:25 SP:F9
8730  EA        NOP                             A:01 X:14 Y:00 P:25 SP:F9
8731  CA        DEX                             A:01 X:14 Y:00 P:25 SP:F9
8732  D0 FB     BNE $872F                       A:01 X:13 Y:00 P:25 SP:F9
872F  EA        NOP                             A:01 X:13 Y:00 P:25 SP:F9
8730  EA        NOP                             A:01 X:13 Y:00 P:25 SP:F9
8731  CA        DEX                             A:01 X:13 Y:00 P:25 SP:F9
8732  D0 FB     BNE $872F                       A:01 X:12 Y:00 P:25 SP:F9
872F  EA        NOP                             A:01 X:12 Y:00 P:25 SP:F9
8730  EA        NOP                             A:01 X:12 Y:00 P:25 SP:F9
8731  CA        DEX                             A:01 X:12 Y:00 P:25 SP:F9
8732  D0 FB     BNE $872F                       A:01 X:11 Y:00 P:25 SP:F9
872F  EA        NOP                             A:01 X:11 Y:00 P:25 SP:F9
8730  EA        NOP                             A:01 X:11 Y:00 P:25 SP:F9
8731  CA        DEX                             A:01 X:11 Y:00 P:25 SP:F9
8732  D0 FB     BNE $872F                       A:01 X:10 Y:00 P:25 SP:F9
872F  EA        NOP                             A:01 X:10 Y:00 P:25 SP:F9
8730  EA        NOP                             A:01 X:10 Y:00 P:25 SP:F9
8731  CA        DEX                             A:01 X:10 Y:00 P:25 SP:F9
8732  D0 FB     BNE $872F                       A:01 X:0F Y:00 P:25 SP:F9
872F  EA        NOP                             A:01 X:0F Y:00 P:25 SP:F9
8730  EA        NOP                             A:01 X:0F Y:00 P:25 SP:F9
8731  CA        DEX                             A:01 X:0F Y:00 P:25 SP:F9
8732  D0 FB     BNE $872F                       A:01 X:0E Y:00 P:25 SP:F9
872F  EA        NOP                             A:01 X:0E Y:00 P:25 SP:F9
8730  EA        NOP                             A:01 X:0E Y:00 P:25 SP:F9
8731  CA        DEX                             A:01 X:0E Y:00 P:25 SP:F9
8732  D0 FB     BNE $872F                       A:01 X:0D Y:00 P:25 SP:F9
872F  EA        NOP                             A:01 X:0D Y:00 P:25 SP:F9
8730  EA        NOP                             A:01 X:0D Y:00 P:25 SP:F9
8731  CA        DEX                             A:01 X:0D Y:00 P:25 SP:F9
8732  D0 FB     BNE $872F                       A:01 X:0C Y:00 P:25 SP:F9
872F  EA        NOP                             A:01 X:0C Y:00 P:25 SP:F9
8730  EA        NOP                             A:01 X:0C Y:00 P:25 SP:F9
8731  CA        DEX                             A:01 X:0C Y:00 P:25 SP:F9
8732  D0 FB     BNE $872F                       A:01 X:0B Y:00 P:25 SP:F9
872F  EA        NOP                             A:01 X:0B Y:00 P:25 SP:F9
8730  EA        NOP                             A:01 X:0B Y:00 P:25 SP:F9
8731  CA        DEX                             A:01 X:0B Y:00 P:25 SP:F9
8732  D0 FB     BNE $872F                       A:01 X:0A Y:00 P:25 SP:F9
872F  EA        NOP                             A:01 X:0A Y:00 P:25 SP:F9
8730  EA        NOP                             A:01 X:0A Y:00 P:25 SP:F9
8731  CA        DEX                             A:01 X:0A Y:00 P:25 SP:F9
8732  D0 FB     BNE $872F                       A:01 X:09 Y:00 P:25 SP:F9
872F  EA        NOP                             A:01 X:09 Y:00 P:25 SP:F9
8730  EA        NOP                             A:01 X:09 Y:00 P:25 SP:F9
8731  CA        DEX                             A:01 X:09 Y:00 P:25 SP:F9
8732  D0 FB     BNE $872F                       A:01 X:08 Y:00 P:25 SP:F9
872F  EA        NOP                             A:01 X:08 Y:00 P:25 SP:F9
8730  EA        NOP                             A:01 X:08 Y:00 P:25 SP:F9
8731  CA        DEX                             A:01 X:08 Y:00 P:25 SP:F9
8732  D0 FB     BNE $872F                       A:01 X:07 Y:00 P:25 SP:F9
872F  EA        NOP                             A:01 X:07 Y:00 P:25 SP:F9
8730  EA        NOP                             A:01 X:07 Y:00 P:25 SP:F9
8731  CA        DEX                             A:01 X:07 Y:00 P:25 SP:F9
8732  D0 FB     BNE $872F                       A:01 X:06 Y:00 P:25 SP:F9
872F  EA        NOP                             A:01 X:06 Y:00 P:25 SP:F9
8730  EA        NOP                             A:01 X:06 Y:00 P:25 SP:F9
8731  CA        DEX                             A:01 X:06 Y:00 P:25 SP:F9
8732  D0 FB     BNE $872F                       A:01 X:05 Y:00 P:25 SP:F9
872F  EA        NOP                             A:01 X:05 Y:00 P:25 SP:F9
8730  EA        NOP                             A:01 X:05 Y:00 P:25 SP:F9
8731  CA        DEX                             A:01 X:05 Y:00 P:25 SP:F9
8732  D0 FB     BNE $872F                       A:01 X:04 Y:00 P:25 SP:F9
872F  EA        NOP                             A:01 X:04 Y:00 P:25 SP:F9
8730  EA        NOP                             A:01 X:04 Y:00 P:25 SP:F9
8731  CA        DEX                             A:01 X:04 Y:00 P:25 SP:F9
8732  D0 FB     BNE $872F                       A:01 X:03 Y:00 P:25 SP:F9
872F  EA        NOP                             A:01 X:03 Y:00 P:25 SP:F9
8730  EA        NOP                             A:01 X:03 Y:00 P:25 SP:F9
8731  CA        DEX                             A:01 X:03 Y:00 P:25 SP:F9
8732  D0 FB     BNE $872F                       A:01 X:02 Y:00 P:25 SP:F9
872F  EA        NOP                             A:01 X:02 Y:00 P:25 SP:F9
8730  EA        NOP                             A:01 X:02 Y:00 P:25 SP:F9
8731  CA        DEX                             A:01 X:02 Y:00 P:25 SP:F9
8732  D0 FB     BNE $872F                       A:01 X:01 Y:00 P:25 SP:F9
872F  EA        NOP                             A:01 X:01 Y:00 P:25 SP:F9
8730  EA        NOP                             A:01 X:01 Y:00 P:25 SP:F9
8731  CA        DEX                             A:01 X:01 Y:00 P:25 SP:F9
8732  D0 FB     BNE $872F                       A:01 X:00 Y:00 P:27 SP:F9
8734  60        RTS                             A:01 X:00 Y:00 P:27 SP:F9
864A  4C 38 86  JMP $8638                       A:01 X:00 Y:00 P:27 SP:FB
8638  20 4D 86  JSR $864D                       A:01 X:00 Y:00 P:27 SP:FB
864D  A5 FF     LDA $FF = 00                    A:01 X:00 Y:00 P:27 SP:F9
864F  C9 77     CMP #$77                        A:00 X:00 Y:00 P:27 SP:F9
8651  F0 0D     BEQ $8660                       A:00 X:00 Y:00 P:A4 SP:F9
8653  C9 64     CMP #$64                        A:00 X:00 Y:00 P:A4 SP:F9
8655  F0 14     BEQ $866B                       A:00 X:00 Y:00 P:A4 SP:F9
8657  C9 73     CMP #$73                        A:00 X:00 Y:00 P:A4 SP:F9
8659  F0 1B     BEQ $8676                       A:00 X:00 Y:00 P:A4 SP:F9
865B  C9 61     CMP #$61                        A:00 X:00 Y:00 P:A4 SP:F9
865D  F0 22     BEQ $8681                       A:00 X:00 Y:00 P:A4 SP:F9
865F  60        RTS                             A:00 X:00 Y:00 P:A4 SP:F9
863B  20 8D 86  JSR $868D                       A:00 X:00 Y:00 P:A4 SP:FB
868D  20 94 86  JSR $8694                       A:00 X:00 Y:00 P:A4 SP:F9
8694  A5 00     LDA $00 = 00                    A:00 X:00 Y:00 P:A4 SP:F7
8696  C5 10     CMP $10 = 15                    A:00 X:00 Y:00 P:26 SP:F7
8698  D0 0D     BNE $86A7                       A:00 X:00 Y:00 P:A4 SP:F7
86A7  60        RTS                             A:00 X:00 Y:00 P:A4 SP:F7
8690  20 A8 86  JSR $86A8                       A:00 X:00 Y:00 P:A4 SP:F9
86A8  A2 02     LDX #$02                        A:00 X:00 Y:00 P:A4 SP:F7
86AA  B5 10     LDA $10,X @ 12 = 14             A:00 X:02 Y:00 P:24 SP:F7
86AC  C5 10     CMP $10 = 15                    A:14 X:02 Y:00 P:24 SP:F7
86AE  D0 06     BNE $86B6                       A:14 X:02 Y:00 P:A4 SP:F7
86B6  E8        INX                             A:14 X:02 Y:00 P:A4 SP:F7
86B7  E8        INX                             A:14 X:03 Y:00 P:24 SP:F7
86B8  E4 03     CPX $03 = 06                    A:14 X:04 Y:00 P:24 SP:F7
86BA  F0 06     BEQ $86C2                       A:14 X:04 Y:00 P:A4 SP:F7
86BC  4C AA 86  JMP $86AA                       A:14 X:04 Y:00 P:A4 SP:F7
86AA  B5 10     LDA $10,X @ 14 = 13             A:14 X:04 Y:00 P:A4 SP:F7
86AC  C5 10     CMP $10 = 15                    A:13 X:04 Y:00 P:24 SP:F7
86AE  D0 06     BNE $86B6                       A:13 X:04 Y:00 P:A4 SP:F7
86B6  E8        INX                             A:13 X:04 Y:00 P:A4 SP:F7
86B7  E8        INX                             A:13 X:05 Y:00 P:24 SP:F7
86B8  E4 03     CPX $03 = 06                    A:13 X:06 Y:00 P:24 SP:F7
86BA  F0 06     BEQ $86C2                       A:13 X:06 Y:00 P:27 SP:F7
86C2  60        RTS                             A:13 X:06 Y:00 P:27 SP:F7
8693  60        RTS                             A:13 X:06 Y:00 P:27 SP:F9
863E  20 C3 86  JSR $86C3                       A:13 X:06 Y:00 P:27 SP:FB
86C3  A6 03     LDX $03 = 06                    A:13 X:06 Y:00 P:27 SP:F9
86C5  CA        DEX                             A:13 X:06 Y:00 P:25 SP:F9
86C6  8A        TXA                             A:13 X:05 Y:00 P:25 SP:F9
86C7  B5 10     LDA $10,X @ 15 = 04             A:05 X:05 Y:00 P:25 SP:F9
86C9  95 12     STA $12,X @ 17 = 04             A:04 X:05 Y:00 P:25 SP:F9
86CB  CA        DEX                             A:04 X:05 Y:00 P:25 SP:F9
86CC  10 F9     BPL $86C7                       A:04 X:04 Y:00 P:25 SP:F9
86C7  B5 10     LDA $10,X @ 14 = 13             A:04 X:04 Y:00 P:25 SP:F9
86C9  95 12     STA $12,X @ 16 = 12             A:13 X:04 Y:00 P:25 SP:F9
86CB  CA        DEX                             A:13 X:04 Y:00 P:25 SP:F9
86CC  10 F9     BPL $86C7                       A:13 X:03 Y:00 P:25 SP:F9
86C7  B5 10     LDA $10,X @ 13 = 04             A:13 X:03 Y:00 P:25 SP:F9
86C9  95 12     STA $12,X @ 15 = 04             A:04 X:03 Y:00 P:25 SP:F9
86CB  CA        DEX                             A:04 X:03 Y:00 P:25 SP:F9
86CC  10 F9     BPL $86C7                       A:04 X:02 Y:00 P:25 SP:F9
86C7  B5 10     LDA $10,X @ 12 = 14             A:04 X:02 Y:00 P:25 SP:F9
86C9  95 12     STA $12,X @ 14 = 13             A:14 X:02 Y:00 P:25 SP:F9
86CB  CA        DEX                             A:14 X:02 Y:00 P:25 SP:F9
86CC  10 F9     BPL $86C7                       A:14 X:01 Y:00 P:25 SP:F9
86C7  B5 10     LDA $10,X @ 11 = 04             A:14 X:01 Y:00 P:25 SP:F9
86C9  95 12     STA $12,X @ 13 = 04             A:04 X:01 Y:00 P:25 SP:F9
86CB  CA        DEX                             A:04 X:01 Y:00 P:25 SP:F9
86CC  10 F9     BPL $86C7                       A:04 X:00 Y:00 P:27 SP:F9
86C7  B5 10     LDA $10,X @ 10 = 15             A:04 X:00 Y:00 P:27 SP:F9
86C9  95 12     STA $12,X @ 12 = 14             A:15 X:00 Y:00 P:25 SP:F9
86CB  CA        DEX                             A:15 X:00 Y:00 P:25 SP:F9
86CC  10 F9     BPL $86C7                       A:15 X:FF Y:00 P:A5 SP:F9
86CE  A5 02     LDA $02 = 02                    A:15 X:FF Y:00 P:A5 SP:F9
86D0  4A        LSR A                           A:02 X:FF Y:00 P:25 SP:F9
86D1  B0 09     BCS $86DC                       A:01 X:FF Y:00 P:24 SP:F9
86D3  4A        LSR A                           A:01 X:FF Y:00 P:24 SP:F9
86D4  B0 19     BCS $86EF                       A:00 X:FF Y:00 P:27 SP:F9
86EF  E6 10     INC $10 = 15                    A:00 X:FF Y:00 P:27 SP:F9
86F1  A9 1F     LDA #$1F                        A:00 X:FF Y:00 P:25 SP:F9
86F3  24 10     BIT $10 = 16                    A:1F X:FF Y:00 P:25 SP:F9
86F5  F0 1F     BEQ $8716                       A:1F X:FF Y:00 P:25 SP:F9
86F7  60        RTS                             A:1F X:FF Y:00 P:25 SP:F9
8641  20 19 87  JSR $8719                       A:1F X:FF Y:00 P:25 SP:FB
8719  A0 00     LDY #$00                        A:1F X:FF Y:00 P:25 SP:F9
871B  A5 FE     LDA $FE = 00                    A:1F X:FF Y:00 P:27 SP:F9
871D  91 00     STA ($00),Y = 0200 @ 0200 = 00  A:00 X:FF Y:00 P:27 SP:F9
871F  60        RTS                             A:00 X:FF Y:00 P:27 SP:F9
8644  20 20 87  JSR $8720                       A:00 X:FF Y:00 P:27 SP:FB
8720  A6 03     LDX $03 = 06                    A:00 X:FF Y:00 P:27 SP:F9
8722  A9 00     LDA #$00                        A:00 X:06 Y:00 P:25 SP:F9
8724  81 10     STA ($10,X) @ 16 = 0413 = 01    A:00 X:06 Y:00 P:27 SP:F9
8726  A2 00     LDX #$00                        A:00 X:06 Y:00 P:27 SP:F9
8728  A9 01     LDA #$01                        A:00 X:00 Y:00 P:27 SP:F9
872A  81 10     STA ($10,X) @ 10 = 0416 = 00    A:01 X:00 Y:00 P:25 SP:F9
872C  60        RTS                             A:01 X:00 Y:00 P:25 SP:F9
8647  20 2D 87  JSR $872D                       A:01 X:00 Y:00 P:25 SP:FB
872D  A2 00     LDX #$00                        A:01 X:00 Y:00 P:25 SP:F9
872F  EA        NOP                             A:01 X:00 Y:00 P:27 SP:F9
8730  EA        NOP                             A:01 X:00 Y:00 P:27 SP:F9
8731  CA        DEX                             A:01 X:00 Y:00 P:27 SP:F9
8732  D0 FB     BNE $872F                       A:01 X:FF Y:00 P:A5 SP:F9
872F  EA        NOP                             A:01 X:FF Y:00 P:A5 SP:F9
8730  EA        NOP                             A:01 X:FF Y:00 P:A5 SP:F9
8731  CA        DEX                             A:01 X:FF Y:00 P:A5 SP:F9
8732  D0 FB     BNE $872F                       A:01 X:FE Y:00 P:A5 SP:F9
872F  EA        NOP                             A:01 X:FE Y:00 P:A5 SP:F9
8730  EA        NOP                             A:01 X:FE Y:00 P:A5 SP:F9
8731  CA        DEX                             A:01 X:FE Y:00 P:A5 SP:F9
8732  D0 FB     BNE $872F                       A:01 X:FD Y:00 P:A5 SP:F9
872F  EA        NOP                             A:01 X:FD Y:00 P:A5 SP:F9
8730  EA        NOP                             A:01 X:FD Y:00 P:A5 SP:F9
8731  CA        DEX                             A:01 X:FD Y:00 P:A5 SP:F9
8732  D0 FB     BNE $872F                       A:01 X:FC Y:00 P:A5 SP:F9
872F  EA        NOP                             A:01 X:FC Y:00 P:A5 SP:F9
8730  EA        NOP                             A:01 X:FC Y:00 P:A5 SP:F9
8731  CA        DEX                             A:01 X:FC Y:00 P:A5 SP:F9
8732  D0 FB     BNE $872F                       A:01 X:FB Y:00 P:A5 SP:F9
872F  EA        NOP                             A:01 X:FB Y:00 P:A5 SP:F9
8730  EA        NOP                             A:01 X:FB Y:00 P:A5 SP:F9
8731  CA        DEX                             A:01 X:FB Y:00 P:A5 SP:F9
8732  D0 FB     BNE $872F                       A:01 X:FA Y:00 P:A5 SP:F9
872F  EA        NOP                             A:01 X:FA Y:00 P:A5 SP:F9
8730  EA        NOP                             A:01 X:FA Y:00 P:A5 SP:F9
8731  CA        DEX                             A:01 X:FA Y:00 P:A5 SP:F9
8732  D0 FB     BNE $872F                       A:01 X:F9 Y:00 P:A5 SP:F9
872F  EA        NOP                             A:01 X:F9 Y:00 P:A5 SP:F9
8730  EA        NOP                             A:01 X:F9 Y:00 P:A5 SP:F9
8731  CA        DEX                             A:01 X:F9 Y:00 P:A5 SP:F9
8732  D0 FB     BNE $872F                       A:01 X:F8 Y:00 P:A5 SP:F9
872F  EA        NOP                             A:01 X:F8 Y:00 P:A5 SP:F9
8730  EA        NOP                             A:01 X:F8 Y:00 P:A5 SP:F9
8731  CA        DEX                             A:01 X:F8 Y:00 P:A5 SP:F9
8732  D0 FB     BNE $872F                       A:01 X:F7 Y:00 P:A5 SP:F9
872F  EA        NOP                             A:01 X:F7 Y:00 P:A5 SP:F9
8730  EA        NOP                             A:01 X:F7 Y:00 P:A5 SP:F9
8731  CA        DEX                             A:01 X:F7 Y:00 P:A5 SP:F9
8732  D0 FB     BNE $872F                       A:01 X:F6 Y:00 P:A5 SP:F9
872F  EA        NOP                             A:01 X:F6 Y:00 P:A5 SP:F9
8730  EA        NOP                             A:01 X:F6 Y:00 P:A5 SP:F9
8731  CA        DEX                             A:01 X:F6 Y:00 P:A5 SP:F9
8732  D0 FB     BNE $872F                       A:01 X:F5 Y:00 P:A5 SP:F9
872F  EA        NOP                             A:01 X:F5 Y:00 P:A5 SP:F9
8730  EA        NOP                             A:01 X:F5 Y:00 P:A5 SP:F9
8731  CA        DEX                             A:01 X:F5 Y:00 P:A5 SP:F9
8732  D0 FB     BNE $872F                       A:01 X:F4 Y:00 P:A5 SP:F9
872F  EA        NOP                             A:01 X:F4 Y:00 P:A5 SP:F9
8730  EA        NOP                             A:01 X:F4 Y:00 P:A5 SP:F9
8731  CA        DEX                             A:01 X:F4 Y:00 P:A5 SP:F9
8732  D0 FB     BNE $872F                       A:01 X:F3 Y:00 P:A5 SP:F9
872F  EA        NOP                             A:01 X:F3 Y:00 P:A5 SP:F9
8730  EA        NOP                             A:01 X:F3 Y:00 P:A5 SP:F9
8731  CA        DEX                             A:01 X:F3 Y:00 P:A5 SP:F9
8732  D0 FB     BNE $872F                       A:01 X:F2 Y:00 P:A5 SP:F9
872F  EA        NOP                             A:01 X:F2 Y:00 P:A5 SP:F9
8730  EA        NOP                             A:01 X:F2 Y:00 P:A5 SP:F9
8731  CA        DEX                             A:01 X:F2 Y:00 P:A5 SP:F9
8732  D0 FB     BNE $872F                       A:01 X:F1 Y:00 P:A5 SP:F9
872F  EA        NOP                             A:01 X:F1 Y:00 P:A5 SP:F9
8730  EA        NOP                             A:01 X:F1 Y:00 P:A5 SP:F9
8731  CA        DEX                             A:01 X:F1 Y:00 P:A5 SP:F9
8732  D0 FB     BNE $872F                       A:01 X:F0 Y:00 P:A5 SP:F9
872F  EA        NOP                             A:01 X:F0 Y:00 P:A5 SP:F9
8730  EA        NOP                             A:01 X:F0 Y:00 P:A5 SP:F9
8731  CA        DEX                             A:01 X:F0 Y:00 P:A5 SP:F9
8732  D0 FB     BNE $872F                       A:01 X:EF Y:00 P:A5 SP:F9
872F  EA        NOP                             A:01 X:EF Y:00 P:A5 SP:F9
8730  EA        NOP                             A:01 X:EF Y:00 P:A5 SP:F9
8731  CA        DEX                             A:01 X:EF Y:00 P:A5 SP:F9
8732  D0 FB     BNE $872F                       A:01 X:EE Y:00 P:A5 SP:F9
872F  EA        NOP                             A:01 X:EE Y:00 P:A5 SP:F9
8730  EA        NOP                             A:01 X:EE Y:00 P:A5 SP:F9
8731  CA        DEX                             A:01 X:EE Y:00 P:A5 SP:F9
8732  D0 FB     BNE $872F                       A:01 X:ED Y:00 P:A5 SP:F9
872F  EA        NOP                             A:01 X:ED Y:00 P:A5 SP:F9
8730  EA        NOP                             A:01 X:ED Y:00 P:A5 SP:F9
8731  CA        DEX                             A:01 X:ED Y:00 P:A5 SP:F9
8732  D0 FB     BNE $872F                       A:01 X:EC Y:00 P:A5 SP:F9
872F  EA        NOP                             A:01 X:EC Y:00 P:A5 SP:F9
8730  EA        NOP                             A:01 X:EC Y:00 P:A5 SP:F9
8731  CA        DEX                             A:01 X:EC Y:00 P:A5 SP:F9
8732  D0 FB     BNE $872F                       A:01 X:EB Y:00 P:A5 SP:F9
872F  EA        NOP                             A:01 X:EB Y:00 P:A5 SP:F9
8730  EA        NOP                             A:01 X:EB Y:00 P:A5 SP:F9
8731  CA        DEX                             A:01 X:EB Y:00 P:A5 SP:F9
8732  D0 FB     BNE $872F                       A:01 X:EA Y:00 P:A5 SP:F9
872F  EA        NOP                             A:01 X:EA Y:00 P:A5 SP:F9
8730  EA        NOP                             A:01 X:EA Y:00 P:A5 SP:F9
8731  CA        DEX                             A:01 X:EA Y:00 P:A5 SP:F9
8732  D0 FB     BNE $872F                       A:01 X:E9 Y:00 P:A5 SP:F9
872F  EA        NOP                             A:01 X:E9 Y:00 P:A5 SP:F9
8730  EA        NOP                             A:01 X:E9 Y:00 P:A5 SP:F9
8731  CA        DEX                             A:01 X:E9 Y:00 P:A5 SP:F9
8732  D0 FB     BNE $872F                       A:01 X:E8 Y:00 P:A5 SP:F9
872F  EA        NOP                             A:01 X:E8 Y:00 P:A5 SP:F9
8730  EA        NOP                             A:01 X:E8 Y:00 P:A5 SP:F9
8731  CA        DEX                             A:01 X:E8 Y:00 P:A5 SP:F9
8732  D0 FB     BNE $872F                       A:01 X:E7 Y:00 P:A5 SP:F9
872F  EA        NOP                             A:01 X:E7 Y:00 P:A5 SP:F9
8730  EA        NOP                             A:01 X:E7 Y:00 P:A5 SP:F9
8731  CA        DEX                             A:01 X:E7 Y:00 P:A5 SP:F9
8732  D0 FB     BNE $872F                       A:01 X:E6 Y:00 P:A5 SP:F9
872F  EA        NOP                             A:01 X:E6 Y:00 P:A5 SP:F9
8730  EA        NOP                             A:01 X:E6 Y:00 P:A5 SP:F9
8731  CA        DEX                             A:01 X:E6 Y:00 P:A5 SP:F9
8732  D0 FB     BNE $872F                       A:01 X:E5 Y:00 P:A5 SP:F9
872F  EA        NOP                             A:01 X:E5 Y:00 P:A5 SP:F9
8730  EA        NOP                             A:01 X:E5 Y:00 P:A5 SP:F9
8731  CA        DEX                             A:01 X:E5 Y:00 P:A5 SP:F9
8732  D0 FB     BNE $872F                       A:01 X:E4 Y:00 P:A5 SP:F9
872F  EA        NOP                             A:01 X:E4 Y:00 P:A5 SP:F9
8730  EA        NOP                             A:01 X:E4 Y:00 P:A5 SP:F9
8731  CA        DEX                             A:01 X:E4 Y:00 P:A5 SP:F9
8732  D0 FB     BNE $872F                       A:01 X:E3 Y:00 P:A5 SP:F9
872F  EA        NOP                             A:01 X:E3 Y:00 P:A5 SP:F9
8730  EA        NOP                             A:01 X:E3 Y:00 P:A5 SP:F9
8731  CA        DEX                             A:01 X:E3 Y:00 P:A5 SP:F9
8732  D0 FB     BNE $872F                       A:01 X:E2 Y:00 P:A5 SP:F9
872F  EA        NOP                             A:01 X:E2 Y:00 P:A5 SP:F9
8730  EA        NOP                             A:01 X:E2 Y:00 P:A5 SP:F9
8731  CA        DEX                             A:01 X:E2 Y:00 P:A5 SP:F9
8732  D0 FB     BNE $872F                       A:01 X:E1 Y:00 P:A5 SP:F9
872F  EA        NOP                             A:01 X:E1 Y:00 P:A5 SP:F9
8730  EA        NOP                             A:01 X:E1 Y:00 P:A5 SP:F9
8731  CA        DEX                             A:01 X:E1 Y:00 P:A5 SP:F9
8732  D0 FB     BNE $872F                       A:01 X:E0 Y:00 P:A5 SP:F9
872F  EA        NOP                             A:01 X:E0 Y:00 P:A5 SP:F9
8730  EA        NOP                             A:01 X:E0 Y:00 P:A5 SP:F9
8731  CA        DEX                             A:01 X:E0 Y:00 P:A5 SP:F9
8732  D0 FB     BNE $872F                       A:01 X:DF Y:00 P:A5 SP:F9
872F  EA        NOP                             A:01 X:DF Y:00 P:A5 SP:F9
8730  EA        NOP                             A:01 X:DF Y:00 P:A5 SP:F9
8731  CA        DEX                             A:01 X:DF Y:00 P:A5 SP:F9
8732  D0 FB     BNE $872F                       A:01 X:DE Y:00 P:A5 SP:F9
872F  EA        NOP                             A:01 X:DE Y:00 P:A5 SP:F9
8730  EA        NOP                             A:01 X:DE Y:00 P:A5 SP:F9
8731  CA        DEX                             A:01 X:DE Y:00 P:A5 SP:F9
8732  D0 FB     BNE $872F                       A:01 X:DD Y:00 P:A5 SP:F9
872F  EA        NOP                             A:01 X:DD Y:00 P:A5 SP:F9
8730  EA        NOP                             A:01 X:DD Y:00 P:A5 SP:F9
8731  CA        DEX                             A:01 X:DD Y:00 P:A5 SP:F9
8732  D0 FB     BNE $872F                       A:01 X:DC Y:00 P:A5 SP:F9
872F  EA        NOP                             A:01 X:DC Y:00 P:A5 SP:F9
8730  EA        NOP                             A:01 X:DC Y:00 P:A5 SP:F9
8731  CA        DEX                             A:01 X:DC Y:00 P:A5 SP:F9
8732  D0 FB     BNE $872F                       A:01 X:DB Y:00 P:A5 SP:F9
872F  EA        NOP                             A:01 X:DB Y:00 P:A5 SP:F9
8730  EA        NOP                             A:01 X:DB Y:00 P:A5 SP:F9
8731  CA        DEX                             A:01 X:DB Y:00 P:A5 SP:F9
8732  D0 FB     BNE $872F                       A:01 X:DA Y:00 P:A5 SP:F9
872F  EA        NOP                             A:01 X:DA Y:00 P:A5 SP:F9
8730  EA        NOP                             A:01 X:DA Y:00 P:A5 SP:F9
8731  CA        DEX                             A:01 X:DA Y:00 P:A5 SP:F9
8732  D0 FB     BNE $872F                       A:01 X:D9 Y:00 P:A5 SP:F9
872F  EA        NOP                             A:01 X:D9 Y:00 P:A5 SP:F9
8730  EA        NOP                             A:01 X:D9 Y:00 P:A5 SP:F9
8731  CA        DEX                             A:01 X:D9 Y:00 P:A5 SP:F9
8732  D0 FB     BNE $872F                       A:01 X:D8 Y:00 P:A5 SP:F9
872F  EA        NOP                             A:01 X:D8 Y:00 P:A5 SP:F9
8730  EA        NOP                             A:01 X:D8 Y:00 P:A5 SP:F9
8731  CA        DEX                             A:01 X:D8 Y:00 P:A5 SP:F9
8732  D0 FB     BNE $872F                       A:01 X:D7 Y:00 P:A5 SP:F9
872F  EA        NOP                             A:01 X:D7 Y:00 P:A5 SP:F9
8730  EA        NOP                             A:01 X:D7 Y:00 P:A5 SP:F9
8731  CA        DEX                             A:01 X:D7 Y:00 P:A5 SP:F9
8732  D0 FB     BNE $872F                       A:01 X:D6 Y:00 P:A5 SP:F9
872F  EA        NOP                             A:01 X:D6 Y:00 P:A5 SP:F9
8730  EA        NOP                             A:01 X:D6 Y:00 P:A5 SP:F9
8731  CA        DEX                             A:01 X:D6 Y:00 P:A5 SP:F9
8732  D0 FB     BNE $872F                       A:01 X:D5 Y:00 P:A5 SP:F9
872F  EA        NOP                             A:01 X:D5 Y:00 P:A5 SP:F9
8730  EA        NOP                             A:01 X:D5 Y:00 P:A5 SP:F9
8731  CA        DEX                             A:01 X:D5 Y:00 P:A5 SP:F9
8732  D0 FB     BNE $872F                       A:01 X:D4 Y:00 P:A5 SP:F9
872F  EA        NOP                             A:01 X:D4 Y:00 P:A5 SP:F9
8730  EA        NOP                             A:01 X:D4 Y:00 P:A5 SP:F9
8731  CA        DEX                             A:01 X:D4 Y:00 P:A5 SP:F9
8732  D0 FB     BNE $872F                       A:01 X:D3 Y:00 P:A5 SP:F9
872F  EA        NOP                             A:01 X:D3 Y:00 P:A5 SP:F9
8730  EA        NOP                             A:01 X:D3 Y:00 P:A5 SP:F9
8731  CA        DEX                             A:01 X:D3 Y:00 P:A5 SP:F9
8732  D0 FB     BNE $872F                       A:01 X:D2 Y:00 P:A5 SP:F9
872F  EA        NOP                             A:01 X:D2 Y:00 P:A5 SP:F9
8730  EA        NOP                             A:01 X:D2 Y:00 P:A5 SP:F9
8731  CA        DEX                             A:01 X:D2 Y:00 P:A5 SP:F9
8732  D0 FB     BNE $872F                       A:01 X:D1 Y:00 P:A5 SP:F9
872F  EA        NOP                             A:01 X:D1 Y:00 P:A5 SP:F9
8730  EA        NOP                             A:01 X:D1 Y:00 P:A5 SP:F9
8731  CA        DEX                             A:01 X:D1 Y:00 P:A5 SP:F9
8732  D0 FB     BNE $872F                       A:01 X:D0 Y:00 P:A5 SP:F9
872F  EA        NOP                             A:01 X:D0 Y:00 P:A5 SP:F9
8730  EA        NOP                             A:01 X:D0 Y:00 P:A5 SP:F9
8731  CA        DEX                             A:01 X:D0 Y:00 P:A5 SP:F9
8732  D0 FB     BNE $872F                       A:01 X:CF Y:00 P:A5 SP:F9
872F  EA        NOP                             A:01 X:CF Y:00 P:A5 SP:F9
8730  EA        NOP                             A:01 X:CF Y:00 P:A5 SP:F9
8731  CA        DEX                             A:01 X:CF Y:00 P:A5 SP:F9
8732  D0 FB     BNE $872F                       A:01 X:CE Y:00 P:A5 SP:F9
872F  EA        NOP                             A:01 X:CE Y:00 P:A5 SP:F9
8730  EA        NOP                             A:01 X:CE Y:00 P:A5 SP:F9
8731  CA        DEX                             A:01 X:CE Y:00 P:A5 SP:F9
8732  D0 FB     BNE $872F                       A:01 X:CD Y:00 P:A5 SP:F9
872F  EA        NOP                             A:01 X:CD Y:00 P:A5 SP:F9
8730  EA        NOP                             A:01 X:CD Y:00 P:A5 SP:F9
8731  CA        DEX                             A:01 X:CD Y:00 P:A5 SP:F9
8732  D0 FB     BNE $872F                       A:01 X:CC Y:00 P:A5 SP:F9
872F  EA        NOP                             A:01 X:CC Y:00 P:A5 SP:F9
8730  EA        NOP                             A:01 X:CC Y:00 P:A5 SP:F9
8731  CA        DEX                             A:01 X:CC Y:00 P:A5 SP:F9
8732  D0 FB     BNE $872F                       A:01 X:CB Y:00 P:A5 SP:F9
872F  EA        NOP                             A:01 X:CB Y:00 P:A5 SP:F9
8730  EA        NOP                             A:01 X:CB Y:00 P:A5 SP:F9
8731  CA        DEX                             A:01 X:CB Y:00 P:A5 SP:F9
8732  D0 FB     BNE $872F                       A:01 X:CA Y:00 P:A5 SP:F9
872F  EA        NOP                             A:01 X:CA Y:00 P:A5 SP:F9
8730  EA        NOP                             A:01 X:CA Y:00 P:A5 SP:F9
8731  CA        DEX                             A:01 X:CA Y:00 P:A5 SP:F9
8732  D0 FB     BNE $872F                       A:01 X:C9 Y:00 P:A5 SP:F9
872F  EA        NOP                             A:01 X:C9 Y:00 P:A5 SP:F9
8730  EA        NOP                             A:01 X:C9 Y:00 P:A5 SP:F9
8731  CA        DEX                             A:01 X:C9 Y:00 P:A5 SP:F9
8732  D0 FB     BNE $872F                       A:01 X:C8 Y:00 P:A5 SP:F9
872F  EA        NOP                             A:01 X:C8 Y:00 P:A5 SP:F9
8730  EA        NOP                             A:01 X:C8 Y:00 P:A5 SP:F9
8731  CA        DEX                             A:01 X:C8 Y:00 P:A5 SP:F9
8732  D0 FB     BNE $872F                       A:01 X:C7 Y:00 P:A5 SP:F9
872F  EA        NOP                             A:01 X:C7 Y:00 P:A5 SP:F9
8730  EA        NOP                             A:01 X:C7 Y:00 P:A5 SP:F9
8731  CA        DEX                             A:01 X:C7 Y:00 P:A5 SP:F9
8732  D0 FB     BNE $872F                       A:01 X:C6 Y:00 P:A5 SP:F9
872F  EA        NOP                             A:01 X:C6 Y:00 P:A5 SP:F9
8730  EA        NOP                             A:01 X:C6 Y:00 P:A5 SP:F9
8731  CA        DEX                             A:01 X:C6 Y:00 P:A5 SP:F9
8732  D0 FB     BNE $872F                       A:01 X:C5 Y:00 P:A5 SP:F9
872F  EA        NOP                             A:01 X:C5 Y:00 P:A5 SP:F9
8730  EA        NOP                             A:01 X:C5 Y:00 P:A5 SP:F9
8731  CA        DEX                             A:01 X:C5 Y:00 P:A5 SP:F9
8732  D0 FB     BNE $872F                       A:01 X:C4 Y:00 P:A5 SP:F9
872F  EA        NOP                             A:01 X:C4 Y:00 P:A5 SP:F9
8730  EA        NOP                             A:01 X:C4 Y:00 P:A5 SP:F9
8731  CA        DEX                             A:01 X:C4 Y:00 P:A5 SP:F9
8732  D0 FB     BNE $872F                       A:01 X:C3 Y:00 P:A5 SP:F9
872F  EA        NOP                             A:01 X:C3 Y:00 P:A5 SP:F9
8730  EA        NOP                             A:01 X:C3 Y:00 P:A5 SP:F9
8731  CA        DEX                             A:01 X:C3 Y:00 P:A5 SP:F9
8732  D0 FB     BNE $872F                       A:01 X:C2 Y:00 P:A5 SP:F9
872F  EA        NOP                             A:01 X:C2 Y:00 P:A5 SP:F9
8730  EA        NOP                             A:01 X:C2 Y:00 P:A5 SP:F9
8731  CA        DEX                             A:01 X:C2 Y:00 P:A5 SP:F9
8732  D0 FB     BNE $872F                       A:01 X:C1 Y:00 P:A5 SP:F9
872F  EA        NOP                             A:01 X:C1 Y:00 P:A5 SP:F9
8730  EA        NOP                             A:01 X:C1 Y:00 P:A5 SP:F9
8731  CA        DEX                             A:01 X:C1 Y:00 P:A5 SP:F9
8732  D0 FB     BNE $872F                       A:01 X:C0 Y:00 P:A5 SP:F9
872F  EA        NOP                             A:01 X:C0 Y:00 P:A5 SP:F9
8730  EA        NOP                             A:01 X:C0 Y:00 P:A5 SP:F9
8731  CA        DEX                             A:01 X:C0 Y:00 P:A5 SP:F9
8732  D0 FB     BNE $872F                       A:01 X:BF Y:00 P:A5 SP:F9
872F  EA        NOP                             A:01 X:BF Y:00 P:A5 SP:F9
8730  EA        NOP                             A:01 X:BF Y:00 P:A5 SP:F9
8731  CA        DEX                             A:01 X:BF Y:00 P:A5 SP:F9
8732  D0 FB     BNE $872F                       A:01 X:BE Y:00 P:A5 SP:F9
872F  EA        NOP                             A:01 X:BE Y:00 P:A5 SP:F9
8730  EA        NOP                             A:01 X:BE Y:00 P:A5 SP:F9
8731  CA        DEX                             A:01 X:BE Y:00 P:A5 SP:F9
8732  D0 FB     BNE $872F                       A:01 X:BD Y:00 P:A5 SP:F9
872F  EA        NOP                             A:01 X:BD Y:00 P:A5 SP:F9
8730  EA        NOP                             A:01 X:BD Y:00 P:A5 SP:F9
8731  CA        DEX                             A:01 X:BD Y:00 P:A5 SP:F9
8732  D0 FB     BNE $872F                       A:01 X:BC Y:00 P:A5 SP:F9
872F  EA        NOP                             A:01 X:BC Y:00 P:A5 SP:F9
8730  EA        NOP                             A:01 X:BC Y:00 P:A5 SP:F9
8731  CA        DEX                             A:01 X:BC Y:00 P:A5 SP:F9
8732  D0 FB     BNE $872F                       A:01 X:BB Y:00 P:A5 SP:F9
872F  EA        NOP                             A:01 X:BB Y:00 P:A5 SP:F9
8730  EA        NOP                             A:01 X:BB Y:00 P:A5 SP:F9
8731  CA        DEX                             A:01 X:BB Y:00 P:A5 SP:F9
8732  D0 FB     BNE $872F                       A:01 X:BA Y:00 P:A5 SP:F9
872F  EA        NOP                             A:01 X:BA Y:00 P:A5 SP:F9
8730  EA        NOP                             A:01 X:BA Y:00 P:A5 SP:F9
8731  CA        DEX                             A:01 X:BA Y:00 P:A5 SP:F9
8732  D0 FB     BNE $872F                       A:01 X:B9 Y:00 P:A5 SP:F9
872F  EA        NOP                             A:01 X:B9 Y:00 P:A5 SP:F9
8730  EA        NOP                             A:01 X:B9 Y:00 P:A5 SP:F9
8731  CA        DEX                             A:01 X:B9 Y:00 P:A5 SP:F9
8732  D0 FB     BNE $872F                       A:01 X:B8 Y:00 P:A5 SP:F9
872F  EA        NOP                             A:01 X:B8 Y:00 P:A5 SP:F9
8730  EA        NOP                             A:01 X:B8 Y:00 P:A5 SP:F9
8731  CA        DEX                             A:01 X:B8 Y:00 P:A5 SP:F9
8732  D0 FB     BNE $872F                       A:01 X:B7 Y:00 P:A5 SP:F9
872F  EA        NOP                             A:01 X:B7 Y:00 P:A5 SP:F9
8730  EA        NOP                             A:01 X:B7 Y:00 P:A5 SP:F9
8731  CA        DEX                             A:01 X:B7 Y:00 P:A5 SP:F9
8732  D0 FB     BNE $872F                       A:01 X:B6 Y:00 P:A5 SP:F9
872F  EA        NOP                             A:01 X:B6 Y:00 P:A5 SP:F9
8730  EA        NOP                             A:01 X:B6 Y:00 P:A5 SP:F9
8731  CA        DEX                             A:01 X:B6 Y:00 P:A5 SP:F9
8732  D0 FB     BNE $872F                       A:01 X:B5 Y:00 P:A5 SP:F9
872F  EA        NOP                             A:01 X:B5 Y:00 P:A5 SP:F9
8730  EA        NOP                             A:01 X:B5 Y:00 P:A5 SP:F9
8731  CA        DEX                             A:01 X:B5 Y:00 P:A5 SP:F9
8732  D0 FB     BNE $872F                       A:01 X:B4 Y:00 P:A5 SP:F9
872F  EA        NOP                             A:01 X:B4 Y:00 P:A5 SP:F9
8730  EA        NOP                             A:01 X:B4 Y:00 P:A5 SP:F9
8731  CA        DEX                             A:01 X:B4 Y:00 P:A5 SP:F9
8732  D0 FB     BNE $872F                       A:01 X:B3 Y:00 P:A5 SP:F9
872F  EA        NOP                             A:01 X:B3 Y:00 P:A5 SP:F9
8730  EA        NOP                             A:01 X:B3 Y:00 P:A5 SP:F9
8731  CA        DEX                             A:01 X:B3 Y:00 P:A5 SP:F9
8732  D0 FB     BNE $872F                       A:01 X:B2 Y:00 P:A5 SP:F9
872F  EA        NOP                             A:01 X:B2 Y:00 P:A5 SP:F9
8730  EA        NOP                             A:01 X:B2 Y:00 P:A5 SP:F9
8731  CA        DEX                             A:01 X:B2 Y:00 P:A5 SP:F9
8732  D0 FB     BNE $872F                       A:01 X:B1 Y:00 P:A5 SP:F9
872F  EA        NOP                             A:01 X:B1 Y:00 P:A5 SP:F9
8730  EA        NOP                             A:01 X:B1 Y:00 P:A5 SP:F9
8731  CA        DEX                             A:01 X:B1 Y:00 P:A5 SP:F9
8732  D0 FB     BNE $872F                       A:01 X:B0 Y:00 P:A5 SP:F9
872F  EA        NOP                             A:01 X:B0 Y:00 P:A5 SP:F9
8730  EA        NOP                             A:01 X:B0 Y:00 P:A5 SP:F9
8731  CA        DEX                             A:01 X:B0 Y:00 P:A5 SP:F9
8732  D0 FB     BNE $872F                       A:01 X:AF Y:00 P:A5 SP:F9
872F  EA        NOP                             A:01 X:AF Y:00 P:A5 SP:F9
8730  EA        NOP                             A:01 X:AF Y:00 P:A5 SP:F9
8731  CA        DEX                             A:01 X:AF Y:00 P:A5 SP:F9
8732  D0 FB     BNE $872F                       A:01 X:AE Y:00 P:A5 SP:F9
872F  EA        NOP                             A:01 X:AE Y:00 P:A5 SP:F9
8730  EA        NOP                             A:01 X:AE Y:00 P:A5 SP:F9
8731  CA        DEX                             A:01 X:AE Y:00 P:A5 SP:F9
8732  D0 FB     BNE $872F                       A:01 X:AD Y:00 P:A5 SP:F9
872F  EA        NOP                             A:01 X:AD Y:00 P:A5 SP:F9
8730  EA        NOP                             A:01 X:AD Y:00 P:A5 SP:F9
8731  CA        DEX                             A:01 X:AD Y:00 P:A5 SP:F9
8732  D0 FB     BNE $872F                       A:01 X:AC Y:00 P:A5 SP:F9
872F  EA        NOP                             A:01 X:AC Y:00 P:A5 SP:F9
8730  EA        NOP                             A:01 X:AC Y:00 P:A5 SP:F9
8731  CA        DEX                             A:01 X:AC Y:00 P:A5 SP:F9
8732  D0 FB     BNE $872F                       A:01 X:AB Y:00 P:A5 SP:F9
872F  EA        NOP                             A:01 X:AB Y:00 P:A5 SP:F9
8730  EA        NOP                             A:01 X:AB Y:00 P:A5 SP:F9
8731  CA        DEX                             A:01 X:AB Y:00 P:A5 SP:F9
8732  D0 FB     BNE $872F                       A:01 X:AA Y:00 P:A5 SP:F9
872F  EA        NOP                             A:01 X:AA Y:00 P:A5 SP:F9
8730  EA        NOP                             A:01 X:AA Y:00 P:A5 SP:F9
8731  CA        DEX                             A:01 X:AA Y:00 P:A5 SP:F9
8732  D0 FB     BNE $872F                       A:01 X:A9 Y:00 P:A5 SP:F9
872F  EA        NOP                             A:01 X:A9 Y:00 P:A5 SP:F9
8730  EA        NOP                             A:01 X:A9 Y:00 P:A5 SP:F9
8731  CA        DEX                             A:01 X:A9 Y:00 P:A5 SP:F9
8732  D0 FB     BNE $872F                       A:01 X:A8 Y:00 P:A5 SP:F9
872F  EA        NOP                             A:01 X:A8 Y:00 P:A5 SP:F9
8730  EA        NOP                             A:01 X:A8 Y:00 P:A5 SP:F9
8731  CA        DEX                             A:01 X:A8 Y:00 P:A5 SP:F9
8732  D0 FB     BNE $872F                       A:01 X:A7 Y:00 P:A5 SP:F9
872F  EA        NOP                             A:01 X:A7 Y:00 P:A5 SP:F9
8730  EA        NOP                             A:01 X:A7 Y:00 P:A5 SP:F9
8731  CA        DEX                             A:01 X:A7 Y:00 P:A5 SP:F9
8732  D0 FB     BNE $872F                       A:01 X:A6 Y:00 P:A5 SP:F9
872F  EA        NOP                             A:01 X:A6 Y:00 P:A5 SP:F9
8730  EA        NOP                             A:01 X:A6 Y:00 P:A5 SP:F9
8731  CA        DEX                             A:01 X:A6 Y:00 P:A5 SP:F9
8732  D0 FB     BNE $872F                       A:01 X:A5 Y:00 P:A5 SP:F9
872F  EA        NOP                             A:01 X:A5 Y:00 P:A5 SP:F9
8730  EA        NOP                             A:01 X:A5 Y:00 P:A5 SP:F9
8731  CA        DEX                             A:01 X:A5 Y:00 P:A5 SP:F9
8732  D0 FB     BNE $872F                       A:01 X:A4 Y:00 P:A5 SP:F9
872F  EA        NOP                             A:01 X:A4 Y:00 P:A5 SP:F9
8730  EA        NOP                             A:01 X:A4 Y:00 P:A5 SP:F9
8731  CA        DEX                             A:01 X:A4 Y:00 P:A5 SP:F9
8732  D0 FB     BNE $872F                       A:01 X:A3 Y:00 P:A5 SP:F9
872F  EA        NOP                             A:01 X:A3 Y:00 P:A5 SP:F9
8730  EA        NOP                             A:01 X:A3 Y:00 P:A5 SP:F9
8731  CA        DEX                             A:01 X:A3 Y:00 P:A5 SP:F9
8732  D0 FB     BNE $872F                       A:01 X:A2 Y:00 P:A5 SP:F9
872F  EA        NOP                             A:01 X:A2 Y:00 P:A5 SP:F9
8730  EA        NOP                             A:01 X:A2 Y:00 P:A5 SP:F9
8731  CA        DEX                             A:01 X:A2 Y:00 P:A5 SP:F9
8732  D0 FB     BNE $872F                       A:01 X:A1 Y:00 P:A5 SP:F9
872F  EA        NOP                             A:01 X:A1 Y:00 P:A5 SP:F9
8730  EA        NOP                             A:01 X:A1 Y:00 P:A5 SP:F9
8731  CA        DEX                             A:01 X:A1 Y:00 P:A5 SP:F9
8732  D0 FB     BNE $872F                       A:01 X:A0 Y:00 P:A5 SP:F9
872F  EA        NOP                             A:01 X:A0 Y:00 P:A5 SP:F9
8730  EA        NOP                             A:01 X:A0 Y:00 P:A5 SP:F9
8731  CA        DEX                             A:01 X:A0 Y:00 P:A5 SP:F9
8732  D0 FB     BNE $872F                       A:01 X:9F Y:00 P:A5 SP:F9
872F  EA        NOP                             A:01 X:9F Y:00 P:A5 SP:F9
8730  EA        NOP                             A:01 X:9F Y:00 P:A5 SP:F9
8731  CA        DEX                             A:01 X:9F Y:00 P:A5 SP:F9
8732  D0 FB     BNE $872F                       A:01 X:9E Y:00 P:A5 SP:F9
872F  EA        NOP                             A:01 X:9E Y:00 P:A5 SP:F9
8730  EA        NOP                             A:01 X:9E Y:00 P:A5 SP:F9
8731  CA        DEX                             A:01 X:9E Y:00 P:A5 SP:F9
8732  D0 FB     BNE $872F                       A:01 X:9D Y:00 P:A5 SP:F9
872F  EA        NOP                             A:01 X:9D Y:00 P:A5 SP:F9
8730  EA        NOP                             A:01 X:9D Y:00 P:A5 SP:F9
8731  CA        DEX                             A:01 X:9D Y:00 P:A5 SP:F9
8732  D0 FB     BNE $872F                       A:01 X:9C Y:00 P:A5 SP:F9
872F  EA        NOP                             A:01 X:9C Y:00 P:A5 SP:F9
8730  EA        NOP                             A:01 X:9C Y:00 P:A5 SP:F9
8731  CA        DEX                             A:01 X:9C Y:00 P:A5 SP:F9
8732  D0 FB     BNE $872F                       A:01 X:9B Y:00 P:A5 SP:F9
872F  EA        NOP                             A:01 X:9B Y:00 P:A5 SP:F9
8730  EA        NOP                             A:01 X:9B Y:00 P:A5 SP:F9
8731  CA        DEX                             A:01 X:9B Y:00 P:A5 SP:F9
8732  D0 FB     BNE $872F                       A:01 X:9A Y:00 P:A5 SP:F9
872F  EA        NOP                             A:01 X:9A Y:00 P:A5 SP:F9
8730  EA        NOP                             A:01 X:9A Y:00 P:A5 SP:F9
8731  CA        DEX                             A:01 X:9A Y:00 P:A5 SP:F9
8732  D0 FB     BNE $872F                       A:01 X:99 Y:00 P:A5 SP:F9
872F  EA        NOP                             A:01 X:99 Y:00 P:A5 SP:F9
8730  EA        NOP                             A:01 X:99 Y:00 P:A5 SP:F9
8731  CA        DEX                             A:01 X:99 Y:00 P:A5 SP:F9
8732  D0 FB     BNE $872F                       A:01 X:98 Y:00 P:A5 SP:F9
872F  EA        NOP                             A:01 X:98 Y:00 P:A5 SP:F9
8730  EA        NOP                             A:01 X:98 Y:00 P:A5 SP:F9
8731  CA        DEX                             A:01 X:98 Y:00 P:A5 SP:F9
8732  D0 FB     BNE $872F                       A:01 X:97 Y:00 P:A5 SP:F9
872F  EA        NOP                             A:01 X:97 Y:00 P:A5 SP:F9
8730  EA        NOP                             A:01 X:97 Y:00 P:A5 SP:F9
8731  CA        DEX                             A:01 X:97 Y:00 P:A5 SP:F9
8732  D0 FB     BNE $872F                       A:01 X:96 Y:00 P:A5 SP:F9
872F  EA        NOP                             A:01 X:96 Y:00 P:A5 SP:F9
8730  EA        NOP                             A:01 X:96 Y:00 P:A5 SP:F9
8731  CA        DEX                             A:01 X:96 Y:00 P:A5 SP:F9
8732  D0 FB     BNE $872F                       A:01 X:95 Y:00 P:A5 SP:F9
872F  EA        NOP                             A:01 X:95 Y:00 P:A5 SP:F9
8730  EA        NOP                             A:01 X:95 Y:00 P:A5 SP:F9
8731  CA        DEX                             A:01 X:95 Y:00 P:A5 SP:F9
8732  D0 FB     BNE $872F                       A:01 X:94 Y:00 P:A5 SP:F9
872F  EA        NOP                             A:01 X:94 Y:00 P:A5 SP:F9
8730  EA        NOP                             A:01 X:94 Y:00 P:A5 SP:F9
8731  CA        DEX                             A:01 X:94 Y:00 P:A5 SP:F9
8732  D0 FB     BNE $872F                       A:01 X:93 Y:00 P:A5 SP:F9
872F  EA        NOP                             A:01 X:93 Y:00 P:A5 SP:F9
8730  EA        NOP                             A:01 X:93 Y:00 P:A5 SP:F9
8731  CA        DEX                             A:01 X:93 Y:00 P:A5 SP:F9
8732  D0 FB     BNE $872F                       A:01 X:92 Y:00 P:A5 SP:F9
872F  EA        NOP                             A:01 X:92 Y:00 P:A5 SP:F9
8730  EA        NOP                             A:01 X:92 Y:00 P:A5 SP:F9
8731  CA        DEX                             A:01 X:92 Y:00 P:A5 SP:F9
8732  D0 FB     BNE $872F                       A:01 X:91 Y:00 P:A5 SP:F9
872F  EA        NOP                             A:01 X:91 Y:00 P:A5 SP:F9
8730  EA        NOP                             A:01 X:91 Y:00 P:A5 SP:F9
8731  CA        DEX                             A:01 X:91 Y:00 P:A5 SP:F9
8732  D0 FB     BNE $872F                       A:01 X:90 Y:00 P:A5 SP:F9
872F  EA        NOP                             A:01 X:90 Y:00 P:A5 SP:F9
8730  EA        NOP                             A:01 X:90 Y:00 P:A5 SP:F9
8731  CA        DEX                             A:01 X:90 Y:00 P:A5 SP:F9
8732  D0 FB     BNE $872F                       A:01 X:8F Y:00 P:A5 SP:F9
872F  EA        NOP                             A:01 X:8F Y:00 P:A5 SP:F9
8730  EA        NOP                             A:01 X:8F Y:00 P:A5 SP:F9
8731  CA        DEX                             A:01 X:8F Y:00 P:A5 SP:F9
8732  D0 FB     BNE $872F                       A:01 X:8E Y:00 P:A5 SP:F9
872F  EA        NOP                             A:01 X:8E Y:00 P:A5 SP:F9
8730  EA        NOP                             A:01 X:8E Y:00 P:A5 SP:F9
8731  CA        DEX                             A:01 X:8E Y:00 P:A5 SP:F9
8732  D0 FB     BNE $872F                       A:01 X:8D Y:00 P:A5 SP:F9
872F  EA        NOP                             A:01 X:8D Y:00 P:A5 SP:F9
8730  EA        NOP                             A:01 X:8D Y:00 P:A5 SP:F9
8731  CA        DEX                             A:01 X:8D Y:00 P:A5 SP:F9
8732  D0 FB     BNE $872F                       A:01 X:8C Y:00 P:A5 SP:F9
872F  EA        NOP                             A:01 X:8C Y:00 P:A5 SP:F9
8730  EA        NOP                             A:01 X:8C Y:00 P:A5 SP:F9
8731  CA        DEX                             A:01 X:8C Y:00 P:A5 SP:F9
8732  D0 FB     BNE $872F                       A:01 X:8B Y:00 P:A5 SP:F9
872F  EA        NOP                             A:01 X:8B Y:00 P:A5 SP:F9
8730  EA        NOP                             A:01 X:8B Y:00 P:A5 SP:F9
8731  CA        DEX                             A:01 X:8B Y:00 P:A5 SP:F9
8732  D0 FB     BNE $872F                       A:01 X:8A Y:00 P:A5 SP:F9
872F  EA        NOP                             A:01 X:8A Y:00 P:A5 SP:F9
8730  EA        NOP                             A:01 X:8A Y:00 P:A5 SP:F9
8731  CA        DEX                             A:01 X:8A Y:00 P:A5 SP:F9
8732  D0 FB     BNE $872F                       A:01 X:89 Y:00 P:A5 SP:F9
872F  EA        NOP                             A:01 X:89 Y:00 P:A5 SP:F9
8730  EA        NOP                             A:01 X:89 Y:00 P:A5 SP:F9
8731  CA        DEX                             A:01 X:89 Y:00 P:A5 SP:F9
8732  D0 FB     BNE $872F                       A:01 X:88 Y:00 P:A5 SP:F9
872F  EA        NOP                             A:01 X:88 Y:00 P:A5 SP:F9
8730  EA        NOP                             A:01 X:88 Y:00 P:A5 SP:F9
8731  CA        DEX                             A:01 X:88 Y:00 P:A5 SP:F9
8732  D0 FB     BNE $872F                       A:01 X:87 Y:00 P:A5 SP:F9
872F  EA        NOP                             A:01 X:87 Y:00 P:A5 SP:F9
8730  EA        NOP                             A:01 X:87 Y:00 P:A5 SP:F9
8731  CA        DEX                             A:01 X:87 Y:00 P:A5 SP:F9
8732  D0 FB     BNE $872F                       A:01 X:86 Y:00 P:A5 SP:F9
872F  EA        NOP                             A:01 X:86 Y:00 P:A5 SP:F9
8730  EA        NOP                             A:01 X:86 Y:00 P:A5 SP:F9
8731  CA        DEX                             A:01 X:86 Y:00 P:A5 SP:F9
8732  D0 FB     BNE $872F                       A:01 X:85 Y:00 P:A5 SP:F9
872F  EA        NOP                             A:01 X:85 Y:00 P:A5 SP:F9
8730  EA        NOP                             A:01 X:85 Y:00 P:A5 SP:F9
8731  CA        DEX                             A:01 X:85 Y:00 P:A5 SP:F9
8732  D0 FB     BNE $872F                       A:01 X:84 Y:00 P:A5 SP:F9
872F  EA        NOP                             A:01 X:84 Y:00 P:A5 SP:F9
8730  EA        NOP                             A:01 X:84 Y:00 P:A5 SP:F9
8731  CA        DEX                             A:01 X:84 Y:00 P:A5 SP:F9
8732  D0 FB     BNE $872F                       A:01 X:83 Y:00 P:A5 SP:F9
872F  EA        NOP                             A:01 X:83 Y:00 P:A5 SP:F9
8730  EA        NOP                             A:01 X:83 Y:00 P:A5 SP:F9
8731  CA        DEX                             A:01 X:83 Y:00 P:A5 SP:F9
8732  D0 FB     BNE $872F                       A:01 X:82 Y:00 P:A5 SP:F9
872F  EA        NOP                             A:01 X:82 Y:00 P:A5 SP:F9
8730  EA        NOP                             A:01 X:82 Y:00 P:A5 SP:F9
8731  CA        DEX                             A:01 X:82 Y:00 P:A5 SP:F9
8732  D0 FB     BNE $872F                       A:01 X:81 Y:00 P:A5 SP:F9
872F  EA        NOP                             A:01 X:81 Y:00 P:A5 SP:F9
8730  EA        NOP                             A:01 X:81 Y:00 P:A5 SP:F9
8731  CA        DEX                             A:01 X:81 Y:00 P:A5 SP:F9
8732  D0 FB     BNE $872F                       A:01 X:80 Y:00 P:A5 SP:F9
872F  EA        NOP                             A:01 X:80 Y:00 P:A5 SP:F9
8730  EA        NOP                             A:01 X:80 Y:00 P:A5 SP:F9
8731  CA        DEX                             A:01 X:80 Y:00 P:A5 SP:F9
8732  D0 FB     BNE $872F                       A:01 X:7F Y:00 P:25 SP:F9
872F  EA        NOP                             A:01 X:7F Y:00 P:25 SP:F9
8730  EA        NOP                             A:01 X:7F Y:00 P:25 SP:F9
8731  CA        DEX                             A:01 X:7F Y:00 P:25 SP:F9
8732  D0 FB     BNE $872F                       A:01 X:7E Y:00 P:25 SP:F9
872F  EA        NOP                             A:01 X:7E Y:00 P:25 SP:F9
8730  EA        NOP                             A:01 X:7E Y:00 P:25 SP:F9
8731  CA        DEX                             A:01 X:7E Y:00 P:25 SP:F9
8732  D0 FB     BNE $872F                       A:01 X:7D Y:00 P:25 SP:F9
872F  EA        NOP                             A:01 X:7D Y:00 P:25 SP:F9
8730  EA        NOP                             A:01 X:7D Y:00 P:25 SP:F9
8731  CA        DEX                             A:01 X:7D Y:00 P:25 SP:F9
8732  D0 FB     BNE $872F                       A:01 X:7C Y:00 P:25 SP:F9
872F  EA        NOP                             A:01 X:7C Y:00 P:25 SP:F9
8730  EA        NOP                             A:01 X:7C Y:00 P:25 SP:F9
8731  CA        DEX                             A:01 X:7C Y:00 P:25 SP:F9
8732  D0 FB     BNE $872F                       A:01 X:7B Y:00 P:25 SP:F9
872F  EA        NOP                             A:01 X:7B Y:00 P:25 SP:F9
8730  EA        NOP                             A:01 X:7B Y:00 P:25 SP:F9
8731  CA        DEX                             A:01 X:7B Y:00 P:25 SP:F9
8732  D0 FB     BNE $872F                       A:01 X:7A Y:00 P:25 SP:F9
872F  EA        NOP                             A:01 X:7A Y:00 P:25 SP:F9
8730  EA        NOP                             A:01 X:7A Y:00 P:25 SP:F9
8731  CA        DEX                             A:01 X:7A Y:00 P:25 SP:F9
8732  D0 FB     BNE $872F                       A:01 X:79 Y:00 P:25 SP:F9
872F  EA        NOP                             A:01 X:79 Y:00 P:25 SP:F9
8730  EA        NOP                             A:01 X:79 Y:00 P:25 SP:F9
8731  CA        DEX                             A:01 X:79 Y:00 P:25 SP:F9
8732  D0 FB     BNE $872F                       A:01 X:78 Y:00 P:25 SP:F9
872F  EA        NOP                             A:01 X:78 Y:00 P:25 SP:F9
8730  EA        NOP                             A:01 X:78 Y:00 P:25 SP:F9
8731  CA        DEX                             A:01 X:78 Y:00 P:25 SP:F9
8732  D0 FB     BNE $872F                       A:01 X:77 Y:00 P:25 SP:F9
872F  EA        NOP                             A:01 X:77 Y:00 P:25 SP:F9
8730  EA        NOP                             A:01 X:77 Y:00 P:25 SP:F9
8731  CA        DEX                             A:01 X:77 Y:00 P:25 SP:F9
8732  D0 FB     BNE $872F                       A:01 X:76 Y:00 P:25 SP:F9
872F  EA        NOP                             A:01 X:76 Y:00 P:25 SP:F9
8730  EA        NOP                             A:01 X:76 Y:00 P:25 SP:F9
8731  CA        DEX                             A:01 X:76 Y:00 P:25 SP:F9
8732  D0 FB     BNE $872F                       A:01 X:75 Y:00 P:25 SP:F9
872F  EA        NOP                             A:01 X:75 Y:00 P:25 SP:F9
8730  EA        NOP                             A:01 X:75 Y:00 P:25 SP:F9
8731  CA        DEX                             A:01 X:75 Y:00 P:25 SP:F9
8732  D0 FB     BNE $872F                       A:01 X:74 Y:00 P:25 SP:F9
872F  EA        NOP                             A:01 X:74 Y:00 P:25 SP:F9
8730  EA        NOP                             A:01 X:74 Y:00 P:25 SP:F9
8731  CA        DEX                             A:01 X:74 Y:00 P:25 SP:F9
8732  D0 FB     BNE $872F                       A:01 X:73 Y:00 P:25 SP:F9
872F  EA        NOP                             A:01 X:73 Y:00 P:25 SP:F9
8730  EA        NOP                             A:01 X:73 Y:00 P:25 SP:F9
8731  CA        DEX                             A:01 X:73 Y:00 P:25 SP:F9
8732  D0 FB     BNE $872F                       A:01 X:72 Y:00 P:25 SP:F9
872F  EA        NOP                             A:01 X:72 Y:00 P:25 SP:F9
8730  EA        NOP                             A:01 X:72 Y:00 P:25 SP:F9
8731  CA        DEX                             A:01 X:72 Y:00 P:25 SP:F9
8732  D0 FB     BNE $872F                       A:01 X:71 Y:00 P:25 SP:F9
872F  EA        NOP                             A:01 X:71 Y:00 P:25 SP:F9
8730  EA        NOP                             A:01 X:71 Y:00 P:25 SP:F9
8731  CA        DEX                             A:01 X:71 Y:00 P:25 SP:F9
8732  D0 FB     BNE $872F                       A:01 X:70 Y:00 P:25 SP:F9
872F  EA        NOP                             A:01 X:70 Y:00 P:25 SP:F9
8730  EA        NOP                             A:01 X:70 Y:00 P:25 SP:F9
8731  CA        DEX                             A:01 X:70 Y:00 P:25 SP:F9
8732  D0 FB     BNE $872F                       A:01 X:6F Y:00 P:25 SP:F9
872F  EA        NOP                             A:01 X:6F Y:00 P:25 SP:F9
8730  EA        NOP                             A:01 X:6F Y:00 P:25 SP:F9
8731  CA        DEX                             A:01 X:6F Y:00 P:25 SP:F9
8732  D0 FB     BNE $872F                       A:01 X:6E Y:00 P:25 SP:F9
872F  EA        NOP                             A:01 X:6E Y:00 P:25 SP:F9
8730  EA        NOP                             A:01 X:6E Y:00 P:25 SP:F9
8731  CA        DEX                             A:01 X:6E Y:00 P:25 SP:F9
8732  D0 FB     BNE $872F                       A:01 X:6D Y:00 P:25 SP:F9
872F  EA        NOP                             A:01 X:6D Y:00 P:25 SP:F9
8730  EA        NOP                             A:01 X:6D Y:00 P:25 SP:F9
8731  CA        DEX                             A:01 X:6D Y:00 P:25 SP:F9
8732  D0 FB     BNE $872F                       A:01 X:6C Y:00 P:25 SP:F9
872F  EA        NOP                             A:01 X:6C Y:00 P:25 SP:F9
8730  EA        NOP                             A:01 X:6C Y:00 P:25 SP:F9
8731  CA        DEX                             A:01 X:6C Y:00 P:25 SP:F9
8732  D0 FB     BNE $872F                       A:01 X:6B Y:00 P:25 SP:F9
872F  EA        NOP                             A:01 X:6B Y:00 P:25 SP:F9
8730  EA        NOP                             A:01 X:6B Y:00 P:25 SP:F9
8731  CA        DEX                             A:01 X:6B Y:00 P:25 SP:F9
8732  D0 FB     BNE $872F                       A:01 X:6A Y:00 P:25 SP:F9
872F  EA        NOP                             A:01 X:6A Y:00 P:25 SP:F9
8730  EA        NOP                             A:01 X:6A Y:00 P:25 SP:F9
8731  CA        DEX                             A:01 X:6A Y:00 P:25 SP:F9
8732  D0 FB     BNE $872F                       A:01 X:69 Y:00 P:25 SP:F9
872F  EA        NOP                             A:01 X:69 Y:00 P:25 SP:F9
8730  EA        NOP                             A:01 X:69 Y:00 P:25 SP:F9
8731  CA        DEX                             A:01 X:69 Y:00 P:25 SP:F9
8732  D0 FB     BNE $872F                       A:01 X:68 Y:00 P:25 SP:F9
872F  EA        NOP                             A:01 X:68 Y:00 P:25 SP:F9
8730  EA        NOP                             A:01 X:68 Y:00 P:25 SP:F9
8731  CA        DEX                             A:01 X:68 Y:00 P:25 SP:F9
8732  D0 FB     BNE $872F                       A:01 X:67 Y:00 P:25 SP:F9
872F  EA        NOP                             A:01 X:67 Y:00 P:25 SP:F9
8730  EA        NOP                             A:01 X:67 Y:00 P:25 SP:F9
8731  CA        DEX                             A:01 X:67 Y:00 P:25 SP:F9
8732  D0 FB     BNE $872F                       A:01 X:66 Y:00 P:25 SP:F9
872F  EA        NOP                             A:01 X:66 Y:00 P:25 SP:F9
8730  EA        NOP                             A:01 X:66 Y:00 P:25 SP:F9
8731  CA        DEX                             A:01 X:66 Y:00 P:25 SP:F9
8732  D0 FB     BNE $872F                       A:01 X:65 Y:00 P:25 SP:F9
872F  EA        NOP                             A:01 X:65 Y:00 P:25 SP:F9
8730  EA        NOP                             A:01 X:65 Y:00 P:25 SP:F9
8731  CA        DEX                             A:01 X:65 Y:00 P:25 SP:F9
8732  D0 FB     BNE $872F                       A:01 X:64 Y:00 P:25 SP:F9
872F  EA        NOP                             A:01 X:64 Y:00 P:25 SP:F9
8730  EA        NOP                             A:01 X:64 Y:00 P:25 SP:F9
8731  CA        DEX                             A:01 X:64 Y:00 P:25 SP:F9
8732  D0 FB     BNE $872F                       A:01 X:63 Y:00 P:25 SP:F9
872F  EA        NOP                             A:01 X:63 Y:00 P:25 SP:F9
8730  EA        NOP                             A:01 X:63 Y:00 P:25 SP:F9
8731  CA        DEX                             A:01 X:63 Y:00 P:25 SP:F9
8732  D0 FB     BNE $872F                       A:01 X:62 Y:00 P:25 SP:F9
872F  EA        NOP                             A:01 X:62 Y:00 P:25 SP:F9
8730  EA        NOP                             A:01 X:62 Y:00 P:25 SP:F9
8731  CA        DEX                             A:01 X:62 Y:00 P:25 SP:F9
8732  D0 FB     BNE $872F                       A:01 X:61 Y:00 P:25 SP:F9
872F  EA        NOP                             A:01 X:61 Y:00 P:25 SP:F9
8730  EA        NOP                             A:01 X:61 Y:00 P:25 SP:F9
8731  CA        DEX                             A:01 X:61 Y:00 P:25 SP:F9
8732  D0 FB     BNE $872F                       A:01 X:60 Y:00 P:25 SP:F9
872F  EA        NOP                             A:01 X:60 Y:00 P:25 SP:F9
8730  EA        NOP                             A:01 X:60 Y:00 P:25 SP:F9
8731  CA        DEX                             A:01 X:60 Y:00 P:25 SP:F9
8732  D0 FB     BNE $872F                       A:01 X:5F Y:00 P:25 SP:F9
872F  EA        NOP                             A:01 X:5F Y:00 P:25 SP:F9
8730  EA        NOP                             A:01 X:5F Y:00 P:25 SP:F9
8731  CA        DEX                             A:01 X:5F Y:00 P:25 SP:F9
8732  D0 FB     BNE $872F                       A:01 X:5E Y:00 P:25 SP:F9
872F  EA        NOP                             A:01 X:5E Y:00 P:25 SP:F9
8730  EA        NOP                             A:01 X:5E Y:00 P:25 SP:F9
8731  CA        DEX                             A:01 X:5E Y:00 P:25 SP:F9
8732  D0 FB     BNE $872F                       A:01 X:5D Y:00 P:25 SP:F9
872F  EA        NOP                             A:01 X:5D Y:00 P:25 SP:F9
8730  EA        NOP                             A:01 X:5D Y:00 P:25 SP:F9
8731  CA        DEX                             A:01 X:5D Y:00 P:25 SP:F9
8732  D0 FB     BNE $872F                       A:01 X:5C Y:00 P:25 SP:F9
872F  EA        NOP                             A:01 X:5C Y:00 P:25 SP:F9
8730  EA        NOP                             A:01 X:5C Y:00 P:25 SP:F9
8731  CA        DEX                             A:01 X:5C Y:00 P:25 SP:F9
8732  D0 FB     BNE $872F                       A:01 X:5B Y:00 P:25 SP:F9
872F  EA        NOP                             A:01 X:5B Y:00 P:25 SP:F9
8730  EA        NOP                             A:01 X:5B Y:00 P:25 SP:F9
8731  CA        DEX                             A:01 X:5B Y:00 P:25 SP:F9
8732  D0 FB     BNE $872F                       A:01 X:5A Y:00 P:25 SP:F9
872F  EA        NOP                             A:01 X:5A Y:00 P:25 SP:F9
8730  EA        NOP                             A:01 X:5A Y:00 P:25 SP:F9
8731  CA        DEX                             A:01 X:5A Y:00 P:25 SP:F9
8732  D0 FB     BNE $872F                       A:01 X:59 Y:00 P:25 SP:F9
872F  EA        NOP                             A:01 X:59 Y:00 P:25 SP:F9
8730  EA        NOP                             A:01 X:59 Y:00 P:25 SP:F9
8731  CA        DEX                             A:01 X:59 Y:00 P:25 SP:F9
8732  D0 FB     BNE $872F                       A:01 X:58 Y:00 P:25 SP:F9
872F  EA        NOP                             A:01 X:58 Y:00 P:25 SP:F9
8730  EA        NOP                             A:01 X:58 Y:00 P:25 SP:F9
8731  CA        DEX                             A:01 X:58 Y:00 P:25 SP:F9
8732  D0 FB     BNE $872F                       A:01 X:57 Y:00 P:25 SP:F9
872F  EA        NOP                             A:01 X:57 Y:00 P:25 SP:F9
8730  EA        NOP                             A:01 X:57 Y:00 P:25 SP:F9
8731  CA        DEX                             A:01 X:57 Y:00 P:25 SP:F9
8732  D0 FB     BNE $872F                       A:01 X:56 Y:00 P:25 SP:F9
872F  EA        NOP                             A:01 X:56 Y:00 P:25 SP:F9
8730  EA        NOP                             A:01 X:56 Y:00 P:25 SP:F9
8731  CA        DEX                             A:01 X:56 Y:00 P:25 SP:F9
8732  D0 FB     BNE $872F                       A:01 X:55 Y:00 P:25 SP:F9
872F  EA        NOP                             A:01 X:55 Y:00 P:25 SP:F9
8730  EA        NOP                             A:01 X:55 Y:00 P:25 SP:F9
8731  CA        DEX                             A:01 X:55 Y:00 P:25 SP:F9
8732  D0 FB     BNE $872F                       A:01 X:54 Y:00 P:25 SP:F9
872F  EA        NOP                             A:01 X:54 Y:00 P:25 SP:F9
8730  EA        NOP                             A:01 X:54 Y:00 P:25 SP:F9
8731  CA        DEX                             A:01 X:54 Y:00 P:25 SP:F9
8732  D0 FB     BNE $872F                       A:01 X:53 Y:00 P:25 SP:F9
872F  EA        NOP                             A:01 X:53 Y:00 P:25 SP:F9
8730  EA        NOP                             A:01 X:53 Y:00 P:25 SP:F9
8731  CA        DEX                             A:01 X:53 Y:00 P:25 SP:F9
8732  D0 FB     BNE $872F                       A:01 X:52 Y:00 P:25 SP:F9
872F  EA        NOP                             A:01 X:52 Y:00 P:25 SP:F9
8730  EA        NOP                             A:01 X:52 Y:00 P:25 SP:F9
8731  CA        DEX                             A:01 X:52 Y:00 P:25 SP:F9
8732  D0 FB     BNE $872F                       A:01 X:51 Y:00 P:25 SP:F9
872F  EA        NOP                             A:01 X:51 Y:00 P:25 SP:F9
8730  EA        NOP                             A:01 X:51 Y:00 P:25 SP:F9
8731  CA        DEX                             A:01 X:51 Y:00 P:25 SP:F9
8732  D0 FB     BNE $872F                       A:01 X:50 Y:00 P:25 SP:F9
872F  EA        NOP                             A:01 X:50 Y:00 P:25 SP:F9
8730  EA        NOP                             A:01 X:50 Y:00 P:25 SP:F9
8731  CA        DEX                             A:01 X:50 Y:00 P:25 SP:F9
8732  D0 FB     BNE $872F                       A:01 X:4F Y:00 P:25 SP:F9
872F  EA        NOP                             A:01 X:4F Y:00 P:25 SP:F9
8730  EA        NOP                             A:01 X:4F Y:00 P:25 SP:F9
8731  CA        DEX                             A:01 X:4F Y:00 P:25 SP:F9
8732  D0 FB     BNE $872F                       A:01 X:4E Y:00 P:25 SP:F9
872F  EA        NOP                             A:01 X:4E Y:00 P:25 SP:F9
8730  EA        NOP                             A:01 X:4E Y:00 P:25 SP:F9
8731  CA        DEX                             A:01 X:4E Y:00 P:25 SP:F9
8732  D0 FB     BNE $872F                       A:01 X:4D Y:00 P:25 SP:F9
872F  EA        NOP                             A:01 X:4D Y:00 P:25 SP:F9
8730  EA        NOP                             A:01 X:4D Y:00 P:25 SP:F9
8731  CA        DEX                             A:01 X:4D Y:00 P:25 SP:F9
8732  D0 FB     BNE $872F                       A:01 X:4C Y:00 P:25 SP:F9
872F  EA        NOP                             A:01 X:4C Y:00 P:25 SP:F9
8730  EA        NOP                             A:01 X:4C Y:00 P:25 SP:F9
8731  CA        DEX                             A:01 X:4C Y:00 P:25 SP:F9
8732  D0 FB     BNE $872F                       A:01 X:4B Y:00 P:25 SP:F9
872F  EA        NOP                             A:01 X:4B Y:00 P:25 SP:F9
8730  EA        NOP                             A:01 X:4B Y:00 P:25 SP:F9
8731  CA        DEX                             A:01 X:4B Y:00 P:25 SP:F9
8732  D0 FB     BNE $872F                       A:01 X:4A Y:00 P:25 SP:F9
872F  EA        NOP                             A:01 X:4A Y:00 P:25 SP:F9
8730  EA        NOP                             A:01 X:4A Y:00 P:25 SP:F9
8731  CA        DEX                             A:01 X:4A Y:00 P:25 SP:F9
8732  D0 FB     BNE $872F                       A:01 X:49 Y:00 P:25 SP:F9
872F  EA        NOP                             A:01 X:49 Y:00 P:25 SP:F9
8730  EA        NOP                             A:01 X:49 Y:00 P:25 SP:F9
8731  CA        DEX                             A:01 X:49 Y:00 P:25 SP:F9
8732  D0 FB     BNE $872F                       A:01 X:48 Y:00 P:25 SP:F9
872F  EA        NOP                             A:01 X:48 Y:00 P:25 SP:F9
8730  EA        NOP                             A:01 X:48 Y:00 P:25 SP:F9
8731  CA        DEX                             A:01 X:48 Y:00 P:25 SP:F9
8732  D0 FB     BNE $872F                       A:01 X:47 Y:00 P:25 SP:F9
872F  EA        NOP                             A:01 X:47 Y:00 P:25 SP:F9
8730  EA        NOP                             A:01 X:47 Y:00 P:25 SP:F9
8731  CA        DEX                             A:01 X:47 Y:00 P:25 SP:F9
8732  D0 FB     BNE $872F                       A:01 X:46 Y:00 P:25 SP:F9
872F  EA        NOP                             A:01 X:46 Y:00 P:25 SP:F9
8730  EA        NOP                             A:01 X:46 Y:00 P:25 SP:F9
8731  CA        DEX                             A:01 X:46 Y:00 P:25 SP:F9
8732  D0 FB     BNE $872F                       A:01 X:45 Y:00 P:25 SP:F9
872F  EA        NOP                             A:01 X:45 Y:00 P:25 SP:F9
8730  EA        NOP                             A:01 X:45 Y:00 P:25 SP:F9
8731  CA        DEX                             A:01 X:45 Y:00 P:25 SP:F9
8732  D0 FB     BNE $872F                       A:01 X:44 Y:00 P:25 SP:F9
872F  EA        NOP                             A:01 X:44 Y:00 P:25 SP:F9
8730  EA        NOP                             A:01 X:44 Y:00 P:25 SP:F9
8731  CA        DEX                             A:01 X:44 Y:00 P:25 SP:F9
8732  D0 FB     BNE $872F                       A:01 X:43 Y:00 P:25 SP:F9
872F  EA        NOP                             A:01 X:43 Y:00 P:25 SP:F9
8730  EA        NOP                             A:01 X:43 Y:00 P:25 SP:F9
8731  CA        DEX                             A:01 X:43 Y:00 P:25 SP:F9
8732  D0 FB     BNE $872F                       A:01 X:42 Y:00 P:25 SP:F9
872F  EA        NOP                             A:01 X:42 Y:00 P:25 SP:F9
8730  EA        NOP                             A:01 X:42 Y:00 P:25 SP:F9
8731  CA        DEX                             A:01 X:42 Y:00 P:25 SP:F9
8732  D0 FB     BNE $872F                       A:01 X:41 Y:00 P:25 SP:F9
872F  EA        NOP                             A:01 X:41 Y:00 P:25 SP:F9
8730  EA        NOP                             A:01 X:41 Y:00 P:25 SP:F9
8731  CA        DEX                             A:01 X:41 Y:00 P:25 SP:F9
8732  D0 FB     BNE $872F                       A:01 X:40 Y:00 P:25 SP:F9
872F  EA        NOP                             A:01 X:40 Y:00 P:25 SP:F9
8730  EA        NOP                             A:01 X:40 Y:00 P:25 SP:F9
8731  CA        DEX                             A:01 X:40 Y:00 P:25 SP:F9
8732  D0 FB     BNE $872F                       A:01 X:3F Y:00 P:25 SP:F9
872F  EA        NOP                             A:01 X:3F Y:00 P:25 SP:F9
8730  EA        NOP                             A:01 X:3F Y:00 P:25 SP:F9
8731  CA        DEX                             A:01 X:3F Y:00 P:25 SP:F9
8732  D0 FB     BNE $872F                       A:01 X:3E Y:00 P:25 SP:F9
872F  EA        NOP                             A:01 X:3E Y:00 P:25 SP:F9
8730  EA        NOP                             A:01 X:3E Y:00 P:25 SP:F9
8731  CA        DEX                             A:01 X:3E Y:00 P:25 SP:F9
8732  D0 FB     BNE $872F                       A:01 X:3D Y:00 P:25 SP:F9
872F  EA        NOP                             A:01 X:3D Y:00 P:25 SP:F9
8730  EA        NOP                             A:01 X:3D Y:00 P:25 SP:F9
8731  CA        DEX                             A:01 X:3D Y:00 P:25 SP:F9
8732  D0 FB     BNE $872F                       A:01 X:3C Y:00 P:25 SP:F9
872F  EA        NOP                             A:01 X:3C Y:00 P:25 SP:F9
8730  EA        NOP                             A:01 X:3C Y:00 P:25 SP:F9
8731  CA        DEX                             A:01 X:3C Y:00 P:25 SP:F9
8732  D0 FB     BNE $872F                       A:01 X:3B Y:00 P:25 SP:F9
872F  EA        NOP                             A:01 X:3B Y:00 P:25 SP:F9
8730  EA        NOP                             A:01 X:3B Y:00 P:25 SP:F9
8731  CA        DEX                             A:01 X:3B Y:00 P:25 SP:F9
8732  D0 FB     BNE $872F                       A:01 X:3A Y:00 P:25 SP:F9
872F  EA        NOP                             A:01 X:3A Y:00 P:25 SP:F9
8730  EA        NOP                             A:01 X:3A Y:00 P:25 SP:F9
8731  CA        DEX                             A:01 X:3A Y:00 P:25 SP:F9
8732  D0 FB     BNE $872F                       A:01 X:39 Y:00 P:25 SP:F9
872F  EA        NOP                             A:01 X:39 Y:00 P:25 SP:F9
8730  EA        NOP                             A:01 X:39 Y:00 P:25 SP:F9
8731  CA        DEX                             A:01 X:39 Y:00 P:25 SP:F9
8732  D0 FB     BNE $872F                       A:01 X:38 Y:00 P:25 SP:F9
872F  EA        NOP                             A:01 X:38 Y:00 P:25 SP:F9
8730  EA        NOP                             A:01 X:38 Y:00 P:25 SP:F9
8731  CA        DEX                             A:01 X:38 Y:00 P:25 SP:F9
8732  D0 FB     BNE $872F                       A:01 X:37 Y:00 P:25 SP:F9
872F  EA        NOP                             A:01 X:37 Y:00 P:25 SP:F9
8730  EA        NOP                             A:01 X:37 Y:00 P:25 SP:F9
8731  CA        DEX                             A:01 X:37 Y:00 P:25 SP:F9
8732  D0 FB     BNE $872F                       A:01 X:36 Y:00 P:25 SP:F9
872F  EA        NOP                             A:01 X:36 Y:00 P:25 SP:F9
8730  EA        NOP                             A:01 X:36 Y:00 P:25 SP:F9
8731  CA        DEX                             A:01 X:36 Y:00 P:25 SP:F9
8732  D0 FB     BNE $872F                       A:01 X:35 Y:00 P:25 SP:F9
872F  EA        NOP                             A:01 X:35 Y:00 P:25 SP:F9
8730  EA        NOP                             A:01 X:35 Y:00 P:25 SP:F9
8731  CA        DEX                             A:01 X:35 Y:00 P:25 SP:F9
8732  D0 FB     BNE $872F                       A:01 X:34 Y:00 P:25 SP:F9
872F  EA        NOP                             A:01 X:34 Y:00 P:25 SP:F9
8730  EA        NOP                             A:01 X:34 Y:00 P:25 SP:F9
8731  CA        DEX                             A:01 X:34 Y:00 P:25 SP:F9
8732  D0 FB     BNE $872F                       A:01 X:33 Y:00 P:25 SP:F9
872F  EA        NOP                             A:01 X:33 Y:00 P:25 SP:F9
8730  EA        NOP                             A:01 X:33 Y:00 P:25 SP:F9
8731  CA        DEX                             A:01 X:33 Y:00 P:25 SP:F9
8732  D0 FB     BNE $872F                       A:01 X:32 Y:00 P:25 SP:F9
872F  EA        NOP                             A:01 X:32 Y:00 P:25 SP:F9
8730  EA        NOP                             A:01 X:32 Y:00 P:25 SP:F9
8731  CA        DEX                             A:01 X:32 Y:00 P:25 SP:F9
8732  D0 FB     BNE $872F                       A:01 X:31 Y:00 P:25 SP:F9
872F  EA        NOP                             A:01 X:31 Y:00 P:25 SP:F9
8730  EA        NOP                             A:01 X:31 Y:00 P:25 SP:F9
8731  CA        DEX                             A:01 X:31 Y:00 P:25 SP:F9
8732  D0 FB     BNE $872F                       A:01 X:30 Y:00 P:25 SP:F9
872F  EA        NOP                             A:01 X:30 Y:00 P:25 SP:F9
8730  EA        NOP                             A:01 X:30 Y:00 P:25 SP:F9
8731  CA        DEX                             A:01 X:30 Y:00 P:25 SP:F9
8732  D0 FB     BNE $872F                       A:01 X:2F Y:00 P:25 SP:F9
872F  EA        NOP                             A:01 X:2F Y:00 P:25 SP:F9
8730  EA        NOP                             A:01 X:2F Y:00 P:25 SP:F9
8731  CA        DEX                             A:01 X:2F Y:00 P:25 SP:F9
8732  D0 FB     BNE $872F                       A:01 X:2E Y:00 P:25 SP:F9
872F  EA        NOP                             A:01 X:2E Y:00 P:25 SP:F9
8730  EA        NOP                             A:01 X:2E Y:00 P:25 SP:F9
8731  CA        DEX                             A:01 X:2E Y:00 P:25 SP:F9
8732  D0 FB     BNE $872F                       A:01 X:2D Y:00 P:25 SP:F9
872F  EA        NOP                             A:01 X:2D Y:00 P:25 SP:F9
8730  EA        NOP                             A:01 X:2D Y:00 P:25 SP:F9
8731  CA        DEX                             A:01 X:2D Y:00 P:25 SP:F9
8732  D0 FB     BNE $872F                       A:01 X:2C Y:00 P:25 SP:F9
872F  EA        NOP                             A:01 X:2C Y:00 P:25 SP:F9
8730  EA        NOP                             A:01 X:2C Y:00 P:25 SP:F9
8731  CA        DEX                             A:01 X:2C Y:00 P:25 SP:F9
8732  D0 FB     BNE $872F                       A:01 X:2B Y:00 P:25 SP:F9
872F  EA        NOP                             A:01 X:2B Y:00 P:25 SP:F9
8730  EA        NOP                             A:01 X:2B Y:00 P:25 SP:F9
8731  CA        DEX                             A:01 X:2B Y:00 P:25 SP:F9
8732  D0 FB     BNE $872F                       A:01 X:2A Y:00 P:25 SP:F9
872F  EA        NOP                             A:01 X:2A Y:00 P:25 SP:F9
8730  EA        NOP                             A:01 X:2A Y:00 P:25 SP:F9
8731  CA        DEX                             A:01 X:2A Y:00 P:25 SP:F9
8732  D0 FB     BNE $872F                       A:01 X:29 Y:00 P:25 SP:F9
872F  EA        NOP                             A:01 X:29 Y:00 P:25 SP:F9
8730  EA        NOP                             A:01 X:29 Y:00 P:25 SP:F9
8731  CA        DEX                             A:01 X:29 Y:00 P:25 SP:F9
8732  D0 FB     BNE $872F                       A:01 X:28 Y:00 P:25 SP:F9
872F  EA        NOP                             A:01 X:28 Y:00 P:25 SP:F9
8730  EA        NOP                             A:01 X:28 Y:00 P:25 SP:F9
8731  CA        DEX                             A:01 X:28 Y:00 P:25 SP:F9
8732  D0 FB     BNE $872F                       A:01 X:27 Y:00 P:25 SP:F9
872F  EA        NOP                             A:01 X:27 Y:00 P:25 SP:F9
8730  EA        NOP                             A:01 X:27 Y:00 P:25 SP:F9
8731  CA        DEX                             A:01 X:27 Y:00 P:25 SP:F9
8732  D0 FB     BNE $872F                       A:01 X:26 Y:00 P:25 SP:F9
872F  EA        NOP                             A:01 X:26 Y:00 P:25 SP:F9
8730  EA        NOP                             A:01 X:26 Y:00 P:25 SP:F9
8731  CA        DEX                             A:01 X:26 Y:00 P:25 SP:F9
8732  D0 FB     BNE $872F                       A:01 X:25 Y:00 P:25 SP:F9
872F  EA        NOP                             A:01 X:25 Y:00 P:25 SP:F9
8730  EA        NOP                             A:01 X:25 Y:00 P:25 SP:F9
8731  CA        DEX                             A:01 X:25 Y:00 P:25 SP:F9
8732  D0 FB     BNE $872F                       A:01 X:24 Y:00 P:25 SP:F9
872F  EA        NOP                             A:01 X:24 Y:00 P:25 SP:F9
8730  EA        NOP                             A:01 X:24 Y:00 P:25 SP:F9
8731  CA        DEX                             A:01 X:24 Y:00 P:25 SP:F9
8732  D0 FB     BNE $872F                       A:01 X:23 Y:00 P:25 SP:F9
872F  EA        NOP                             A:01 X:23 Y:00 P:25 SP:F9
8730  EA        NOP                             A:01 X:23 Y:00 P:25 SP:F9
8731  CA        DEX                             A:01 X:23 Y:00 P:25 SP:F9
8732  D0 FB     BNE $872F                       A:01 X:22 Y:00 P:25 SP:F9
872F  EA        NOP                             A:01 X:22 Y:00 P:25 SP:F9
8730  EA        NOP                             A:01 X:22 Y:00 P:25 SP:F9
8731  CA        DEX                             A:01 X:22 Y:00 P:25 SP:F9
8732  D0 FB     BNE $872F                       A:01 X:21 Y:00 P:25 SP:F9
872F  EA        NOP                             A:01 X:21 Y:00 P:25 SP:F9
8730  EA        NOP                             A:01 X:21 Y:00 P:25 SP:F9
8731  CA        DEX                             A:01 X:21 Y:00 P:25 SP:F9
8732  D0 FB     BNE $872F                       A:01 X:20 Y:00 P:25 SP:F9
872F  EA        NOP                             A:01 X:20 Y:00 P:25 SP:F9
8730  EA        NOP                             A:01 X:20 Y:00 P:25 SP:F9
8731  CA        DEX                             A:01 X:20 Y:00 P:25 SP:F9
8732  D0 FB     BNE $872F                       A:01 X:1F Y:00 P:25 SP:F9
872F  EA        NOP                             A:01 X:1F Y:00 P:25 SP:F9
8730  EA        NOP                             A:01 X:1F Y:00 P:25 SP:F9
8731  CA        DEX                             A:01 X:1F Y:00 P:25 SP:F9
8732  D0 FB     BNE $872F                       A:01 X:1E Y:00 P:25 SP:F9
872F  EA        NOP                             A:01 X:1E Y:00 P:25 SP:F9
8730  EA        NOP                             A:01 X:1E Y:00 P:25 SP:F9
8731  CA        DEX                             A:01 X:1E Y:00 P:25 SP:F9
8732  D0 FB     BNE $872F                       A:01 X:1D Y:00 P:25 SP:F9
872F  EA        NOP                             A:01 X:1D Y:00 P:25 SP:F9
8730  EA        NOP                             A:01 X:1D Y:00 P:25 SP:F9
8731  CA        DEX                             A:01 X:1D Y:00 P:25 SP:F9
8732  D0 FB     BNE $872F                       A:01 X:1C Y:00 P:25 SP:F9
872F  EA        NOP                             A:01 X:1C Y:00 P:25 SP:F9
8730  EA        NOP                             A:01 X:1C Y:00 P:25 SP:F9
8731  CA        DEX                             A:01 X:1C Y:00 P:25 SP:F9
8732  D0 FB     BNE $872F                       A:01 X:1B Y:00 P:25 SP:F9
872F  EA        NOP                             A:01 X:1B Y:00 P:25 SP:F9
8730  EA        NOP                             A:01 X:1B Y:00 P:25 SP:F9
8731  CA        DEX                             A:01 X:1B Y:00 P:25 SP:F9
8732  D0 FB     BNE $872F                       A:01 X:1A Y:00 P:25 SP:F9
872F  EA        NOP                             A:01 X:1A Y:00 P:25 SP:F9
8730  EA        NOP                             A:01 X:1A Y:00 P:25 SP:F9
8731  CA        DEX                             A:01 X:1A Y:00 P:25 SP:F9
8732  D0 FB     BNE $872F                       A:01 X:19 Y:00 P:25 SP:F9
872F  EA        NOP                             A:01 X:19 Y:00 P:25 SP:F9
8730  EA        NOP                             A:01 X:19 Y:00 P:25 SP:F9
8731  CA        DEX                             A:01 X:19 Y:00 P:25 SP:F9
8732  D0 FB     BNE $872F                       A:01 X:18 Y:00 P:25 SP:F9
872F  EA        NOP                             A:01 X:18 Y:00 P:25 SP:F9
8730  EA        NOP                             A:01 X:18 Y:00 P:25 SP:F9
8731  CA        DEX                             A:01 X:18 Y:00 P:25 SP:F9
8732  D0 FB     BNE $872F                       A:01 X:17 Y:00 P:25 SP:F9
872F  EA        NOP                             A:01 X:17 Y:00 P:25 SP:F9
8730  EA        NOP                             A:01 X:17 Y:00 P:25 SP:F9
8731  CA        DEX                             A:01 X:17 Y:00 P:25 SP:F9
8732  D0 FB     BNE $872F                       A:01 X:16 Y:00 P:25 SP:F9
872F  EA        NOP                             A:01 X:16 Y:00 P:25 SP:F9
8730  EA        NOP                             A:01 X:16 Y:00 P:25 SP:F9
8731  CA        DEX                             A:01 X:16 Y:00 P:25 SP:F9
8732  D0 FB     BNE $872F                       A:01 X:15 Y:00 P:25 SP:F9
872F  EA        NOP                             A:01 X:15 Y:00 P:25 SP:F9
8730  EA        NOP                             A:01 X:15 Y:00 P:25 SP:F9
8731  CA        DEX                             A:01 X:15 Y:00 P:25 SP:F9
8732  D0 FB     BNE $872F                       A:01 X:14 Y:00 P:25 SP:F9
872F  EA        NOP                             A:01 X:14 Y:00 P:25 SP:F9
8730  EA        NOP                             A:01 X:14 Y:00 P:25 SP:F9
8731  CA        DEX                             A:01 X:14 Y:00 P:25 SP:F9
8732  D0 FB     BNE $872F                       A:01 X:13 Y:00 P:25 SP:F9
872F  EA        NOP                             A:01 X:13 Y:00 P:25 SP:F9
8730  EA        NOP                             A:01 X:13 Y:00 P:25 SP:F9
8731  CA        DEX                             A:01 X:13 Y:00 P:25 SP:F9
8732  D0 FB     BNE $872F                       A:01 X:12 Y:00 P:25 SP:F9
872F  EA        NOP                             A:01 X:12 Y:00 P:25 SP:F9
8730  EA        NOP                             A:01 X:12 Y:00 P:25 SP:F9
8731  CA        DEX                             A:01 X:12 Y:00 P:25 SP:F9
8732  D0 FB     BNE $872F                       A:01 X:11 Y:00 P:25 SP:F9
872F  EA        NOP                             A:01 X:11 Y:00 P:25 SP:F9
8730  EA        NOP                             A:01 X:11 Y:00 P:25 SP:F9
8731  CA        DEX                             A:01 X:11 Y:00 P:25 SP:F9
8732  D0 FB     BNE $872F                       A:01 X:10 Y:00 P:25 SP:F9
872F  EA        NOP                             A:01 X:10 Y:00 P:25 SP:F9
8730  EA        NOP                             A:01 X:10 Y:00 P:25 SP:F9
8731  CA        DEX                             A:01 X:10 Y:00 P:25 SP:F9
8732  D0 FB     BNE $872F                       A:01 X:0F Y:00 P:25 SP:F9
872F  EA        NOP                             A:01 X:0F Y:00 P:25 SP:F9
8730  EA        NOP                             A:01 X:0F Y:00 P:25 SP:F9
8731  CA        DEX                             A:01 X:0F Y:00 P:25 SP:F9
8732  D0 FB     BNE $872F                       A:01 X:0E Y:00 P:25 SP:F9
872F  EA        NOP                             A:01 X:0E Y:00 P:25 SP:F9
8730  EA        NOP                             A:01 X:0E Y:00 P:25 SP:F9
8731  CA        DEX                             A:01 X:0E Y:00 P:25 SP:F9
8732  D0 FB     BNE $872F                       A:01 X:0D Y:00 P:25 SP:F9
872F  EA        NOP                             A:01 X:0D Y:00 P:25 SP:F9
8730  EA        NOP                             A:01 X:0D Y:00 P:25 SP:F9
8731  CA        DEX                             A:01 X:0D Y:00 P:25 SP:F9
8732  D0 FB     BNE $872F                       A:01 X:0C Y:00 P:25 SP:F9
872F  EA        NOP                             A:01 X:0C Y:00 P:25 SP:F9
8730  EA        NOP                             A:01 X:0C Y:00 P:25 SP:F9
8731  CA        DEX                             A:01 X:0C Y:00 P:25 SP:F9
8732  D0 FB     BNE $872F                       A:01 X:0B Y:00 P:25 SP:F9
872F  EA        NOP                             A:01 X:0B Y:00 P:25 SP:F9
8730  EA        NOP                             A:01 X:0B Y:00 P:25 SP:F9
8731  CA        DEX                             A:01 X:0B Y:00 P:25 SP:F9
8732  D0 FB     BNE $872F                       A:01 X:0A Y:00 P:25 SP:F9
872F  EA        NOP                             A:01 X:0A Y:00 P:25 SP:F9
8730  EA        NOP                             A:01 X:0A Y:00 P:25 SP:F9
8731  CA        DEX                             A:01 X:0A Y:00 P:25 SP:F9
8732  D0 FB     BNE $872F                       A:01 X:09 Y:00 P:25 SP:F9
872F  EA        NOP                             A:01 X:09 Y:00 P:25 SP:F9
8730  EA        NOP                             A:01 X:09 Y:00 P:25 SP:F9
8731  CA        DEX                             A:01 X:09 Y:00 P:25 SP:F9
8732  D0 FB     BNE $872F                       A:01 X:08 Y:00 P:25 SP:F9
872F  EA        NOP                             A:01 X:08 Y:00 P:25 SP:F9
8730  EA        NOP                             A:01 X:08 Y:00 P:25 SP:F9
8731  CA        DEX                             A:01 X:08 Y:00 P:25 SP:F9
8732  D0 FB     BNE $872F                       A:01 X:07 Y:00 P:25 SP:F9
872F  EA        NOP                             A:01 X:07 Y:00 P:25 SP:F9
8730  EA        NOP                             A:01 X:07 Y:00 P:25 SP:F9
8731  CA        DEX                             A:01 X:07 Y:00 P:25 SP:F9
8732  D0 FB     BNE $872F                       A:01 X:06 Y:00 P:25 SP:F9
872F  EA        NOP                             A:01 X:06 Y:00 P:25 SP:F9
8730  EA        NOP                             A:01 X:06 Y:00 P:25 SP:F9
8731  CA        DEX                             A:01 X:06 Y:00 P:25 SP:F9
8732  D0 FB     BNE $872F                       A:01 X:05 Y:00 P:25 SP:F9
872F  EA        NOP                             A:01 X:05 Y:00 P:25 SP:F9
8730  EA        NOP                             A:01 X:05 Y:00 P:25 SP:F9
8731  CA        DEX                             A:01 X:05 Y:00 P:25 SP:F9
8732  D0 FB     BNE $872F                       A:01 X:04 Y:00 P:25 SP:F9
872F  EA        NOP                             A:01 X:04 Y:00 P:25 SP:F9
8730  EA        NOP                             A:01 X:04 Y:00 P:25 SP:F9
8731  CA        DEX                             A:01 X:04 Y:00 P:25 SP:F9
8732  D0 FB     BNE $872F                       A:01 X:03 Y:00 P:25 SP:F9
872F  EA        NOP                             A:01 X:03 Y:00 P:25 SP:F9
8730  EA        NOP                             A:01 X:03 Y:00 P:25 SP:F9
8731  CA        DEX                             A:01 X:03 Y:00 P:25 SP:F9
8732  D0 FB     BNE $872F                       A:01 X:02 Y:00 P:25 SP:F9
872F  EA        NOP                             A:01 X:02 Y:00 P:25 SP:F9
8730  EA        NOP                             A:01 X:02 Y:00 P:25 SP:F9
8731  CA        DEX                             A:01 X:02 Y:00 P:25 SP:F9
8732  D0 FB     BNE $872F                       A:01 X:01 Y:00 P:25 SP:F9
872F  EA        NOP                             A:01 X:01 Y:00 P:25 SP:F9
8730  EA        NOP                             A:01 X:01 Y:00 P:25 SP:F9
8731  CA        DEX                             A:01 X:01 Y:00 P:25 SP:F9
8732  D0 FB     BNE $872F                       A:01 X:00 Y:00 P:27 SP:F9
8734  60        RTS                             A:01 X:00 Y:00 P:27 SP:F9
864A  4C 38 86  JMP $8638                       A:01 X:00 Y:00 P:27 SP:FB
8638  20 4D 86  JSR $864D                       A:01 X:00 Y:00 P:27 SP:FB
864D  A5 FF     LDA $FF = 00                    A:01 X:00 Y:00 P:27 SP:F9
864F  C9 77     CMP #$77                        A:00 X:00 Y:00 P:27 SP:F9
8651  F0 0D     BEQ $8660                       A:00 X:00 Y:00 P:A4 SP:F9
8653  C9 64     CMP #$64                        A:00 X:00 Y:00 P:A4 SP:F9
8655  F0 14     BEQ $866B                       A:00 X:00 Y:00 P:A4 SP:F9
8657  C9 73     CMP #$73                        A:00 X:00 Y:00 P:A4 SP:F9
8659  F0 1B     BEQ $8676                       A:00 X:00 Y:00 P:A4 SP:F9
865B  C9 61     CMP #$61                        A:00 X:00 Y:00 P:A4 SP:F9
865D  F0 22     BEQ $8681                       A:00 X:00 Y:00 P:A4 SP:F9
865F  60        RTS                             A:00 X:00 Y:00 P:A4 SP:F9
863B  20 8D 86  JSR $868D                       A:00 X:00 Y:00 P:A4 SP:FB
868D  20 94 86  JSR $8694                       A:00 X:00 Y:00 P:A4 SP:F9
8694  A5 00     LDA $00 = 00                    A:00 X:00 Y:00 P:A4 SP:F7
8696  C5 10     CMP $10 = 16                    A:00 X:00 Y:00 P:26 SP:F7
8698  D0 0D     BNE $86A7                       A:00 X:00 Y:00 P:A4 SP:F7
86A7  60        RTS                             A:00 X:00 Y:00 P:A4 SP:F7
8690  20 A8 86  JSR $86A8                       A:00 X:00 Y:00 P:A4 SP:F9
86A8  A2 02     LDX #$02                        A:00 X:00 Y:00 P:A4 SP:F7
86AA  B5 10     LDA $10,X @ 12 = 15             A:00 X:02 Y:00 P:24 SP:F7
86AC  C5 10     CMP $10 = 16                    A:15 X:02 Y:00 P:24 SP:F7
86AE  D0 06     BNE $86B6                       A:15 X:02 Y:00 P:A4 SP:F7
86B6  E8        INX                             A:15 X:02 Y:00 P:A4 SP:F7
86B7  E8        INX                             A:15 X:03 Y:00 P:24 SP:F7
86B8  E4 03     CPX $03 = 06                    A:15 X:04 Y:00 P:24 SP:F7
86BA  F0 06     BEQ $86C2                       A:15 X:04 Y:00 P:A4 SP:F7
86BC  4C AA 86  JMP $86AA                       A:15 X:04 Y:00 P:A4 SP:F7
86AA  B5 10     LDA $10,X @ 14 = 14             A:15 X:04 Y:00 P:A4 SP:F7
86AC  C5 10     CMP $10 = 16                    A:14 X:04 Y:00 P:24 SP:F7
86AE  D0 06     BNE $86B6                       A:14 X:04 Y:00 P:A4 SP:F7
86B6  E8        INX                             A:14 X:04 Y:00 P:A4 SP:F7
86B7  E8        INX                             A:14 X:05 Y:00 P:24 SP:F7
86B8  E4 03     CPX $03 = 06                    A:14 X:06 Y:00 P:24 SP:F7
86BA  F0 06     BEQ $86C2                       A:14 X:06 Y:00 P:27 SP:F7
86C2  60        RTS                             A:14 X:06 Y:00 P:27 SP:F7
8693  60        RTS                             A:14 X:06 Y:00 P:27 SP:F9
863E  20 C3 86  JSR $86C3                       A:14 X:06 Y:00 P:27 SP:FB
86C3  A6 03     LDX $03 = 06                    A:14 X:06 Y:00 P:27 SP:F9
86C5  CA        DEX                             A:14 X:06 Y:00 P:25 SP:F9
86C6  8A        TXA                             A:14 X:05 Y:00 P:25 SP:F9
86C7  B5 10     LDA $10,X @ 15 = 04             A:05 X:05 Y:00 P:25 SP:F9
86C9  95 12     STA $12,X @ 17 = 04             A:04 X:05 Y:00 P:25 SP:F9
86CB  CA        DEX                             A:04 X:05 Y:00 P:25 SP:F9
86CC  10 F9     BPL $86C7                       A:04 X:04 Y:00 P:25 SP:F9
86C7  B5 10     LDA $10,X @ 14 = 14             A:04 X:04 Y:00 P:25 SP:F9
86C9  95 12     STA $12,X @ 16 = 13             A:14 X:04 Y:00 P:25 SP:F9
86CB  CA        DEX                             A:14 X:04 Y:00 P:25 SP:F9
86CC  10 F9     BPL $86C7                       A:14 X:03 Y:00 P:25 SP:F9
86C7  B5 10     LDA $10,X @ 13 = 04             A:14 X:03 Y:00 P:25 SP:F9
86C9  95 12     STA $12,X @ 15 = 04             A:04 X:03 Y:00 P:25 SP:F9
86CB  CA        DEX                             A:04 X:03 Y:00 P:25 SP:F9
86CC  10 F9     BPL $86C7                       A:04 X:02 Y:00 P:25 SP:F9
86C7  B5 10     LDA $10,X @ 12 = 15             A:04 X:02 Y:00 P:25 SP:F9
86C9  95 12     STA $12,X @ 14 = 14             A:15 X:02 Y:00 P:25 SP:F9
86CB  CA        DEX                             A:15 X:02 Y:00 P:25 SP:F9
86CC  10 F9     BPL $86C7                       A:15 X:01 Y:00 P:25 SP:F9
86C7  B5 10     LDA $10,X @ 11 = 04             A:15 X:01 Y:00 P:25 SP:F9
86C9  95 12     STA $12,X @ 13 = 04             A:04 X:01 Y:00 P:25 SP:F9
86CB  CA        DEX                             A:04 X:01 Y:00 P:25 SP:F9
86CC  10 F9     BPL $86C7                       A:04 X:00 Y:00 P:27 SP:F9
86C7  B5 10     LDA $10,X @ 10 = 16             A:04 X:00 Y:00 P:27 SP:F9
86C9  95 12     STA $12,X @ 12 = 15             A:16 X:00 Y:00 P:25 SP:F9
86CB  CA        DEX                             A:16 X:00 Y:00 P:25 SP:F9
86CC  10 F9     BPL $86C7                       A:16 X:FF Y:00 P:A5 SP:F9
86CE  A5 02     LDA $02 = 02                    A:16 X:FF Y:00 P:A5 SP:F9
86D0  4A        LSR A                           A:02 X:FF Y:00 P:25 SP:F9
86D1  B0 09     BCS $86DC                       A:01 X:FF Y:00 P:24 SP:F9
86D3  4A        LSR A                           A:01 X:FF Y:00 P:24 SP:F9
86D4  B0 19     BCS $86EF                       A:00 X:FF Y:00 P:27 SP:F9
86EF  E6 10     INC $10 = 16                    A:00 X:FF Y:00 P:27 SP:F9
86F1  A9 1F     LDA #$1F                        A:00 X:FF Y:00 P:25 SP:F9
86F3  24 10     BIT $10 = 17                    A:1F X:FF Y:00 P:25 SP:F9
86F5  F0 1F     BEQ $8716                       A:1F X:FF Y:00 P:25 SP:F9
86F7  60        RTS                             A:1F X:FF Y:00 P:25 SP:F9
8641  20 19 87  JSR $8719                       A:1F X:FF Y:00 P:25 SP:FB
8719  A0 00     LDY #$00                        A:1F X:FF Y:00 P:25 SP:F9
871B  A5 FE     LDA $FE = 00                    A:1F X:FF Y:00 P:27 SP:F9
871D  91 00     STA ($00),Y = 0200 @ 0200 = 00  A:00 X:FF Y:00 P:27 SP:F9
871F  60        RTS                             A:00 X:FF Y:00 P:27 SP:F9
8644  20 20 87  JSR $8720                       A:00 X:FF Y:00 P:27 SP:FB
8720  A6 03     LDX $03 = 06                    A:00 X:FF Y:00 P:27 SP:F9
8722  A9 00     LDA #$00                        A:00 X:06 Y:00 P:25 SP:F9
8724  81 10     STA ($10,X) @ 16 = 0414 = 01    A:00 X:06 Y:00 P:27 SP:F9
8726  A2 00     LDX #$00                        A:00 X:06 Y:00 P:27 SP:F9
8728  A9 01     LDA #$01                        A:00 X:00 Y:00 P:27 SP:F9
872A  81 10     STA ($10,X) @ 10 = 0417 = 00    A:01 X:00 Y:00 P:25 SP:F9
872C  60        RTS                             A:01 X:00 Y:00 P:25 SP:F9
8647  20 2D 87  JSR $872D                       A:01 X:00 Y:00 P:25 SP:FB
872D  A2 00     LDX #$00                        A:01 X:00 Y:00 P:25 SP:F9
872F  EA        NOP                             A:01 X:00 Y:00 P:27 SP:F9
8730  EA        NOP                             A:01 X:00 Y:00 P:27 SP:F9
8731  CA        DEX                             A:01 X:00 Y:00 P:27 SP:F9
8732  D0 FB     BNE $872F                       A:01 X:FF Y:00 P:A5 SP:F9
872F  EA        NOP                             A:01 X:FF Y:00 P:A5 SP:F9
8730  EA        NOP                             A:01 X:FF Y:00 P:A5 SP:F9
8731  CA        DEX                             A:01 X:FF Y:00 P:A5 SP:F9
8732  D0 FB     BNE $872F                       A:01 X:FE Y:00 P:A5 SP:F9
872F  EA        NOP                             A:01 X:FE Y:00 P:A5 SP:F9
8730  EA        NOP                             A:01 X:FE Y:00 P:A5 SP:F9
8731  CA        DEX                             A:01 X:FE Y:00 P:A5 SP:F9
8732  D0 FB     BNE $872F                       A:01 X:FD Y:00 P:A5 SP:F9
872F  EA        NOP                             A:01 X:FD Y:00 P:A5 SP:F9
8730  EA        NOP                             A:01 X:FD Y:00 P:A5 SP:F9
8731  CA        DEX                             A:01 X:FD Y:00 P:A5 SP:F9
8732  D0 FB     BNE $872F                       A:01 X:FC Y:00 P:A5 SP:F9
872F  EA        NOP                             A:01 X:FC Y:00 P:A5 SP:F9
8730  EA        NOP                             A:01 X:FC Y:00 P:A5 SP:F9
8731  CA        DEX                             A:01 X:FC Y:00 P:A5 SP:F9
8732  D0 FB     BNE $872F                       A:01 X:FB Y:00 P:A5 SP:F9
872F  EA        NOP                             A:01 X:FB Y:00 P:A5 SP:F9
8730  EA        NOP                             A:01 X:FB Y:00 P:A5 SP:F9
8731  CA        DEX                             A:01 X:FB Y:00 P:A5 SP:F9
8732  D0 FB     BNE $872F                       A:01 X:FA Y:00 P:A5 SP:F9
872F  EA        NOP                             A:01 X:FA Y:00 P:A5 SP:F9
8730  EA        NOP                             A:01 X:FA Y:00 P:A5 SP:F9
8731  CA        DEX                             A:01 X:FA Y:00 P:A5 SP:F9
8732  D0 FB     BNE $872F                       A:01 X:F9 Y:00 P:A5 SP:F9
872F  EA        NOP                             A:01 X:F9 Y:00 P:A5 SP:F9
8730  EA        NOP                             A:01 X:F9 Y:00 P:A5 SP:F9
8731  CA        DEX                             A:01 X:F9 Y:00 P:A5 SP:F9
8732  D0 FB     BNE $872F                       A:01 X:F8 Y:00 P:A5 SP:F9
872F  EA        NOP                             A:01 X:F8 Y:00 P:A5 SP:F9
8730  EA        NOP                             A:01 X:F8 Y:00 P:A5 SP:F9
8731  CA        DEX                             A:01 X:F8 Y:00 P:A5 SP:F9
8732  D0 FB     BNE $872F                       A:01 X:F7 Y:00 P:A5 SP:F9
872F  EA        NOP                             A:01 X:F7 Y:00 P:A5 SP:F9
8730  EA        NOP                             A:01 X:F7 Y:00 P:A5 SP:F9
8731  CA        DEX                             A:01 X:F7 Y:00 P:A5 SP:F9
8732  D0 FB     BNE $872F                       A:01 X:F6 Y:00 P:A5 SP:F9
872F  EA        NOP                             A:01 X:F6 Y:00 P:A5 SP:F9
8730  EA        NOP                             A:01 X:F6 Y:00 P:A5 SP:F9
8731  CA        DEX                             A:01 X:F6 Y:00 P:A5 SP:F9
8732  D0 FB     BNE $872F                       A:01 X:F5 Y:00 P:A5 SP:F9
872F  EA        NOP                             A:01 X:F5 Y:00 P:A5 SP:F9
8730  EA        NOP                             A:01 X:F5 Y:00 P:A5 SP:F9
8731  CA        DEX                             A:01 X:F5 Y:00 P:A5 SP:F9
8732  D0 FB     BNE $872F                       A:01 X:F4 Y:00 P:A5 SP:F9
872F  EA        NOP                             A:01 X:F4 Y:00 P:A5 SP:F9
8730  EA        NOP                             A:01 X:F4 Y:00 P:A5 SP:F9
8731  CA        DEX                             A:01 X:F4 Y:00 P:A5 SP:F9
8732  D0 FB     BNE $872F                       A:01 X:F3 Y:00 P:A5 SP:F9
872F  EA        NOP                             A:01 X:F3 Y:00 P:A5 SP:F9
8730  EA        NOP                             A:01 X:F3 Y:00 P:A5 SP:F9
8731  CA        DEX                             A:01 X:F3 Y:00 P:A5 SP:F9
8732  D0 FB     BNE $872F                       A:01 X:F2 Y:00 P:A5 SP:F9
872F  EA        NOP                             A:01 X:F2 Y:00 P:A5 SP:F9
8730  EA        NOP                             A:01 X:F2 Y:00 P:A5 SP:F9
8731  CA        DEX                             A:01 X:F2 Y:00 P:A5 SP:F9
8732  D0 FB     BNE $872F                       A:01 X:F1 Y:00 P:A5 SP:F9
872F  EA        NOP                             A:01 X:F1 Y:00 P:A5 SP:F9
8730  EA        NOP                             A:01 X:F1 Y:00 P:A5 SP:F9
8731  CA        DEX                             A:01 X:F1 Y:00 P:A5 SP:F9
8732  D0 FB     BNE $872F                       A:01 X:F0 Y:00 P:A5 SP:F9
872F  EA        NOP                             A:01 X:F0 Y:00 P:A5 SP:F9
8730  EA        NOP                             A:01 X:F0 Y:00 P:A5 SP:F9
8731  CA        DEX                             A:01 X:F0 Y:00 P:A5 SP:F9
8732  D0 FB     BNE $872F                       A:01 X:EF Y:00 P:A5 SP:F9
872F  EA        NOP                             A:01 X:EF Y:00 P:A5 SP:F9
8730  EA        NOP                             A:01 X:EF Y:00 P:A5 SP:F9
8731  CA        DEX                             A:01 X:EF Y:00 P:A5 SP:F9
8732  D0 FB     BNE $872F                       A:01 X:EE Y:00 P:A5 SP:F9
872F  EA        NOP                             A:01 X:EE Y:00 P:A5 SP:F9
8730  EA        NOP                             A:01 X:EE Y:00 P:A5 SP:F9
8731  CA        DEX                             A:01 X:EE Y:00 P:A5 SP:F9
8732  D0 FB     BNE $872F                       A:01 X:ED Y:00 P:A5 SP:F9
872F  EA        NOP                             A:01 X:ED Y:00 P:A5 SP:F9
8730  EA        NOP                             A:01 X:ED Y:00 P:A5 SP:F9
8731  CA        DEX                             A:01 X:ED Y:00 P:A5 SP:F9
8732  D0 FB     BNE $872F                       A:01 X:EC Y:00 P:A5 SP:F9
872F  EA        NOP                             A:01 X:EC Y:00 P:A5 SP:F9
8730  EA        NOP                             A:01 X:EC Y:00 P:A5 SP:F9
8731  CA        DEX                             A:01 X:EC Y:00 P:A5 SP:F9
8732  D0 FB     BNE $872F                       A:01 X:EB Y:00 P:A5 SP:F9
872F  EA        NOP                             A:01 X:EB Y:00 P:A5 SP:F9
8730  EA        NOP                             A:01 X:EB Y:00 P:A5 SP:F9
8731  CA        DEX                             A:01 X:EB Y:00 P:A5 SP:F9
8732  D0 FB     BNE $872F                       A:01 X:EA Y:00 P:A5 SP:F9
872F  EA        NOP                             A:01 X:EA Y:00 P:A5 SP:F9
8730  EA        NOP                             A:01 X:EA Y:00 P:A5 SP:F9
8731  CA        DEX                             A:01 X:EA Y:00 P:A5 SP:F9
8732  D0 FB     BNE $872F                       A:01 X:E9 Y:00 P:A5 SP:F9
872F  EA        NOP                             A:01 X:E9 Y:00 P:A5 SP:F9
8730  EA        NOP                             A:01 X:E9 Y:00 P:A5 SP:F9
8731  CA        DEX                             A:01 X:E9 Y:00 P:A5 SP:F9
8732  D0 FB     BNE $872F                       A:01 X:E8 Y:00 P:A5 SP:F9
872F  EA        NOP                             A:01 X:E8 Y:00 P:A5 SP:F9
8730  EA        NOP                             A:01 X:E8 Y:00 P:A5 SP:F9
8731  CA        DEX                             A:01 X:E8 Y:00 P:A5 SP:F9
8732  D0 FB     BNE $872F                       A:01 X:E7 Y:00 P:A5 SP:F9
872F  EA        NOP                             A:01 X:E7 Y:00 P:A5 SP:F9
8730  EA        NOP                             A:01 X:E7 Y:00 P:A5 SP:F9
8731  CA        DEX                             A:01 X:E7 Y:00 P:A5 SP:F9
8732  D0 FB     BNE $872F                       A:01 X:E6 Y:00 P:A5 SP:F9
872F  EA        NOP                             A:01 X:E6 Y:00 P:A5 SP:F9
8730  EA        NOP                             A:01 X:E6 Y:00 P:A5 SP:F9
8731  CA        DEX                             A:01 X:E6 Y:00 P:A5 SP:F9
8732  D0 FB     BNE $872F                       A:01 X:E5 Y:00 P:A5 SP:F9
872F  EA        NOP                             A:01 X:E5 Y:00 P:A5 SP:F9
8730  EA        NOP                             A:01 X:E5 Y:00 P:A5 SP:F9
8731  CA        DEX                             A:01 X:E5 Y:00 P:A5 SP:F9
8732  D0 FB     BNE $872F                       A:01 X:E4 Y:00 P:A5 SP:F9
872F  EA        NOP                             A:01 X:E4 Y:00 P:A5 SP:F9
8730  EA        NOP                             A:01 X:E4 Y:00 P:A5 SP:F9
8731  CA        DEX                             A:01 X:E4 Y:00 P:A5 SP:F9
8732  D0 FB     BNE $872F                       A:01 X:E3 Y:00 P:A5 SP:F9
872F  EA        NOP                             A:01 X:E3 Y:00 P:A5 SP:F9
8730  EA        NOP                             A:01 X:E3 Y:00 P:A5 SP:F9
8731  CA        DEX                             A:01 X:E3 Y:00 P:A5 SP:F9
8732  D0 FB     BNE $872F                       A:01 X:E2 Y:00 P:A5 SP:F9
872F  EA        NOP                             A:01 X:E2 Y:00 P:A5 SP:F9
8730  EA        NOP                             A:01 X:E2 Y:00 P:A5 SP:F9
8731  CA        DEX                             A:01 X:E2 Y:00 P:A5 SP:F9
8732  D0 FB     BNE $872F                       A:01 X:E1 Y:00 P:A5 SP:F9
872F  EA        NOP                             A:01 X:E1 Y:00 P:A5 SP:F9
8730  EA        NOP                             A:01 X:E1 Y:00 P:A5 SP:F9
8731  CA        DEX                             A:01 X:E1 Y:00 P:A5 SP:F9
8732  D0 FB     BNE $872F                       A:01 X:E0 Y:00 P:A5 SP:F9
872F  EA        NOP                             A:01 X:E0 Y:00 P:A5 SP:F9
8730  EA        NOP                             A:01 X:E0 Y:00 P:A5 SP:F9
8731  CA        DEX                             A:01 X:E0 Y:00 P:A5 SP:F9
8732  D0 FB     BNE $872F                       A:01 X:DF Y:00 P:A5 SP:F9
872F  EA        NOP                             A:01 X:DF Y:00 P:A5 SP:F9
8730  EA        NOP                             A:01 X:DF Y:00 P:A5 SP:F9
8731  CA        DEX                             A:01 X:DF Y:00 P:A5 SP:F9
8732  D0 FB     BNE $872F                       A:01 X:DE Y:00 P:A5 SP:F9
872F  EA        NOP                             A:01 X:DE Y:00 P:A5 SP:F9
8730  EA        NOP                             A:01 X:DE Y:00 P:A5 SP:F9
8731  CA        DEX                             A:01 X:DE Y:00 P:A5 SP:F9
8732  D0 FB     BNE $872F                       A:01 X:DD Y:00 P:A5 SP:F9
872F  EA        NOP                             A:01 X:DD Y:00 P:A5 SP:F9
8730  EA        NOP                             A:01 X:DD Y:00 P:A5 SP:F9
8731  CA        DEX                             A:01 X:DD Y:00 P:A5 SP:F9
8732  D0 FB     BNE $872F                       A:01 X:DC Y:00 P:A5 SP:F9
872F  EA        NOP                             A:01 X:DC Y:00 P:A5 SP:F9
8730  EA        NOP                             A:01 X:DC Y:00 P:A5 SP:F9
8731  CA        DEX                             A:01 X:DC Y:00 P:A5 SP:F9
8732  D0 FB     BNE $872F                       A:01 X:DB Y:00 P:A5 SP:F9
872F  EA        NOP                             A:01 X:DB Y:00 P:A5 SP:F9
8730  EA        NOP                             A:01 X:DB Y:00 P:A5 SP:F9
8731  CA        DEX                             A:01 X:DB Y:00 P:A5 SP:F9
8732  D0 FB     BNE $872F                       A:01 X:DA Y:00 P:A5 SP:F9
872F  EA        NOP                             A:01 X:DA Y:00 P:A5 SP:F9
8730  EA        NOP                             A:01 X:DA Y:00 P:A5 SP:F9
8731  CA        DEX                             A:01 X:DA Y:00 P:A5 SP:F9
8732  D0 FB     BNE $872F                       A:01 X:D9 Y:00 P:A5 SP:F9
872F  EA        NOP                             A:01 X:D9 Y:00 P:A5 SP:F9
8730  EA        NOP                             A:01 X:D9 Y:00 P:A5 SP:F9
8731  CA        DEX                             A:01 X:D9 Y:00 P:A5 SP:F9
8732  D0 FB     BNE $872F                       A:01 X:D8 Y:00 P:A5 SP:F9
872F  EA        NOP                             A:01 X:D8 Y:00 P:A5 SP:F9
8730  EA        NOP                             A:01 X:D8 Y:00 P:A5 SP:F9
8731  CA        DEX                             A:01 X:D8 Y:00 P:A5 SP:F9
8732  D0 FB     BNE $872F                       A:01 X:D7 Y:00 P:A5 SP:F9
872F  EA        NOP                             A:01 X:D7 Y:00 P:A5 SP:F9
8730  EA        NOP                             A:01 X:D7 Y:00 P:A5 SP:F9
8731  CA        DEX                             A:01 X:D7 Y:00 P:A5 SP:F9
8732  D0 FB     BNE $872F                       A:01 X:D6 Y:00 P:A5 SP:F9
872F  EA        NOP                             A:01 X:D6 Y:00 P:A5 SP:F9
8730  EA        NOP                             A:01 X:D6 Y:00 P:A5 SP:F9
8731  CA        DEX                             A:01 X:D6 Y:00 P:A5 SP:F9
8732  D0 FB     BNE $872F                       A:01 X:D5 Y:00 P:A5 SP:F9
872F  EA        NOP                             A:01 X:D5 Y:00 P:A5 SP:F9
8730  EA        NOP                             A:01 X:D5 Y:00 P:A5 SP:F9
8731  CA        DEX                             A:01 X:D5 Y:00 P:A5 SP:F9
8732  D0 FB     BNE $872F                       A:01 X:D4 Y:00 P:A5 SP:F9
872F  EA        NOP                             A:01 X:D4 Y:00 P:A5 SP:F9
8730  EA        NOP                             A:01 X:D4 Y:00 P:A5 SP:F9
8731  CA        DEX                             A:01 X:D4 Y:00 P:A5 SP:F9
8732  D0 FB     BNE $872F                       A:01 X:D3 Y:00 P:A5 SP:F9
872F  EA        NOP                             A:01 X:D3 Y:00 P:A5 SP:F9
8730  EA        NOP                             A:01 X:D3 Y:00 P:A5 SP:F9
8731  CA        DEX                             A:01 X:D3 Y:00 P:A5 SP:F9
8732  D0 FB     BNE $872F                       A:01 X:D2 Y:00 P:A5 SP:F9
872F  EA        NOP                             A:01 X:D2 Y:00 P:A5 SP:F9
8730  EA        NOP                             A:01 X:D2 Y:00 P:A5 SP:F9
8731  CA        DEX                             A:01 X:D2 Y:00 P:A5 SP:F9
8732  D0 FB     BNE $872F                       A:01 X:D1 Y:00 P:A5 SP:F9
872F  EA        NOP                             A:01 X:D1 Y:00 P:A5 SP:F9
8730  EA        NOP                             A:01 X:D1 Y:00 P:A5 SP:F9
8731  CA        DEX                             A:01 X:D1 Y:00 P:A5 SP:F9
8732  D0 FB     BNE $872F                       A:01 X:D0 Y:00 P:A5 SP:F9
872F  EA        NOP                             A:01 X:D0 Y:00 P:A5 SP:F9
8730  EA        NOP                             A:01 X:D0 Y:00 P:A5 SP:F9
8731  CA        DEX                             A:01 X:D0 Y:00 P:A5 SP:F9
8732  D0 FB     BNE $872F                       A:01 X:CF Y:00 P:A5 SP:F9
872F  EA        NOP                             A:01 X:CF Y:00 P:A5 SP:F9
8730  EA        NOP                             A:01 X:CF Y:00 P:A5 SP:F9
8731  CA        DEX                             A:01 X:CF Y:00 P:A5 SP:F9
8732  D0 FB     BNE $872F                       A:01 X:CE Y:00 P:A5 SP:F9
872F  EA        NOP                             A:01 X:CE Y:00 P:A5 SP:F9
8730  EA        NOP                             A:01 X:CE Y:00 P:A5 SP:F9
8731  CA        DEX                             A:01 X:CE Y:00 P:A5 SP:F9
8732  D0 FB     BNE $872F                       A:01 X:CD Y:00 P:A5 SP:F9
872F  EA        NOP                             A:01 X:CD Y:00 P:A5 SP:F9
8730  EA        NOP                             A:01 X:CD Y:00 P:A5 SP:F9
8731  CA        DEX                             A:01 X:CD Y:00 P:A5 SP:F9
8732  D0 FB     BNE $872F                       A:01 X:CC Y:00 P:A5 SP:F9
872F  EA        NOP                             A:01 X:CC Y:00 P:A5 SP:F9
8730  EA        NOP                             A:01 X:CC Y:00 P:A5 SP:F9
8731  CA        DEX                             A:01 X:CC Y:00 P:A5 SP:F9
8732  D0 FB     BNE $872F                       A:01 X:CB Y:00 P:A5 SP:F9
872F  EA        NOP                             A:01 X:CB Y:00 P:A5 SP:F9
8730  EA        NOP                             A:01 X:CB Y:00 P:A5 SP:F9
8731  CA        DEX                             A:01 X:CB Y:00 P:A5 SP:F9
8732  D0 FB     BNE $872F                       A:01 X:CA Y:00 P:A5 SP:F9
872F  EA        NOP                             A:01 X:CA Y:00 P:A5 SP:F9
8730  EA        NOP                             A:01 X:CA Y:00 P:A5 SP:F9
8731  CA        DEX                             A:01 X:CA Y:00 P:A5 SP:F9
8732  D0 FB     BNE $872F                       A:01 X:C9 Y:00 P:A5 SP:F9
872F  EA        NOP                             A:01 X:C9 Y:00 P:A5 SP:F9
8730  EA        NOP                             A:01 X:C9 Y:00 P:A5 SP:F9
8731  CA        DEX                             A:01 X:C9 Y:00 P:A5 SP:F9
8732  D0 FB     BNE $872F                       A:01 X:C8 Y:00 P:A5 SP:F9
872F  EA        NOP                             A:01 X:C8 Y:00 P:A5 SP:F9
8730  EA        NOP                             A:01 X:C8 Y:00 P:A5 SP:F9
8731  CA        DEX                             A:01 X:C8 Y:00 P:A5 SP:F9
8732  D0 FB     BNE $872F                       A:01 X:C7 Y:00 P:A5 SP:F9
872F  EA        NOP                             A:01 X:C7 Y:00 P:A5 SP:F9
8730  EA        NOP                             A:01 X:C7 Y:00 P:A5 SP:F9
8731  CA        DEX                             A:01 X:C7 Y:00 P:A5 SP:F9
8732  D0 FB     BNE $872F                       A:01 X:C6 Y:00 P:A5 SP:F9
872F  EA        NOP                             A:01 X:C6 Y:00 P:A5 SP:F9
8730  EA        NOP                             A:01 X:C6 Y:00 P:A5 SP:F9
8731  CA        DEX                             A:01 X:C6 Y:00 P:A5 SP:F9
8732  D0 FB     BNE $872F                       A:01 X:C5 Y:00 P:A5 SP:F9
872F  EA        NOP                             A:01 X:C5 Y:00 P:A5 SP:F9
8730  EA        NOP                             A:01 X:C5 Y:00 P:A5 SP:F9
8731  CA        DEX                             A:01 X:C5 Y:00 P:A5 SP:F9
8732  D0 FB     BNE $872F                       A:01 X:C4 Y:00 P:A5 SP:F9
872F  EA        NOP                             A:01 X:C4 Y:00 P:A5 SP:F9
8730  EA        NOP                             A:01 X:C4 Y:00 P:A5 SP:F9
8731  CA        DEX                             A:01 X:C4 Y:00 P:A5 SP:F9
8732  D0 FB     BNE $872F                       A:01 X:C3 Y:00 P:A5 SP:F9
872F  EA        NOP                             A:01 X:C3 Y:00 P:A5 SP:F9
8730  EA        NOP                             A:01 X:C3 Y:00 P:A5 SP:F9
8731  CA        DEX                             A:01 X:C3 Y:00 P:A5 SP:F9
8732  D0 FB     BNE $872F                       A:01 X:C2 Y:00 P:A5 SP:F9
872F  EA        NOP                             A:01 X:C2 Y:00 P:A5 SP:F9
8730  EA        NOP                             A:01 X:C2 Y:00 P:A5 SP:F9
8731  CA        DEX                             A:01 X:C2 Y:00 P:A5 SP:F9
8732  D0 FB     BNE $872F                       A:01 X:C1 Y:00 P:A5 SP:F9
872F  EA        NOP                             A:01 X:C1 Y:00 P:A5 SP:F9
8730  EA        NOP                             A:01 X:C1 Y:00 P:A5 SP:F9
8731  CA        DEX                             A:01 X:C1 Y:00 P:A5 SP:F9
8732  D0 FB     BNE $872F                       A:01 X:C0 Y:00 P:A5 SP:F9
872F  EA        NOP                             A:01 X:C0 Y:00 P:A5 SP:F9
8730  EA        NOP                             A:01 X:C0 Y:00 P:A5 SP:F9
8731  CA        DEX                             A:01 X:C0 Y:00 P:A5 SP:F9
8732  D0 FB     BNE $872F                       A:01 X:BF Y:00 P:A5 SP:F9
872F  EA        NOP                             A:01 X:BF Y:00 P:A5 SP:F9
8730  EA        NOP                             A:01 X:BF Y:00 P:A5 SP:F9
8731  CA        DEX                             A:01 X:BF Y:00 P:A5 SP:F9
8732  D0 FB     BNE $872F                       A:01 X:BE Y:00 P:A5 SP:F9
872F  EA        NOP                             A:01 X:BE Y:00 P:A5 SP:F9
8730  EA        NOP                             A:01 X:BE Y:00 P:A5 SP:F9
8731  CA        DEX                             A:01 X:BE Y:00 P:A5 SP:F9
8732  D0 FB     BNE $872F                       A:01 X:BD Y:00 P:A5 SP:F9
872F  EA        NOP                             A:01 X:BD Y:00 P:A5 SP:F9
8730  EA        NOP                             A:01 X:BD Y:00 P:A5 SP:F9
8731  CA        DEX                             A:01 X:BD Y:00 P:A5 SP:F9
8732  D0 FB     BNE $872F                       A:01 X:BC Y:00 P:A5 SP:F9
872F  EA        NOP                             A:01 X:BC Y:00 P:A5 SP:F9
8730  EA        NOP                             A:01 X:BC Y:00 P:A5 SP:F9
8731  CA        DEX                             A:01 X:BC Y:00 P:A5 SP:F9
8732  D0 FB     BNE $872F                       A:01 X:BB Y:00 P:A5 SP:F9
872F  EA        NOP                             A:01 X:BB Y:00 P:A5 SP:F9
8730  EA        NOP                             A:01 X:BB Y:00 P:A5 SP:F9
8731  CA        DEX                             A:01 X:BB Y:00 P:A5 SP:F9
8732  D0 FB     BNE $872F                       A:01 X:BA Y:00 P:A5 SP:F9
872F  EA        NOP                             A:01 X:BA Y:00 P:A5 SP:F9
8730  EA        NOP                             A:01 X:BA Y:00 P:A5 SP:F9
8731  CA        DEX                             A:01 X:BA Y:00 P:A5 SP:F9
8732  D0 FB     BNE $872F                       A:01 X:B9 Y:00 P:A5 SP:F9
872F  EA        NOP                             A:01 X:B9 Y:00 P:A5 SP:F9
8730  EA        NOP                             A:01 X:B9 Y:00 P:A5 SP:F9
8731  CA        DEX                             A:01 X:B9 Y:00 P:A5 SP:F9
8732  D0 FB     BNE $872F                       A:01 X:B8 Y:00 P:A5 SP:F9
872F  EA        NOP                             A:01 X:B8 Y:00 P:A5 SP:F9
8730  EA        NOP                             A:01 X:B8 Y:00 P:A5 SP:F9
8731  CA        DEX                             A:01 X:B8 Y:00 P:A5 SP:F9
8732  D0 FB     BNE $872F                       A:01 X:B7 Y:00 P:A5 SP:F9
872F  EA        NOP                             A:01 X:B7 Y:00 P:A5 SP:F9
8730  EA        NOP                             A:01 X:B7 Y:00 P:A5 SP:F9
8731  CA        DEX                             A:01 X:B7 Y:00 P:A5 SP:F9
8732  D0 FB     BNE $872F                       A:01 X:B6 Y:00 P:A5 SP:F9
872F  EA        NOP                             A:01 X:B6 Y:00 P:A5 SP:F9
8730  EA        NOP                             A:01 X:B6 Y:00 P:A5 SP:F9
8731  CA        DEX                             A:01 X:B6 Y:00 P:A5 SP:F9
8732  D0 FB     BNE $872F                       A:01 X:B5 Y:00 P:A5 SP:F9
872F  EA        NOP                             A:01 X:B5 Y:00 P:A5 SP:F9
8730  EA        NOP                             A:01 X:B5 Y:00 P:A5 SP:F9
8731  CA        DEX                             A:01 X:B5 Y:00 P:A5 SP:F9
8732  D0 FB     BNE $872F                       A:01 X:B4 Y:00 P:A5 SP:F9
872F  EA        NOP                             A:01 X:B4 Y:00 P:A5 SP:F9
8730  EA        NOP                             A:01 X:B4 Y:00 P:A5 SP:F9
8731  CA        DEX                             A:01 X:B4 Y:00 P:A5 SP:F9
8732  D0 FB     BNE $872F                       A:01 X:B3 Y:00 P:A5 SP:F9
872F  EA        NOP                             A:01 X:B3 Y:00 P:A5 SP:F9
8730  EA        NOP                             A:01 X:B3 Y:00 P:A5 SP:F9
8731  CA        DEX                             A:01 X:B3 Y:00 P:A5 SP:F9
8732  D0 FB     BNE $872F                       A:01 X:B2 Y:00 P:A5 SP:F9
872F  EA        NOP                             A:01 X:B2 Y:00 P:A5 SP:F9
8730  EA        NOP                             A:01 X:B2 Y:00 P:A5 SP:F9
8731  CA        DEX                             A:01 X:B2 Y:00 P:A5 SP:F9
8732  D0 FB     BNE $872F                       A:01 X:B1 Y:00 P:A5 SP:F9
872F  EA        NOP                             A:01 X:B1 Y:00 P:A5 SP:F9
8730  EA        NOP                             A:01 X:B1 Y:00 P:A5 SP:F9
8731  CA        DEX                             A:01 X:B1 Y:00 P:A5 SP:F9
8732  D0 FB     BNE $872F                       A:01 X:B0 Y:00 P:A5 SP:F9
872F  EA        NOP                             A:01 X:B0 Y:00 P:A5 SP:F9
8730  EA        NOP                             A:01 X:B0 Y:00 P:A5 SP:F9
8731  CA        DEX                             A:01 X:B0 Y:00 P:A5 SP:F9
8732  D0 FB     BNE $872F                       A:01 X:AF Y:00 P:A5 SP:F9
872F  EA        NOP                             A:01 X:AF Y:00 P:A5 SP:F9
8730  EA        NOP                             A:01 X:AF Y:00 P:A5 SP:F9
8731  CA        DEX                             A:01 X:AF Y:00 P:A5 SP:F9
8732  D0 FB     BNE $872F                       A:01 X:AE Y:00 P:A5 SP:F9
872F  EA        NOP                             A:01 X:AE Y:00 P:A5 SP:F9
8730  EA        NOP                             A:01 X:AE Y:00 P:A5 SP:F9
8731  CA        DEX                             A:01 X:AE Y:00 P:A5 SP:F9
8732  D0 FB     BNE $872F                       A:01 X:AD Y:00 P:A5 SP:F9
872F  EA        NOP                             A:01 X:AD Y:00 P:A5 SP:F9
8730  EA        NOP                             A:01 X:AD Y:00 P:A5 SP:F9
8731  CA        DEX                             A:01 X:AD Y:00 P:A5 SP:F9
8732  D0 FB     BNE $872F                       A:01 X:AC Y:00 P:A5 SP:F9
872F  EA        NOP                             A:01 X:AC Y:00 P:A5 SP:F9
8730  EA        NOP                             A:01 X:AC Y:00 P:A5 SP:F9
8731  CA        DEX                             A:01 X:AC Y:00 P:A5 SP:F9
8732  D0 FB     BNE $872F                       A:01 X:AB Y:00 P:A5 SP:F9
872F  EA        NOP                             A:01 X:AB Y:00 P:A5 SP:F9
8730  EA        NOP                             A:01 X:AB Y:00 P:A5 SP:F9
8731  CA        DEX                             A:01 X:AB Y:00 P:A5 SP:F9
8732  D0 FB     BNE $872F                       A:01 X:AA Y:00 P:A5 SP:F9
872F  EA        NOP                             A:01 X:AA Y:00 P:A5 SP:F9
8730  EA        NOP                             A:01 X:AA Y:00 P:A5 SP:F9
8731  CA        DEX                             A:01 X:AA Y:00 P:A5 SP:F9
8732  D0 FB     BNE $872F                       A:01 X:A9 Y:00 P:A5 SP:F9
872F  EA        NOP                             A:01 X:A9 Y:00 P:A5 SP:F9
8730  EA        NOP                             A:01 X:A9 Y:00 P:A5 SP:F9
8731  CA        DEX                             A:01 X:A9 Y:00 P:A5 SP:F9
8732  D0 FB     BNE $872F                       A:01 X:A8 Y:00 P:A5 SP:F9
872F  EA        NOP                             A:01 X:A8 Y:00 P:A5 SP:F9
8730  EA        NOP                             A:01 X:A8 Y:00 P:A5 SP:F9
8731  CA        DEX                             A:01 X:A8 Y:00 P:A5 SP:F9
8732  D0 FB     BNE $872F                       A:01 X:A7 Y:00 P:A5 SP:F9
872F  EA        NOP                             A:01 X:A7 Y:00 P:A5 SP:F9
8730  EA        NOP                             A:01 X:A7 Y:00 P:A5 SP:F9
8731  CA        DEX                             A:01 X:A7 Y:00 P:A5 SP:F9
8732  D0 FB     BNE $872F                       A:01 X:A6 Y:00 P:A5 SP:F9
872F  EA        NOP                             A:01 X:A6 Y:00 P:A5 SP:F9
8730  EA        NOP                             A:01 X:A6 Y:00 P:A5 SP:F9
8731  CA        DEX                             A:01 X:A6 Y:00 P:A5 SP:F9
8732  D0 FB     BNE $872F                       A:01 X:A5 Y:00 P:A5 SP:F9
872F  EA        NOP                             A:01 X:A5 Y:00 P:A5 SP:F9
8730  EA        NOP                             A:01 X:A5 Y:00 P:A5 SP:F9
8731  CA        DEX                             A:01 X:A5 Y:00 P:A5 SP:F9
8732  D0 FB     BNE $872F                       A:01 X:A4 Y:00 P:A5 SP:F9
872F  EA        NOP                             A:01 X:A4 Y:00 P:A5 SP:F9
8730  EA        NOP                             A:01 X:A4 Y:00 P:A5 SP:F9
8731  CA        DEX                             A:01 X:A4 Y:00 P:A5 SP:F9
8732  D0 FB     BNE $872F                       A:01 X:A3 Y:00 P:A5 SP:F9
872F  EA        NOP                             A:01 X:A3 Y:00 P:A5 SP:F9
8730  EA        NOP                             A:01 X:A3 Y:00 P:A5 SP:F9
8731  CA        DEX                             A:01 X:A3 Y:00 P:A5 SP:F9
8732  D0 FB     BNE $872F                       A:01 X:A2 Y:00 P:A5 SP:F9
872F  EA        NOP                             A:01 X:A2 Y:00 P:A5 SP:F9
8730  EA        NOP                             A:01 X:A2 Y:00 P:A5 SP:F9
8731  CA        DEX                             A:01 X:A2 Y:00 P:A5 SP:F9
8732  D0 FB     BNE $872F                       A:01 X:A1 Y:00 P:A5 SP:F9
872F  EA        NOP                             A:01 X:A1 Y:00 P:A5 SP:F9
8730  EA        NOP                             A:01 X:A1 Y:00 P:A5 SP:F9
8731  CA        DEX                             A:01 X:A1 Y:00 P:A5 SP:F9
8732  D0 FB     BNE $872F                       A:01 X:A0 Y:00 P:A5 SP:F9
872F  EA        NOP                             A:01 X:A0 Y:00 P:A5 SP:F9
8730  EA        NOP                             A:01 X:A0 Y:00 P:A5 SP:F9
8731  CA        DEX                             A:01 X:A0 Y:00 P:A5 SP:F9
8732  D0 FB     BNE $872F                       A:01 X:9F Y:00 P:A5 SP:F9
872F  EA        NOP                             A:01 X:9F Y:00 P:A5 SP:F9
8730  EA        NOP                             A:01 X:9F Y:00 P:A5 SP:F9
8731  CA        DEX                             A:01 X:9F Y:00 P:A5 SP:F9
8732  D0 FB     BNE $872F                       A:01 X:9E Y:00 P:A5 SP:F9
872F  EA        NOP                             A:01 X:9E Y:00 P:A5 SP:F9
8730  EA        NOP                             A:01 X:9E Y:00 P:A5 SP:F9
8731  CA        DEX                             A:01 X:9E Y:00 P:A5 SP:F9
8732  D0 FB     BNE $872F                       A:01 X:9D Y:00 P:A5 SP:F9
872F  EA        NOP                             A:01 X:9D Y:00 P:A5 SP:F9
8730  EA        NOP                             A:01 X:9D Y:00 P:A5 SP:F9
8731  CA        DEX                             A:01 X:9D Y:00 P:A5 SP:F9
8732  D0 FB     BNE $872F                       A:01 X:9C Y:00 P:A5 SP:F9
872F  EA        NOP                             A:01 X:9C Y:00 P:A5 SP:F9
8730  EA        NOP                             A:01 X:9C Y:00 P:A5 SP:F9
8731  CA        DEX                             A:01 X:9C Y:00 P:A5 SP:F9
8732  D0 FB     BNE $872F                       A:01 X:9B Y:00 P:A5 SP:F9
872F  EA        NOP                             A:01 X:9B Y:00 P:A5 SP:F9
8730  EA        NOP                             A:01 X:9B Y:00 P:A5 SP:F9
8731  CA        DEX                             A:01 X:9B Y:00 P:A5 SP:F9
8732  D0 FB     BNE $872F                       A:01 X:9A Y:00 P:A5 SP:F9
872F  EA        NOP                             A:01 X:9A Y:00 P:A5 SP:F9
8730  EA        NOP                             A:01 X:9A Y:00 P:A5 SP:F9
8731  CA        DEX                             A:01 X:9A Y:00 P:A5 SP:F9
8732  D0 FB     BNE $872F                       A:01 X:99 Y:00 P:A5 SP:F9
872F  EA        NOP                             A:01 X:99 Y:00 P:A5 SP:F9
8730  EA        NOP                             A:01 X:99 Y:00 P:A5 SP:F9
8731  CA        DEX                             A:01 X:99 Y:00 P:A5 SP:F9
8732  D0 FB     BNE $872F                       A:01 X:98 Y:00 P:A5 SP:F9
872F  EA        NOP                             A:01 X:98 Y:00 P:A5 SP:F9
8730  EA        NOP                             A:01 X:98 Y:00 P:A5 SP:F9
8731  CA        DEX                             A:01 X:98 Y:00 P:A5 SP:F9
8732  D0 FB     BNE $872F                       A:01 X:97 Y:00 P:A5 SP:F9
872F  EA        NOP                             A:01 X:97 Y:00 P:A5 SP:F9
8730  EA        NOP                             A:01 X:97 Y:00 P:A5 SP:F9
8731  CA        DEX                             A:01 X:97 Y:00 P:A5 SP:F9
8732  D0 FB     BNE $872F                       A:01 X:96 Y:00 P:A5 SP:F9
872F  EA        NOP                             A:01 X:96 Y:00 P:A5 SP:F9
8730  EA        NOP                             A:01 X:96 Y:00 P:A5 SP:F9
8731  CA        DEX                             A:01 X:96 Y:00 P:A5 SP:F9
8732  D0 FB     BNE $872F                       A:01 X:95 Y:00 P:A5 SP:F9
872F  EA        NOP                             A:01 X:95 Y:00 P:A5 SP:F9
8730  EA        NOP                             A:01 X:95 Y:00 P:A5 SP:F9
8731  CA        DEX                             A:01 X:95 Y:00 P:A5 SP:F9
8732  D0 FB     BNE $872F                       A:01 X:94 Y:00 P:A5 SP:F9
872F  EA        NOP                             A:01 X:94 Y:00 P:A5 SP:F9
8730  EA        NOP                             A:01 X:94 Y:00 P:A5 SP:F9
8731  CA        DEX                             A:01 X:94 Y:00 P:A5 SP:F9
8732  D0 FB     BNE $872F                       A:01 X:93 Y:00 P:A5 SP:F9
872F  EA        NOP                             A:01 X:93 Y:00 P:A5 SP:F9
8730  EA        NOP                             A:01 X:93 Y:00 P:A5 SP:F9
8731  CA        DEX                             A:01 X:93 Y:00 P:A5 SP:F9
8732  D0 FB     BNE $872F                       A:01 X:92 Y:00 P:A5 SP:F9
872F  EA        NOP                             A:01 X:92 Y:00 P:A5 SP:F9
8730  EA        NOP                             A:01 X:92 Y:00 P:A5 SP:F9
8731  CA        DEX                             A:01 X:92 Y:00 P:A5 SP:F9
8732  D0 FB     BNE $872F                       A:01 X:91 Y:00 P:A5 SP:F9
872F  EA        NOP                             A:01 X:91 Y:00 P:A5 SP:F9
8730  EA        NOP                             A:01 X:91 Y:00 P:A5 SP:F9
8731  CA        DEX                             A:01 X:91 Y:00 P:A5 SP:F9
8732  D0 FB     BNE $872F                       A:01 X:90 Y:00 P:A5 SP:F9
872F  EA        NOP                             A:01 X:90 Y:00 P:A5 SP:F9
8730  EA        NOP                             A:01 X:90 Y:00 P:A5 SP:F9
8731  CA        DEX                             A:01 X:90 Y:00 P:A5 SP:F9
8732  D0 FB     BNE $872F                       A:01 X:8F Y:00 P:A5 SP:F9
872F  EA        NOP                             A:01 X:8F Y:00 P:A5 SP:F9
8730  EA        NOP                             A:01 X:8F Y:00 P:A5 SP:F9
8731  CA        DEX                             A:01 X:8F Y:00 P:A5 SP:F9
8732  D0 FB     BNE $872F                       A:01 X:8E Y:00 P:A5 SP:F9
872F  EA        NOP                             A:01 X:8E Y:00 P:A5 SP:F9
8730  EA        NOP                             A:01 X:8E Y:00 P:A5 SP:F9
8731  CA        DEX                             A:01 X:8E Y:00 P:A5 SP:F9
8732  D0 FB     BNE $872F                       A:01 X:8D Y:00 P:A5 SP:F9
872F  EA        NOP                             A:01 X:8D Y:00 P:A5 SP:F9
8730  EA        NOP                             A:01 X:8D Y:00 P:A5 SP:F9
8731  CA        DEX                             A:01 X:8D Y:00 P:A5 SP:F9
8732  D0 FB     BNE $872F                       A:01 X:8C Y:00 P:A5 SP:F9
872F  EA        NOP                             A:01 X:8C Y:00 P:A5 SP:F9
8730  EA        NOP                             A:01 X:8C Y:00 P:A5 SP:F9
8731  CA        DEX                             A:01 X:8C Y:00 P:A5 SP:F9
8732  D0 FB     BNE $872F                       A:01 X:8B Y:00 P:A5 SP:F9
872F  EA        NOP                             A:01 X:8B Y:00 P:A5 SP:F9
8730  EA        NOP                             A:01 X:8B Y:00 P:A5 SP:F9
8731  CA        DEX                             A:01 X:8B Y:00 P:A5 SP:F9
8732  D0 FB     BNE $872F                       A:01 X:8A Y:00 P:A5 SP:F9
872F  EA        NOP                             A:01 X:8A Y:00 P:A5 SP:F9
8730  EA        NOP                             A:01 X:8A Y:00 P:A5 SP:F9
8731  CA        DEX                             A:01 X:8A Y:00 P:A5 SP:F9
8732  D0 FB     BNE $872F                       A:01 X:89 Y:00 P:A5 SP:F9
872F  EA        NOP                             A:01 X:89 Y:00 P:A5 SP:F9
8730  EA        NOP                             A:01 X:89 Y:00 P:A5 SP:F9
8731  CA        DEX                             A:01 X:89 Y:00 P:A5 SP:F9
8732  D0 FB     BNE $872F                       A:01 X:88 Y:00 P:A5 SP:F9
872F  EA        NOP                             A:01 X:88 Y:00 P:A5 SP:F9
8730  EA        NOP                             A:01 X:88 Y:00 P:A5 SP:F9
8731  CA        DEX                             A:01 X:88 Y:00 P:A5 SP:F9
8732  D0 FB     BNE $872F                       A:01 X:87 Y:00 P:A5 SP:F9
872F  EA        NOP                             A:01 X:87 Y:00 P:A5 SP:F9
8730  EA        NOP                             A:01 X:87 Y:00 P:A5 SP:F9
8731  CA        DEX                             A:01 X:87 Y:00 P:A5 SP:F9
8732  D0 FB     BNE $872F                       A:01 X:86 Y:00 P:A5 SP:F9
872F  EA        NOP                             A:01 X:86 Y:00 P:A5 SP:F9
8730  EA        NOP                             A:01 X:86 Y:00 P:A5 SP:F9
8731  CA        DEX                             A:01 X:86 Y:00 P:A5 SP:F9
8732  D0 FB     BNE $872F                       A:01 X:85 Y:00 P:A5 SP:F9
872F  EA        NOP                             A:01 X:85 Y:00 P:A5 SP:F9
8730  EA        NOP                             A:01 X:85 Y:00 P:A5 SP:F9
8731  CA        DEX                             A:01 X:85 Y:00 P:A5 SP:F9
8732  D0 FB     BNE $872F                       A:01 X:84 Y:00 P:A5 SP:F9
872F  EA        NOP                             A:01 X:84 Y:00 P:A5 SP:F9
8730  EA        NOP                             A:01 X:84 Y:00 P:A5 SP:F9
8731  CA        DEX                             A:01 X:84 Y:00 P:A5 SP:F9
8732  D0 FB     BNE $872F                       A:01 X:83 Y:00 P:A5 SP:F9
872F  EA        NOP                             A:01 X:83 Y:00 P:A5 SP:F9
8730  EA        NOP                             A:01 X:83 Y:00 P:A5 SP:F9
8731  CA        DEX                             A:01 X:83 Y:00 P:A5 SP:F9
8732  D0 FB     BNE $872F                       A:01 X:82 Y:00 P:A5 SP:F9
872F  EA        NOP                             A:01 X:82 Y:00 P:A5 SP:F9
8730  EA        NOP                             A:01 X:82 Y:00 P:A5 SP:F9
8731  CA        DEX                             A:01 X:82 Y:00 P:A5 SP:F9
8732  D0 FB     BNE $872F                       A:01 X:81 Y:00 P:A5 SP:F9
872F  EA        NOP                             A:01 X:81 Y:00 P:A5 SP:F9
8730  EA        NOP                             A:01 X:81 Y:00 P:A5 SP:F9
8731  CA        DEX                             A:01 X:81 Y:00 P:A5 SP:F9
8732  D0 FB     BNE $872F                       A:01 X:80 Y:00 P:A5 SP:F9
872F  EA        NOP                             A:01 X:80 Y:00 P:A5 SP:F9
8730  EA        NOP                             A:01 X:80 Y:00 P:A5 SP:F9
8731  CA        DEX                             A:01 X:80 Y:00 P:A5 SP:F9
8732  D0 FB     BNE $872F                       A:01 X:7F Y:00 P:25 SP:F9
872F  EA        NOP                             A:01 X:7F Y:00 P:25 SP:F9
8730  EA        NOP                             A:01 X:7F Y:00 P:25 SP:F9
8731  CA        DEX                             A:01 X:7F Y:00 P:25 SP:F9
8732  D0 FB     BNE $872F                       A:01 X:7E Y:00 P:25 SP:F9
872F  EA        NOP                             A:01 X:7E Y:00 P:25 SP:F9
8730  EA        NOP                             A:01 X:7E Y:00 P:25 SP:F9
8731  CA        DEX                             A:01 X:7E Y:00 P:25 SP:F9
8732  D0 FB     BNE $872F                       A:01 X:7D Y:00 P:25 SP:F9
872F  EA        NOP                             A:01 X:7D Y:00 P:25 SP:F9
8730  EA        NOP                             A:01 X:7D Y:00 P:25 SP:F9
8731  CA        DEX                             A:01 X:7D Y:00 P:25 SP:F9
8732  D0 FB     BNE $872F                       A:01 X:7C Y:00 P:25 SP:F9
872F  EA        NOP                             A:01 X:7C Y:00 P:25 SP:F9
8730  EA        NOP                             A:01 X:7C Y:00 P:25 SP:F9
8731  CA        DEX                             A:01 X:7C Y:00 P:25 SP:F9
8732  D0 FB     BNE $872F                       A:01 X:7B Y:00 P:25 SP:F9
872F  EA        NOP                             A:01 X:7B Y:00 P:25 SP:F9
8730  EA        NOP                             A:01 X:7B Y:00 P:25 SP:F9
8731  CA        DEX                             A:01 X:7B Y:00 P:25 SP:F9
8732  D0 FB     BNE $872F                       A:01 X:7A Y:00 P:25 SP:F9
872F  EA        NOP                             A:01 X:7A Y:00 P:25 SP:F9
8730  EA        NOP                             A:01 X:7A Y:00 P:25 SP:F9
8731  CA        DEX                             A:01 X:7A Y:00 P:25 SP:F9
8732  D0 FB     BNE $872F                       A:01 X:79 Y:00 P:25 SP:F9
872F  EA        NOP                             A:01 X:79 Y:00 P:25 SP:F9
8730  EA        NOP                             A:01 X:79 Y:00 P:25 SP:F9
8731  CA        DEX                             A:01 X:79 Y:00 P:25 SP:F9
8732  D0 FB     BNE $872F                       A:01 X:78 Y:00 P:25 SP:F9
872F  EA        NOP                             A:01 X:78 Y:00 P:25 SP:F9
8730  EA        NOP                             A:01 X:78 Y:00 P:25 SP:F9
8731  CA        DEX                             A:01 X:78 Y:00 P:25 SP:F9
8732  D0 FB     BNE $872F                       A:01 X:77 Y:00 P:25 SP:F9
872F  EA        NOP                             A:01 X:77 Y:00 P:25 SP:F9
8730  EA        NOP                             A:01 X:77 Y:00 P:25 SP:F9
8731  CA        DEX                             A:01 X:77 Y:00 P:25 SP:F9
8732  D0 FB     BNE $872F                       A:01 X:76 Y:00 P:25 SP:F9
872F  EA        NOP                             A:01 X:76 Y:00 P:25 SP:F9
8730  EA        NOP                             A:01 X:76 Y:00 P:25 SP:F9
8731  CA        DEX                             A:01 X:76 Y:00 P:25 SP:F9
8732  D0 FB     BNE $872F                       A:01 X:75 Y:00 P:25 SP:F9
872F  EA        NOP                             A:01 X:75 Y:00 P:25 SP:F9
8730  EA        NOP                             A:01 X:75 Y:00 P:25 SP:F9
8731  CA        DEX                             A:01 X:75 Y:00 P:25 SP:F9
8732  D0 FB     BNE $872F                       A:01 X:74 Y:00 P:25 SP:F9
872F  EA        NOP                             A:01 X:74 Y:00 P:25 SP:F9
8730  EA        NOP                             A:01 X:74 Y:00 P:25 SP:F9
8731  CA        DEX                             A:01 X:74 Y:00 P:25 SP:F9
8732  D0 FB     BNE $872F                       A:01 X:73 Y:00 P:25 SP:F9
872F  EA        NOP                             A:01 X:73 Y:00 P:25 SP:F9
8730  EA        NOP                             A:01 X:73 Y:00 P:25 SP:F9
8731  CA        DEX                             A:01 X:73 Y:00 P:25 SP:F9
8732  D0 FB     BNE $872F                       A:01 X:72 Y:00 P:25 SP:F9
872F  EA        NOP                             A:01 X:72 Y:00 P:25 SP:F9
8730  EA        NOP                             A:01 X:72 Y:00 P:25 SP:F9
8731  CA        DEX                             A:01 X:72 Y:00 P:25 SP:F9
8732  D0 FB     BNE $872F                       A:01 X:71 Y:00 P:25 SP:F9
872F  EA        NOP                             A:01 X:71 Y:00 P:25 SP:F9
8730  EA        NOP                             A:01 X:71 Y:00 P:25 SP:F9
8731  CA        DEX                             A:01 X:71 Y:00 P:25 SP:F9
8732  D0 FB     BNE $872F                       A:01 X:70 Y:00 P:25 SP:F9
872F  EA        NOP                             A:01 X:70 Y:00 P:25 SP:F9
8730  EA        NOP                             A:01 X:70 Y:00 P:25 SP:F9
8731  CA        DEX                             A:01 X:70 Y:00 P:25 SP:F9
8732  D0 FB     BNE $872F                       A:01 X:6F Y:00 P:25 SP:F9
872F  EA        NOP                             A:01 X:6F Y:00 P:25 SP:F9
8730  EA        NOP                             A:01 X:6F Y:00 P:25 SP:F9
8731  CA        DEX                             A:01 X:6F Y:00 P:25 SP:F9
8732  D0 FB     BNE $872F                       A:01 X:6E Y:00 P:25 SP:F9
872F  EA        NOP                             A:01 X:6E Y:00 P:25 SP:F9
8730  EA        NOP                             A:01 X:6E Y:00 P:25 SP:F9
8731  CA        DEX                             A:01 X:6E Y:00 P:25 SP:F9
8732  D0 FB     BNE $872F                       A:01 X:6D Y:00 P:25 SP:F9
872F  EA        NOP                             A:01 X:6D Y:00 P:25 SP:F9
8730  EA        NOP                             A:01 X:6D Y:00 P:25 SP:F9
8731  CA        DEX                             A:01 X:6D Y:00 P:25 SP:F9
8732  D0 FB     BNE $872F                       A:01 X:6C Y:00 P:25 SP:F9
872F  EA        NOP                             A:01 X:6C Y:00 P:25 SP:F9
8730  EA        NOP                             A:01 X:6C Y:00 P:25 SP:F9
8731  CA        DEX                             A:01 X:6C Y:00 P:25 SP:F9
8732  D0 FB     BNE $872F                       A:01 X:6B Y:00 P:25 SP:F9
872F  EA        NOP                             A:01 X:6B Y:00 P:25 SP:F9
8730  EA        NOP                             A:01 X:6B Y:00 P:25 SP:F9
8731  CA        DEX                             A:01 X:6B Y:00 P:25 SP:F9
8732  D0 FB     BNE $872F                       A:01 X:6A Y:00 P:25 SP:F9
872F  EA        NOP                             A:01 X:6A Y:00 P:25 SP:F9
8730  EA        NOP                             A:01 X:6A Y:00 P:25 SP:F9
8731  CA        DEX                             A:01 X:6A Y:00 P:25 SP:F9
8732  D0 FB     BNE $872F                       A:01 X:69 Y:00 P:25 SP:F9
872F  EA        NOP                             A:01 X:69 Y:00 P:25 SP:F9
8730  EA        NOP                             A:01 X:69 Y:00 P:25 SP:F9
8731  CA        DEX                             A:01 X:69 Y:00 P:25 SP:F9
8732  D0 FB     BNE $872F                       A:01 X:68 Y:00 P:25 SP:F9
872F  EA        NOP                             A:01 X:68 Y:00 P:25 SP:F9
8730  EA        NOP                             A:01 X:68 Y:00 P:25 SP:F9
8731  CA        DEX                             A:01 X:68 Y:00 P:25 SP:F9
8732  D0 FB     BNE $872F                       A:01 X:67 Y:00 P:25 SP:F9
872F  EA        NOP                             A:01 X:67 Y:00 P:25 SP:F9
8730  EA        NOP                             A:01 X:67 Y:00 P:25 SP:F9
8731  CA        DEX                             A:01 X:67 Y:00 P:25 SP:F9
8732  D0 FB     BNE $872F                       A:01 X:66 Y:00 P:25 SP:F9
872F  EA        NOP                             A:01 X:66 Y:00 P:25 SP:F9
8730  EA        NOP                             A:01 X:66 Y:00 P:25 SP:F9
8731  CA        DEX                             A:01 X:66 Y:00 P:25 SP:F9
8732  D0 FB     BNE $872F                       A:01 X:65 Y:00 P:25 SP:F9
872F  EA        NOP                             A:01 X:65 Y:00 P:25 SP:F9
8730  EA        NOP                             A:01 X:65 Y:00 P:25 SP:F9
8731  CA        DEX                             A:01 X:65 Y:00 P:25 SP:F9
8732  D0 FB     BNE $872F                       A:01 X:64 Y:00 P:25 SP:F9
872F  EA        NOP                             A:01 X:64 Y:00 P:25 SP:F9
8730  EA        NOP                             A:01 X:64 Y:00 P:25 SP:F9
8731  CA        DEX                             A:01 X:64 Y:00 P:25 SP:F9
8732  D0 FB     BNE $872F                       A:01 X:63 Y:00 P:25 SP:F9
872F  EA        NOP                             A:01 X:63 Y:00 P:25 SP:F9
8730  EA        NOP                             A:01 X:63 Y:00 P:25 SP:F9
8731  CA        DEX                             A:01 X:63 Y:00 P:25 SP:F9
8732  D0 FB     BNE $872F                       A:01 X:62 Y:00 P:25 SP:F9
872F  EA        NOP                             A:01 X:62 Y:00 P:25 SP:F9
8730  EA        NOP                             A:01 X:62 Y:00 P:25 SP:F9
8731  CA        DEX                             A:01 X:62 Y:00 P:25 SP:F9
8732  D0 FB     BNE $872F                       A:01 X:61 Y:00 P:25 SP:F9
872F  EA        NOP                             A:01 X:61 Y:00 P:25 SP:F9
8730  EA        NOP                             A:01 X:61 Y:00 P:25 SP:F9
8731  CA        DEX                             A:01 X:61 Y:00 P:25 SP:F9
8732  D0 FB     BNE $872F                       A:01 X:60 Y:00 P:25 SP:F9
872F  EA        NOP                             A:01 X:60 Y:00 P:25 SP:F9
8730  EA        NOP                             A:01 X:60 Y:00 P:25 SP:F9
8731  CA        DEX                             A:01 X:60 Y:00 P:25 SP:F9
8732  D0 FB     BNE $872F                       A:01 X:5F Y:00 P:25 SP:F9
872F  EA        NOP                             A:01 X:5F Y:00 P:25 SP:F9
8730  EA        NOP                             A:01 X:5F Y:00 P:25 SP:F9
8731  CA        DEX                             A:01 X:5F Y:00 P:25 SP:F9
8732  D0 FB     BNE $872F                       A:01 X:5E Y:00 P:25 SP:F9
872F  EA        NOP                             A:01 X:5E Y:00 P:25 SP:F9
8730  EA        NOP                             A:01 X:5E Y:00 P:25 SP:F9
8731  CA        DEX                             A:01 X:5E Y:00 P:25 SP:F9
8732  D0 FB     BNE $872F                       A:01 X:5D Y:00 P:25 SP:F9
872F  EA        NOP                             A:01 X:5D Y:00 P:25 SP:F9
8730  EA        NOP                             A:01 X:5D Y:00 P:25 SP:F9
8731  CA        DEX                             A:01 X:5D Y:00 P:25 SP:F9
8732  D0 FB     BNE $872F                       A:01 X:5C Y:00 P:25 SP:F9
872F  EA        NOP                             A:01 X:5C Y:00 P:25 SP:F9
8730  EA        NOP                             A:01 X:5C Y:00 P:25 SP:F9
8731  CA        DEX                             A:01 X:5C Y:00 P:25 SP:F9
8732  D0 FB     BNE $872F                       A:01 X:5B Y:00 P:25 SP:F9
872F  EA        NOP                             A:01 X:5B Y:00 P:25 SP:F9
8730  EA        NOP                             A:01 X:5B Y:00 P:25 SP:F9
8731  CA        DEX                             A:01 X:5B Y:00 P:25 SP:F9
8732  D0 FB     BNE $872F                       A:01 X:5A Y:00 P:25 SP:F9
872F  EA        NOP                             A:01 X:5A Y:00 P:25 SP:F9
8730  EA        NOP                             A:01 X:5A Y:00 P:25 SP:F9
8731  CA        DEX                             A:01 X:5A Y:00 P:25 SP:F9
8732  D0 FB     BNE $872F                       A:01 X:59 Y:00 P:25 SP:F9
872F  EA        NOP                             A:01 X:59 Y:00 P:25 SP:F9
8730  EA        NOP                             A:01 X:59 Y:00 P:25 SP:F9
8731  CA        DEX                             A:01 X:59 Y:00 P:25 SP:F9
8732  D0 FB     BNE $872F                       A:01 X:58 Y:00 P:25 SP:F9
872F  EA        NOP                             A:01 X:58 Y:00 P:25 SP:F9
8730  EA        NOP                             A:01 X:58 Y:00 P:25 SP:F9
8731  CA        DEX                             A:01 X:58 Y:00 P:25 SP:F9
8732  D0 FB     BNE $872F                       A:01 X:57 Y:00 P:25 SP:F9
872F  EA        NOP                             A:01 X:57 Y:00 P:25 SP:F9
8730  EA        NOP                             A:01 X:57 Y:00 P:25 SP:F9
8731  CA        DEX                             A:01 X:57 Y:00 P:25 SP:F9
8732  D0 FB     BNE $872F                       A:01 X:56 Y:00 P:25 SP:F9
872F  EA        NOP                             A:01 X:56 Y:00 P:25 SP:F9
8730  EA        NOP                             A:01 X:56 Y:00 P:25 SP:F9
8731  CA        DEX                             A:01 X:56 Y:00 P:25 SP:F9
8732  D0 FB     BNE $872F                       A:01 X:55 Y:00 P:25 SP:F9
872F  EA        NOP                             A:01 X:55 Y:00 P:25 SP:F9
8730  EA        NOP                             A:01 X:55 Y:00 P:25 SP:F9
8731  CA        DEX                             A:01 X:55 Y:00 P:25 SP:F9
8732  D0 FB     BNE $872F                       A:01 X:54 Y:00 P:25 SP:F9
872F  EA        NOP                             A:01 X:54 Y:00 P:25 SP:F9
8730  EA        NOP                             A:01 X:54 Y:00 P:25 SP:F9
8731  CA        DEX                             A:01 X:54 Y:00 P:25 SP:F9
8732  D0 FB     BNE $872F                       A:01 X:53 Y:00 P:25 SP:F9
872F  EA        NOP                             A:01 X:53 Y:00 P:25 SP:F9
8730  EA        NOP                             A:01 X:53 Y:00 P:25 SP:F9
8731  CA        DEX                             A:01 X:53 Y:00 P:25 SP:F9
8732  D0 FB     BNE $872F                       A:01 X:52 Y:00 P:25 SP:F9
872F  EA        NOP                             A:01 X:52 Y:00 P:25 SP:F9
8730  EA        NOP                             A:01 X:52 Y:00 P:25 SP:F9
8731  CA        DEX                             A:01 X:52 Y:00 P:25 SP:F9
8732  D0 FB     BNE $872F                       A:01 X:51 Y:00 P:25 SP:F9
872F  EA        NOP                             A:01 X:51 Y:00 P:25 SP:F9
8730  EA        NOP                             A:01 X:51 Y:00 P:25 SP:F9
8731  CA        DEX                             A:01 X:51 Y:00 P:25 SP:F9
8732  D0 FB     BNE $872F                       A:01 X:50 Y:00 P:25 SP:F9
872F  EA        NOP                             A:01 X:50 Y:00 P:25 SP:F9
8730  EA        NOP                             A:01 X:50 Y:00 P:25 SP:F9
8731  CA        DEX                             A:01 X:50 Y:00 P:25 SP:F9
8732  D0 FB     BNE $872F                       A:01 X:4F Y:00 P:25 SP:F9
872F  EA        NOP                             A:01 X:4F Y:00 P:25 SP:F9
8730  EA        NOP                             A:01 X:4F Y:00 P:25 SP:F9
8731  CA        DEX                             A:01 X:4F Y:00 P:25 SP:F9
8732  D0 FB     BNE $872F                       A:01 X:4E Y:00 P:25 SP:F9
872F  EA        NOP                             A:01 X:4E Y:00 P:25 SP:F9
8730  EA        NOP                             A:01 X:4E Y:00 P:25 SP:F9
8731  CA        DEX                             A:01 X:4E Y:00 P:25 SP:F9
8732  D0 FB     BNE $872F                       A:01 X:4D Y:00 P:25 SP:F9
872F  EA        NOP                             A:01 X:4D Y:00 P:25 SP:F9
8730  EA        NOP                             A:01 X:4D Y:00 P:25 SP:F9
8731  CA        DEX                             A:01 X:4D Y:00 P:25 SP:F9
8732  D0 FB     BNE $872F                       A:01 X:4C Y:00 P:25 SP:F9
872F  EA        NOP                             A:01 X:4C Y:00 P:25 SP:F9
8730  EA        NOP                             A:01 X:4C Y:00 P:25 SP:F9
8731  CA        DEX                             A:01 X:4C Y:00 P:25 SP:F9
8732  D0 FB     BNE $872F                       A:01 X:4B Y:00 P:25 SP:F9
872F  EA        NOP                             A:01 X:4B Y:00 P:25 SP:F9
8730  EA        NOP                             A:01 X:4B Y:00 P:25 SP:F9
8731  CA        DEX                             A:01 X:4B Y:00 P:25 SP:F9
8732  D0 FB     BNE $872F                       A:01 X:4A Y:00 P:25 SP:F9
872F  EA        NOP                             A:01 X:4A Y:00 P:25 SP:F9
8730  EA        NOP                             A:01 X:4A Y:00 P:25 SP:F9
8731  CA        DEX                             A:01 X:4A Y:00 P:25 SP:F9
8732  D0 FB     BNE $872F                       A:01 X:49 Y:00 P:25 SP:F9
872F  EA        NOP                             A:01 X:49 Y:00 P:25 SP:F9
8730  EA        NOP                             A:01 X:49 Y:00 P:25 SP:F9
8731  CA        DEX                             A:01 X:49 Y:00 P:25 SP:F9
8732  D0 FB     BNE $872F                       A:01 X:48 Y:00 P:25 SP:F9
872F  EA        NOP                             A:01 X:48 Y:00 P:25 SP:F9
8730  EA        NOP                             A:01 X:48 Y:00 P:25 SP:F9
8731  CA        DEX                             A:01 X:48 Y:00 P:25 SP:F9
8732  D0 FB     BNE $872F                       A:01 X:47 Y:00 P:25 SP:F9
872F  EA        NOP                             A:01 X:47 Y:00 P:25 SP:F9
8730  EA        NOP                             A:01 X:47 Y:00 P:25 SP:F9
8731  CA        DEX                             A:01 X:47 Y:00 P:25 SP:F9
8732  D0 FB     BNE $872F                       A:01 X:46 Y:00 P:25 SP:F9
872F  EA        NOP                             A:01 X:46 Y:00 P:25 SP:F9
8730  EA        NOP                             A:01 X:46 Y:00 P:25 SP:F9
8731  CA        DEX                             A:01 X:46 Y:00 P:25 SP:F9
8732  D0 FB     BNE $872F                       A:01 X:45 Y:00 P:25 SP:F9
872F  EA        NOP                             A:01 X:45 Y:00 P:25 SP:F9
8730  EA        NOP                             A:01 X:45 Y:00 P:25 SP:F9
8731  CA        DEX                             A:01 X:45 Y:00 P:25 SP:F9
8732  D0 FB     BNE $872F                       A:01 X:44 Y:00 P:25 SP:F9
872F  EA        NOP                             A:01 X:44 Y:00 P:25 SP:F9
8730  EA        NOP                             A:01 X:44 Y:00 P:25 SP:F9
8731  CA        DEX                             A:01 X:44 Y:00 P:25 SP:F9
8732  D0 FB     BNE $872F                       A:01 X:43 Y:00 P:25 SP:F9
872F  EA        NOP                             A:01 X:43 Y:00 P:25 SP:F9
8730  EA        NOP                             A:01 X:43 Y:00 P:25 SP:F9
8731  CA        DEX                             A:01 X:43 Y:00 P:25 SP:F9
8732  D0 FB     BNE $872F                       A:01 X:42 Y:00 P:25 SP:F9
872F  EA        NOP                             A:01 X:42 Y:00 P:25 SP:F9
8730  EA        NOP                             A:01 X:42 Y:00 P:25 SP:F9
8731  CA        DEX                             A:01 X:42 Y:00 P:25 SP:F9
8732  D0 FB     BNE $872F                       A:01 X:41 Y:00 P:25 SP:F9
872F  EA        NOP                             A:01 X:41 Y:00 P:25 SP:F9
8730  EA        NOP                             A:01 X:41 Y:00 P:25 SP:F9
8731  CA        DEX                             A:01 X:41 Y:00 P:25 SP:F9
8732  D0 FB     BNE $872F                       A:01 X:40 Y:00 P:25 SP:F9
872F  EA        NOP                             A:01 X:40 Y:00 P:25 SP:F9
8730  EA        NOP                             A:01 X:40 Y:00 P:25 SP:F9
8731  CA        DEX                             A:01 X:40 Y:00 P:25 SP:F9
8732  D0 FB     BNE $872F                       A:01 X:3F Y:00 P:25 SP:F9
872F  EA        NOP                             A:01 X:3F Y:00 P:25 SP:F9
8730  EA        NOP                             A:01 X:3F Y:00 P:25 SP:F9
8731  CA        DEX                             A:01 X:3F Y:00 P:25 SP:F9
8732  D0 FB     BNE $872F                       A:01 X:3E Y:00 P:25 SP:F9
872F  EA        NOP                             A:01 X:3E Y:00 P:25 SP:F9
8730  EA        NOP                             A:01 X:3E Y:00 P:25 SP:F9
8731  CA        DEX                             A:01 X:3E Y:00 P:25 SP:F9
8732  D0 FB     BNE $872F                       A:01 X:3D Y:00 P:25 SP:F9
872F  EA        NOP                             A:01 X:3D Y:00 P:25 SP:F9
8730  EA        NOP                             A:01 X:3D Y:00 P:25 SP:F9
8731  CA        DEX                             A:01 X:3D Y:00 P:25 SP:F9
8732  D0 FB     BNE $872F                       A:01 X:3C Y:00 P:25 SP:F9
872F  EA        NOP                             A:01 X:3C Y:00 P:25 SP:F9
8730  EA        NOP                             A:01 X:3C Y:00 P:25 SP:F9
8731  CA        DEX                             A:01 X:3C Y:00 P:25 SP:F9
8732  D0 FB     BNE $872F                       A:01 X:3B Y:00 P:25 SP:F9
872F  EA        NOP                             A:01 X:3B Y:00 P:25 SP:F9
8730  EA        NOP                             A:01 X:3B Y:00 P:25 SP:F9
8731  CA        DEX                             A:01 X:3B Y:00 P:25 SP:F9
8732  D0 FB     BNE $872F                       A:01 X:3A Y:00 P:25 SP:F9
872F  EA        NOP                             A:01 X:3A Y:00 P:25 SP:F9
8730  EA        NOP                             A:01 X:3A Y:00 P:25 SP:F9
8731  CA        DEX                             A:01 X:3A Y:00 P:25 SP:F9
8732  D0 FB     BNE $872F                       A:01 X:39 Y:00 P:25 SP:F9
872F  EA        NOP                             A:01 X:39 Y:00 P:25 SP:F9
8730  EA        NOP                             A:01 X:39 Y:00 P:25 SP:F9
8731  CA        DEX                             A:01 X:39 Y:00 P:25 SP:F9
8732  D0 FB     BNE $872F                       A:01 X:38 Y:00 P:25 SP:F9
872F  EA        NOP                             A:01 X:38 Y:00 P:25 SP:F9
8730  EA        NOP                             A:01 X:38 Y:00 P:25 SP:F9
8731  CA        DEX                             A:01 X:38 Y:00 P:25 SP:F9
8732  D0 FB     BNE $872F                       A:01 X:37 Y:00 P:25 SP:F9
872F  EA        NOP                             A:01 X:37 Y:00 P:25 SP:F9
8730  EA        NOP                             A:01 X:37 Y:00 P:25 SP:F9
8731  CA        DEX                             A:01 X:37 Y:00 P:25 SP:F9
8732  D0 FB     BNE $872F                       A:01 X:36 Y:00 P:25 SP:F9
872F  EA        NOP                             A:01 X:36 Y:00 P:25 SP:F9
8730  EA        NOP                             A:01 X:36 Y:00 P:25 SP:F9
8731  CA        DEX                             A:01 X:36 Y:00 P:25 SP:F9
8732  D0 FB     BNE $872F                       A:01 X:35 Y:00 P:25 SP:F9
872F  EA        NOP                             A:01 X:35 Y:00 P:25 SP:F9
8730  EA        NOP                             A:01 X:35 Y:00 P:25 SP:F9
8731  CA        DEX                             A:01 X:35 Y:00 P:25 SP:F9
8732  D0 FB     BNE $872F                       A:01 X:34 Y:00 P:25 SP:F9
872F  EA        NOP                             A:01 X:34 Y:00 P:25 SP:F9
8730  EA        NOP                             A:01 X:34 Y:00 P:25 SP:F9
8731  CA        DEX                             A:01 X:34 Y:00 P:25 SP:F9
8732  D0 FB     BNE $872F                       A:01 X:33 Y:00 P:25 SP:F9
872F  EA        NOP                             A:01 X:33 Y:00 P:25 SP:F9
8730  EA        NOP                             A:01 X:33 Y:00 P:25 SP:F9
8731  CA        DEX                             A:01 X:33 Y:00 P:25 SP:F9
8732  D0 FB     BNE $872F                       A:01 X:32 Y:00 P:25 SP:F9
872F  EA        NOP                             A:01 X:32 Y:00 P:25 SP:F9
8730  EA        NOP                             A:01 X:32 Y:00 P:25 SP:F9
8731  CA        DEX                             A:01 X:32 Y:00 P:25 SP:F9
8732  D0 FB     BNE $872F                       A:01 X:31 Y:00 P:25 SP:F9
872F  EA        NOP                             A:01 X:31 Y:00 P:25 SP:F9
8730  EA        NOP                             A:01 X:31 Y:00 P:25 SP:F9
8731  CA        DEX                             A:01 X:31 Y:00 P:25 SP:F9
8732  D0 FB     BNE $872F                       A:01 X:30 Y:00 P:25 SP:F9
872F  EA        NOP                             A:01 X:30 Y:00 P:25 SP:F9
8730  EA        NOP                             A:01 X:30 Y:00 P:25 SP:F9
8731  CA        DEX                             A:01 X:30 Y:00 P:25 SP:F9
8732  D0 FB     BNE $872F                       A:01 X:2F Y:00 P:25 SP:F9
872F  EA        NOP                             A:01 X:2F Y:00 P:25 SP:F9
8730  EA        NOP                             A:01 X:2F Y:00 P:25 SP:F9
8731  CA        DEX                             A:01 X:2F Y:00 P:25 SP:F9
8732  D0 FB     BNE $872F                       A:01 X:2E Y:00 P:25 SP:F9
872F  EA        NOP                             A:01 X:2E Y:00 P:25 SP:F9
8730  EA        NOP                             A:01 X:2E Y:00 P:25 SP:F9
8731  CA        DEX                             A:01 X:2E Y:00 P:25 SP:F9
8732  D0 FB     BNE $872F                       A:01 X:2D Y:00 P:25 SP:F9
872F  EA        NOP                             A:01 X:2D Y:00 P:25 SP:F9
8730  EA        NOP                             A:01 X:2D Y:00 P:25 SP:F9
8731  CA        DEX                             A:01 X:2D Y:00 P:25 SP:F9
8732  D0 FB     BNE $872F                       A:01 X:2C Y:00 P:25 SP:F9
872F  EA        NOP                             A:01 X:2C Y:00 P:25 SP:F9
8730  EA        NOP                             A:01 X:2C Y:00 P:25 SP:F9
8731  CA        DEX                             A:01 X:2C Y:00 P:25 SP:F9
8732  D0 FB     BNE $872F                       A:01 X:2B Y:00 P:25 SP:F9
872F  EA        NOP                             A:01 X:2B Y:00 P:25 SP:F9
8730  EA        NOP                             A:01 X:2B Y:00 P:25 SP:F9
8731  CA        DEX                             A:01 X:2B Y:00 P:25 SP:F9
8732  D0 FB     BNE $872F                       A:01 X:2A Y:00 P:25 SP:F9
872F  EA        NOP                             A:01 X:2A Y:00 P:25 SP:F9
8730  EA        NOP                             A:01 X:2A Y:00 P:25 SP:F9
8731  CA        DEX                             A:01 X:2A Y:00 P:25 SP:F9
8732  D0 FB     BNE $872F                       A:01 X:29 Y:00 P:25 SP:F9
872F  EA        NOP                             A:01 X:29 Y:00 P:25 SP:F9
8730  EA        NOP                             A:01 X:29 Y:00 P:25 SP:F9
8731  CA        DEX                             A:01 X:29 Y:00 P:25 SP:F9
8732  D0 FB     BNE $872F                       A:01 X:28 Y:00 P:25 SP:F9
872F  EA        NOP                             A:01 X:28 Y:00 P:25 SP:F9
8730  EA        NOP                             A:01 X:28 Y:00 P:25 SP:F9
8731  CA        DEX                             A:01 X:28 Y:00 P:25 SP:F9
8732  D0 FB     BNE $872F                       A:01 X:27 Y:00 P:25 SP:F9
872F  EA        NOP                             A:01 X:27 Y:00 P:25 SP:F9
8730  EA        NOP                             A:01 X:27 Y:00 P:25 SP:F9
8731  CA        DEX                             A:01 X:27 Y:00 P:25 SP:F9
8732  D0 FB     BNE $872F                       A:01 X:26 Y:00 P:25 SP:F9
872F  EA        NOP                             A:01 X:26 Y:00 P:25 SP:F9
8730  EA        NOP                             A:01 X:26 Y:00 P:25 SP:F9
8731  CA        DEX                             A:01 X:26 Y:00 P:25 SP:F9
8732  D0 FB     BNE $872F                       A:01 X:25 Y:00 P:25 SP:F9
872F  EA        NOP                             A:01 X:25 Y:00 P:25 SP:F9
8730  EA        NOP                             A:01 X:25 Y:00 P:25 SP:F9
8731  CA        DEX                             A:01 X:25 Y:00 P:25 SP:F9
8732  D0 FB     BNE $872F                       A:01 X:24 Y:00 P:25 SP:F9
872F  EA        NOP                             A:01 X:24 Y:00 P:25 SP:F9
8730  EA        NOP                             A:01 X:24 Y:00 P:25 SP:F9
8731  CA        DEX                             A:01 X:24 Y:00 P:25 SP:F9
8732  D0 FB     BNE $872F                       A:01 X:23 Y:00 P:25 SP:F9
872F  EA        NOP                             A:01 X:23 Y:00 P:25 SP:F9
8730  EA        NOP                             A:01 X:23 Y:00 P:25 SP:F9
8731  CA        DEX                             A:01 X:23 Y:00 P:25 SP:F9
8732  D0 FB     BNE $872F                       A:01 X:22 Y:00 P:25 SP:F9
872F  EA        NOP                             A:01 X:22 Y:00 P:25 SP:F9
8730  EA        NOP                             A:01 X:22 Y:00 P:25 SP:F9
8731  CA        DEX                             A:01 X:22 Y:00 P:25 SP:F9
8732  D0 FB     BNE $872F                       A:01 X:21 Y:00 P:25 SP:F9
872F  EA        NOP                             A:01 X:21 Y:00 P:25 SP:F9
8730  EA        NOP                             A:01 X:21 Y:00 P:25 SP:F9
8731  CA        DEX                             A:01 X:21 Y:00 P:25 SP:F9
8732  D0 FB     BNE $872F                       A:01 X:20 Y:00 P:25 SP:F9
872F  EA        NOP                             A:01 X:20 Y:00 P:25 SP:F9
8730  EA        NOP                             A:01 X:20 Y:00 P:25 SP:F9
8731  CA        DEX                             A:01 X:20 Y:00 P:25 SP:F9
8732  D0 FB     BNE $872F                       A:01 X:1F Y:00 P:25 SP:F9
872F  EA        NOP                             A:01 X:1F Y:00 P:25 SP:F9
8730  EA        NOP                             A:01 X:1F Y:00 P:25 SP:F9
8731  CA        DEX                             A:01 X:1F Y:00 P:25 SP:F9
8732  D0 FB     BNE $872F                       A:01 X:1E Y:00 P:25 SP:F9
872F  EA        NOP                             A:01 X:1E Y:00 P:25 SP:F9
8730  EA        NOP                             A:01 X:1E Y:00 P:25 SP:F9
8731  CA        DEX                             A:01 X:1E Y:00 P:25 SP:F9
8732  D0 FB     BNE $872F                       A:01 X:1D Y:00 P:25 SP:F9
872F  EA        NOP                             A:01 X:1D Y:00 P:25 SP:F9
8730  EA        NOP                             A:01 X:1D Y:00 P:25 SP:F9
8731  CA        DEX                             A:01 X:1D Y:00 P:25 SP:F9
8732  D0 FB     BNE $872F                       A:01 X:1C Y:00 P:25 SP:F9
872F  EA        NOP                             A:01 X:1C Y:00 P:25 SP:F9
8730  EA        NOP                             A:01 X:1C Y:00 P:25 SP:F9
8731  CA        DEX                             A:01 X:1C Y:00 P:25 SP:F9
8732  D0 FB     BNE $872F                       A:01 X:1B Y:00 P:25 SP:F9
872F  EA        NOP                             A:01 X:1B Y:00 P:25 SP:F9
8730  EA        NOP                             A:01 X:1B Y:00 P:25 SP:F9
8731  CA        DEX                             A:01 X:1B Y:00 P:25 SP:F9
8732  D0 FB     BNE $872F                       A:01 X:1A Y:00 P:25 SP:F9
872F  EA        NOP                             A:01 X:1A Y:00 P:25 SP:F9
8730  EA        NOP                             A:01 X:1A Y:00 P:25 SP:F9
8731  CA        DEX                             A:01 X:1A Y:00 P:25 SP:F9
8732  D0 FB     BNE $872F                       A:01 X:19 Y:00 P:25 SP:F9
872F  EA        NOP                             A:01 X:19 Y:00 P:25 SP:F9
8730  EA        NOP                             A:01 X:19 Y:00 P:25 SP:F9
8731  CA        DEX                             A:01 X:19 Y:00 P:25 SP:F9
8732  D0 FB     BNE $872F                       A:01 X:18 Y:00 P:25 SP:F9
872F  EA        NOP                             A:01 X:18 Y:00 P:25 SP:F9
8730  EA        NOP                             A:01 X:18 Y:00 P:25 SP:F9
8731  CA        DEX                             A:01 X:18 Y:00 P:25 SP:F9
8732  D0 FB     BNE $872F                       A:01 X:17 Y:00 P:25 SP:F9
872F  EA        NOP                             A:01 X:17 Y:00 P:25 SP:F9
8730  EA        NOP                             A:01 X:17 Y:00 P:25 SP:F9
8731  CA        DEX                             A:01 X:17 Y:00 P:25 SP:F9
8732  D0 FB     BNE $872F                       A:01 X:16 Y:00 P:25 SP:F9
872F  EA        NOP                             A:01 X:16 Y:00 P:25 SP:F9
8730  EA        NOP                             A:01 X:16 Y:00 P:25 SP:F9
8731  CA        DEX                             A:01 X:16 Y:00 P:25 SP:F9
8732  D0 FB     BNE $872F                       A:01 X:15 Y:00 P:25 SP:F9
872F  EA        NOP                             A:01 X:15 Y:00 P:25 SP:F9
8730  EA        NOP                             A:01 X:15 Y:00 P:25 SP:F9
8731  CA        DEX                             A:01 X:15 Y:00 P:25 SP:F9
8732  D0 FB     BNE $872F                       A:01 X:14 Y:00 P:25 SP:F9
872F  EA        NOP                             A:01 X:14 Y:00 P:25 SP:F9
8730  EA        NOP                             A:01 X:14 Y:00 P:25 SP:F9
8731  CA        DEX                             A:01 X:14 Y:00 P:25 SP:F9
8732  D0 FB     BNE $872F                       A:01 X:13 Y:00 P:25 SP:F9
872F  EA        NOP                             A:01 X:13 Y:00 P:25 SP:F9
8730  EA        NOP                             A:01 X:13 Y:00 P:25 SP:F9
8731  CA        DEX                             A:01 X:13 Y:00 P:25 SP:F9
8732  D0 FB     BNE $872F                       A:01 X:12 Y:00 P:25 SP:F9
872F  EA        NOP                             A:01 X:12 Y:00 P:25 SP:F9
8730  EA        NOP                             A:01 X:12 Y:00 P:25 SP:F9
8731  CA        DEX                             A:01 X:12 Y:00 P:25 SP:F9
8732  D0 FB     BNE $872F                       A:01 X:11 Y:00 P:25 SP:F9
872F  EA        NOP                             A:01 X:11 Y:00 P:25 SP:F9
8730  EA        NOP                             A:01 X:11 Y:00 P:25 SP:F9
8731  CA        DEX                             A:01 X:11 Y:00 P:25 SP:F9
8732  D0 FB     BNE $872F                       A:01 X:10 Y:00 P:25 SP:F9
872F  EA        NOP                             A:01 X:10 Y:00 P:25 SP:F9
8730  EA        NOP                             A:01 X:10 Y:00 P:25 SP:F9
8731  CA        DEX                             A:01 X:10 Y:00 P:25 SP:F9
8732  D0 FB     BNE $872F                       A:01 X:0F Y:00 P:25 SP:F9
872F  EA        NOP                             A:01 X:0F Y:00 P:25 SP:F9
8730  EA        NOP                             A:01 X:0F Y:00 P:25 SP:F9
8731  CA        DEX                             A:01 X:0F Y:00 P:25 SP:F9
8732  D0 FB     BNE $872F                       A:01 X:0E Y:00 P:25 SP:F9
872F  EA        NOP                             A:01 X:0E Y:00 P:25 SP:F9
8730  EA        NOP                             A:01 X:0E Y:00 P:25 SP:F9
8731  CA        DEX                             A:01 X:0E Y:00 P:25 SP:F9
8732  D0 FB     BNE $872F                       A:01 X:0D Y:00 P:25 SP:F9
872F  EA        NOP                             A:01 X:0D Y:00 P:25 SP:F9
8730  EA        NOP                             A:01 X:0D Y:00 P:25 SP:F9
8731  CA        DEX                             A:01 X:0D Y:00 P:25 SP:F9
8732  D0 FB     BNE $872F                       A:01 X:0C Y:00 P:25 SP:F9
872F  EA        NOP                             A:01 X:0C Y:00 P:25 SP:F9
8730  EA        NOP                             A:01 X:0C Y:00 P:25 SP:F9
8731  CA        DEX                             A:01 X:0C Y:00 P:25 SP:F9
8732  D0 FB     BNE $872F                       A:01 X:0B Y:00 P:25 SP:F9
872F  EA        NOP                             A:01 X:0B Y:00 P:25 SP:F9
8730  EA        NOP                             A:01 X:0B Y:00 P:25 SP:F9
8731  CA        DEX                             A:01 X:0B Y:00 P:25 SP:F9
8732  D0 FB     BNE $872F                       A:01 X:0A Y:00 P:25 SP:F9
872F  EA        NOP                             A:01 X:0A Y:00 P:25 SP:F9
8730  EA        NOP                             A:01 X:0A Y:00 P:25 SP:F9
8731  CA        DEX                             A:01 X:0A Y:00 P:25 SP:F9
8732  D0 FB     BNE $872F                       A:01 X:09 Y:00 P:25 SP:F9
872F  EA        NOP                             A:01 X:09 Y:00 P:25 SP:F9
8730  EA        NOP                             A:01 X:09 Y:00 P:25 SP:F9
8731  CA        DEX                             A:01 X:09 Y:00 P:25 SP:F9
8732  D0 FB     BNE $872F                       A:01 X:08 Y:00 P:25 SP:F9
872F  EA        NOP                             A:01 X:08 Y:00 P:25 SP:F9
8730  EA        NOP                             A:01 X:08 Y:00 P:25 SP:F9
8731  CA        DEX                             A:01 X:08 Y:00 P:25 SP:F9
8732  D0 FB     BNE $872F                       A:01 X:07 Y:00 P:25 SP:F9
872F  EA        NOP                             A:01 X:07 Y:00 P:25 SP:F9
8730  EA        NOP                             A:01 X:07 Y:00 P:25 SP:F9
8731  CA        DEX                             A:01 X:07 Y:00 P:25 SP:F9
8732  D0 FB     BNE $872F                       A:01 X:06 Y:00 P:25 SP:F9
872F  EA        NOP                             A:01 X:06 Y:00 P:25 SP:F9
8730  EA        NOP                             A:01 X:06 Y:00 P:25 SP:F9
8731  CA        DEX                             A:01 X:06 Y:00 P:25 SP:F9
8732  D0 FB     BNE $872F                       A:01 X:05 Y:00 P:25 SP:F9
872F  EA        NOP                             A:01 X:05 Y:00 P:25 SP:F9
8730  EA        NOP                             A:01 X:05 Y:00 P:25 SP:F9
8731  CA        DEX                             A:01 X:05 Y:00 P:25 SP:F9
8732  D0 FB     BNE $872F                       A:01 X:04 Y:00 P:25 SP:F9
872F  EA        NOP                             A:01 X:04 Y:00 P:25 SP:F9
8730  EA        NOP                             A:01 X:04 Y:00 P:25 SP:F9
8731  CA        DEX                             A:01 X:04 Y:00 P:25 SP:F9
8732  D0 FB     BNE $872F                       A:01 X:03 Y:00 P:25 SP:F9
872F  EA        NOP                             A:01 X:03 Y:00 P:25 SP:F9
8730  EA        NOP                             A:01 X:03 Y:00 P:25 SP:F9
8731  CA        DEX                             A:01 X:03 Y:00 P:25 SP:F9
8732  D0 FB     BNE $872F                       A:01 X:02 Y:00 P:25 SP:F9
872F  EA        NOP                             A:01 X:02 Y:00 P:25 SP:F9
8730  EA        NOP                             A:01 X:02 Y:00 P:25 SP:F9
8731  CA        DEX                             A:01 X:02 Y:00 P:25 SP:F9
8732  D0 FB     BNE $872F                       A:01 X:01 Y:00 P:25 SP:F9
872F  EA        NOP                             A:01 X:01 Y:00 P:25 SP:F9
8730  EA        NOP                             A:01 X:01 Y:00 P:25 SP:F9
8731  CA        DEX                             A:01 X:01 Y:00 P:25 SP:F9
8732  D0 FB     BNE $872F                       A:01 X:00 Y:00 P:27 SP:F9
8734  60        RTS                             A:01 X:00 Y:00 P:27 SP:F9
864A  4C 38 86  JMP $8638                       A:01 X:00 Y:00 P:27 SP:FB
8638  20 4D 86  JSR $864D                       A:01 X:00 Y:00 P:27 SP:FB
864D  A5 FF     LDA $FF = 00                    A:01 X:00 Y:00 P:27 SP:F9
864F  C9 77     CMP #$77                        A:00 X:00 Y:00 P:27 SP:F9
8651  F0 0D     BEQ $8660                       A:00 X:00 Y:00 P:A4 SP:F9
8653  C9 64     CMP #$64                        A:00 X:00 Y:00 P:A4 SP:F9
8655  F0 14     BEQ $866B                       A:00 X:00 Y:00 P:A4 SP:F9
8657  C9 73     CMP #$73                        A:00 X:00 Y:00 P:A4 SP:F9
8659  F0 1B     BEQ $8676                       A:00 X:00 Y:00 P:A4 SP:F9
865B  C9 61     CMP #$61                        A:00 X:00 Y:00 P:A4 SP:F9
865D  F0 22     BEQ $8681                       A:00 X:00 Y:00 P:A4 SP:F9
865F  60        RTS                             A:00 X:00 Y:00 P:A4 SP:F9
863B  20 8D 86  JSR $868D                       A:00 X:00 Y:00 P:A4 SP:FB
868D  20 94 86  JSR $8694                       A:00 X:00 Y:00 P:A4 SP:F9
8694  A5 00     LDA $00 = 00                    A:00 X:00 Y:00 P:A4 SP:F7
8696  C5 10     CMP $10 = 17                    A:00 X:00 Y:00 P:26 SP:F7
8698  D0 0D     BNE $86A7                       A:00 X:00 Y:00 P:A4 SP:F7
86A7  60        RTS                             A:00 X:00 Y:00 P:A4 SP:F7
8690  20 A8 86  JSR $86A8                       A:00 X:00 Y:00 P:A4 SP:F9
86A8  A2 02     LDX #$02                        A:00 X:00 Y:00 P:A4 SP:F7
86AA  B5 10     LDA $10,X @ 12 = 16             A:00 X:02 Y:00 P:24 SP:F7
86AC  C5 10     CMP $10 = 17                    A:16 X:02 Y:00 P:24 SP:F7
86AE  D0 06     BNE $86B6                       A:16 X:02 Y:00 P:A4 SP:F7
86B6  E8        INX                             A:16 X:02 Y:00 P:A4 SP:F7
86B7  E8        INX                             A:16 X:03 Y:00 P:24 SP:F7
86B8  E4 03     CPX $03 = 06                    A:16 X:04 Y:00 P:24 SP:F7
86BA  F0 06     BEQ $86C2                       A:16 X:04 Y:00 P:A4 SP:F7
86BC  4C AA 86  JMP $86AA                       A:16 X:04 Y:00 P:A4 SP:F7
86AA  B5 10     LDA $10,X @ 14 = 15             A:16 X:04 Y:00 P:A4 SP:F7
86AC  C5 10     CMP $10 = 17                    A:15 X:04 Y:00 P:24 SP:F7
86AE  D0 06     BNE $86B6                       A:15 X:04 Y:00 P:A4 SP:F7
86B6  E8        INX                             A:15 X:04 Y:00 P:A4 SP:F7
86B7  E8        INX                             A:15 X:05 Y:00 P:24 SP:F7
86B8  E4 03     CPX $03 = 06                    A:15 X:06 Y:00 P:24 SP:F7
86BA  F0 06     BEQ $86C2                       A:15 X:06 Y:00 P:27 SP:F7
86C2  60        RTS                             A:15 X:06 Y:00 P:27 SP:F7
8693  60        RTS                             A:15 X:06 Y:00 P:27 SP:F9
863E  20 C3 86  JSR $86C3                       A:15 X:06 Y:00 P:27 SP:FB
86C3  A6 03     LDX $03 = 06                    A:15 X:06 Y:00 P:27 SP:F9
86C5  CA        DEX                             A:15 X:06 Y:00 P:25 SP:F9
86C6  8A        TXA                             A:15 X:05 Y:00 P:25 SP:F9
86C7  B5 10     LDA $10,X @ 15 = 04             A:05 X:05 Y:00 P:25 SP:F9
86C9  95 12     STA $12,X @ 17 = 04             A:04 X:05 Y:00 P:25 SP:F9
86CB  CA        DEX                             A:04 X:05 Y:00 P:25 SP:F9
86CC  10 F9     BPL $86C7                       A:04 X:04 Y:00 P:25 SP:F9
86C7  B5 10     LDA $10,X @ 14 = 15             A:04 X:04 Y:00 P:25 SP:F9
86C9  95 12     STA $12,X @ 16 = 14             A:15 X:04 Y:00 P:25 SP:F9
86CB  CA        DEX                             A:15 X:04 Y:00 P:25 SP:F9
86CC  10 F9     BPL $86C7                       A:15 X:03 Y:00 P:25 SP:F9
86C7  B5 10     LDA $10,X @ 13 = 04             A:15 X:03 Y:00 P:25 SP:F9
86C9  95 12     STA $12,X @ 15 = 04             A:04 X:03 Y:00 P:25 SP:F9
86CB  CA        DEX                             A:04 X:03 Y:00 P:25 SP:F9
86CC  10 F9     BPL $86C7                       A:04 X:02 Y:00 P:25 SP:F9
86C7  B5 10     LDA $10,X @ 12 = 16             A:04 X:02 Y:00 P:25 SP:F9
86C9  95 12     STA $12,X @ 14 = 15             A:16 X:02 Y:00 P:25 SP:F9
86CB  CA        DEX                             A:16 X:02 Y:00 P:25 SP:F9
86CC  10 F9     BPL $86C7                       A:16 X:01 Y:00 P:25 SP:F9
86C7  B5 10     LDA $10,X @ 11 = 04             A:16 X:01 Y:00 P:25 SP:F9
86C9  95 12     STA $12,X @ 13 = 04             A:04 X:01 Y:00 P:25 SP:F9
86CB  CA        DEX                             A:04 X:01 Y:00 P:25 SP:F9
86CC  10 F9     BPL $86C7                       A:04 X:00 Y:00 P:27 SP:F9
86C7  B5 10     LDA $10,X @ 10 = 17             A:04 X:00 Y:00 P:27 SP:F9
86C9  95 12     STA $12,X @ 12 = 16             A:17 X:00 Y:00 P:25 SP:F9
86CB  CA        DEX                             A:17 X:00 Y:00 P:25 SP:F9
86CC  10 F9     BPL $86C7                       A:17 X:FF Y:00 P:A5 SP:F9
86CE  A5 02     LDA $02 = 02                    A:17 X:FF Y:00 P:A5 SP:F9
86D0  4A        LSR A                           A:02 X:FF Y:00 P:25 SP:F9
86D1  B0 09     BCS $86DC                       A:01 X:FF Y:00 P:24 SP:F9
86D3  4A        LSR A                           A:01 X:FF Y:00 P:24 SP:F9
86D4  B0 19     BCS $86EF                       A:00 X:FF Y:00 P:27 SP:F9
86EF  E6 10     INC $10 = 17                    A:00 X:FF Y:00 P:27 SP:F9
86F1  A9 1F     LDA #$1F                        A:00 X:FF Y:00 P:25 SP:F9
86F3  24 10     BIT $10 = 18                    A:1F X:FF Y:00 P:25 SP:F9
86F5  F0 1F     BEQ $8716                       A:1F X:FF Y:00 P:25 SP:F9
86F7  60        RTS                             A:1F X:FF Y:00 P:25 SP:F9
8641  20 19 87  JSR $8719                       A:1F X:FF Y:00 P:25 SP:FB
8719  A0 00     LDY #$00                        A:1F X:FF Y:00 P:25 SP:F9
871B  A5 FE     LDA $FE = 00                    A:1F X:FF Y:00 P:27 SP:F9
871D  91 00     STA ($00),Y = 0200 @ 0200 = 00  A:00 X:FF Y:00 P:27 SP:F9
871F  60        RTS                             A:00 X:FF Y:00 P:27 SP:F9
8644  20 20 87  JSR $8720                       A:00 X:FF Y:00 P:27 SP:FB
8720  A6 03     LDX $03 = 06                    A:00 X:FF Y:00 P:27 SP:F9
8722  A9 00     LDA #$00                        A:00 X:06 Y:00 P:25 SP:F9
8724  81 10     STA ($10,X) @ 16 = 0415 = 01    A:00 X:06 Y:00 P:27 SP:F9
8726  A2 00     LDX #$00                        A:00 X:06 Y:00 P:27 SP:F9
8728  A9 01     LDA #$01                        A:00 X:00 Y:00 P:27 SP:F9
872A  81 10     STA ($10,X) @ 10 = 0418 = 00    A:01 X:00 Y:00 P:25 SP:F9
872C  60        RTS                             A:01 X:00 Y:00 P:25 SP:F9
8647  20 2D 87  JSR $872D                       A:01 X:00 Y:00 P:25 SP:FB
872D  A2 00     LDX #$00                        A:01 X:00 Y:00 P:25 SP:F9
872F  EA        NOP                             A:01 X:00 Y:00 P:27 SP:F9
8730  EA        NOP                             A:01 X:00 Y:00 P:27 SP:F9
8731  CA        DEX                             A:01 X:00 Y:00 P:27 SP:F9
8732  D0 FB     BNE $872F                       A:01 X:FF Y:00 P:A5 SP:F9
872F  EA        NOP                             A:01 X:FF Y:00 P:A5 SP:F9
8730  EA        NOP                             A:01 X:FF Y:00 P:A5 SP:F9
8731  CA        DEX                             A:01 X:FF Y:00 P:A5 SP:F9
8732  D0 FB     BNE $872F                       A:01 X:FE Y:00 P:A5 SP:F9
872F  EA        NOP                             A:01 X:FE Y:00 P:A5 SP:F9
8730  EA        NOP                             A:01 X:FE Y:00 P:A5 SP:F9
8731  CA        DEX                             A:01 X:FE Y:00 P:A5 SP:F9
8732  D0 FB     BNE $872F                       A:01 X:FD Y:00 P:A5 SP:F9
872F  EA        NOP                             A:01 X:FD Y:00 P:A5 SP:F9
8730  EA        NOP                             A:01 X:FD Y:00 P:A5 SP:F9
8731  CA        DEX                             A:01 X:FD Y:00 P:A5 SP:F9
8732  D0 FB     BNE $872F                       A:01 X:FC Y:00 P:A5 SP:F9
872F  EA        NOP                             A:01 X:FC Y:00 P:A5 SP:F9
8730  EA        NOP                             A:01 X:FC Y:00 P:A5 SP:F9
8731  CA        DEX                             A:01 X:FC Y:00 P:A5 SP:F9
8732  D0 FB     BNE $872F                       A:01 X:FB Y:00 P:A5 SP:F9
872F  EA        NOP                             A:01 X:FB Y:00 P:A5 SP:F9
8730  EA        NOP                             A:01 X:FB Y:00 P:A5 SP:F9
8731  CA        DEX                             A:01 X:FB Y:00 P:A5 SP:F9
8732  D0 FB     BNE $872F                       A:01 X:FA Y:00 P:A5 SP:F9
872F  EA        NOP                             A:01 X:FA Y:00 P:A5 SP:F9
8730  EA        NOP                             A:01 X:FA Y:00 P:A5 SP:F9
8731  CA        DEX                             A:01 X:FA Y:00 P:A5 SP:F9
8732  D0 FB     BNE $872F                       A:01 X:F9 Y:00 P:A5 SP:F9
872F  EA        NOP                             A:01 X:F9 Y:00 P:A5 SP:F9
8730  EA        NOP                             A:01 X:F9 Y:00 P:A5 SP:F9
8731  CA        DEX                             A:01 X:F9 Y:00 P:A5 SP:F9
8732  D0 FB     BNE $872F                       A:01 X:F8 Y:00 P:A5 SP:F9
872F  EA        NOP                             A:01 X:F8 Y:00 P:A5 SP:F9
8730  EA        NOP                             A:01 X:F8 Y:00 P:A5 SP:F9
8731  CA        DEX                             A:01 X:F8 Y:00 P:A5 SP:F9
8732  D0 FB     BNE $872F                       A:01 X:F7 Y:00 P:A5 SP:F9
872F  EA        NOP                             A:01 X:F7 Y:00 P:A5 SP:F9
8730  EA        NOP                             A:01 X:F7 Y:00 P:A5 SP:F9
8731  CA        DEX                             A:01 X:F7 Y:00 P:A5 SP:F9
8732  D0 FB     BNE $872F                       A:01 X:F6 Y:00 P:A5 SP:F9
872F  EA        NOP                             A:01 X:F6 Y:00 P:A5 SP:F9
8730  EA        NOP                             A:01 X:F6 Y:00 P:A5 SP:F9
8731  CA        DEX                             A:01 X:F6 Y:00 P:A5 SP:F9
8732  D0 FB     BNE $872F                       A:01 X:F5 Y:00 P:A5 SP:F9
872F  EA        NOP                             A:01 X:F5 Y:00 P:A5 SP:F9
8730  EA        NOP                             A:01 X:F5 Y:00 P:A5 SP:F9
8731  CA        DEX                             A:01 X:F5 Y:00 P:A5 SP:F9
8732  D0 FB     BNE $872F                       A:01 X:F4 Y:00 P:A5 SP:F9
872F  EA        NOP                             A:01 X:F4 Y:00 P:A5 SP:F9
8730  EA        NOP                             A:01 X:F4 Y:00 P:A5 SP:F9
8731  CA        DEX                             A:01 X:F4 Y:00 P:A5 SP:F9
8732  D0 FB     BNE $872F                       A:01 X:F3 Y:00 P:A5 SP:F9
872F  EA        NOP                             A:01 X:F3 Y:00 P:A5 SP:F9
8730  EA        NOP                             A:01 X:F3 Y:00 P:A5 SP:F9
8731  CA        DEX                             A:01 X:F3 Y:00 P:A5 SP:F9
8732  D0 FB     BNE $872F                       A:01 X:F2 Y:00 P:A5 SP:F9
872F  EA        NOP                             A:01 X:F2 Y:00 P:A5 SP:F9
8730  EA        NOP                             A:01 X:F2 Y:00 P:A5 SP:F9
8731  CA        DEX                             A:01 X:F2 Y:00 P:A5 SP:F9
8732  D0 FB     BNE $872F                       A:01 X:F1 Y:00 P:A5 SP:F9
872F  EA        NOP                             A:01 X:F1 Y:00 P:A5 SP:F9
8730  EA        NOP                             A:01 X:F1 Y:00 P:A5 SP:F9
8731  CA        DEX                             A:01 X:F1 Y:00 P:A5 SP:F9
8732  D0 FB     BNE $872F                       A:01 X:F0 Y:00 P:A5 SP:F9
872F  EA        NOP                             A:01 X:F0 Y:00 P:A5 SP:F9
8730  EA        NOP                             A:01 X:F0 Y:00 P:A5 SP:F9
8731  CA        DEX                             A:01 X:F0 Y:00 P:A5 SP:F9
8732  D0 FB     BNE $872F                       A:01 X:EF Y:00 P:A5 SP:F9
872F  EA        NOP                             A:01 X:EF Y:00 P:A5 SP:F9
8730  EA        NOP                             A:01 X:EF Y:00 P:A5 SP:F9
8731  CA        DEX                             A:01 X:EF Y:00 P:A5 SP:F9
8732  D0 FB     BNE $872F                       A:01 X:EE Y:00 P:A5 SP:F9
872F  EA        NOP                             A:01 X:EE Y:00 P:A5 SP:F9
8730  EA        NOP                             A:01 X:EE Y:00 P:A5 SP:F9
8731  CA        DEX                             A:01 X:EE Y:00 P:A5 SP:F9
8732  D0 FB     BNE $872F                       A:01 X:ED Y:00 P:A5 SP:F9
872F  EA        NOP                             A:01 X:ED Y:00 P:A5 SP:F9
8730  EA        NOP                             A:01 X:ED Y:00 P:A5 SP:F9
8731  CA        DEX                             A:01 X:ED Y:00 P:A5 SP:F9
8732  D0 FB     BNE $872F                       A:01 X:EC Y:00 P:A5 SP:F9
872F  EA        NOP                             A:01 X:EC Y:00 P:A5 SP:F9
8730  EA        NOP                             A:01 X:EC Y:00 P:A5 SP:F9
8731  CA        DEX                             A:01 X:EC Y:00 P:A5 SP:F9
8732  D0 FB     BNE $872F                       A:01 X:EB Y:00 P:A5 SP:F9
872F  EA        NOP                             A:01 X:EB Y:00 P:A5 SP:F9
8730  EA        NOP                             A:01 X:EB Y:00 P:A5 SP:F9
8731  CA        DEX                             A:01 X:EB Y:00 P:A5 SP:F9
8732  D0 FB     BNE $872F                       A:01 X:EA Y:00 P:A5 SP:F9
872F  EA        NOP                             A:01 X:EA Y:00 P:A5 SP:F9
8730  EA        NOP                             A:01 X:EA Y:00 P:A5 SP:F9
8731  CA        DEX                             A:01 X:EA Y:00 P:A5 SP:F9
8732  D0 FB     BNE $872F                       A:01 X:E9 Y:00 P:A5 SP:F9
872F  EA        NOP                             A:01 X:E9 Y:00 P:A5 SP:F9
8730  EA        NOP                             A:01 X:E9 Y:00 P:A5 SP:F9
8731  CA        DEX                             A:01 X:E9 Y:00 P:A5 SP:F9
8732  D0 FB     BNE $872F                       A:01 X:E8 Y:00 P:A5 SP:F9
872F  EA        NOP                             A:01 X:E8 Y:00 P:A5 SP:F9
8730  EA        NOP                             A:01 X:E8 Y:00 P:A5 SP:F9
8731  CA        DEX                             A:01 X:E8 Y:00 P:A5 SP:F9
8732  D0 FB     BNE $872F                       A:01 X:E7 Y:00 P:A5 SP:F9
872F  EA        NOP                             A:01 X:E7 Y:00 P:A5 SP:F9
8730  EA        NOP                             A:01 X:E7 Y:00 P:A5 SP:F9
8731  CA        DEX                             A:01 X:E7 Y:00 P:A5 SP:F9
8732  D0 FB     BNE $872F                       A:01 X:E6 Y:00 P:A5 SP:F9
872F  EA        NOP                             A:01 X:E6 Y:00 P:A5 SP:F9
8730  EA        NOP                             A:01 X:E6 Y:00 P:A5 SP:F9
8731  CA        DEX                             A:01 X:E6 Y:00 P:A5 SP:F9
8732  D0 FB     BNE $872F                       A:01 X:E5 Y:00 P:A5 SP:F9
872F  EA        NOP                             A:01 X:E5 Y:00 P:A5 SP:F9
8730  EA        NOP                             A:01 X:E5 Y:00 P:A5 SP:F9
8731  CA        DEX                             A:01 X:E5 Y:00 P:A5 SP:F9
8732  D0 FB     BNE $872F                       A:01 X:E4 Y:00 P:A5 SP:F9
872F  EA        NOP                             A:01 X:E4 Y:00 P:A5 SP:F9
8730  EA        NOP                             A:01 X:E4 Y:00 P:A5 SP:F9
8731  CA        DEX                             A:01 X:E4 Y:00 P:A5 SP:F9
8732  D0 FB     BNE $872F                       A:01 X:E3 Y:00 P:A5 SP:F9
872F  EA        NOP                             A:01 X:E3 Y:00 P:A5 SP:F9
8730  EA        NOP                             A:01 X:E3 Y:00 P:A5 SP:F9
8731  CA        DEX                             A:01 X:E3 Y:00 P:A5 SP:F9
8732  D0 FB     BNE $872F                       A:01 X:E2 Y:00 P:A5 SP:F9
872F  EA        NOP                             A:01 X:E2 Y:00 P:A5 SP:F9
8730  EA        NOP                             A:01 X:E2 Y:00 P:A5 SP:F9
8731  CA        DEX                             A:01 X:E2 Y:00 P:A5 SP:F9
8732  D0 FB     BNE $872F                       A:01 X:E1 Y:00 P:A5 SP:F9
872F  EA        NOP                             A:01 X:E1 Y:00 P:A5 SP:F9
8730  EA        NOP                             A:01 X:E1 Y:00 P:A5 SP:F9
8731  CA        DEX                             A:01 X:E1 Y:00 P:A5 SP:F9
8732  D0 FB     BNE $872F                       A:01 X:E0 Y:00 P:A5 SP:F9
872F  EA        NOP                             A:01 X:E0 Y:00 P:A5 SP:F9
8730  EA        NOP                             A:01 X:E0 Y:00 P:A5 SP:F9
8731  CA        DEX                             A:01 X:E0 Y:00 P:A5 SP:F9
8732  D0 FB     BNE $872F                       A:01 X:DF Y:00 P:A5 SP:F9
872F  EA        NOP                             A:01 X:DF Y:00 P:A5 SP:F9
8730  EA        NOP                             A:01 X:DF Y:00 P:A5 SP:F9
8731  CA        DEX                             A:01 X:DF Y:00 P:A5 SP:F9
8732  D0 FB     BNE $872F                       A:01 X:DE Y:00 P:A5 SP:F9
872F  EA        NOP                             A:01 X:DE Y:00 P:A5 SP:F9
8730  EA        NOP                             A:01 X:DE Y:00 P:A5 SP:F9
8731  CA        DEX                             A:01 X:DE Y:00 P:A5 SP:F9
8732  D0 FB     BNE $872F                       A:01 X:DD Y:00 P:A5 SP:F9
872F  EA        NOP                             A:01 X:DD Y:00 P:A5 SP:F9
8730  EA        NOP                             A:01 X:DD Y:00 P:A5 SP:F9
8731  CA        DEX                             A:01 X:DD Y:00 P:A5 SP:F9
8732  D0 FB     BNE $872F                       A:01 X:DC Y:00 P:A5 SP:F9
872F  EA        NOP                             A:01 X:DC Y:00 P:A5 SP:F9
8730  EA        NOP                             A:01 X:DC Y:00 P:A5 SP:F9
8731  CA        DEX                             A:01 X:DC Y:00 P:A5 SP:F9
8732  D0 FB     BNE $872F                       A:01 X:DB Y:00 P:A5 SP:F9
872F  EA        NOP                             A:01 X:DB Y:00 P:A5 SP:F9
8730  EA        NOP                             A:01 X:DB Y:00 P:A5 SP:F9
8731  CA        DEX                             A:01 X:DB Y:00 P:A5 SP:F9
8732  D0 FB     BNE $872F                       A:01 X:DA Y:00 P:A5 SP:F9
872F  EA        NOP                             A:01 X:DA Y:00 P:A5 SP:F9
8730  EA        NOP                             A:01 X:DA Y:00 P:A5 SP:F9
8731  CA        DEX                             A:01 X:DA Y:00 P:A5 SP:F9
8732  D0 FB     BNE $872F                       A:01 X:D9 Y:00 P:A5 SP:F9
872F  EA        NOP                             A:01 X:D9 Y:00 P:A5 SP:F9
8730  EA        NOP                             A:01 X:D9 Y:00 P:A5 SP:F9
8731  CA        DEX                             A:01 X:D9 Y:00 P:A5 SP:F9
8732  D0 FB     BNE $872F                       A:01 X:D8 Y:00 P:A5 SP:F9
872F  EA        NOP                             A:01 X:D8 Y:00 P:A5 SP:F9
8730  EA        NOP                             A:01 X:D8 Y:00 P:A5 SP:F9
8731  CA        DEX                             A:01 X:D8 Y:00 P:A5 SP:F9
8732  D0 FB     BNE $872F                       A:01 X:D7 Y:00 P:A5 SP:F9
872F  EA        NOP                             A:01 X:D7 Y:00 P:A5 SP:F9
8730  EA        NOP                             A:01 X:D7 Y:00 P:A5 SP:F9
8731  CA        DEX                             A:01 X:D7 Y:00 P:A5 SP:F9
8732  D0 FB     BNE $872F                       A:01 X:D6 Y:00 P:A5 SP:F9
872F  EA        NOP                             A:01 X:D6 Y:00 P:A5 SP:F9
8730  EA        NOP                             A:01 X:D6 Y:00 P:A5 SP:F9
8731  CA        DEX                             A:01 X:D6 Y:00 P:A5 SP:F9
8732  D0 FB     BNE $872F                       A:01 X:D5 Y:00 P:A5 SP:F9
872F  EA        NOP                             A:01 X:D5 Y:00 P:A5 SP:F9
8730  EA        NOP                             A:01 X:D5 Y:00 P:A5 SP:F9
8731  CA        DEX                             A:01 X:D5 Y:00 P:A5 SP:F9
8732  D0 FB     BNE $872F                       A:01 X:D4 Y:00 P:A5 SP:F9
872F  EA        NOP                             A:01 X:D4 Y:00 P:A5 SP:F9
8730  EA        NOP                             A:01 X:D4 Y:00 P:A5 SP:F9
8731  CA        DEX                             A:01 X:D4 Y:00 P:A5 SP:F9
8732  D0 FB     BNE $872F                       A:01 X:D3 Y:00 P:A5 SP:F9
872F  EA        NOP                             A:01 X:D3 Y:00 P:A5 SP:F9
8730  EA        NOP                             A:01 X:D3 Y:00 P:A5 SP:F9
8731  CA        DEX                             A:01 X:D3 Y:00 P:A5 SP:F9
8732  D0 FB     BNE $872F                       A:01 X:D2 Y:00 P:A5 SP:F9
872F  EA        NOP                             A:01 X:D2 Y:00 P:A5 SP:F9
8730  EA        NOP                             A:01 X:D2 Y:00 P:A5 SP:F9
8731  CA        DEX                             A:01 X:D2 Y:00 P:A5 SP:F9
8732  D0 FB     BNE $872F                       A:01 X:D1 Y:00 P:A5 SP:F9
872F  EA        NOP                             A:01 X:D1 Y:00 P:A5 SP:F9
8730  EA        NOP                             A:01 X:D1 Y:00 P:A5 SP:F9
8731  CA        DEX                             A:01 X:D1 Y:00 P:A5 SP:F9
8732  D0 FB     BNE $872F                       A:01 X:D0 Y:00 P:A5 SP:F9
872F  EA        NOP                             A:01 X:D0 Y:00 P:A5 SP:F9
8730  EA        NOP                             A:01 X:D0 Y:00 P:A5 SP:F9
8731  CA        DEX                             A:01 X:D0 Y:00 P:A5 SP:F9
8732  D0 FB     BNE $872F                       A:01 X:CF Y:00 P:A5 SP:F9
872F  EA        NOP                             A:01 X:CF Y:00 P:A5 SP:F9
8730  EA        NOP                             A:01 X:CF Y:00 P:A5 SP:F9
8731  CA        DEX                             A:01 X:CF Y:00 P:A5 SP:F9
8732  D0 FB     BNE $872F                       A:01 X:CE Y:00 P:A5 SP:F9
872F  EA        NOP                             A:01 X:CE Y:00 P:A5 SP:F9
8730  EA        NOP                             A:01 X:CE Y:00 P:A5 SP:F9
8731  CA        DEX                             A:01 X:CE Y:00 P:A5 SP:F9
8732  D0 FB     BNE $872F                       A:01 X:CD Y:00 P:A5 SP:F9
872F  EA        NOP                             A:01 X:CD Y:00 P:A5 SP:F9
8730  EA        NOP                             A:01 X:CD Y:00 P:A5 SP:F9
8731  CA        DEX                             A:01 X:CD Y:00 P:A5 SP:F9
8732  D0 FB     BNE $872F                       A:01 X:CC Y:00 P:A5 SP:F9
872F  EA        NOP                             A:01 X:CC Y:00 P:A5 SP:F9
8730  EA        NOP                             A:01 X:CC Y:00 P:A5 SP:F9
8731  CA        DEX                             A:01 X:CC Y:00 P:A5 SP:F9
8732  D0 FB     BNE $872F                       A:01 X:CB Y:00 P:A5 SP:F9
872F  EA        NOP                             A:01 X:CB Y:00 P:A5 SP:F9
8730  EA        NOP                             A:01 X:CB Y:00 P:A5 SP:F9
8731  CA        DEX                             A:01 X:CB Y:00 P:A5 SP:F9
8732  D0 FB     BNE $872F                       A:01 X:CA Y:00 P:A5 SP:F9
872F  EA        NOP                             A:01 X:CA Y:00 P:A5 SP:F9
8730  EA        NOP                             A:01 X:CA Y:00 P:A5 SP:F9
8731  CA        DEX                             A:01 X:CA Y:00 P:A5 SP:F9
8732  D0 FB     BNE $872F                       A:01 X:C9 Y:00 P:A5 SP:F9
872F  EA        NOP                             A:01 X:C9 Y:00 P:A5 SP:F9
8730  EA        NOP                             A:01 X:C9 Y:00 P:A5 SP:F9
8731  CA        DEX                             A:01 X:C9 Y:00 P:A5 SP:F9
8732  D0 FB     BNE $872F                       A:01 X:C8 Y:00 P:A5 SP:F9
872F  EA        NOP                             A:01 X:C8 Y:00 P:A5 SP:F9
8730  EA        NOP                             A:01 X:C8 Y:00 P:A5 SP:F9
8731  CA        DEX                             A:01 X:C8 Y:00 P:A5 SP:F9
8732  D0 FB     BNE $872F                       A:01 X:C7 Y:00 P:A5 SP:F9
872F  EA        NOP                             A:01 X:C7 Y:00 P:A5 SP:F9
8730  EA        NOP                             A:01 X:C7 Y:00 P:A5 SP:F9
8731  CA        DEX                             A:01 X:C7 Y:00 P:A5 SP:F9
8732  D0 FB     BNE $872F                       A:01 X:C6 Y:00 P:A5 SP:F9
872F  EA        NOP                             A:01 X:C6 Y:00 P:A5 SP:F9
8730  EA        NOP                             A:01 X:C6 Y:00 P:A5 SP:F9
8731  CA        DEX                             A:01 X:C6 Y:00 P:A5 SP:F9
8732  D0 FB     BNE $872F                       A:01 X:C5 Y:00 P:A5 SP:F9
872F  EA        NOP                             A:01 X:C5 Y:00 P:A5 SP:F9
8730  EA        NOP                             A:01 X:C5 Y:00 P:A5 SP:F9
8731  CA        DEX                             A:01 X:C5 Y:00 P:A5 SP:F9
8732  D0 FB     BNE $872F                       A:01 X:C4 Y:00 P:A5 SP:F9
872F  EA        NOP                             A:01 X:C4 Y:00 P:A5 SP:F9
8730  EA        NOP                             A:01 X:C4 Y:00 P:A5 SP:F9
8731  CA        DEX                             A:01 X:C4 Y:00 P:A5 SP:F9
8732  D0 FB     BNE $872F                       A:01 X:C3 Y:00 P:A5 SP:F9
872F  EA        NOP                             A:01 X:C3 Y:00 P:A5 SP:F9
8730  EA        NOP                             A:01 X:C3 Y:00 P:A5 SP:F9
8731  CA        DEX                             A:01 X:C3 Y:00 P:A5 SP:F9
8732  D0 FB     BNE $872F                       A:01 X:C2 Y:00 P:A5 SP:F9
872F  EA        NOP                             A:01 X:C2 Y:00 P:A5 SP:F9
8730  EA        NOP                             A:01 X:C2 Y:00 P:A5 SP:F9
8731  CA        DEX                             A:01 X:C2 Y:00 P:A5 SP:F9
8732  D0 FB     BNE $872F                       A:01 X:C1 Y:00 P:A5 SP:F9
872F  EA        NOP                             A:01 X:C1 Y:00 P:A5 SP:F9
8730  EA        NOP                             A:01 X:C1 Y:00 P:A5 SP:F9
8731  CA        DEX                             A:01 X:C1 Y:00 P:A5 SP:F9
8732  D0 FB     BNE $872F                       A:01 X:C0 Y:00 P:A5 SP:F9
872F  EA        NOP                             A:01 X:C0 Y:00 P:A5 SP:F9
8730  EA        NOP                             A:01 X:C0 Y:00 P:A5 SP:F9
8731  CA        DEX                             A:01 X:C0 Y:00 P:A5 SP:F9
8732  D0 FB     BNE $872F                       A:01 X:BF Y:00 P:A5 SP:F9
872F  EA        NOP                             A:01 X:BF Y:00 P:A5 SP:F9
8730  EA        NOP                             A:01 X:BF Y:00 P:A5 SP:F9
8731  CA        DEX                             A:01 X:BF Y:00 P:A5 SP:F9
8732  D0 FB     BNE $872F                       A:01 X:BE Y:00 P:A5 SP:F9
872F  EA        NOP                             A:01 X:BE Y:00 P:A5 SP:F9
8730  EA        NOP                             A:01 X:BE Y:00 P:A5 SP:F9
8731  CA        DEX                             A:01 X:BE Y:00 P:A5 SP:F9
8732  D0 FB     BNE $872F                       A:01 X:BD Y:00 P:A5 SP:F9
872F  EA        NOP                             A:01 X:BD Y:00 P:A5 SP:F9
8730  EA        NOP                             A:01 X:BD Y:00 P:A5 SP:F9
8731  CA        DEX                             A:01 X:BD Y:00 P:A5 SP:F9
8732  D0 FB     BNE $872F                       A:01 X:BC Y:00 P:A5 SP:F9
872F  EA        NOP                             A:01 X:BC Y:00 P:A5 SP:F9
8730  EA        NOP                             A:01 X:BC Y:00 P:A5 SP:F9
8731  CA        DEX                             A:01 X:BC Y:00 P:A5 SP:F9
8732  D0 FB     BNE $872F                       A:01 X:BB Y:00 P:A5 SP:F9
872F  EA        NOP                             A:01 X:BB Y:00 P:A5 SP:F9
8730  EA        NOP                             A:01 X:BB Y:00 P:A5 SP:F9
8731  CA        DEX                             A:01 X:BB Y:00 P:A5 SP:F9
8732  D0 FB     BNE $872F                       A:01 X:BA Y:00 P:A5 SP:F9
872F  EA        NOP                             A:01 X:BA Y:00 P:A5 SP:F9
8730  EA        NOP                             A:01 X:BA Y:00 P:A5 SP:F9
8731  CA        DEX                             A:01 X:BA Y:00 P:A5 SP:F9
8732  D0 FB     BNE $872F                       A:01 X:B9 Y:00 P:A5 SP:F9
872F  EA        NOP                             A:01 X:B9 Y:00 P:A5 SP:F9
8730  EA        NOP                             A:01 X:B9 Y:00 P:A5 SP:F9
8731  CA        DEX                             A:01 X:B9 Y:00 P:A5 SP:F9
8732  D0 FB     BNE $872F                       A:01 X:B8 Y:00 P:A5 SP:F9
872F  EA        NOP                             A:01 X:B8 Y:00 P:A5 SP:F9
8730  EA        NOP                             A:01 X:B8 Y:00 P:A5 SP:F9
8731  CA        DEX                             A:01 X:B8 Y:00 P:A5 SP:F9
8732  D0 FB     BNE $872F                       A:01 X:B7 Y:00 P:A5 SP:F9
872F  EA        NOP                             A:01 X:B7 Y:00 P:A5 SP:F9
8730  EA        NOP                             A:01 X:B7 Y:00 P:A5 SP:F9
8731  CA        DEX                             A:01 X:B7 Y:00 P:A5 SP:F9
8732  D0 FB     BNE $872F                       A:01 X:B6 Y:00 P:A5 SP:F9
872F  EA        NOP                             A:01 X:B6 Y:00 P:A5 SP:F9
8730  EA        NOP                             A:01 X:B6 Y:00 P:A5 SP:F9
8731  CA        DEX                             A:01 X:B6 Y:00 P:A5 SP:F9
8732  D0 FB     BNE $872F                       A:01 X:B5 Y:00 P:A5 SP:F9
872F  EA        NOP                             A:01 X:B5 Y:00 P:A5 SP:F9
8730  EA        NOP                             A:01 X:B5 Y:00 P:A5 SP:F9
8731  CA        DEX                             A:01 X:B5 Y:00 P:A5 SP:F9
8732  D0 FB     BNE $872F                       A:01 X:B4 Y:00 P:A5 SP:F9
872F  EA        NOP                             A:01 X:B4 Y:00 P:A5 SP:F9
8730  EA        NOP                             A:01 X:B4 Y:00 P:A5 SP:F9
8731  CA        DEX                             A:01 X:B4 Y:00 P:A5 SP:F9
8732  D0 FB     BNE $872F                       A:01 X:B3 Y:00 P:A5 SP:F9
872F  EA        NOP                             A:01 X:B3 Y:00 P:A5 SP:F9
8730  EA        NOP                             A:01 X:B3 Y:00 P:A5 SP:F9
8731  CA        DEX                             A:01 X:B3 Y:00 P:A5 SP:F9
8732  D0 FB     BNE $872F                       A:01 X:B2 Y:00 P:A5 SP:F9
872F  EA        NOP                             A:01 X:B2 Y:00 P:A5 SP:F9
8730  EA        NOP                             A:01 X:B2 Y:00 P:A5 SP:F9
8731  CA        DEX                             A:01 X:B2 Y:00 P:A5 SP:F9
8732  D0 FB     BNE $872F                       A:01 X:B1 Y:00 P:A5 SP:F9
872F  EA        NOP                             A:01 X:B1 Y:00 P:A5 SP:F9
8730  EA        NOP                             A:01 X:B1 Y:00 P:A5 SP:F9
8731  CA        DEX                             A:01 X:B1 Y:00 P:A5 SP:F9
8732  D0 FB     BNE $872F                       A:01 X:B0 Y:00 P:A5 SP:F9
872F  EA        NOP                             A:01 X:B0 Y:00 P:A5 SP:F9
8730  EA        NOP                             A:01 X:B0 Y:00 P:A5 SP:F9
8731  CA        DEX                             A:01 X:B0 Y:00 P:A5 SP:F9
8732  D0 FB     BNE $872F                       A:01 X:AF Y:00 P:A5 SP:F9
872F  EA        NOP                             A:01 X:AF Y:00 P:A5 SP:F9
8730  EA        NOP                             A:01 X:AF Y:00 P:A5 SP:F9
8731  CA        DEX                             A:01 X:AF Y:00 P:A5 SP:F9
8732  D0 FB     BNE $872F                       A:01 X:AE Y:00 P:A5 SP:F9
872F  EA        NOP                             A:01 X:AE Y:00 P:A5 SP:F9
8730  EA        NOP                             A:01 X:AE Y:00 P:A5 SP:F9
8731  CA        DEX                             A:01 X:AE Y:00 P:A5 SP:F9
8732  D0 FB     BNE $872F                       A:01 X:AD Y:00 P:A5 SP:F9
872F  EA        NOP                             A:01 X:AD Y:00 P:A5 SP:F9
8730  EA        NOP                             A:01 X:AD Y:00 P:A5 SP:F9
8731  CA        DEX                             A:01 X:AD Y:00 P:A5 SP:F9
8732  D0 FB     BNE $872F                       A:01 X:AC Y:00 P:A5 SP:F9
872F  EA        NOP                             A:01 X:AC Y:00 P:A5 SP:F9
8730  EA        NOP                             A:01 X:AC Y:00 P:A5 SP:F9
8731  CA        DEX                             A:01 X:AC Y:00 P:A5 SP:F9
8732  D0 FB     BNE $872F                       A:01 X:AB Y:00 P:A5 SP:F9
872F  EA        NOP                             A:01 X:AB Y:00 P:A5 SP:F9
8730  EA        NOP                             A:01 X:AB Y:00 P:A5 SP:F9
8731  CA        DEX                             A:01 X:AB Y:00 P:A5 SP:F9
8732  D0 FB     BNE $872F                       A:01 X:AA Y:00 P:A5 SP:F9
872F  EA        NOP                             A:01 X:AA Y:00 P:A5 SP:F9
8730  EA        NOP                             A:01 X:AA Y:00 P:A5 SP:F9
8731  CA        DEX                             A:01 X:AA Y:00 P:A5 SP:F9
8732  D0 FB     BNE $872F                       A:01 X:A9 Y:00 P:A5 SP:F9
872F  EA        NOP                             A:01 X:A9 Y:00 P:A5 SP:F9
8730  EA        NOP                             A:01 X:A9 Y:00 P:A5 SP:F9
8731  CA        DEX                             A:01 X:A9 Y:00 P:A5 SP:F9
8732  D0 FB     BNE $872F                       A:01 X:A8 Y:00 P:A5 SP:F9
872F  EA        NOP                             A:01 X:A8 Y:00 P:A5 SP:F9
8730  EA        NOP                             A:01 X:A8 Y:00 P:A5 SP:F9
8731  CA        DEX                             A:01 X:A8 Y:00 P:A5 SP:F9
8732  D0 FB     BNE $872F                       A:01 X:A7 Y:00 P:A5 SP:F9
872F  EA        NOP                             A:01 X:A7 Y:00 P:A5 SP:F9
8730  EA        NOP                             A:01 X:A7 Y:00 P:A5 SP:F9
8731  CA        DEX                             A:01 X:A7 Y:00 P:A5 SP:F9
8732  D0 FB     BNE $872F                       A:01 X:A6 Y:00 P:A5 SP:F9
872F  EA        NOP                             A:01 X:A6 Y:00 P:A5 SP:F9
8730  EA        NOP                             A:01 X:A6 Y:00 P:A5 SP:F9
8731  CA        DEX                             A:01 X:A6 Y:00 P:A5 SP:F9
8732  D0 FB     BNE $872F                       A:01 X:A5 Y:00 P:A5 SP:F9
872F  EA        NOP                             A:01 X:A5 Y:00 P:A5 SP:F9
8730  EA        NOP                             A:01 X:A5 Y:00 P:A5 SP:F9
8731  CA        DEX                             A:01 X:A5 Y:00 P:A5 SP:F9
8732  D0 FB     BNE $872F                       A:01 X:A4 Y:00 P:A5 SP:F9
872F  EA        NOP                             A:01 X:A4 Y:00 P:A5 SP:F9
8730  EA        NOP                             A:01 X:A4 Y:00 P:A5 SP:F9
8731  CA        DEX                             A:01 X:A4 Y:00 P:A5 SP:F9
8732  D0 FB     BNE $872F                       A:01 X:A3 Y:00 P:A5 SP:F9
872F  EA        NOP                             A:01 X:A3 Y:00 P:A5 SP:F9
8730  EA        NOP                             A:01 X:A3 Y:00 P:A5 SP:F9
8731  CA        DEX                             A:01 X:A3 Y:00 P:A5 SP:F9
8732  D0 FB     BNE $872F                       A:01 X:A2 Y:00 P:A5 SP:F9
872F  EA        NOP                             A:01 X:A2 Y:00 P:A5 SP:F9
8730  EA        NOP                             A:01 X:A2 Y:00 P:A5 SP:F9
8731  CA        DEX                             A:01 X:A2 Y:00 P:A5 SP:F9
8732  D0 FB     BNE $872F                       A:01 X:A1 Y:00 P:A5 SP:F9
872F  EA        NOP                             A:01 X:A1 Y:00 P:A5 SP:F9
8730  EA        NOP                             A:01 X:A1 Y:00 P:A5 SP:F9
8731  CA        DEX                             A:01 X:A1 Y:00 P:A5 SP:F9
8732  D0 FB     BNE $872F                       A:01 X:A0 Y:00 P:A5 SP:F9
872F  EA        NOP                             A:01 X:A0 Y:00 P:A5 SP:F9
8730  EA        NOP                             A:01 X:A0 Y:00 P:A5 SP:F9
8731  CA        DEX                             A:01 X:A0 Y:00 P:A5 SP:F9
8732  D0 FB     BNE $872F                       A:01 X:9F Y:00 P:A5 SP:F9
872F  EA        NOP                             A:01 X:9F Y:00 P:A5 SP:F9
8730  EA        NOP                             A:01 X:9F Y:00 P:A5 SP:F9
8731  CA        DEX                             A:01 X:9F Y:00 P:A5 SP:F9
8732  D0 FB     BNE $872F                       A:01 X:9E Y:00 P:A5 SP:F9
872F  EA        NOP                             A:01 X:9E Y:00 P:A5 SP:F9
8730  EA        NOP                             A:01 X:9E Y:00 P:A5 SP:F9
8731  CA        DEX                             A:01 X:9E Y:00 P:A5 SP:F9
8732  D0 FB     BNE $872F                       A:01 X:9D Y:00 P:A5 SP:F9
872F  EA        NOP                             A:01 X:9D Y:00 P:A5 SP:F9
8730  EA        NOP                             A:01 X:9D Y:00 P:A5 SP:F9
8731  CA        DEX                             A:01 X:9D Y:00 P:A5 SP:F9
8732  D0 FB     BNE $872F                       A:01 X:9C Y:00 P:A5 SP:F9
872F  EA        NOP                             A:01 X:9C Y:00 P:A5 SP:F9
8730  EA        NOP                             A:01 X:9C Y:00 P:A5 SP:F9
8731  CA        DEX                             A:01 X:9C Y:00 P:A5 SP:F9
8732  D0 FB     BNE $872F                       A:01 X:9B Y:00 P:A5 SP:F9
872F  EA        NOP                             A:01 X:9B Y:00 P:A5 SP:F9
8730  EA        NOP                             A:01 X:9B Y:00 P:A5 SP:F9
8731  CA        DEX                             A:01 X:9B Y:00 P:A5 SP:F9
8732  D0 FB     BNE $872F                       A:01 X:9A Y:00 P:A5 SP:F9
872F  EA        NOP                             A:01 X:9A Y:00 P:A5 SP:F9
8730  EA        NOP                             A:01 X:9A Y:00 P:A5 SP:F9
8731  CA        DEX                             A:01 X:9A Y:00 P:A5 SP:F9
8732  D0 FB     BNE $872F                       A:01 X:99 Y:00 P:A5 SP:F9
872F  EA        NOP                             A:01 X:99 Y:00 P:A5 SP:F9
8730  EA        NOP                             A:01 X:99 Y:00 P:A5 SP:F9
8731  CA        DEX                             A:01 X:99 Y:00 P:A5 SP:F9
8732  D0 FB     BNE $872F                       A:01 X:98 Y:00 P:A5 SP:F9
872F  EA        NOP                             A:01 X:98 Y:00 P:A5 SP:F9
8730  EA        NOP                             A:01 X:98 Y:00 P:A5 SP:F9
8731  CA        DEX                             A:01 X:98 Y:00 P:A5 SP:F9
8732  D0 FB     BNE $872F                       A:01 X:97 Y:00 P:A5 SP:F9
872F  EA        NOP                             A:01 X:97 Y:00 P:A5 SP:F9
8730  EA        NOP                             A:01 X:97 Y:00 P:A5 SP:F9
8731  CA        DEX                             A:01 X:97 Y:00 P:A5 SP:F9
8732  D0 FB     BNE $872F                       A:01 X:96 Y:00 P:A5 SP:F9
872F  EA        NOP                             A:01 X:96 Y:00 P:A5 SP:F9
8730  EA        NOP                             A:01 X:96 Y:00 P:A5 SP:F9
8731  CA        DEX                             A:01 X:96 Y:00 P:A5 SP:F9
8732  D0 FB     BNE $872F                       A:01 X:95 Y:00 P:A5 SP:F9
872F  EA        NOP                             A:01 X:95 Y:00 P:A5 SP:F9
8730  EA        NOP                             A:01 X:95 Y:00 P:A5 SP:F9
8731  CA        DEX                             A:01 X:95 Y:00 P:A5 SP:F9
8732  D0 FB     BNE $872F                       A:01 X:94 Y:00 P:A5 SP:F9
872F  EA        NOP                             A:01 X:94 Y:00 P:A5 SP:F9
8730  EA        NOP                             A:01 X:94 Y:00 P:A5 SP:F9
8731  CA        DEX                             A:01 X:94 Y:00 P:A5 SP:F9
8732  D0 FB     BNE $872F                       A:01 X:93 Y:00 P:A5 SP:F9
872F  EA        NOP                             A:01 X:93 Y:00 P:A5 SP:F9
8730  EA        NOP                             A:01 X:93 Y:00 P:A5 SP:F9
8731  CA        DEX                             A:01 X:93 Y:00 P:A5 SP:F9
8732  D0 FB     BNE $872F                       A:01 X:92 Y:00 P:A5 SP:F9
872F  EA        NOP                             A:01 X:92 Y:00 P:A5 SP:F9
8730  EA        NOP                             A:01 X:92 Y:00 P:A5 SP:F9
8731  CA        DEX                             A:01 X:92 Y:00 P:A5 SP:F9
8732  D0 FB     BNE $872F                       A:01 X:91 Y:00 P:A5 SP:F9
872F  EA        NOP                             A:01 X:91 Y:00 P:A5 SP:F9
8730  EA        NOP                             A:01 X:91 Y:00 P:A5 SP:F9
8731  CA        DEX                             A:01 X:91 Y:00 P:A5 SP:F9
8732  D0 FB     BNE $872F                       A:01 X:90 Y:00 P:A5 SP:F9
872F  EA        NOP                             A:01 X:90 Y:00 P:A5 SP:F9
8730  EA        NOP                             A:01 X:90 Y:00 P:A5 SP:F9
8731  CA        DEX                             A:01 X:90 Y:00 P:A5 SP:F9
8732  D0 FB     BNE $872F                       A:01 X:8F Y:00 P:A5 SP:F9
872F  EA        NOP                             A:01 X:8F Y:00 P:A5 SP:F9
8730  EA        NOP                             A:01 X:8F Y:00 P:A5 SP:F9
8731  CA        DEX                             A:01 X:8F Y:00 P:A5 SP:F9
8732  D0 FB     BNE $872F                       A:01 X:8E Y:00 P:A5 SP:F9
872F  EA        NOP                             A:01 X:8E Y:00 P:A5 SP:F9
8730  EA        NOP                             A:01 X:8E Y:00 P:A5 SP:F9
8731  CA        DEX                             A:01 X:8E Y:00 P:A5 SP:F9
8732  D0 FB     BNE $872F                       A:01 X:8D Y:00 P:A5 SP:F9
872F  EA        NOP                             A:01 X:8D Y:00 P:A5 SP:F9
8730  EA        NOP                             A:01 X:8D Y:00 P:A5 SP:F9
8731  CA        DEX                             A:01 X:8D Y:00 P:A5 SP:F9
8732  D0 FB     BNE $872F                       A:01 X:8C Y:00 P:A5 SP:F9
872F  EA        NOP                             A:01 X:8C Y:00 P:A5 SP:F9
8730  EA        NOP                             A:01 X:8C Y:00 P:A5 SP:F9
8731  CA        DEX                             A:01 X:8C Y:00 P:A5 SP:F9
8732  D0 FB     BNE $872F                       A:01 X:8B Y:00 P:A5 SP:F9
872F  EA        NOP                             A:01 X:8B Y:00 P:A5 SP:F9
8730  EA        NOP                             A:01 X:8B Y:00 P:A5 SP:F9
8731  CA        DEX                             A:01 X:8B Y:00 P:A5 SP:F9
8732  D0 FB     BNE $872F                       A:01 X:8A Y:00 P:A5 SP:F9
872F  EA        NOP                             A:01 X:8A Y:00 P:A5 SP:F9
8730  EA        NOP                             A:01 X:8A Y:00 P:A5 SP:F9
8731  CA        DEX                             A:01 X:8A Y:00 P:A5 SP:F9
8732  D0 FB     BNE $872F                       A:01 X:89 Y:00 P:A5 SP:F9
872F  EA        NOP                             A:01 X:89 Y:00 P:A5 SP:F9
8730  EA        NOP                             A:01 X:89 Y:00 P:A5 SP:F9
8731  CA        DEX                             A:01 X:89 Y:00 P:A5 SP:F9
8732  D0 FB     BNE $872F                       A:01 X:88 Y:00 P:A5 SP:F9
872F  EA        NOP                             A:01 X:88 Y:00 P:A5 SP:F9
8730  EA        NOP                             A:01 X:88 Y:00 P:A5 SP:F9
8731  CA        DEX                             A:01 X:88 Y:00 P:A5 SP:F9
8732  D0 FB     BNE $872F                       A:01 X:87 Y:00 P:A5 SP:F9
872F  EA        NOP                             A:01 X:87 Y:00 P:A5 SP:F9
8730  EA        NOP                             A:01 X:87 Y:00 P:A5 SP:F9
8731  CA        DEX                             A:01 X:87 Y:00 P:A5 SP:F9
8732  D0 FB     BNE $872F                       A:01 X:86 Y:00 P:A5 SP:F9
872F  EA        NOP                             A:01 X:86 Y:00 P:A5 SP:F9
8730  EA        NOP                             A:01 X:86 Y:00 P:A5 SP:F9
8731  CA        DEX                             A:01 X:86 Y:00 P:A5 SP:F9
8732  D0 FB     BNE $872F                       A:01 X:85 Y:00 P:A5 SP:F9
872F  EA        NOP                             A:01 X:85 Y:00 P:A5 SP:F9
8730  EA        NOP                             A:01 X:85 Y:00 P:A5 SP:F9
8731  CA        DEX                             A:01 X:85 Y:00 P:A5 SP:F9
8732  D0 FB     BNE $872F                       A:01 X:84 Y:00 P:A5 SP:F9
872F  EA        NOP                             A:01 X:84 Y:00 P:A5 SP:F9
8730  EA        NOP                             A:01 X:84 Y:00 P:A5 SP:F9
8731  CA        DEX                             A:01 X:84 Y:00 P:A5 SP:F9
8732  D0 FB     BNE $872F                       A:01 X:83 Y:00 P:A5 SP:F9
872F  EA        NOP                             A:01 X:83 Y:00 P:A5 SP:F9
8730  EA        NOP                             A:01 X:83 Y:00 P:A5 SP:F9
8731  CA        DEX                             A:01 X:83 Y:00 P:A5 SP:F9
8732  D0 FB     BNE $872F                       A:01 X:82 Y:00 P:A5 SP:F9
872F  EA        NOP                             A:01 X:82 Y:00 P:A5 SP:F9
8730  EA        NOP                             A:01 X:82 Y:00 P:A5 SP:F9
8731  CA        DEX                             A:01 X:82 Y:00 P:A5 SP:F9
8732  D0 FB     BNE $872F                       A:01 X:81 Y:00 P:A5 SP:F9
872F  EA        NOP                             A:01 X:81 Y:00 P:A5 SP:F9
8730  EA        NOP                             A:01 X:81 Y:00 P:A5 SP:F9
8731  CA        DEX                             A:01 X:81 Y:00 P:A5 SP:F9
8732  D0 FB     BNE $872F                       A:01 X:80 Y:00 P:A5 SP:F9
872F  EA        NOP                             A:01 X:80 Y:00 P:A5 SP:F9
8730  EA        NOP                             A:01 X:80 Y:00 P:A5 SP:F9
8731  CA        DEX                             A:01 X:80 Y:00 P:A5 SP:F9
8732  D0 FB     BNE $872F                       A:01 X:7F Y:00 P:25 SP:F9
872F  EA        NOP                             A:01 X:7F Y:00 P:25 SP:F9
8730  EA        NOP                             A:01 X:7F Y:00 P:25 SP:F9
8731  CA        DEX                             A:01 X:7F Y:00 P:25 SP:F9
8732  D0 FB     BNE $872F                       A:01 X:7E Y:00 P:25 SP:F9
872F  EA        NOP                             A:01 X:7E Y:00 P:25 SP:F9
8730  EA        NOP                             A:01 X:7E Y:00 P:25 SP:F9
8731  CA        DEX                             A:01 X:7E Y:00 P:25 SP:F9
8732  D0 FB     BNE $872F                       A:01 X:7D Y:00 P:25 SP:F9
872F  EA        NOP                             A:01 X:7D Y:00 P:25 SP:F9
8730  EA        NOP                             A:01 X:7D Y:00 P:25 SP:F9
8731  CA        DEX                             A:01 X:7D Y:00 P:25 SP:F9
8732  D0 FB     BNE $872F                       A:01 X:7C Y:00 P:25 SP:F9
872F  EA        NOP                             A:01 X:7C Y:00 P:25 SP:F9
8730  EA        NOP                             A:01 X:7C Y:00 P:25 SP:F9
8731  CA        DEX                             A:01 X:7C Y:00 P:25 SP:F9
8732  D0 FB     BNE $872F                       A:01 X:7B Y:00 P:25 SP:F9
872F  EA        NOP                             A:01 X:7B Y:00 P:25 SP:F9
8730  EA        NOP                             A:01 X:7B Y:00 P:25 SP:F9
8731  CA        DEX                             A:01 X:7B Y:00 P:25 SP:F9
8732  D0 FB     BNE $872F                       A:01 X:7A Y:00 P:25 SP:F9
872F  EA        NOP                             A:01 X:7A Y:00 P:25 SP:F9
8730  EA        NOP                             A:01 X:7A Y:00 P:25 SP:F9
8731  CA        DEX                             A:01 X:7A Y:00 P:25 SP:F9
8732  D0 FB     BNE $872F                       A:01 X:79 Y:00 P:25 SP:F9
872F  EA        NOP                             A:01 X:79 Y:00 P:25 SP:F9
8730  EA        NOP                             A:01 X:79 Y:00 P:25 SP:F9
8731  CA        DEX                             A:01 X:79 Y:00 P:25 SP:F9
8732  D0 FB     BNE $872F                       A:01 X:78 Y:00 P:25 SP:F9
872F  EA        NOP                             A:01 X:78 Y:00 P:25 SP:F9
8730  EA        NOP                             A:01 X:78 Y:00 P:25 SP:F9
8731  CA        DEX                             A:01 X:78 Y:00 P:25 SP:F9
8732  D0 FB     BNE $872F                       A:01 X:77 Y:00 P:25 SP:F9
872F  EA        NOP                             A:01 X:77 Y:00 P:25 SP:F9
8730  EA        NOP                             A:01 X:77 Y:00 P:25 SP:F9
8731  CA        DEX                             A:01 X:77 Y:00 P:25 SP:F9
8732  D0 FB     BNE $872F                       A:01 X:76 Y:00 P:25 SP:F9
872F  EA        NOP                             A:01 X:76 Y:00 P:25 SP:F9
8730  EA        NOP                             A:01 X:76 Y:00 P:25 SP:F9
8731  CA        DEX                             A:01 X:76 Y:00 P:25 SP:F9
8732  D0 FB     BNE $872F                       A:01 X:75 Y:00 P:25 SP:F9
872F  EA        NOP                             A:01 X:75 Y:00 P:25 SP:F9
8730  EA        NOP                             A:01 X:75 Y:00 P:25 SP:F9
8731  CA        DEX                             A:01 X:75 Y:00 P:25 SP:F9
8732  D0 FB     BNE $872F                       A:01 X:74 Y:00 P:25 SP:F9
872F  EA        NOP                             A:01 X:74 Y:00 P:25 SP:F9
8730  EA        NOP                             A:01 X:74 Y:00 P:25 SP:F9
8731  CA        DEX                             A:01 X:74 Y:00 P:25 SP:F9
8732  D0 FB     BNE $872F                       A:01 X:73 Y:00 P:25 SP:F9
872F  EA        NOP                             A:01 X:73 Y:00 P:25 SP:F9
8730  EA        NOP                             A:01 X:73 Y:00 P:25 SP:F9
8731  CA        DEX                             A:01 X:73 Y:00 P:25 SP:F9
8732  D0 FB     BNE $872F                       A:01 X:72 Y:00 P:25 SP:F9
872F  EA        NOP                             A:01 X:72 Y:00 P:25 SP:F9
8730  EA        NOP                             A:01 X:72 Y:00 P:25 SP:F9
8731  CA        DEX                             A:01 X:72 Y:00 P:25 SP:F9
8732  D0 FB     BNE $872F                       A:01 X:71 Y:00 P:25 SP:F9
872F  EA        NOP                             A:01 X:71 Y:00 P:25 SP:F9
8730  EA        NOP                             A:01 X:71 Y:00 P:25 SP:F9
8731  CA        DEX                             A:01 X:71 Y:00 P:25 SP:F9
8732  D0 FB     BNE $872F                       A:01 X:70 Y:00 P:25 SP:F9
872F  EA        NOP                             A:01 X:70 Y:00 P:25 SP:F9
8730  EA        NOP                             A:01 X:70 Y:00 P:25 SP:F9
8731  CA        DEX                             A:01 X:70 Y:00 P:25 SP:F9
8732  D0 FB     BNE $872F                       A:01 X:6F Y:00 P:25 SP:F9
872F  EA        NOP                             A:01 X:6F Y:00 P:25 SP:F9
8730  EA        NOP                             A:01 X:6F Y:00 P:25 SP:F9
8731  CA        DEX                             A:01 X:6F Y:00 P:25 SP:F9
8732  D0 FB     BNE $872F                       A:01 X:6E Y:00 P:25 SP:F9
872F  EA        NOP                             A:01 X:6E Y:00 P:25 SP:F9
8730  EA        NOP                             A:01 X:6E Y:00 P:25 SP:F9
8731  CA        DEX                             A:01 X:6E Y:00 P:25 SP:F9
8732  D0 FB     BNE $872F                       A:01 X:6D Y:00 P:25 SP:F9
872F  EA        NOP                             A:01 X:6D Y:00 P:25 SP:F9
8730  EA        NOP                             A:01 X:6D Y:00 P:25 SP:F9
8731  CA        DEX                             A:01 X:6D Y:00 P:25 SP:F9
8732  D0 FB     BNE $872F                       A:01 X:6C Y:00 P:25 SP:F9
872F  EA        NOP                             A:01 X:6C Y:00 P:25 SP:F9
8730  EA        NOP                             A:01 X:6C Y:00 P:25 SP:F9
8731  CA        DEX                             A:01 X:6C Y:00 P:25 SP:F9
8732  D0 FB     BNE $872F                       A:01 X:6B Y:00 P:25 SP:F9
872F  EA        NOP                             A:01 X:6B Y:00 P:25 SP:F9
8730  EA        NOP                             A:01 X:6B Y:00 P:25 SP:F9
8731  CA        DEX                             A:01 X:6B Y:00 P:25 SP:F9
8732  D0 FB     BNE $872F                       A:01 X:6A Y:00 P:25 SP:F9
872F  EA        NOP                             A:01 X:6A Y:00 P:25 SP:F9
8730  EA        NOP                             A:01 X:6A Y:00 P:25 SP:F9
8731  CA        DEX                             A:01 X:6A Y:00 P:25 SP:F9
8732  D0 FB     BNE $872F                       A:01 X:69 Y:00 P:25 SP:F9
872F  EA        NOP                             A:01 X:69 Y:00 P:25 SP:F9
8730  EA        NOP                             A:01 X:69 Y:00 P:25 SP:F9
8731  CA        DEX                             A:01 X:69 Y:00 P:25 SP:F9
8732  D0 FB     BNE $872F                       A:01 X:68 Y:00 P:25 SP:F9
872F  EA        NOP                             A:01 X:68 Y:00 P:25 SP:F9
8730  EA        NOP                             A:01 X:68 Y:00 P:25 SP:F9
8731  CA        DEX                             A:01 X:68 Y:00 P:25 SP:F9
8732  D0 FB     BNE $872F                       A:01 X:67 Y:00 P:25 SP:F9
872F  EA        NOP                             A:01 X:67 Y:00 P:25 SP:F9
8730  EA        NOP                             A:01 X:67 Y:00 P:25 SP:F9
8731  CA        DEX                             A:01 X:67 Y:00 P:25 SP:F9
8732  D0 FB     BNE $872F                       A:01 X:66 Y:00 P:25 SP:F9
872F  EA        NOP                             A:01 X:66 Y:00 P:25 SP:F9
8730  EA        NOP                             A:01 X:66 Y:00 P:25 SP:F9
8731  CA        DEX                             A:01 X:66 Y:00 P:25 SP:F9
8732  D0 FB     BNE $872F                       A:01 X:65 Y:00 P:25 SP:F9
872F  EA        NOP                             A:01 X:65 Y:00 P:25 SP:F9
8730  EA        NOP                             A:01 X:65 Y:00 P:25 SP:F9
8731  CA        DEX                             A:01 X:65 Y:00 P:25 SP:F9
8732  D0 FB     BNE $872F                       A:01 X:64 Y:00 P:25 SP:F9
872F  EA        NOP                             A:01 X:64 Y:00 P:25 SP:F9
8730  EA        NOP                             A:01 X:64 Y:00 P:25 SP:F9
8731  CA        DEX                             A:01 X:64 Y:00 P:25 SP:F9
8732  D0 FB     BNE $872F                       A:01 X:63 Y:00 P:25 SP:F9
872F  EA        NOP                             A:01 X:63 Y:00 P:25 SP:F9
8730  EA        NOP                             A:01 X:63 Y:00 P:25 SP:F9
8731  CA        DEX                             A:01 X:63 Y:00 P:25 SP:F9
8732  D0 FB     BNE $872F                       A:01 X:62 Y:00 P:25 SP:F9
872F  EA        NOP                             A:01 X:62 Y:00 P:25 SP:F9
8730  EA        NOP                             A:01 X:62 Y:00 P:25 SP:F9
8731  CA        DEX                             A:01 X:62 Y:00 P:25 SP:F9
8732  D0 FB     BNE $872F                       A:01 X:61 Y:00 P:25 SP:F9
872F  EA        NOP                             A:01 X:61 Y:00 P:25 SP:F9
8730  EA        NOP                             A:01 X:61 Y:00 P:25 SP:F9
8731  CA        DEX                             A:01 X:61 Y:00 P:25 SP:F9
8732  D0 FB     BNE $872F                       A:01 X:60 Y:00 P:25 SP:F9
872F  EA        NOP                             A:01 X:60 Y:00 P:25 SP:F9
8730  EA        NOP                             A:01 X:60 Y:00 P:25 SP:F9
8731  CA        DEX                             A:01 X:60 Y:00 P:25 SP:F9
8732  D0 FB     BNE $872F                       A:01 X:5F Y:00 P:25 SP:F9
872F  EA        NOP                             A:01 X:5F Y:00 P:25 SP:F9
8730  EA        NOP                             A:01 X:5F Y:00 P:25 SP:F9
8731  CA        DEX                             A:01 X:5F Y:00 P:25 SP:F9
8732  D0 FB     BNE $872F                       A:01 X:5E Y:00 P:25 SP:F9
872F  EA        NOP                             A:01 X:5E Y:00 P:25 SP:F9
8730  EA        NOP                             A:01 X:5E Y:00 P:25 SP:F9
8731  CA        DEX                             A:01 X:5E Y:00 P:25 SP:F9
8732  D0 FB     BNE $872F                       A:01 X:5D Y:00 P:25 SP:F9
872F  EA        NOP                             A:01 X:5D Y:00 P:25 SP:F9
8730  EA        NOP                             A:01 X:5D Y:00 P:25 SP:F9
8731  CA        DEX                             A:01 X:5D Y:00 P:25 SP:F9
8732  D0 FB     BNE $872F                       A:01 X:5C Y:00 P:25 SP:F9
872F  EA        NOP                             A:01 X:5C Y:00 P:25 SP:F9
8730  EA        NOP                             A:01 X:5C Y:00 P:25 SP:F9
8731  CA        DEX                             A:01 X:5C Y:00 P:25 SP:F9
8732  D0 FB     BNE $872F                       A:01 X:5B Y:00 P:25 SP:F9
872F  EA        NOP                             A:01 X:5B Y:00 P:25 SP:F9
8730  EA        NOP                             A:01 X:5B Y:00 P:25 SP:F9
8731  CA        DEX                             A:01 X:5B Y:00 P:25 SP:F9
8732  D0 FB     BNE $872F                       A:01 X:5A Y:00 P:25 SP:F9
872F  EA        NOP                             A:01 X:5A Y:00 P:25 SP:F9
8730  EA        NOP                             A:01 X:5A Y:00 P:25 SP:F9
8731  CA        DEX                             A:01 X:5A Y:00 P:25 SP:F9
8732  D0 FB     BNE $872F                       A:01 X:59 Y:00 P:25 SP:F9
872F  EA        NOP                             A:01 X:59 Y:00 P:25 SP:F9
8730  EA        NOP                             A:01 X:59 Y:00 P:25 SP:F9
8731  CA        DEX                             A:01 X:59 Y:00 P:25 SP:F9
8732  D0 FB     BNE $872F                       A:01 X:58 Y:00 P:25 SP:F9
872F  EA        NOP                             A:01 X:58 Y:00 P:25 SP:F9
8730  EA        NOP                             A:01 X:58 Y:00 P:25 SP:F9
8731  CA        DEX                             A:01 X:58 Y:00 P:25 SP:F9
8732  D0 FB     BNE $872F                       A:01 X:57 Y:00 P:25 SP:F9
872F  EA        NOP                             A:01 X:57 Y:00 P:25 SP:F9
8730  EA        NOP                             A:01 X:57 Y:00 P:25 SP:F9
8731  CA        DEX                             A:01 X:57 Y:00 P:25 SP:F9
8732  D0 FB     BNE $872F                       A:01 X:56 Y:00 P:25 SP:F9
872F  EA        NOP                             A:01 X:56 Y:00 P:25 SP:F9
8730  EA        NOP                             A:01 X:56 Y:00 P:25 SP:F9
8731  CA        DEX                             A:01 X:56 Y:00 P:25 SP:F9
8732  D0 FB     BNE $872F                       A:01 X:55 Y:00 P:25 SP:F9
872F  EA        NOP                             A:01 X:55 Y:00 P:25 SP:F9
8730  EA        NOP                             A:01 X:55 Y:00 P:25 SP:F9
8731  CA        DEX                             A:01 X:55 Y:00 P:25 SP:F9
8732  D0 FB     BNE $872F                       A:01 X:54 Y:00 P:25 SP:F9
872F  EA        NOP                             A:01 X:54 Y:00 P:25 SP:F9
8730  EA        NOP                             A:01 X:54 Y:00 P:25 SP:F9
8731  CA        DEX                             A:01 X:54 Y:00 P:25 SP:F9
8732  D0 FB     BNE $872F                       A:01 X:53 Y:00 P:25 SP:F9
872F  EA        NOP                             A:01 X:53 Y:00 P:25 SP:F9
8730  EA        NOP                             A:01 X:53 Y:00 P:25 SP:F9
8731  CA        DEX                             A:01 X:53 Y:00 P:25 SP:F9
8732  D0 FB     BNE $872F                       A:01 X:52 Y:00 P:25 SP:F9
872F  EA        NOP                             A:01 X:52 Y:00 P:25 SP:F9
8730  EA        NOP                             A:01 X:52 Y:00 P:25 SP:F9
8731  CA        DEX                             A:01 X:52 Y:00 P:25 SP:F9
8732  D0 FB     BNE $872F                       A:01 X:51 Y:00 P:25 SP:F9
872F  EA        NOP                             A:01 X:51 Y:00 P:25 SP:F9
8730  EA        NOP                             A:01 X:51 Y:00 P:25 SP:F9
8731  CA        DEX                             A:01 X:51 Y:00 P:25 SP:F9
8732  D0 FB     BNE $872F                       A:01 X:50 Y:00 P:25 SP:F9
872F  EA        NOP                             A:01 X:50 Y:00 P:25 SP:F9
8730  EA        NOP                             A:01 X:50 Y:00 P:25 SP:F9
8731  CA        DEX                             A:01 X:50 Y:00 P:25 SP:F9
8732  D0 FB     BNE $872F                       A:01 X:4F Y:00 P:25 SP:F9
872F  EA        NOP                             A:01 X:4F Y:00 P:25 SP:F9
8730  EA        NOP                             A:01 X:4F Y:00 P:25 SP:F9
8731  CA        DEX                             A:01 X:4F Y:00 P:25 SP:F9
8732  D0 FB     BNE $872F                       A:01 X:4E Y:00 P:25 SP:F9
872F  EA        NOP                             A:01 X:4E Y:00 P:25 SP:F9
8730  EA        NOP                             A:01 X:4E Y:00 P:25 SP:F9
8731  CA        DEX                             A:01 X:4E Y:00 P:25 SP:F9
8732  D0 FB     BNE $872F                       A:01 X:4D Y:00 P:25 SP:F9
872F  EA        NOP                             A:01 X:4D Y:00 P:25 SP:F9
8730  EA        NOP                             A:01 X:4D Y:00 P:25 SP:F9
8731  CA        DEX                             A:01 X:4D Y:00 P:25 SP:F9
8732  D0 FB     BNE $872F                       A:01 X:4C Y:00 P:25 SP:F9
872F  EA        NOP                             A:01 X:4C Y:00 P:25 SP:F9
8730  EA        NOP                             A:01 X:4C Y:00 P:25 SP:F9
8731  CA        DEX                             A:01 X:4C Y:00 P:25 SP:F9
8732  D0 FB     BNE $872F                       A:01 X:4B Y:00 P:25 SP:F9
872F  EA        NOP                             A:01 X:4B Y:00 P:25 SP:F9
8730  EA        NOP                             A:01 X:4B Y:00 P:25 SP:F9
8731  CA        DEX                             A:01 X:4B Y:00 P:25 SP:F9
8732  D0 FB     BNE $872F                       A:01 X:4A Y:00 P:25 SP:F9
872F  EA        NOP                             A:01 X:4A Y:00 P:25 SP:F9
8730  EA        NOP                             A:01 X:4A Y:00 P:25 SP:F9
8731  CA        DEX                             A:01 X:4A Y:00 P:25 SP:F9
8732  D0 FB     BNE $872F                       A:01 X:49 Y:00 P:25 SP:F9
872F  EA        NOP                             A:01 X:49 Y:00 P:25 SP:F9
8730  EA        NOP                             A:01 X:49 Y:00 P:25 SP:F9
8731  CA        DEX                             A:01 X:49 Y:00 P:25 SP:F9
8732  D0 FB     BNE $872F                       A:01 X:48 Y:00 P:25 SP:F9
872F  EA        NOP                             A:01 X:48 Y:00 P:25 SP:F9
8730  EA        NOP                             A:01 X:48 Y:00 P:25 SP:F9
8731  CA        DEX                             A:01 X:48 Y:00 P:25 SP:F9
8732  D0 FB     BNE $872F                       A:01 X:47 Y:00 P:25 SP:F9
872F  EA        NOP                             A:01 X:47 Y:00 P:25 SP:F9
8730  EA        NOP                             A:01 X:47 Y:00 P:25 SP:F9
8731  CA        DEX                             A:01 X:47 Y:00 P:25 SP:F9
8732  D0 FB     BNE $872F                       A:01 X:46 Y:00 P:25 SP:F9
872F  EA        NOP                             A:01 X:46 Y:00 P:25 SP:F9
8730  EA        NOP                             A:01 X:46 Y:00 P:25 SP:F9
8731  CA        DEX                             A:01 X:46 Y:00 P:25 SP:F9
8732  D0 FB     BNE $872F                       A:01 X:45 Y:00 P:25 SP:F9
872F  EA        NOP                             A:01 X:45 Y:00 P:25 SP:F9
8730  EA        NOP                             A:01 X:45 Y:00 P:25 SP:F9
8731  CA        DEX                             A:01 X:45 Y:00 P:25 SP:F9
8732  D0 FB     BNE $872F                       A:01 X:44 Y:00 P:25 SP:F9
872F  EA        NOP                             A:01 X:44 Y:00 P:25 SP:F9
8730  EA        NOP                             A:01 X:44 Y:00 P:25 SP:F9
8731  CA        DEX                             A:01 X:44 Y:00 P:25 SP:F9
8732  D0 FB     BNE $872F                       A:01 X:43 Y:00 P:25 SP:F9
872F  EA        NOP                             A:01 X:43 Y:00 P:25 SP:F9
8730  EA        NOP                             A:01 X:43 Y:00 P:25 SP:F9
8731  CA        DEX                             A:01 X:43 Y:00 P:25 SP:F9
8732  D0 FB     BNE $872F                       A:01 X:42 Y:00 P:25 SP:F9
872F  EA        NOP                             A:01 X:42 Y:00 P:25 SP:F9
8730  EA        NOP                             A:01 X:42 Y:00 P:25 SP:F9
8731  CA        DEX                             A:01 X:42 Y:00 P:25 SP:F9
8732  D0 FB     BNE $872F                       A:01 X:41 Y:00 P:25 SP:F9
872F  EA        NOP                             A:01 X:41 Y:00 P:25 SP:F9
8730  EA        NOP                             A:01 X:41 Y:00 P:25 SP:F9
8731  CA        DEX                             A:01 X:41 Y:00 P:25 SP:F9
8732  D0 FB     BNE $872F                       A:01 X:40 Y:00 P:25 SP:F9
872F  EA        NOP                             A:01 X:40 Y:00 P:25 SP:F9
8730  EA        NOP                             A:01 X:40 Y:00 P:25 SP:F9
8731  CA        DEX                             A:01 X:40 Y:00 P:25 SP:F9
8732  D0 FB     BNE $872F                       A:01 X:3F Y:00 P:25 SP:F9
872F  EA        NOP                             A:01 X:3F Y:00 P:25 SP:F9
8730  EA        NOP                             A:01 X:3F Y:00 P:25 SP:F9
8731  CA        DEX                             A:01 X:3F Y:00 P:25 SP:F9
8732  D0 FB     BNE $872F                       A:01 X:3E Y:00 P:25 SP:F9
872F  EA        NOP                             A:01 X:3E Y:00 P:25 SP:F9
8730  EA        NOP                             A:01 X:3E Y:00 P:25 SP:F9
8731  CA        DEX                             A:01 X:3E Y:00 P:25 SP:F9
8732  D0 FB     BNE $872F                       A:01 X:3D Y:00 P:25 SP:F9
872F  EA        NOP                             A:01 X:3D Y:00 P:25 SP:F9
8730  EA        NOP                             A:01 X:3D Y:00 P:25 SP:F9
8731  CA        DEX                             A:01 X:3D Y:00 P:25 SP:F9
8732  D0 FB     BNE $872F                       A:01 X:3C Y:00 P:25 SP:F9
872F  EA        NOP                             A:01 X:3C Y:00 P:25 SP:F9
8730  EA        NOP                             A:01 X:3C Y:00 P:25 SP:F9
8731  CA        DEX                             A:01 X:3C Y:00 P:25 SP:F9
8732  D0 FB     BNE $872F                       A:01 X:3B Y:00 P:25 SP:F9
872F  EA        NOP                             A:01 X:3B Y:00 P:25 SP:F9
8730  EA        NOP                             A:01 X:3B Y:00 P:25 SP:F9
8731  CA        DEX                             A:01 X:3B Y:00 P:25 SP:F9
8732  D0 FB     BNE $872F                       A:01 X:3A Y:00 P:25 SP:F9
872F  EA        NOP                             A:01 X:3A Y:00 P:25 SP:F9
8730  EA        NOP                             A:01 X:3A Y:00 P:25 SP:F9
8731  CA        DEX                             A:01 X:3A Y:00 P:25 SP:F9
8732  D0 FB     BNE $872F                       A:01 X:39 Y:00 P:25 SP:F9
872F  EA        NOP                             A:01 X:39 Y:00 P:25 SP:F9
8730  EA        NOP                             A:01 X:39 Y:00 P:25 SP:F9
8731  CA        DEX                             A:01 X:39 Y:00 P:25 SP:F9
8732  D0 FB     BNE $872F                       A:01 X:38 Y:00 P:25 SP:F9
872F  EA        NOP                             A:01 X:38 Y:00 P:25 SP:F9
8730  EA        NOP                             A:01 X:38 Y:00 P:25 SP:F9
8731  CA        DEX                             A:01 X:38 Y:00 P:25 SP:F9
8732  D0 FB     BNE $872F                       A:01 X:37 Y:00 P:25 SP:F9
872F  EA        NOP                             A:01 X:37 Y:00 P:25 SP:F9
8730  EA        NOP                             A:01 X:37 Y:00 P:25 SP:F9
8731  CA        DEX                             A:01 X:37 Y:00 P:25 SP:F9
8732  D0 FB     BNE $872F                       A:01 X:36 Y:00 P:25 SP:F9
872F  EA        NOP                             A:01 X:36 Y:00 P:25 SP:F9
8730  EA        NOP                             A:01 X:36 Y:00 P:25 SP:F9
8731  CA        DEX                             A:01 X:36 Y:00 P:25 SP:F9
8732  D0 FB     BNE $872F                       A:01 X:35 Y:00 P:25 SP:F9
872F  EA        NOP                             A:01 X:35 Y:00 P:25 SP:F9
8730  EA        NOP                             A:01 X:35 Y:00 P:25 SP:F9
8731  CA        DEX                             A:01 X:35 Y:00 P:25 SP:F9
8732  D0 FB     BNE $872F                       A:01 X:34 Y:00 P:25 SP:F9
872F  EA        NOP                             A:01 X:34 Y:00 P:25 SP:F9
8730  EA        NOP                             A:01 X:34 Y:00 P:25 SP:F9
8731  CA        DEX                             A:01 X:34 Y:00 P:25 SP:F9
8732  D0 FB     BNE $872F                       A:01 X:33 Y:00 P:25 SP:F9
872F  EA        NOP                             A:01 X:33 Y:00 P:25 SP:F9
8730  EA        NOP                             A:01 X:33 Y:00 P:25 SP:F9
8731  CA        DEX                             A:01 X:33 Y:00 P:25 SP:F9
8732  D0 FB     BNE $872F                       A:01 X:32 Y:00 P:25 SP:F9
872F  EA        NOP                             A:01 X:32 Y:00 P:25 SP:F9
8730  EA        NOP                             A:01 X:32 Y:00 P:25 SP:F9
8731  CA        DEX                             A:01 X:32 Y:00 P:25 SP:F9
8732  D0 FB     BNE $872F                       A:01 X:31 Y:00 P:25 SP:F9
872F  EA        NOP                             A:01 X:31 Y:00 P:25 SP:F9
8730  EA        NOP                             A:01 X:31 Y:00 P:25 SP:F9
8731  CA        DEX                             A:01 X:31 Y:00 P:25 SP:F9
8732  D0 FB     BNE $872F                       A:01 X:30 Y:00 P:25 SP:F9
872F  EA        NOP                             A:01 X:30 Y:00 P:25 SP:F9
8730  EA        NOP                             A:01 X:30 Y:00 P:25 SP:F9
8731  CA        DEX                             A:01 X:30 Y:00 P:25 SP:F9
8732  D0 FB     BNE $872F                       A:01 X:2F Y:00 P:25 SP:F9
872F  EA        NOP                             A:01 X:2F Y:00 P:25 SP:F9
8730  EA        NOP                             A:01 X:2F Y:00 P:25 SP:F9
8731  CA        DEX                             A:01 X:2F Y:00 P:25 SP:F9
8732  D0 FB     BNE $872F                       A:01 X:2E Y:00 P:25 SP:F9
872F  EA        NOP                             A:01 X:2E Y:00 P:25 SP:F9
8730  EA        NOP                             A:01 X:2E Y:00 P:25 SP:F9
8731  CA        DEX                             A:01 X:2E Y:00 P:25 SP:F9
8732  D0 FB     BNE $872F                       A:01 X:2D Y:00 P:25 SP:F9
872F  EA        NOP                             A:01 X:2D Y:00 P:25 SP:F9
8730  EA        NOP                             A:01 X:2D Y:00 P:25 SP:F9
8731  CA        DEX                             A:01 X:2D Y:00 P:25 SP:F9
8732  D0 FB     BNE $872F                       A:01 X:2C Y:00 P:25 SP:F9
872F  EA        NOP                             A:01 X:2C Y:00 P:25 SP:F9
8730  EA        NOP                             A:01 X:2C Y:00 P:25 SP:F9
8731  CA        DEX                             A:01 X:2C Y:00 P:25 SP:F9
8732  D0 FB     BNE $872F                       A:01 X:2B Y:00 P:25 SP:F9
872F  EA        NOP                             A:01 X:2B Y:00 P:25 SP:F9
8730  EA        NOP                             A:01 X:2B Y:00 P:25 SP:F9
8731  CA        DEX                             A:01 X:2B Y:00 P:25 SP:F9
8732  D0 FB     BNE $872F                       A:01 X:2A Y:00 P:25 SP:F9
872F  EA        NOP                             A:01 X:2A Y:00 P:25 SP:F9
8730  EA        NOP                             A:01 X:2A Y:00 P:25 SP:F9
8731  CA        DEX                             A:01 X:2A Y:00 P:25 SP:F9
8732  D0 FB     BNE $872F                       A:01 X:29 Y:00 P:25 SP:F9
872F  EA        NOP                             A:01 X:29 Y:00 P:25 SP:F9
8730  EA        NOP                             A:01 X:29 Y:00 P:25 SP:F9
8731  CA        DEX                             A:01 X:29 Y:00 P:25 SP:F9
8732  D0 FB     BNE $872F                       A:01 X:28 Y:00 P:25 SP:F9
872F  EA        NOP                             A:01 X:28 Y:00 P:25 SP:F9
8730  EA        NOP                             A:01 X:28 Y:00 P:25 SP:F9
8731  CA        DEX                             A:01 X:28 Y:00 P:25 SP:F9
8732  D0 FB     BNE $872F                       A:01 X:27 Y:00 P:25 SP:F9
872F  EA        NOP                             A:01 X:27 Y:00 P:25 SP:F9
8730  EA        NOP                             A:01 X:27 Y:00 P:25 SP:F9
8731  CA        DEX                             A:01 X:27 Y:00 P:25 SP:F9
8732  D0 FB     BNE $872F                       A:01 X:26 Y:00 P:25 SP:F9
872F  EA        NOP                             A:01 X:26 Y:00 P:25 SP:F9
8730  EA        NOP                             A:01 X:26 Y:00 P:25 SP:F9
8731  CA        DEX                             A:01 X:26 Y:00 P:25 SP:F9
8732  D0 FB     BNE $872F                       A:01 X:25 Y:00 P:25 SP:F9
872F  EA        NOP                             A:01 X:25 Y:00 P:25 SP:F9
8730  EA        NOP                             A:01 X:25 Y:00 P:25 SP:F9
8731  CA        DEX                             A:01 X:25 Y:00 P:25 SP:F9
8732  D0 FB     BNE $872F                       A:01 X:24 Y:00 P:25 SP:F9
872F  EA        NOP                             A:01 X:24 Y:00 P:25 SP:F9
8730  EA        NOP                             A:01 X:24 Y:00 P:25 SP:F9
8731  CA        DEX                             A:01 X:24 Y:00 P:25 SP:F9
8732  D0 FB     BNE $872F                       A:01 X:23 Y:00 P:25 SP:F9
872F  EA        NOP                             A:01 X:23 Y:00 P:25 SP:F9
8730  EA        NOP                             A:01 X:23 Y:00 P:25 SP:F9
8731  CA        DEX                             A:01 X:23 Y:00 P:25 SP:F9
8732  D0 FB     BNE $872F                       A:01 X:22 Y:00 P:25 SP:F9
872F  EA        NOP                             A:01 X:22 Y:00 P:25 SP:F9
8730  EA        NOP                             A:01 X:22 Y:00 P:25 SP:F9
8731  CA        DEX                             A:01 X:22 Y:00 P:25 SP:F9
8732  D0 FB     BNE $872F                       A:01 X:21 Y:00 P:25 SP:F9
872F  EA        NOP                             A:01 X:21 Y:00 P:25 SP:F9
8730  EA        NOP                             A:01 X:21 Y:00 P:25 SP:F9
8731  CA        DEX                             A:01 X:21 Y:00 P:25 SP:F9
8732  D0 FB     BNE $872F                       A:01 X:20 Y:00 P:25 SP:F9
872F  EA        NOP                             A:01 X:20 Y:00 P:25 SP:F9
8730  EA        NOP                             A:01 X:20 Y:00 P:25 SP:F9
8731  CA        DEX                             A:01 X:20 Y:00 P:25 SP:F9
8732  D0 FB     BNE $872F                       A:01 X:1F Y:00 P:25 SP:F9
872F  EA        NOP                             A:01 X:1F Y:00 P:25 SP:F9
8730  EA        NOP                             A:01 X:1F Y:00 P:25 SP:F9
8731  CA        DEX                             A:01 X:1F Y:00 P:25 SP:F9
8732  D0 FB     BNE $872F                       A:01 X:1E Y:00 P:25 SP:F9
872F  EA        NOP                             A:01 X:1E Y:00 P:25 SP:F9
8730  EA        NOP                             A:01 X:1E Y:00 P:25 SP:F9
8731  CA        DEX                             A:01 X:1E Y:00 P:25 SP:F9
8732  D0 FB     BNE $872F                       A:01 X:1D Y:00 P:25 SP:F9
872F  EA        NOP                             A:01 X:1D Y:00 P:25 SP:F9
8730  EA        NOP                             A:01 X:1D Y:00 P:25 SP:F9
8731  CA        DEX                             A:01 X:1D Y:00 P:25 SP:F9
8732  D0 FB     BNE $872F                       A:01 X:1C Y:00 P:25 SP:F9
872F  EA        NOP                             A:01 X:1C Y:00 P:25 SP:F9
8730  EA        NOP                             A:01 X:1C Y:00 P:25 SP:F9
8731  CA        DEX                             A:01 X:1C Y:00 P:25 SP:F9
8732  D0 FB     BNE $872F                       A:01 X:1B Y:00 P:25 SP:F9
872F  EA        NOP                             A:01 X:1B Y:00 P:25 SP:F9
8730  EA        NOP                             A:01 X:1B Y:00 P:25 SP:F9
8731  CA        DEX                             A:01 X:1B Y:00 P:25 SP:F9
8732  D0 FB     BNE $872F                       A:01 X:1A Y:00 P:25 SP:F9
872F  EA        NOP                             A:01 X:1A Y:00 P:25 SP:F9
8730  EA        NOP                             A:01 X:1A Y:00 P:25 SP:F9
8731  CA        DEX                             A:01 X:1A Y:00 P:25 SP:F9
8732  D0 FB     BNE $872F                       A:01 X:19 Y:00 P:25 SP:F9
872F  EA        NOP                             A:01 X:19 Y:00 P:25 SP:F9
8730  EA        NOP                             A:01 X:19 Y:00 P:25 SP:F9
8731  CA        DEX                             A:01 X:19 Y:00 P:25 SP:F9
8732  D0 FB     BNE $872F                       A:01 X:18 Y:00 P:25 SP:F9
872F  EA        NOP                             A:01 X:18 Y:00 P:25 SP:F9
8730  EA        NOP                             A:01 X:18 Y:00 P:25 SP:F9
8731  CA        DEX                             A:01 X:18 Y:00 P:25 SP:F9
8732  D0 FB     BNE $872F                       A:01 X:17 Y:00 P:25 SP:F9
872F  EA        NOP                             A:01 X:17 Y:00 P:25 SP:F9
8730  EA        NOP                             A:01 X:17 Y:00 P:25 SP:F9
8731  CA        DEX                             A:01 X:17 Y:00 P:25 SP:F9
8732  D0 FB     BNE $872F                       A:01 X:16 Y:00 P:25 SP:F9
872F  EA        NOP                             A:01 X:16 Y:00 P:25 SP:F9
8730  EA        NOP                             A:01 X:16 Y:00 P:25 SP:F9
8731  CA        DEX                             A:01 X:16 Y:00 P:25 SP:F9
8732  D0 FB     BNE $872F                       A:01 X:15 Y:00 P:25 SP:F9
872F  EA        NOP                             A:01 X:15 Y:00 P:25 SP:F9
8730  EA        NOP                             A:01 X:15 Y:00 P:25 SP:F9
8731  CA        DEX                             A:01 X:15 Y:00 P:25 SP:F9
8732  D0 FB     BNE $872F                       A:01 X:14 Y:00 P:25 SP:F9
872F  EA        NOP                             A:01 X:14 Y:00 P:25 SP:F9
8730  EA        NOP                             A:01 X:14 Y:00 P:25 SP:F9
8731  CA        DEX                             A:01 X:14 Y:00 P:25 SP:F9
8732  D0 FB     BNE $872F                       A:01 X:13 Y:00 P:25 SP:F9
872F  EA        NOP                             A:01 X:13 Y:00 P:25 SP:F9
8730  EA        NOP                             A:01 X:13 Y:00 P:25 SP:F9
8731  CA        DEX                             A:01 X:13 Y:00 P:25 SP:F9
8732  D0 FB     BNE $872F                       A:01 X:12 Y:00 P:25 SP:F9
872F  EA        NOP                             A:01 X:12 Y:00 P:25 SP:F9
8730  EA        NOP                             A:01 X:12 Y:00 P:25 SP:F9
8731  CA        DEX                             A:01 X:12 Y:00 P:25 SP:F9
8732  D0 FB     BNE $872F                       A:01 X:11 Y:00 P:25 SP:F9
872F  EA        NOP                             A:01 X:11 Y:00 P:25 SP:F9
8730  EA        NOP                             A:01 X:11 Y:00 P:25 SP:F9
8731  CA        DEX                             A:01 X:11 Y:00 P:25 SP:F9
8732  D0 FB     BNE $872F                       A:01 X:10 Y:00 P:25 SP:F9
872F  EA        NOP                             A:01 X:10 Y:00 P:25 SP:F9
8730  EA        NOP                             A:01 X:10 Y:00 P:25 SP:F9
8731  CA        DEX                             A:01 X:10 Y:00 P:25 SP:F9
8732  D0 FB     BNE $872F                       A:01 X:0F Y:00 P:25 SP:F9
872F  EA        NOP                             A:01 X:0F Y:00 P:25 SP:F9
8730  EA        NOP                             A:01 X:0F Y:00 P:25 SP:F9
8731  CA        DEX                             A:01 X:0F Y:00 P:25 SP:F9
8732  D0 FB     BNE $872F                       A:01 X:0E Y:00 P:25 SP:F9
872F  EA        NOP                             A:01 X:0E Y:00 P:25 SP:F9
8730  EA        NOP                             A:01 X:0E Y:00 P:25 SP:F9
8731  CA        DEX                             A:01 X:0E Y:00 P:25 SP:F9
8732  D0 FB     BNE $872F                       A:01 X:0D Y:00 P:25 SP:F9
872F  EA        NOP                             A:01 X:0D Y:00 P:25 SP:F9
8730  EA        NOP                             A:01 X:0D Y:00 P:25 SP:F9
8731  CA        DEX                             A:01 X:0D Y:00 P:25 SP:F9
8732  D0 FB     BNE $872F                       A:01 X:0C Y:00 P:25 SP:F9
872F  EA        NOP                             A:01 X:0C Y:00 P:25 SP:F9
8730  EA        NOP                             A:01 X:0C Y:00 P:25 SP:F9
8731  CA        DEX                             A:01 X:0C Y:00 P:25 SP:F9
8732  D0 FB     BNE $872F                       A:01 X:0B Y:00 P:25 SP:F9
872F  EA        NOP                             A:01 X:0B Y:00 P:25 SP:F9
8730  EA        NOP                             A:01 X:0B Y:00 P:25 SP:F9
8731  CA        DEX                             A:01 X:0B Y:00 P:25 SP:F9
8732  D0 FB     BNE $872F                       A:01 X:0A Y:00 P:25 SP:F9
872F  EA        NOP                             A:01 X:0A Y:00 P:25 SP:F9
8730  EA        NOP                             A:01 X:0A Y:00 P:25 SP:F9
8731  CA        DEX                             A:01 X:0A Y:00 P:25 SP:F9
8732  D0 FB     BNE $872F                       A:01 X:09 Y:00 P:25 SP:F9
872F  EA        NOP                             A:01 X:09 Y:00 P:25 SP:F9
8730  EA        NOP                             A:01 X:09 Y:00 P:25 SP:F9
8731  CA        DEX                             A:01 X:09 Y:00 P:25 SP:F9
8732  D0 FB     BNE $872F                       A:01 X:08 Y:00 P:25 SP:F9
872F  EA        NOP                             A:01 X:08 Y:00 P:25 SP:F9
8730  EA        NOP                             A:01 X:08 Y:00 P:25 SP:F9
8731  CA        DEX                             A:01 X:08 Y:00 P:25 SP:F9
8732  D0 FB     BNE $872F                       A:01 X:07 Y:00 P:25 SP:F9
872F  EA        NOP                             A:01 X:07 Y:00 P:25 SP:F9
8730  EA        NOP                             A:01 X:07 Y:00 P:25 SP:F9
8731  CA        DEX                             A:01 X:07 Y:00 P:25 SP:F9
8732  D0 FB     BNE $872F                       A:01 X:06 Y:00 P:25 SP:F9
872F  EA        NOP                             A:01 X:06 Y:00 P:25 SP:F9
8730  EA        NOP                             A:01 X:06 Y:00 P:25 SP:F9
8731  CA        DEX                             A:01 X:06 Y:00 P:25 SP:F9
8732  D0 FB     BNE $872F                       A:01 X:05 Y:00 P:25 SP:F9
872F  EA        NOP                             A:01 X:05 Y:00 P:25 SP:F9
8730  EA        NOP                             A:01 X:05 Y:00 P:25 SP:F9
8731  CA        DEX                             A:01 X:05 Y:00 P:25 SP:F9
8732  D0 FB     BNE $872F                       A:01 X:04 Y:00 P:25 SP:F9
872F  EA        NOP                             A:01 X:04 Y:00 P:25 SP:F9
8730  EA        NOP                             A:01 X:04 Y:00 P:25 SP:F9
8731  CA        DEX                             A:01 X:04 Y:00 P:25 SP:F9
8732  D0 FB     BNE $872F                       A:01 X:03 Y:00 P:25 SP:F9
872F  EA        NOP                             A:01 X:03 Y:00 P:25 SP:F9
8730  EA        NOP                             A:01 X:03 Y:00 P:25 SP:F9
8731  CA        DEX                             A:01 X:03 Y:00 P:25 SP:F9
8732  D0 FB     BNE $872F                       A:01 X:02 Y:00 P:25 SP:F9
872F  EA        NOP                             A:01 X:02 Y:00 P:25 SP:F9
8730  EA        NOP                             A:01 X:02 Y:00 P:25 SP:F9
8731  CA        DEX                             A:01 X:02 Y:00 P:25 SP:F9
8732  D0 FB     BNE $872F                       A:01 X:01 Y:00 P:25 SP:F9
872F  EA        NOP                             A:01 X:01 Y:00 P:25 SP:F9
8730  EA        NOP                             A:01 X:01 Y:00 P:25 SP:F9
8731  CA        DEX                             A:01 X:01 Y:00 P:25 SP:F9
8732  D0 FB     BNE $872F                       A:01 X:00 Y:00 P:27 SP:F9
8734  60        RTS                             A:01 X:00 Y:00 P:27 SP:F9
864A  4C 38 86  JMP $8638                       A:01 X:00 Y:00 P:27 SP:FB
8638  20 4D 86  JSR $864D                       A:01 X:00 Y:00 P:27 SP:FB
864D  A5 FF     LDA $FF = 00                    A:01 X:00 Y:00 P:27 SP:F9
864F  C9 77     CMP #$77                        A:00 X:00 Y:00 P:27 SP:F9
8651  F0 0D     BEQ $8660                       A:00 X:00 Y:00 P:A4 SP:F9
8653  C9 64     CMP #$64                        A:00 X:00 Y:00 P:A4 SP:F9
8655  F0 14     BEQ $866B                       A:00 X:00 Y:00 P:A4 SP:F9
8657  C9 73     CMP #$73                        A:00 X:00 Y:00 P:A4 SP:F9
8659  F0 1B     BEQ $8676                       A:00 X:00 Y:00 P:A4 SP:F9
865B  C9 61     CMP #$61                        A:00 X:00 Y:00 P:A4 SP:F9
865D  F0 22     BEQ $8681                       A:00 X:00 Y:00 P:A4 SP:F9
865F  60        RTS                             A:00 X:00 Y:00 P:A4 SP:F9
863B  20 8D 86  JSR $868D                       A:00 X:00 Y:00 P:A4 SP:FB
868D  20 94 86  JSR $8694                       A:00 X:00 Y:00 P:A4 SP:F9
8694  A5 00     LDA $00 = 00                    A:00 X:00 Y:00 P:A4 SP:F7
8696  C5 10     CMP $10 = 18                    A:00 X:00 Y:00 P:26 SP:F7
8698  D0 0D     BNE $86A7                       A:00 X:00 Y:00 P:A4 SP:F7
86A7  60        RTS                             A:00 X:00 Y:00 P:A4 SP:F7
8690  20 A8 86  JSR $86A8                       A:00 X:00 Y:00 P:A4 SP:F9
86A8  A2 02     LDX #$02                        A:00 X:00 Y:00 P:A4 SP:F7
86AA  B5 10     LDA $10,X @ 12 = 17             A:00 X:02 Y:00 P:24 SP:F7
86AC  C5 10     CMP $10 = 18                    A:17 X:02 Y:00 P:24 SP:F7
86AE  D0 06     BNE $86B6                       A:17 X:02 Y:00 P:A4 SP:F7
86B6  E8        INX                             A:17 X:02 Y:00 P:A4 SP:F7
86B7  E8        INX                             A:17 X:03 Y:00 P:24 SP:F7
86B8  E4 03     CPX $03 = 06                    A:17 X:04 Y:00 P:24 SP:F7
86BA  F0 06     BEQ $86C2                       A:17 X:04 Y:00 P:A4 SP:F7
86BC  4C AA 86  JMP $86AA                       A:17 X:04 Y:00 P:A4 SP:F7
86AA  B5 10     LDA $10,X @ 14 = 16             A:17 X:04 Y:00 P:A4 SP:F7
86AC  C5 10     CMP $10 = 18                    A:16 X:04 Y:00 P:24 SP:F7
86AE  D0 06     BNE $86B6                       A:16 X:04 Y:00 P:A4 SP:F7
86B6  E8        INX                             A:16 X:04 Y:00 P:A4 SP:F7
86B7  E8        INX                             A:16 X:05 Y:00 P:24 SP:F7
86B8  E4 03     CPX $03 = 06                    A:16 X:06 Y:00 P:24 SP:F7
86BA  F0 06     BEQ $86C2                       A:16 X:06 Y:00 P:27 SP:F7
86C2  60        RTS                             A:16 X:06 Y:00 P:27 SP:F7
8693  60        RTS                             A:16 X:06 Y:00 P:27 SP:F9
863E  20 C3 86  JSR $86C3                       A:16 X:06 Y:00 P:27 SP:FB
86C3  A6 03     LDX $03 = 06                    A:16 X:06 Y:00 P:27 SP:F9
86C5  CA        DEX                             A:16 X:06 Y:00 P:25 SP:F9
86C6  8A        TXA                             A:16 X:05 Y:00 P:25 SP:F9
86C7  B5 10     LDA $10,X @ 15 = 04             A:05 X:05 Y:00 P:25 SP:F9
86C9  95 12     STA $12,X @ 17 = 04             A:04 X:05 Y:00 P:25 SP:F9
86CB  CA        DEX                             A:04 X:05 Y:00 P:25 SP:F9
86CC  10 F9     BPL $86C7                       A:04 X:04 Y:00 P:25 SP:F9
86C7  B5 10     LDA $10,X @ 14 = 16             A:04 X:04 Y:00 P:25 SP:F9
86C9  95 12     STA $12,X @ 16 = 15             A:16 X:04 Y:00 P:25 SP:F9
86CB  CA        DEX                             A:16 X:04 Y:00 P:25 SP:F9
86CC  10 F9     BPL $86C7                       A:16 X:03 Y:00 P:25 SP:F9
86C7  B5 10     LDA $10,X @ 13 = 04             A:16 X:03 Y:00 P:25 SP:F9
86C9  95 12     STA $12,X @ 15 = 04             A:04 X:03 Y:00 P:25 SP:F9
86CB  CA        DEX                             A:04 X:03 Y:00 P:25 SP:F9
86CC  10 F9     BPL $86C7                       A:04 X:02 Y:00 P:25 SP:F9
86C7  B5 10     LDA $10,X @ 12 = 17             A:04 X:02 Y:00 P:25 SP:F9
86C9  95 12     STA $12,X @ 14 = 16             A:17 X:02 Y:00 P:25 SP:F9
86CB  CA        DEX                             A:17 X:02 Y:00 P:25 SP:F9
86CC  10 F9     BPL $86C7                       A:17 X:01 Y:00 P:25 SP:F9
86C7  B5 10     LDA $10,X @ 11 = 04             A:17 X:01 Y:00 P:25 SP:F9
86C9  95 12     STA $12,X @ 13 = 04             A:04 X:01 Y:00 P:25 SP:F9
86CB  CA        DEX                             A:04 X:01 Y:00 P:25 SP:F9
86CC  10 F9     BPL $86C7                       A:04 X:00 Y:00 P:27 SP:F9
86C7  B5 10     LDA $10,X @ 10 = 18             A:04 X:00 Y:00 P:27 SP:F9
86C9  95 12     STA $12,X @ 12 = 17             A:18 X:00 Y:00 P:25 SP:F9
86CB  CA        DEX                             A:18 X:00 Y:00 P:25 SP:F9
86CC  10 F9     BPL $86C7                       A:18 X:FF Y:00 P:A5 SP:F9
86CE  A5 02     LDA $02 = 02                    A:18 X:FF Y:00 P:A5 SP:F9
86D0  4A        LSR A                           A:02 X:FF Y:00 P:25 SP:F9
86D1  B0 09     BCS $86DC                       A:01 X:FF Y:00 P:24 SP:F9
86D3  4A        LSR A                           A:01 X:FF Y:00 P:24 SP:F9
86D4  B0 19     BCS $86EF                       A:00 X:FF Y:00 P:27 SP:F9
86EF  E6 10     INC $10 = 18                    A:00 X:FF Y:00 P:27 SP:F9
86F1  A9 1F     LDA #$1F                        A:00 X:FF Y:00 P:25 SP:F9
86F3  24 10     BIT $10 = 19                    A:1F X:FF Y:00 P:25 SP:F9
86F5  F0 1F     BEQ $8716                       A:1F X:FF Y:00 P:25 SP:F9
86F7  60        RTS                             A:1F X:FF Y:00 P:25 SP:F9
8641  20 19 87  JSR $8719                       A:1F X:FF Y:00 P:25 SP:FB
8719  A0 00     LDY #$00                        A:1F X:FF Y:00 P:25 SP:F9
871B  A5 FE     LDA $FE = 00                    A:1F X:FF Y:00 P:27 SP:F9
871D  91 00     STA ($00),Y = 0200 @ 0200 = 00  A:00 X:FF Y:00 P:27 SP:F9
871F  60        RTS                             A:00 X:FF Y:00 P:27 SP:F9
8644  20 20 87  JSR $8720                       A:00 X:FF Y:00 P:27 SP:FB
8720  A6 03     LDX $03 = 06                    A:00 X:FF Y:00 P:27 SP:F9
8722  A9 00     LDA #$00                        A:00 X:06 Y:00 P:25 SP:F9
8724  81 10     STA ($10,X) @ 16 = 0416 = 01    A:00 X:06 Y:00 P:27 SP:F9
8726  A2 00     LDX #$00                        A:00 X:06 Y:00 P:27 SP:F9
8728  A9 01     LDA #$01                        A:00 X:00 Y:00 P:27 SP:F9
872A  81 10     STA ($10,X) @ 10 = 0419 = 00    A:01 X:00 Y:00 P:25 SP:F9
872C  60        RTS                             A:01 X:00 Y:00 P:25 SP:F9
8647  20 2D 87  JSR $872D                       A:01 X:00 Y:00 P:25 SP:FB
872D  A2 00     LDX #$00                        A:01 X:00 Y:00 P:25 SP:F9
872F  EA        NOP                             A:01 X:00 Y:00 P:27 SP:F9
8730  EA        NOP                             A:01 X:00 Y:00 P:27 SP:F9
8731  CA        DEX                             A:01 X:00 Y:00 P:27 SP:F9
8732  D0 FB     BNE $872F                       A:01 X:FF Y:00 P:A5 SP:F9
872F  EA        NOP                             A:01 X:FF Y:00 P:A5 SP:F9
8730  EA        NOP                             A:01 X:FF Y:00 P:A5 SP:F9
8731  CA        DEX                             A:01 X:FF Y:00 P:A5 SP:F9
8732  D0 FB     BNE $872F                       A:01 X:FE Y:00 P:A5 SP:F9
872F  EA        NOP                             A:01 X:FE Y:00 P:A5 SP:F9
8730  EA        NOP                             A:01 X:FE Y:00 P:A5 SP:F9
8731  CA        DEX                             A:01 X:FE Y:00 P:A5 SP:F9
8732  D0 FB     BNE $872F                       A:01 X:FD Y:00 P:A5 SP:F9
872F  EA        NOP                             A:01 X:FD Y:00 P:A5 SP:F9
8730  EA        NOP                             A:01 X:FD Y:00 P:A5 SP:F9
8731  CA        DEX                             A:01 X:FD Y:00 P:A5 SP:F9
8732  D0 FB     BNE $872F                       A:01 X:FC Y:00 P:A5 SP:F9
872F  EA        NOP                             A:01 X:FC Y:00 P:A5 SP:F9
8730  EA        NOP                             A:01 X:FC Y:00 P:A5 SP:F9
8731  CA        DEX                             A:01 X:FC Y:00 P:A5 SP:F9
8732  D0 FB     BNE $872F                       A:01 X:FB Y:00 P:A5 SP:F9
872F  EA        NOP                             A:01 X:FB Y:00 P:A5 SP:F9
8730  EA        NOP                             A:01 X:FB Y:00 P:A5 SP:F9
8731  CA        DEX                             A:01 X:FB Y:00 P:A5 SP:F9
8732  D0 FB     BNE $872F                       A:01 X:FA Y:00 P:A5 SP:F9
872F  EA        NOP                             A:01 X:FA Y:00 P:A5 SP:F9
8730  EA        NOP                             A:01 X:FA Y:00 P:A5 SP:F9
8731  CA        DEX                             A:01 X:FA Y:00 P:A5 SP:F9
8732  D0 FB     BNE $872F                       A:01 X:F9 Y:00 P:A5 SP:F9
872F  EA        NOP                             A:01 X:F9 Y:00 P:A5 SP:F9
8730  EA        NOP                             A:01 X:F9 Y:00 P:A5 SP:F9
8731  CA        DEX                             A:01 X:F9 Y:00 P:A5 SP:F9
8732  D0 FB     BNE $872F                       A:01 X:F8 Y:00 P:A5 SP:F9
872F  EA        NOP                             A:01 X:F8 Y:00 P:A5 SP:F9
8730  EA        NOP                             A:01 X:F8 Y:00 P:A5 SP:F9
8731  CA        DEX                             A:01 X:F8 Y:00 P:A5 SP:F9
8732  D0 FB     BNE $872F                       A:01 X:F7 Y:00 P:A5 SP:F9
872F  EA        NOP                             A:01 X:F7 Y:00 P:A5 SP:F9
8730  EA        NOP                             A:01 X:F7 Y:00 P:A5 SP:F9
8731  CA        DEX                             A:01 X:F7 Y:00 P:A5 SP:F9
8732  D0 FB     BNE $872F                       A:01 X:F6 Y:00 P:A5 SP:F9
872F  EA        NOP                             A:01 X:F6 Y:00 P:A5 SP:F9
8730  EA        NOP                             A:01 X:F6 Y:00 P:A5 SP:F9
8731  CA        DEX                             A:01 X:F6 Y:00 P:A5 SP:F9
8732  D0 FB     BNE $872F                       A:01 X:F5 Y:00 P:A5 SP:F9
872F  EA        NOP                             A:01 X:F5 Y:00 P:A5 SP:F9
8730  EA        NOP                             A:01 X:F5 Y:00 P:A5 SP:F9
8731  CA        DEX                             A:01 X:F5 Y:00 P:A5 SP:F9
8732  D0 FB     BNE $872F                       A:01 X:F4 Y:00 P:A5 SP:F9
872F  EA        NOP                             A:01 X:F4 Y:00 P:A5 SP:F9
8730  EA        NOP                             A:01 X:F4 Y:00 P:A5 SP:F9
8731  CA        DEX                             A:01 X:F4 Y:00 P:A5 SP:F9
8732  D0 FB     BNE $872F                       A:01 X:F3 Y:00 P:A5 SP:F9
872F  EA        NOP                             A:01 X:F3 Y:00 P:A5 SP:F9
8730  EA        NOP                             A:01 X:F3 Y:00 P:A5 SP:F9
8731  CA        DEX                             A:01 X:F3 Y:00 P:A5 SP:F9
8732  D0 FB     BNE $872F                       A:01 X:F2 Y:00 P:A5 SP:F9
872F  EA        NOP                             A:01 X:F2 Y:00 P:A5 SP:F9
8730  EA        NOP                             A:01 X:F2 Y:00 P:A5 SP:F9
8731  CA        DEX                             A:01 X:F2 Y:00 P:A5 SP:F9
8732  D0 FB     BNE $872F                       A:01 X:F1 Y:00 P:A5 SP:F9
872F  EA        NOP                             A:01 X:F1 Y:00 P:A5 SP:F9
8730  EA        NOP                             A:01 X:F1 Y:00 P:A5 SP:F9
8731  CA        DEX                             A:01 X:F1 Y:00 P:A5 SP:F9
8732  D0 FB     BNE $872F                       A:01 X:F0 Y:00 P:A5 SP:F9
872F  EA        NOP                             A:01 X:F0 Y:00 P:A5 SP:F9
8730  EA        NOP                             A:01 X:F0 Y:00 P:A5 SP:F9
8731  CA        DEX                             A:01 X:F0 Y:00 P:A5 SP:F9
8732  D0 FB     BNE $872F                       A:01 X:EF Y:00 P:A5 SP:F9
872F  EA        NOP                             A:01 X:EF Y:00 P:A5 SP:F9
8730  EA        NOP                             A:01 X:EF Y:00 P:A5 SP:F9
8731  CA        DEX                             A:01 X:EF Y:00 P:A5 SP:F9
8732  D0 FB     BNE $872F                       A:01 X:EE Y:00 P:A5 SP:F9
872F  EA        NOP                             A:01 X:EE Y:00 P:A5 SP:F9
8730  EA        NOP                             A:01 X:EE Y:00 P:A5 SP:F9
8731  CA        DEX                             A:01 X:EE Y:00 P:A5 SP:F9
8732  D0 FB     BNE $872F                       A:01 X:ED Y:00 P:A5 SP:F9
872F  EA        NOP                             A:01 X:ED Y:00 P:A5 SP:F9
8730  EA        NOP                             A:01 X:ED Y:00 P:A5 SP:F9
8731  CA        DEX                             A:01 X:ED Y:00 P:A5 SP:F9
8732  D0 FB     BNE $872F                       A:01 X:EC Y:00 P:A5 SP:F9
872F  EA        NOP                             A:01 X:EC Y:00 P:A5 SP:F9
8730  EA        NOP                             A:01 X:EC Y:00 P:A5 SP:F9
8731  CA        DEX                             A:01 X:EC Y:00 P:A5 SP:F9
8732  D0 FB     BNE $872F                       A:01 X:EB Y:00 P:A5 SP:F9
872F  EA        NOP                             A:01 X:EB Y:00 P:A5 SP:F9
8730  EA        NOP                             A:01 X:EB Y:00 P:A5 SP:F9
8731  CA        DEX                             A:01 X:EB Y:00 P:A5 SP:F9
8732  D0 FB     BNE $872F                       A:01 X:EA Y:00 P:A5 SP:F9
872F  EA        NOP                             A:01 X:EA Y:00 P:A5 SP:F9
8730  EA        NOP                             A:01 X:EA Y:00 P:A5 SP:F9
8731  CA        DEX                             A:01 X:EA Y:00 P:A5 SP:F9
8732  D0 FB     BNE $872F                       A:01 X:E9 Y:00 P:A5 SP:F9
872F  EA        NOP                             A:01 X:E9 Y:00 P:A5 SP:F9
8730  EA        NOP                             A:01 X:E9 Y:00 P:A5 SP:F9
8731  CA        DEX                             A:01 X:E9 Y:00 P:A5 SP:F9
8732  D0 FB     BNE $872F                       A:01 X:E8 Y:00 P:A5 SP:F9
872F  EA        NOP                             A:01 X:E8 Y:00 P:A5 SP:F9
8730  EA        NOP                             A:01 X:E8 Y:00 P:A5 SP:F9
8731  CA        DEX                             A:01 X:E8 Y:00 P:A5 SP:F9
8732  D0 FB     BNE $872F                       A:01 X:E7 Y:00 P:A5 SP:F9
872F  EA        NOP                             A:01 X:E7 Y:00 P:A5 SP:F9
8730  EA        NOP                             A:01 X:E7 Y:00 P:A5 SP:F9
8731  CA        DEX                             A:01 X:E7 Y:00 P:A5 SP:F9
8732  D0 FB     BNE $872F                       A:01 X:E6 Y:00 P:A5 SP:F9
872F  EA        NOP                             A:01 X:E6 Y:00 P:A5 SP:F9
8730  EA        NOP                             A:01 X:E6 Y:00 P:A5 SP:F9
8731  CA        DEX                             A:01 X:E6 Y:00 P:A5 SP:F9
8732  D0 FB     BNE $872F                       A:01 X:E5 Y:00 P:A5 SP:F9
872F  EA        NOP                             A:01 X:E5 Y:00 P:A5 SP:F9
8730  EA        NOP                             A:01 X:E5 Y:00 P:A5 SP:F9
8731  CA        DEX                             A:01 X:E5 Y:00 P:A5 SP:F9
8732  D0 FB     BNE $872F                       A:01 X:E4 Y:00 P:A5 SP:F9
872F  EA        NOP                             A:01 X:E4 Y:00 P:A5 SP:F9
8730  EA        NOP                             A:01 X:E4 Y:00 P:A5 SP:F9
8731  CA        DEX                             A:01 X:E4 Y:00 P:A5 SP:F9
8732  D0 FB     BNE $872F                       A:01 X:E3 Y:00 P:A5 SP:F9
872F  EA        NOP                             A:01 X:E3 Y:00 P:A5 SP:F9
8730  EA        NOP                             A:01 X:E3 Y:00 P:A5 SP:F9
8731  CA        DEX                             A:01 X:E3 Y:00 P:A5 SP:F9
8732  D0 FB     BNE $872F                       A:01 X:E2 Y:00 P:A5 SP:F9
872F  EA        NOP                             A:01 X:E2 Y:00 P:A5 SP:F9
8730  EA        NOP                             A:01 X:E2 Y:00 P:A5 SP:F9
8731  CA        DEX                             A:01 X:E2 Y:00 P:A5 SP:F9
8732  D0 FB     BNE $872F                       A:01 X:E1 Y:00 P:A5 SP:F9
872F  EA        NOP                             A:01 X:E1 Y:00 P:A5 SP:F9
8730  EA        NOP                             A:01 X:E1 Y:00 P:A5 SP:F9
8731  CA        DEX                             A:01 X:E1 Y:00 P:A5 SP:F9
8732  D0 FB     BNE $872F                       A:01 X:E0 Y:00 P:A5 SP:F9
872F  EA        NOP                             A:01 X:E0 Y:00 P:A5 SP:F9
8730  EA        NOP                             A:01 X:E0 Y:00 P:A5 SP:F9
8731  CA        DEX                             A:01 X:E0 Y:00 P:A5 SP:F9
8732  D0 FB     BNE $872F                       A:01 X:DF Y:00 P:A5 SP:F9
872F  EA        NOP                             A:01 X:DF Y:00 P:A5 SP:F9
8730  EA        NOP                             A:01 X:DF Y:00 P:A5 SP:F9
8731  CA        DEX                             A:01 X:DF Y:00 P:A5 SP:F9
8732  D0 FB     BNE $872F                       A:01 X:DE Y:00 P:A5 SP:F9
872F  EA        NOP                             A:01 X:DE Y:00 P:A5 SP:F9
8730  EA        NOP                             A:01 X:DE Y:00 P:A5 SP:F9
8731  CA        DEX                             A:01 X:DE Y:00 P:A5 SP:F9
8732  D0 FB     BNE $872F                       A:01 X:DD Y:00 P:A5 SP:F9
872F  EA        NOP                             A:01 X:DD Y:00 P:A5 SP:F9
8730  EA        NOP                             A:01 X:DD Y:00 P:A5 SP:F9
8731  CA        DEX                             A:01 X:DD Y:00 P:A5 SP:F9
8732  D0 FB     BNE $872F                       A:01 X:DC Y:00 P:A5 SP:F9
872F  EA        NOP                             A:01 X:DC Y:00 P:A5 SP:F9
8730  EA        NOP                             A:01 X:DC Y:00 P:A5 SP:F9
8731  CA        DEX                             A:01 X:DC Y:00 P:A5 SP:F9
8732  D0 FB     BNE $872F                       A:01 X:DB Y:00 P:A5 SP:F9
872F  EA        NOP                             A:01 X:DB Y:00 P:A5 SP:F9
8730  EA        NOP                             A:01 X:DB Y:00 P:A5 SP:F9
8731  CA        DEX                             A:01 X:DB Y:00 P:A5 SP:F9
8732  D0 FB     BNE $872F                       A:01 X:DA Y:00 P:A5 SP:F9
872F  EA        NOP                             A:01 X:DA Y:00 P:A5 SP:F9
8730  EA        NOP                             A:01 X:DA Y:00 P:A5 SP:F9
8731  CA        DEX                             A:01 X:DA Y:00 P:A5 SP:F9
8732  D0 FB     BNE $872F                       A:01 X:D9 Y:00 P:A5 SP:F9
872F  EA        NOP                             A:01 X:D9 Y:00 P:A5 SP:F9
8730  EA        NOP                             A:01 X:D9 Y:00 P:A5 SP:F9
8731  CA        DEX                             A:01 X:D9 Y:00 P:A5 SP:F9
8732  D0 FB     BNE $872F                       A:01 X:D8 Y:00 P:A5 SP:F9
872F  EA        NOP                             A:01 X:D8 Y:00 P:A5 SP:F9
8730  EA        NOP                             A:01 X:D8 Y:00 P:A5 SP:F9
8731  CA        DEX                             A:01 X:D8 Y:00 P:A5 SP:F9
8732  D0 FB     BNE $872F                       A:01 X:D7 Y:00 P:A5 SP:F9
872F  EA        NOP                             A:01 X:D7 Y:00 P:A5 SP:F9
8730  EA        NOP                             A:01 X:D7 Y:00 P:A5 SP:F9
8731  CA        DEX                             A:01 X:D7 Y:00 P:A5 SP:F9
8732  D0 FB     BNE $872F                       A:01 X:D6 Y:00 P:A5 SP:F9
872F  EA        NOP                             A:01 X:D6 Y:00 P:A5 SP:F9
8730  EA        NOP                             A:01 X:D6 Y:00 P:A5 SP:F9
8731  CA        DEX                             A:01 X:D6 Y:00 P:A5 SP:F9
8732  D0 FB     BNE $872F                       A:01 X:D5 Y:00 P:A5 SP:F9
872F  EA        NOP                             A:01 X:D5 Y:00 P:A5 SP:F9
8730  EA        NOP                             A:01 X:D5 Y:00 P:A5 SP:F9
8731  CA        DEX                             A:01 X:D5 Y:00 P:A5 SP:F9
8732  D0 FB     BNE $872F                       A:01 X:D4 Y:00 P:A5 SP:F9
872F  EA        NOP                             A:01 X:D4 Y:00 P:A5 SP:F9
8730  EA        NOP                             A:01 X:D4 Y:00 P:A5 SP:F9
8731  CA        DEX                             A:01 X:D4 Y:00 P:A5 SP:F9
8732  D0 FB     BNE $872F                       A:01 X:D3 Y:00 P:A5 SP:F9
872F  EA        NOP                             A:01 X:D3 Y:00 P:A5 SP:F9
8730  EA        NOP                             A:01 X:D3 Y:00 P:A5 SP:F9
8731  CA        DEX                             A:01 X:D3 Y:00 P:A5 SP:F9
8732  D0 FB     BNE $872F                       A:01 X:D2 Y:00 P:A5 SP:F9
872F  EA        NOP                             A:01 X:D2 Y:00 P:A5 SP:F9
8730  EA        NOP                             A:01 X:D2 Y:00 P:A5 SP:F9
8731  CA        DEX                             A:01 X:D2 Y:00 P:A5 SP:F9
8732  D0 FB     BNE $872F                       A:01 X:D1 Y:00 P:A5 SP:F9
872F  EA        NOP                             A:01 X:D1 Y:00 P:A5 SP:F9
8730  EA        NOP                             A:01 X:D1 Y:00 P:A5 SP:F9
8731  CA        DEX                             A:01 X:D1 Y:00 P:A5 SP:F9
8732  D0 FB     BNE $872F                       A:01 X:D0 Y:00 P:A5 SP:F9
872F  EA        NOP                             A:01 X:D0 Y:00 P:A5 SP:F9
8730  EA        NOP                             A:01 X:D0 Y:00 P:A5 SP:F9
8731  CA        DEX                             A:01 X:D0 Y:00 P:A5 SP:F9
8732  D0 FB     BNE $872F                       A:01 X:CF Y:00 P:A5 SP:F9
872F  EA        NOP                             A:01 X:CF Y:00 P:A5 SP:F9
8730  EA        NOP                             A:01 X:CF Y:00 P:A5 SP:F9
8731  CA        DEX                             A:01 X:CF Y:00 P:A5 SP:F9
8732  D0 FB     BNE $872F                       A:01 X:CE Y:00 P:A5 SP:F9
872F  EA        NOP                             A:01 X:CE Y:00 P:A5 SP:F9
8730  EA        NOP                             A:01 X:CE Y:00 P:A5 SP:F9
8731  CA        DEX                             A:01 X:CE Y:00 P:A5 SP:F9
8732  D0 FB     BNE $872F                       A:01 X:CD Y:00 P:A5 SP:F9
872F  EA        NOP                             A:01 X:CD Y:00 P:A5 SP:F9
8730  EA        NOP                             A:01 X:CD Y:00 P:A5 SP:F9
8731  CA        DEX                             A:01 X:CD Y:00 P:A5 SP:F9
8732  D0 FB     BNE $872F                       A:01 X:CC Y:00 P:A5 SP:F9
872F  EA        NOP                             A:01 X:CC Y:00 P:A5 SP:F9
8730  EA        NOP                             A:01 X:CC Y:00 P:A5 SP:F9
8731  CA        DEX                             A:01 X:CC Y:00 P:A5 SP:F9
8732  D0 FB     BNE $872F                       A:01 X:CB Y:00 P:A5 SP:F9
872F  EA        NOP                             A:01 X:CB Y:00 P:A5 SP:F9
8730  EA        NOP                             A:01 X:CB Y:00 P:A5 SP:F9
8731  CA        DEX                             A:01 X:CB Y:00 P:A5 SP:F9
8732  D0 FB     BNE $872F                       A:01 X:CA Y:00 P:A5 SP:F9
872F  EA        NOP                             A:01 X:CA Y:00 P:A5 SP:F9
8730  EA        NOP                             A:01 X:CA Y:00 P:A5 SP:F9
8731  CA        DEX                             A:01 X:CA Y:00 P:A5 SP:F9
8732  D0 FB     BNE $872F                       A:01 X:C9 Y:00 P:A5 SP:F9
872F  EA        NOP                             A:01 X:C9 Y:00 P:A5 SP:F9
8730  EA        NOP                             A:01 X:C9 Y:00 P:A5 SP:F9
8731  CA        DEX                             A:01 X:C9 Y:00 P:A5 SP:F9
8732  D0 FB     BNE $872F                       A:01 X:C8 Y:00 P:A5 SP:F9
872F  EA        NOP                             A:01 X:C8 Y:00 P:A5 SP:F9
8730  EA        NOP                             A:01 X:C8 Y:00 P:A5 SP:F9
8731  CA        DEX                             A:01 X:C8 Y:00 P:A5 SP:F9
8732  D0 FB     BNE $872F                       A:01 X:C7 Y:00 P:A5 SP:F9
872F  EA        NOP                             A:01 X:C7 Y:00 P:A5 SP:F9
8730  EA        NOP                             A:01 X:C7 Y:00 P:A5 SP:F9
8731  CA        DEX                             A:01 X:C7 Y:00 P:A5 SP:F9
8732  D0 FB     BNE $872F                       A:01 X:C6 Y:00 P:A5 SP:F9
872F  EA        NOP                             A:01 X:C6 Y:00 P:A5 SP:F9
8730  EA        NOP                             A:01 X:C6 Y:00 P:A5 SP:F9
8731  CA        DEX                             A:01 X:C6 Y:00 P:A5 SP:F9
8732  D0 FB     BNE $872F                       A:01 X:C5 Y:00 P:A5 SP:F9
872F  EA        NOP                             A:01 X:C5 Y:00 P:A5 SP:F9
8730  EA        NOP                             A:01 X:C5 Y:00 P:A5 SP:F9
8731  CA        DEX                             A:01 X:C5 Y:00 P:A5 SP:F9
8732  D0 FB     BNE $872F                       A:01 X:C4 Y:00 P:A5 SP:F9
872F  EA        NOP                             A:01 X:C4 Y:00 P:A5 SP:F9
8730  EA        NOP                             A:01 X:C4 Y:00 P:A5 SP:F9
8731  CA        DEX                             A:01 X:C4 Y:00 P:A5 SP:F9
8732  D0 FB     BNE $872F                       A:01 X:C3 Y:00 P:A5 SP:F9
872F  EA        NOP                             A:01 X:C3 Y:00 P:A5 SP:F9
8730  EA        NOP                             A:01 X:C3 Y:00 P:A5 SP:F9
8731  CA        DEX                             A:01 X:C3 Y:00 P:A5 SP:F9
8732  D0 FB     BNE $872F                       A:01 X:C2 Y:00 P:A5 SP:F9
872F  EA        NOP                             A:01 X:C2 Y:00 P:A5 SP:F9
8730  EA        NOP                             A:01 X:C2 Y:00 P:A5 SP:F9
8731  CA        DEX                             A:01 X:C2 Y:00 P:A5 SP:F9
8732  D0 FB     BNE $872F                       A:01 X:C1 Y:00 P:A5 SP:F9
872F  EA        NOP                             A:01 X:C1 Y:00 P:A5 SP:F9
8730  EA        NOP                             A:01 X:C1 Y:00 P:A5 SP:F9
8731  CA        DEX                             A:01 X:C1 Y:00 P:A5 SP:F9
8732  D0 FB     BNE $872F                       A:01 X:C0 Y:00 P:A5 SP:F9
872F  EA        NOP                             A:01 X:C0 Y:00 P:A5 SP:F9
8730  EA        NOP                             A:01 X:C0 Y:00 P:A5 SP:F9
8731  CA        DEX                             A:01 X:C0 Y:00 P:A5 SP:F9
8732  D0 FB     BNE $872F                       A:01 X:BF Y:00 P:A5 SP:F9
872F  EA        NOP                             A:01 X:BF Y:00 P:A5 SP:F9
8730  EA        NOP                             A:01 X:BF Y:00 P:A5 SP:F9
8731  CA        DEX                             A:01 X:BF Y:00 P:A5 SP:F9
8732  D0 FB     BNE $872F                       A:01 X:BE Y:00 P:A5 SP:F9
872F  EA        NOP                             A:01 X:BE Y:00 P:A5 SP:F9
8730  EA        NOP                             A:01 X:BE Y:00 P:A5 SP:F9
8731  CA        DEX                             A:01 X:BE Y:00 P:A5 SP:F9
8732  D0 FB     BNE $872F                       A:01 X:BD Y:00 P:A5 SP:F9
872F  EA        NOP                             A:01 X:BD Y:00 P:A5 SP:F9
8730  EA        NOP                             A:01 X:BD Y:00 P:A5 SP:F9
8731  CA        DEX                             A:01 X:BD Y:00 P:A5 SP:F9
8732  D0 FB     BNE $872F                       A:01 X:BC Y:00 P:A5 SP:F9
872F  EA        NOP                             A:01 X:BC Y:00 P:A5 SP:F9
8730  EA        NOP                             A:01 X:BC Y:00 P:A5 SP:F9
8731  CA        DEX                             A:01 X:BC Y:00 P:A5 SP:F9
8732  D0 FB     BNE $872F                       A:01 X:BB Y:00 P:A5 SP:F9
872F  EA        NOP                             A:01 X:BB Y:00 P:A5 SP:F9
8730  EA        NOP                             A:01 X:BB Y:00 P:A5 SP:F9
8731  CA        DEX                             A:01 X:BB Y:00 P:A5 SP:F9
8732  D0 FB     BNE $872F                       A:01 X:BA Y:00 P:A5 SP:F9
872F  EA        NOP                             A:01 X:BA Y:00 P:A5 SP:F9
8730  EA        NOP                             A:01 X:BA Y:00 P:A5 SP:F9
8731  CA        DEX                             A:01 X:BA Y:00 P:A5 SP:F9
8732  D0 FB     BNE $872F                       A:01 X:B9 Y:00 P:A5 SP:F9
872F  EA        NOP                             A:01 X:B9 Y:00 P:A5 SP:F9
8730  EA        NOP                             A:01 X:B9 Y:00 P:A5 SP:F9
8731  CA        DEX                             A:01 X:B9 Y:00 P:A5 SP:F9
8732  D0 FB     BNE $872F                       A:01 X:B8 Y:00 P:A5 SP:F9
872F  EA        NOP                             A:01 X:B8 Y:00 P:A5 SP:F9
8730  EA        NOP                             A:01 X:B8 Y:00 P:A5 SP:F9
8731  CA        DEX                             A:01 X:B8 Y:00 P:A5 SP:F9
8732  D0 FB     BNE $872F                       A:01 X:B7 Y:00 P:A5 SP:F9
872F  EA        NOP                             A:01 X:B7 Y:00 P:A5 SP:F9
8730  EA        NOP                             A:01 X:B7 Y:00 P:A5 SP:F9
8731  CA        DEX                             A:01 X:B7 Y:00 P:A5 SP:F9
8732  D0 FB     BNE $872F                       A:01 X:B6 Y:00 P:A5 SP:F9
872F  EA        NOP                             A:01 X:B6 Y:00 P:A5 SP:F9
8730  EA        NOP                             A:01 X:B6 Y:00 P:A5 SP:F9
8731  CA        DEX                             A:01 X:B6 Y:00 P:A5 SP:F9
8732  D0 FB     BNE $872F                       A:01 X:B5 Y:00 P:A5 SP:F9
872F  EA        NOP                             A:01 X:B5 Y:00 P:A5 SP:F9
8730  EA        NOP                             A:01 X:B5 Y:00 P:A5 SP:F9
8731  CA        DEX                             A:01 X:B5 Y:00 P:A5 SP:F9
8732  D0 FB     BNE $872F                       A:01 X:B4 Y:00 P:A5 SP:F9
872F  EA        NOP                             A:01 X:B4 Y:00 P:A5 SP:F9
8730  EA        NOP                             A:01 X:B4 Y:00 P:A5 SP:F9
8731  CA        DEX                             A:01 X:B4 Y:00 P:A5 SP:F9
8732  D0 FB     BNE $872F                       A:01 X:B3 Y:00 P:A5 SP:F9
872F  EA        NOP                             A:01 X:B3 Y:00 P:A5 SP:F9
8730  EA        NOP                             A:01 X:B3 Y:00 P:A5 SP:F9
8731  CA        DEX                             A:01 X:B3 Y:00 P:A5 SP:F9
8732  D0 FB     BNE $872F                       A:01 X:B2 Y:00 P:A5 SP:F9
872F  EA        NOP                             A:01 X:B2 Y:00 P:A5 SP:F9
8730  EA        NOP                             A:01 X:B2 Y:00 P:A5 SP:F9
8731  CA        DEX                             A:01 X:B2 Y:00 P:A5 SP:F9
8732  D0 FB     BNE $872F                       A:01 X:B1 Y:00 P:A5 SP:F9
872F  EA        NOP                             A:01 X:B1 Y:00 P:A5 SP:F9
8730  EA        NOP                             A:01 X:B1 Y:00 P:A5 SP:F9
8731  CA        DEX                             A:01 X:B1 Y:00 P:A5 SP:F9
8732  D0 FB     BNE $872F                       A:01 X:B0 Y:00 P:A5 SP:F9
872F  EA        NOP                             A:01 X:B0 Y:00 P:A5 SP:F9
8730  EA        NOP                             A:01 X:B0 Y:00 P:A5 SP:F9
8731  CA        DEX                             A:01 X:B0 Y:00 P:A5 SP:F9
8732  D0 FB     BNE $872F                       A:01 X:AF Y:00 P:A5 SP:F9
872F  EA        NOP                             A:01 X:AF Y:00 P:A5 SP:F9
8730  EA        NOP                             A:01 X:AF Y:00 P:A5 SP:F9
8731  CA        DEX                             A:01 X:AF Y:00 P:A5 SP:F9
8732  D0 FB     BNE $872F                       A:01 X:AE Y:00 P:A5 SP:F9
872F  EA        NOP                             A:01 X:AE Y:00 P:A5 SP:F9
8730  EA        NOP                             A:01 X:AE Y:00 P:A5 SP:F9
8731  CA        DEX                             A:01 X:AE Y:00 P:A5 SP:F9
8732  D0 FB     BNE $872F                       A:01 X:AD Y:00 P:A5 SP:F9
872F  EA        NOP                             A:01 X:AD Y:00 P:A5 SP:F9
8730  EA        NOP                             A:01 X:AD Y:00 P:A5 SP:F9
8731  CA        DEX                             A:01 X:AD Y:00 P:A5 SP:F9
8732  D0 FB     BNE $872F                       A:01 X:AC Y:00 P:A5 SP:F9
872F  EA        NOP                             A:01 X:AC Y:00 P:A5 SP:F9
8730  EA        NOP                             A:01 X:AC Y:00 P:A5 SP:F9
8731  CA        DEX                             A:01 X:AC Y:00 P:A5 SP:F9
8732  D0 FB     BNE $872F                       A:01 X:AB Y:00 P:A5 SP:F9
872F  EA        NOP                             A:01 X:AB Y:00 P:A5 SP:F9
8730  EA        NOP                             A:01 X:AB Y:00 P:A5 SP:F9
8731  CA        DEX                             A:01 X:AB Y:00 P:A5 SP:F9
8732  D0 FB     BNE $872F                       A:01 X:AA Y:00 P:A5 SP:F9
872F  EA        NOP                             A:01 X:AA Y:00 P:A5 SP:F9
8730  EA        NOP                             A:01 X:AA Y:00 P:A5 SP:F9
8731  CA        DEX                             A:01 X:AA Y:00 P:A5 SP:F9
8732  D0 FB     BNE $872F                       A:01 X:A9 Y:00 P:A5 SP:F9
872F  EA        NOP                             A:01 X:A9 Y:00 P:A5 SP:F9
8730  EA        NOP                             A:01 X:A9 Y:00 P:A5 SP:F9
8731  CA        DEX                             A:01 X:A9 Y:00 P:A5 SP:F9
8732  D0 FB     BNE $872F                       A:01 X:A8 Y:00 P:A5 SP:F9
872F  EA        NOP                             A:01 X:A8 Y:00 P:A5 SP:F9
8730  EA        NOP                             A:01 X:A8 Y:00 P:A5 SP:F9
8731  CA        DEX                             A:01 X:A8 Y:00 P:A5 SP:F9
8732  D0 FB     BNE $872F                       A:01 X:A7 Y:00 P:A5 SP:F9
872F  EA        NOP                             A:01 X:A7 Y:00 P:A5 SP:F9
8730  EA        NOP                             A:01 X:A7 Y:00 P:A5 SP:F9
8731  CA        DEX                             A:01 X:A7 Y:00 P:A5 SP:F9
8732  D0 FB     BNE $872F                       A:01 X:A6 Y:00 P:A5 SP:F9
872F  EA        NOP                             A:01 X:A6 Y:00 P:A5 SP:F9
8730  EA        NOP                             A:01 X:A6 Y:00 P:A5 SP:F9
8731  CA        DEX                             A:01 X:A6 Y:00 P:A5 SP:F9
8732  D0 FB     BNE $872F                       A:01 X:A5 Y:00 P:A5 SP:F9
872F  EA        NOP                             A:01 X:A5 Y:00 P:A5 SP:F9
8730  EA        NOP                             A:01 X:A5 Y:00 P:A5 SP:F9
8731  CA        DEX                             A:01 X:A5 Y:00 P:A5 SP:F9
8732  D0 FB     BNE $872F                       A:01 X:A4 Y:00 P:A5 SP:F9
872F  EA        NOP                             A:01 X:A4 Y:00 P:A5 SP:F9
8730  EA        NOP                             A:01 X:A4 Y:00 P:A5 SP:F9
8731  CA        DEX                             A:01 X:A4 Y:00 P:A5 SP:F9
8732  D0 FB     BNE $872F                       A:01 X:A3 Y:00 P:A5 SP:F9
872F  EA        NOP                             A:01 X:A3 Y:00 P:A5 SP:F9
8730  EA        NOP                             A:01 X:A3 Y:00 P:A5 SP:F9
8731  CA        DEX                             A:01 X:A3 Y:00 P:A5 SP:F9
8732  D0 FB     BNE $872F                       A:01 X:A2 Y:00 P:A5 SP:F9
872F  EA        NOP                             A:01 X:A2 Y:00 P:A5 SP:F9
8730  EA        NOP                             A:01 X:A2 Y:00 P:A5 SP:F9
8731  CA        DEX                             A:01 X:A2 Y:00 P:A5 SP:F9
8732  D0 FB     BNE $872F                       A:01 X:A1 Y:00 P:A5 SP:F9
872F  EA        NOP                             A:01 X:A1 Y:00 P:A5 SP:F9
8730  EA        NOP                             A:01 X:A1 Y:00 P:A5 SP:F9
8731  CA        DEX                             A:01 X:A1 Y:00 P:A5 SP:F9
8732  D0 FB     BNE $872F                       A:01 X:A0 Y:00 P:A5 SP:F9
872F  EA        NOP                             A:01 X:A0 Y:00 P:A5 SP:F9
8730  EA        NOP                             A:01 X:A0 Y:00 P:A5 SP:F9
8731  CA        DEX                             A:01 X:A0 Y:00 P:A5 SP:F9
8732  D0 FB     BNE $872F                       A:01 X:9F Y:00 P:A5 SP:F9
872F  EA        NOP                             A:01 X:9F Y:00 P:A5 SP:F9
8730  EA        NOP                             A:01 X:9F Y:00 P:A5 SP:F9
8731  CA        DEX                             A:01 X:9F Y:00 P:A5 SP:F9
8732  D0 FB     BNE $872F                       A:01 X:9E Y:00 P:A5 SP:F9
872F  EA        NOP                             A:01 X:9E Y:00 P:A5 SP:F9
8730  EA        NOP                             A:01 X:9E Y:00 P:A5 SP:F9
8731  CA        DEX                             A:01 X:9E Y:00 P:A5 SP:F9
8732  D0 FB     BNE $872F                       A:01 X:9D Y:00 P:A5 SP:F9
872F  EA        NOP                             A:01 X:9D Y:00 P:A5 SP:F9
8730  EA        NOP                             A:01 X:9D Y:00 P:A5 SP:F9
8731  CA        DEX                             A:01 X:9D Y:00 P:A5 SP:F9
8732  D0 FB     BNE $872F                       A:01 X:9C Y:00 P:A5 SP:F9
872F  EA        NOP                             A:01 X:9C Y:00 P:A5 SP:F9
8730  EA        NOP                             A:01 X:9C Y:00 P:A5 SP:F9
8731  CA        DEX                             A:01 X:9C Y:00 P:A5 SP:F9
8732  D0 FB     BNE $872F                       A:01 X:9B Y:00 P:A5 SP:F9
872F  EA        NOP                             A:01 X:9B Y:00 P:A5 SP:F9
8730  EA        NOP                             A:01 X:9B Y:00 P:A5 SP:F9
8731  CA        DEX                             A:01 X:9B Y:00 P:A5 SP:F9
8732  D0 FB     BNE $872F                       A:01 X:9A Y:00 P:A5 SP:F9
872F  EA        NOP                             A:01 X:9A Y:00 P:A5 SP:F9
8730  EA        NOP                             A:01 X:9A Y:00 P:A5 SP:F9
8731  CA        DEX                             A:01 X:9A Y:00 P:A5 SP:F9
8732  D0 FB     BNE $872F                       A:01 X:99 Y:00 P:A5 SP:F9
872F  EA        NOP                             A:01 X:99 Y:00 P:A5 SP:F9
8730  EA        NOP                             A:01 X:99 Y:00 P:A5 SP:F9
8731  CA        DEX                             A:01 X:99 Y:00 P:A5 SP:F9
8732  D0 FB     BNE $872F                       A:01 X:98 Y:00 P:A5 SP:F9
872F  EA        NOP                             A:01 X:98 Y:00 P:A5 SP:F9
8730  EA        NOP                             A:01 X:98 Y:00 P:A5 SP:F9
8731  CA        DEX                             A:01 X:98 Y:00 P:A5 SP:F9
8732  D0 FB     BNE $872F                       A:01 X:97 Y:00 P:A5 SP:F9
872F  EA        NOP                             A:01 X:97 Y:00 P:A5 SP:F9
8730  EA        NOP                             A:01 X:97 Y:00 P:A5 SP:F9
8731  CA        DEX                             A:01 X:97 Y:00 P:A5 SP:F9
8732  D0 FB     BNE $872F                       A:01 X:96 Y:00 P:A5 SP:F9
872F  EA        NOP                             A:01 X:96 Y:00 P:A5 SP:F9
8730  EA        NOP                             A:01 X:96 Y:00 P:A5 SP:F9
8731  CA        DEX                             A:01 X:96 Y:00 P:A5 SP:F9
8732  D0 FB     BNE $872F                       A:01 X:95 Y:00 P:A5 SP:F9
872F  EA        NOP                             A:01 X:95 Y:00 P:A5 SP:F9
8730  EA        NOP                             A:01 X:95 Y:00 P:A5 SP:F9
8731  CA        DEX                             A:01 X:95 Y:00 P:A5 SP:F9
8732  D0 FB     BNE $872F                       A:01 X:94 Y:00 P:A5 SP:F9
872F  EA        NOP                             A:01 X:94 Y:00 P:A5 SP:F9
8730  EA        NOP                             A:01 X:94 Y:00 P:A5 SP:F9
8731  CA        DEX                             A:01 X:94 Y:00 P:A5 SP:F9
8732  D0 FB     BNE $872F                       A:01 X:93 Y:00 P:A5 SP:F9
872F  EA        NOP                             A:01 X:93 Y:00 P:A5 SP:F9
8730  EA        NOP                             A:01 X:93 Y:00 P:A5 SP:F9
8731  CA        DEX                             A:01 X:93 Y:00 P:A5 SP:F9
8732  D0 FB     BNE $872F                       A:01 X:92 Y:00 P:A5 SP:F9
872F  EA        NOP                             A:01 X:92 Y:00 P:A5 SP:F9
8730  EA        NOP                             A:01 X:92 Y:00 P:A5 SP:F9
8731  CA        DEX                             A:01 X:92 Y:00 P:A5 SP:F9
8732  D0 FB     BNE $872F                       A:01 X:91 Y:00 P:A5 SP:F9
872F  EA        NOP                             A:01 X:91 Y:00 P:A5 SP:F9
8730  EA        NOP                             A:01 X:91 Y:00 P:A5 SP:F9
8731  CA        DEX                             A:01 X:91 Y:00 P:A5 SP:F9
8732  D0 FB     BNE $872F                       A:01 X:90 Y:00 P:A5 SP:F9
872F  EA        NOP                             A:01 X:90 Y:00 P:A5 SP:F9
8730  EA        NOP                             A:01 X:90 Y:00 P:A5 SP:F9
8731  CA        DEX                             A:01 X:90 Y:00 P:A5 SP:F9
8732  D0 FB     BNE $872F                       A:01 X:8F Y:00 P:A5 SP:F9
872F  EA        NOP                             A:01 X:8F Y:00 P:A5 SP:F9
8730  EA        NOP                             A:01 X:8F Y:00 P:A5 SP:F9
8731  CA        DEX                             A:01 X:8F Y:00 P:A5 SP:F9
8732  D0 FB     BNE $872F                       A:01 X:8E Y:00 P:A5 SP:F9
872F  EA        NOP                             A:01 X:8E Y:00 P:A5 SP:F9
8730  EA        NOP                             A:01 X:8E Y:00 P:A5 SP:F9
8731  CA        DEX                             A:01 X:8E Y:00 P:A5 SP:F9
8732  D0 FB     BNE $872F                       A:01 X:8D Y:00 P:A5 SP:F9
872F  EA        NOP                             A:01 X:8D Y:00 P:A5 SP:F9
8730  EA        NOP                             A:01 X:8D Y:00 P:A5 SP:F9
8731  CA        DEX                             A:01 X:8D Y:00 P:A5 SP:F9
8732  D0 FB     BNE $872F                       A:01 X:8C Y:00 P:A5 SP:F9
872F  EA        NOP                             A:01 X:8C Y:00 P:A5 SP:F9
8730  EA        NOP                             A:01 X:8C Y:00 P:A5 SP:F9
8731  CA        DEX                             A:01 X:8C Y:00 P:A5 SP:F9
8732  D0 FB     BNE $872F                       A:01 X:8B Y:00 P:A5 SP:F9
872F  EA        NOP                             A:01 X:8B Y:00 P:A5 SP:F9
8730  EA        NOP                             A:01 X:8B Y:00 P:A5 SP:F9
8731  CA        DEX                             A:01 X:8B Y:00 P:A5 SP:F9
8732  D0 FB     BNE $872F                       A:01 X:8A Y:00 P:A5 SP:F9
872F  EA        NOP                             A:01 X:8A Y:00 P:A5 SP:F9
8730  EA        NOP                             A:01 X:8A Y:00 P:A5 SP:F9
8731  CA        DEX                             A:01 X:8A Y:00 P:A5 SP:F9
8732  D0 FB     BNE $872F                       A:01 X:89 Y:00 P:A5 SP:F9
872F  EA        NOP                             A:01 X:89 Y:00 P:A5 SP:F9
8730  EA        NOP                             A:01 X:89 Y:00 P:A5 SP:F9
8731  CA        DEX                             A:01 X:89 Y:00 P:A5 SP:F9
8732  D0 FB     BNE $872F                       A:01 X:88 Y:00 P:A5 SP:F9
872F  EA        NOP                             A:01 X:88 Y:00 P:A5 SP:F9
8730  EA        NOP                             A:01 X:88 Y:00 P:A5 SP:F9
8731  CA        DEX                             A:01 X:88 Y:00 P:A5 SP:F9
8732  D0 FB     BNE $872F                       A:01 X:87 Y:00 P:A5 SP:F9
872F  EA        NOP                             A:01 X:87 Y:00 P:A5 SP:F9
8730  EA        NOP                             A:01 X:87 Y:00 P:A5 SP:F9
8731  CA        DEX                             A:01 X:87 Y:00 P:A5 SP:F9
8732  D0 FB     BNE $872F                       A:01 X:86 Y:00 P:A5 SP:F9
872F  EA        NOP                             A:01 X:86 Y:00 P:A5 SP:F9
8730  EA        NOP                             A:01 X:86 Y:00 P:A5 SP:F9
8731  CA        DEX                             A:01 X:86 Y:00 P:A5 SP:F9
8732  D0 FB     BNE $872F                       A:01 X:85 Y:00 P:A5 SP:F9
872F  EA        NOP                             A:01 X:85 Y:00 P:A5 SP:F9
8730  EA        NOP                             A:01 X:85 Y:00 P:A5 SP:F9
8731  CA        DEX                             A:01 X:85 Y:00 P:A5 SP:F9
8732  D0 FB     BNE $872F                       A:01 X:84 Y:00 P:A5 SP:F9
872F  EA        NOP                             A:01 X:84 Y:00 P:A5 SP:F9
8730  EA        NOP                             A:01 X:84 Y:00 P:A5 SP:F9
8731  CA        DEX                             A:01 X:84 Y:00 P:A5 SP:F9
8732  D0 FB     BNE $872F                       A:01 X:83 Y:00 P:A5 SP:F9
872F  EA        NOP                             A:01 X:83 Y:00 P:A5 SP:F9
8730  EA        NOP                             A:01 X:83 Y:00 P:A5 SP:F9
8731  CA        DEX                             A:01 X:83 Y:00 P:A5 SP:F9
8732  D0 FB     BNE $872F                       A:01 X:82 Y:00 P:A5 SP:F9
872F  EA        NOP                             A:01 X:82 Y:00 P:A5 SP:F9
8730  EA        NOP                             A:01 X:82 Y:00 P:A5 SP:F9
8731  CA        DEX                             A:01 X:82 Y:00 P:A5 SP:F9
8732  D0 FB     BNE $872F                       A:01 X:81 Y:00 P:A5 SP:F9
872F  EA        NOP                             A:01 X:81 Y:00 P:A5 SP:F9
8730  EA        NOP                             A:01 X:81 Y:00 P:A5 SP:F9
8731  CA        DEX                             A:01 X:81 Y:00 P:A5 SP:F9
8732  D0 FB     BNE $872F                       A:01 X:80 Y:00 P:A5 SP:F9
872F  EA        NOP                             A:01 X:80 Y:00 P:A5 SP:F9
8730  EA        NOP                             A:01 X:80 Y:00 P:A5 SP:F9
8731  CA        DEX                             A:01 X:80 Y:00 P:A5 SP:F9
8732  D0 FB     BNE $872F                       A:01 X:7F Y:00 P:25 SP:F9
872F  EA        NOP                             A:01 X:7F Y:00 P:25 SP:F9
8730  EA        NOP                             A:01 X:7F Y:00 P:25 SP:F9
8731  CA        DEX                             A:01 X:7F Y:00 P:25 SP:F9
8732  D0 FB     BNE $872F                       A:01 X:7E Y:00 P:25 SP:F9
872F  EA        NOP                             A:01 X:7E Y:00 P:25 SP:F9
8730  EA        NOP                             A:01 X:7E Y:00 P:25 SP:F9
8731  CA        DEX                             A:01 X:7E Y:00 P:25 SP:F9
8732  D0 FB     BNE $872F                       A:01 X:7D Y:00 P:25 SP:F9
872F  EA        NOP                             A:01 X:7D Y:00 P:25 SP:F9
8730  EA        NOP                             A:01 X:7D Y:00 P:25 SP:F9
8731  CA        DEX                             A:01 X:7D Y:00 P:25 SP:F9
8732  D0 FB     BNE $872F                       A:01 X:7C Y:00 P:25 SP:F9
872F  EA        NOP                             A:01 X:7C Y:00 P:25 SP:F9
8730  EA        NOP                             A:01 X:7C Y:00 P:25 SP:F9
8731  CA        DEX                             A:01 X:7C Y:00 P:25 SP:F9
8732  D0 FB     BNE $872F                       A:01 X:7B Y:00 P:25 SP:F9
872F  EA        NOP                             A:01 X:7B Y:00 P:25 SP:F9
8730  EA        NOP                             A:01 X:7B Y:00 P:25 SP:F9
8731  CA        DEX                             A:01 X:7B Y:00 P:25 SP:F9
8732  D0 FB     BNE $872F                       A:01 X:7A Y:00 P:25 SP:F9
872F  EA        NOP                             A:01 X:7A Y:00 P:25 SP:F9
8730  EA        NOP                             A:01 X:7A Y:00 P:25 SP:F9
8731  CA        DEX                             A:01 X:7A Y:00 P:25 SP:F9
8732  D0 FB     BNE $872F                       A:01 X:79 Y:00 P:25 SP:F9
872F  EA        NOP                             A:01 X:79 Y:00 P:25 SP:F9
8730  EA        NOP                             A:01 X:79 Y:00 P:25 SP:F9
8731  CA        DEX                             A:01 X:79 Y:00 P:25 SP:F9
8732  D0 FB     BNE $872F                       A:01 X:78 Y:00 P:25 SP:F9
872F  EA        NOP                             A:01 X:78 Y:00 P:25 SP:F9
8730  EA        NOP                             A:01 X:78 Y:00 P:25 SP:F9
8731  CA        DEX                             A:01 X:78 Y:00 P:25 SP:F9
8732  D0 FB     BNE $872F                       A:01 X:77 Y:00 P:25 SP:F9
872F  EA        NOP                             A:01 X:77 Y:00 P:25 SP:F9
8730  EA        NOP                             A:01 X:77 Y:00 P:25 SP:F9
8731  CA        DEX                             A:01 X:77 Y:00 P:25 SP:F9
8732  D0 FB     BNE $872F                       A:01 X:76 Y:00 P:25 SP:F9
872F  EA        NOP                             A:01 X:76 Y:00 P:25 SP:F9
8730  EA        NOP                             A:01 X:76 Y:00 P:25 SP:F9
8731  CA        DEX                             A:01 X:76 Y:00 P:25 SP:F9
8732  D0 FB     BNE $872F                       A:01 X:75 Y:00 P:25 SP:F9
872F  EA        NOP                             A:01 X:75 Y:00 P:25 SP:F9
8730  EA        NOP                             A:01 X:75 Y:00 P:25 SP:F9
8731  CA        DEX                             A:01 X:75 Y:00 P:25 SP:F9
8732  D0 FB     BNE $872F                       A:01 X:74 Y:00 P:25 SP:F9
872F  EA        NOP                             A:01 X:74 Y:00 P:25 SP:F9
8730  EA        NOP                             A:01 X:74 Y:00 P:25 SP:F9
8731  CA        DEX                             A:01 X:74 Y:00 P:25 SP:F9
8732  D0 FB     BNE $872F                       A:01 X:73 Y:00 P:25 SP:F9
872F  EA        NOP                             A:01 X:73 Y:00 P:25 SP:F9
8730  EA        NOP                             A:01 X:73 Y:00 P:25 SP:F9
8731  CA        DEX                             A:01 X:73 Y:00 P:25 SP:F9
8732  D0 FB     BNE $872F                       A:01 X:72 Y:00 P:25 SP:F9
872F  EA        NOP                             A:01 X:72 Y:00 P:25 SP:F9
8730  EA        NOP                             A:01 X:72 Y:00 P:25 SP:F9
8731  CA        DEX                             A:01 X:72 Y:00 P:25 SP:F9
8732  D0 FB     BNE $872F                       A:01 X:71 Y:00 P:25 SP:F9
872F  EA        NOP                             A:01 X:71 Y:00 P:25 SP:F9
8730  EA        NOP                             A:01 X:71 Y:00 P:25 SP:F9
8731  CA        DEX                             A:01 X:71 Y:00 P:25 SP:F9
8732  D0 FB     BNE $872F                       A:01 X:70 Y:00 P:25 SP:F9
872F  EA        NOP                             A:01 X:70 Y:00 P:25 SP:F9
8730  EA        NOP                             A:01 X:70 Y:00 P:25 SP:F9
8731  CA        DEX                             A:01 X:70 Y:00 P:25 SP:F9
8732  D0 FB     BNE $872F                       A:01 X:6F Y:00 P:25 SP:F9
872F  EA        NOP                             A:01 X:6F Y:00 P:25 SP:F9
8730  EA        NOP                             A:01 X:6F Y:00 P:25 SP:F9
8731  CA        DEX                             A:01 X:6F Y:00 P:25 SP:F9
8732  D0 FB     BNE $872F                       A:01 X:6E Y:00 P:25 SP:F9
872F  EA        NOP                             A:01 X:6E Y:00 P:25 SP:F9
8730  EA        NOP                             A:01 X:6E Y:00 P:25 SP:F9
8731  CA        DEX                             A:01 X:6E Y:00 P:25 SP:F9
8732  D0 FB     BNE $872F                       A:01 X:6D Y:00 P:25 SP:F9
872F  EA        NOP                             A:01 X:6D Y:00 P:25 SP:F9
8730  EA        NOP                             A:01 X:6D Y:00 P:25 SP:F9
8731  CA        DEX                             A:01 X:6D Y:00 P:25 SP:F9
8732  D0 FB     BNE $872F                       A:01 X:6C Y:00 P:25 SP:F9
872F  EA        NOP                             A:01 X:6C Y:00 P:25 SP:F9
8730  EA        NOP                             A:01 X:6C Y:00 P:25 SP:F9
8731  CA        DEX                             A:01 X:6C Y:00 P:25 SP:F9
8732  D0 FB     BNE $872F                       A:01 X:6B Y:00 P:25 SP:F9
872F  EA        NOP                             A:01 X:6B Y:00 P:25 SP:F9
8730  EA        NOP                             A:01 X:6B Y:00 P:25 SP:F9
8731  CA        DEX                             A:01 X:6B Y:00 P:25 SP:F9
8732  D0 FB     BNE $872F                       A:01 X:6A Y:00 P:25 SP:F9
872F  EA        NOP                             A:01 X:6A Y:00 P:25 SP:F9
8730  EA        NOP                             A:01 X:6A Y:00 P:25 SP:F9
8731  CA        DEX                             A:01 X:6A Y:00 P:25 SP:F9
8732  D0 FB     BNE $872F                       A:01 X:69 Y:00 P:25 SP:F9
872F  EA        NOP                             A:01 X:69 Y:00 P:25 SP:F9
8730  EA        NOP                             A:01 X:69 Y:00 P:25 SP:F9
8731  CA        DEX                             A:01 X:69 Y:00 P:25 SP:F9
8732  D0 FB     BNE $872F                       A:01 X:68 Y:00 P:25 SP:F9
872F  EA        NOP                             A:01 X:68 Y:00 P:25 SP:F9
8730  EA        NOP                             A:01 X:68 Y:00 P:25 SP:F9
8731  CA        DEX                             A:01 X:68 Y:00 P:25 SP:F9
8732  D0 FB     BNE $872F                       A:01 X:67 Y:00 P:25 SP:F9
872F  EA        NOP                             A:01 X:67 Y:00 P:25 SP:F9
8730  EA        NOP                             A:01 X:67 Y:00 P:25 SP:F9
8731  CA        DEX                             A:01 X:67 Y:00 P:25 SP:F9
8732  D0 FB     BNE $872F                       A:01 X:66 Y:00 P:25 SP:F9
872F  EA        NOP                             A:01 X:66 Y:00 P:25 SP:F9
8730  EA        NOP                             A:01 X:66 Y:00 P:25 SP:F9
8731  CA        DEX                             A:01 X:66 Y:00 P:25 SP:F9
8732  D0 FB     BNE $872F                       A:01 X:65 Y:00 P:25 SP:F9
872F  EA        NOP                             A:01 X:65 Y:00 P:25 SP:F9
8730  EA        NOP                             A:01 X:65 Y:00 P:25 SP:F9
8731  CA        DEX                             A:01 X:65 Y:00 P:25 SP:F9
8732  D0 FB     BNE $872F                       A:01 X:64 Y:00 P:25 SP:F9
872F  EA        NOP                             A:01 X:64 Y:00 P:25 SP:F9
8730  EA        NOP                             A:01 X:64 Y:00 P:25 SP:F9
8731  CA        DEX                             A:01 X:64 Y:00 P:25 SP:F9
8732  D0 FB     BNE $872F                       A:01 X:63 Y:00 P:25 SP:F9
872F  EA        NOP                             A:01 X:63 Y:00 P:25 SP:F9
8730  EA        NOP                             A:01 X:63 Y:00 P:25 SP:F9
8731  CA        DEX                             A:01 X:63 Y:00 P:25 SP:F9
8732  D0 FB     BNE $872F                       A:01 X:62 Y:00 P:25 SP:F9
872F  EA        NOP                             A:01 X:62 Y:00 P:25 SP:F9
8730  EA        NOP                             A:01 X:62 Y:00 P:25 SP:F9
8731  CA        DEX                             A:01 X:62 Y:00 P:25 SP:F9
8732  D0 FB     BNE $872F                       A:01 X:61 Y:00 P:25 SP:F9
872F  EA        NOP                             A:01 X:61 Y:00 P:25 SP:F9
8730  EA        NOP                             A:01 X:61 Y:00 P:25 SP:F9
8731  CA        DEX                             A:01 X:61 Y:00 P:25 SP:F9
8732  D0 FB     BNE $872F                       A:01 X:60 Y:00 P:25 SP:F9
872F  EA        NOP                             A:01 X:60 Y:00 P:25 SP:F9
8730  EA        NOP                             A:01 X:60 Y:00 P:25 SP:F9
8731  CA        DEX                             A:01 X:60 Y:00 P:25 SP:F9
8732  D0 FB     BNE $872F                       A:01 X:5F Y:00 P:25 SP:F9
872F  EA        NOP                             A:01 X:5F Y:00 P:25 SP:F9
8730  EA        NOP                             A:01 X:5F Y:00 P:25 SP:F9
8731  CA        DEX                             A:01 X:5F Y:00 P:25 SP:F9
8732  D0 FB     BNE $872F                       A:01 X:5E Y:00 P:25 SP:F9
872F  EA        NOP                             A:01 X:5E Y:00 P:25 SP:F9
8730  EA        NOP                             A:01 X:5E Y:00 P:25 SP:F9
8731  CA        DEX                             A:01 X:5E Y:00 P:25 SP:F9
8732  D0 FB     BNE $872F                       A:01 X:5D Y:00 P:25 SP:F9
872F  EA        NOP                             A:01 X:5D Y:00 P:25 SP:F9
8730  EA        NOP                             A:01 X:5D Y:00 P:25 SP:F9
8731  CA        DEX                             A:01 X:5D Y:00 P:25 SP:F9
8732  D0 FB     BNE $872F                       A:01 X:5C Y:00 P:25 SP:F9
872F  EA        NOP                             A:01 X:5C Y:00 P:25 SP:F9
8730  EA        NOP                             A:01 X:5C Y:00 P:25 SP:F9
8731  CA        DEX                             A:01 X:5C Y:00 P:25 SP:F9
8732  D0 FB     BNE $872F                       A:01 X:5B Y:00 P:25 SP:F9
872F  EA        NOP                             A:01 X:5B Y:00 P:25 SP:F9
8730  EA        NOP                             A:01 X:5B Y:00 P:25 SP:F9
8731  CA        DEX                             A:01 X:5B Y:00 P:25 SP:F9
8732  D0 FB     BNE $872F                       A:01 X:5A Y:00 P:25 SP:F9
872F  EA        NOP                             A:01 X:5A Y:00 P:25 SP:F9
8730  EA        NOP                             A:01 X:5A Y:00 P:25 SP:F9
8731  CA        DEX                             A:01 X:5A Y:00 P:25 SP:F9
8732  D0 FB     BNE $872F                       A:01 X:59 Y:00 P:25 SP:F9
872F  EA        NOP                             A:01 X:59 Y:00 P:25 SP:F9
8730  EA        NOP                             A:01 X:59 Y:00 P:25 SP:F9
8731  CA        DEX                             A:01 X:59 Y:00 P:25 SP:F9
8732  D0 FB     BNE $872F                       A:01 X:58 Y:00 P:25 SP:F9
872F  EA        NOP                             A:01 X:58 Y:00 P:25 SP:F9
8730  EA        NOP                             A:01 X:58 Y:00 P:25 SP:F9
8731  CA        DEX                             A:01 X:58 Y:00 P:25 SP:F9
8732  D0 FB     BNE $872F                       A:01 X:57 Y:00 P:25 SP:F9
872F  EA        NOP                             A:01 X:57 Y:00 P:25 SP:F9
8730  EA        NOP                             A:01 X:57 Y:00 P:25 SP:F9
8731  CA        DEX                             A:01 X:57 Y:00 P:25 SP:F9
8732  D0 FB     BNE $872F                       A:01 X:56 Y:00 P:25 SP:F9
872F  EA        NOP                             A:01 X:56 Y:00 P:25 SP:F9
8730  EA        NOP                             A:01 X:56 Y:00 P:25 SP:F9
8731  CA        DEX                             A:01 X:56 Y:00 P:25 SP:F9
8732  D0 FB     BNE $872F                       A:01 X:55 Y:00 P:25 SP:F9
872F  EA        NOP                             A:01 X:55 Y:00 P:25 SP:F9
8730  EA        NOP                             A:01 X:55 Y:00 P:25 SP:F9
8731  CA        DEX                             A:01 X:55 Y:00 P:25 SP:F9
8732  D0 FB     BNE $872F                       A:01 X:54 Y:00 P:25 SP:F9
872F  EA        NOP                             A:01 X:54 Y:00 P:25 SP:F9
8730  EA        NOP                             A:01 X:54 Y:00 P:25 SP:F9
8731  CA        DEX                             A:01 X:54 Y:00 P:25 SP:F9
8732  D0 FB     BNE $872F                       A:01 X:53 Y:00 P:25 SP:F9
872F  EA        NOP                             A:01 X:53 Y:00 P:25 SP:F9
8730  EA        NOP                             A:01 X:53 Y:00 P:25 SP:F9
8731  CA        DEX                             A:01 X:53 Y:00 P:25 SP:F9
8732  D0 FB     BNE $872F                       A:01 X:52 Y:00 P:25 SP:F9
872F  EA        NOP                             A:01 X:52 Y:00 P:25 SP:F9
8730  EA        NOP                             A:01 X:52 Y:00 P:25 SP:F9
8731  CA        DEX                             A:01 X:52 Y:00 P:25 SP:F9
8732  D0 FB     BNE $872F                       A:01 X:51 Y:00 P:25 SP:F9
872F  EA        NOP                             A:01 X:51 Y:00 P:25 SP:F9
8730  EA        NOP                             A:01 X:51 Y:00 P:25 SP:F9
8731  CA        DEX                             A:01 X:51 Y:00 P:25 SP:F9
8732  D0 FB     BNE $872F                       A:01 X:50 Y:00 P:25 SP:F9
872F  EA        NOP                             A:01 X:50 Y:00 P:25 SP:F9
8730  EA        NOP                             A:01 X:50 Y:00 P:25 SP:F9
8731  CA        DEX                             A:01 X:50 Y:00 P:25 SP:F9
8732  D0 FB     BNE $872F                       A:01 X:4F Y:00 P:25 SP:F9
872F  EA        NOP                             A:01 X:4F Y:00 P:25 SP:F9
8730  EA        NOP                             A:01 X:4F Y:00 P:25 SP:F9
8731  CA        DEX                             A:01 X:4F Y:00 P:25 SP:F9
8732  D0 FB     BNE $872F                       A:01 X:4E Y:00 P:25 SP:F9
872F  EA        NOP                             A:01 X:4E Y:00 P:25 SP:F9
8730  EA        NOP                             A:01 X:4E Y:00 P:25 SP:F9
8731  CA        DEX                             A:01 X:4E Y:00 P:25 SP:F9
8732  D0 FB     BNE $872F                       A:01 X:4D Y:00 P:25 SP:F9
872F  EA        NOP                             A:01 X:4D Y:00 P:25 SP:F9
8730  EA        NOP                             A:01 X:4D Y:00 P:25 SP:F9
8731  CA        DEX                             A:01 X:4D Y:00 P:25 SP:F9
8732  D0 FB     BNE $872F                       A:01 X:4C Y:00 P:25 SP:F9
872F  EA        NOP                             A:01 X:4C Y:00 P:25 SP:F9
8730  EA        NOP                             A:01 X:4C Y:00 P:25 SP:F9
8731  CA        DEX                             A:01 X:4C Y:00 P:25 SP:F9
8732  D0 FB     BNE $872F                       A:01 X:4B Y:00 P:25 SP:F9
872F  EA        NOP                             A:01 X:4B Y:00 P:25 SP:F9
8730  EA        NOP                             A:01 X:4B Y:00 P:25 SP:F9
8731  CA        DEX                             A:01 X:4B Y:00 P:25 SP:F9
8732  D0 FB     BNE $872F                       A:01 X:4A Y:00 P:25 SP:F9
872F  EA        NOP                             A:01 X:4A Y:00 P:25 SP:F9
8730  EA        NOP                             A:01 X:4A Y:00 P:25 SP:F9
8731  CA        DEX                             A:01 X:4A Y:00 P:25 SP:F9
8732  D0 FB     BNE $872F                       A:01 X:49 Y:00 P:25 SP:F9
872F  EA        NOP                             A:01 X:49 Y:00 P:25 SP:F9
8730  EA        NOP                             A:01 X:49 Y:00 P:25 SP:F9
8731  CA        DEX                             A:01 X:49 Y:00 P:25 SP:F9
8732  D0 FB     BNE $872F                       A:01 X:48 Y:00 P:25 SP:F9
872F  EA        NOP                             A:01 X:48 Y:00 P:25 SP:F9
8730  EA        NOP                             A:01 X:48 Y:00 P:25 SP:F9
8731  CA        DEX                             A:01 X:48 Y:00 P:25 SP:F9
8732  D0 FB     BNE $872F                       A:01 X:47 Y:00 P:25 SP:F9
872F  EA        NOP                             A:01 X:47 Y:00 P:25 SP:F9
8730  EA        NOP                             A:01 X:47 Y:00 P:25 SP:F9
8731  CA        DEX                             A:01 X:47 Y:00 P:25 SP:F9
8732  D0 FB     BNE $872F                       A:01 X:46 Y:00 P:25 SP:F9
872F  EA        NOP                             A:01 X:46 Y:00 P:25 SP:F9
8730  EA        NOP                             A:01 X:46 Y:00 P:25 SP:F9
8731  CA        DEX                             A:01 X:46 Y:00 P:25 SP:F9
8732  D0 FB     BNE $872F                       A:01 X:45 Y:00 P:25 SP:F9
872F  EA        NOP                             A:01 X:45 Y:00 P:25 SP:F9
8730  EA        NOP                             A:01 X:45 Y:00 P:25 SP:F9
8731  CA        DEX                             A:01 X:45 Y:00 P:25 SP:F9
8732  D0 FB     BNE $872F                       A:01 X:44 Y:00 P:25 SP:F9
872F  EA        NOP                             A:01 X:44 Y:00 P:25 SP:F9
8730  EA        NOP                             A:01 X:44 Y:00 P:25 SP:F9
8731  CA        DEX                             A:01 X:44 Y:00 P:25 SP:F9
8732  D0 FB     BNE $872F                       A:01 X:43 Y:00 P:25 SP:F9
872F  EA        NOP                             A:01 X:43 Y:00 P:25 SP:F9
8730  EA        NOP                             A:01 X:43 Y:00 P:25 SP:F9
8731  CA        DEX                             A:01 X:43 Y:00 P:25 SP:F9
8732  D0 FB     BNE $872F                       A:01 X:42 Y:00 P:25 SP:F9
872F  EA        NOP                             A:01 X:42 Y:00 P:25 SP:F9
8730  EA        NOP                             A:01 X:42 Y:00 P:25 SP:F9
8731  CA        DEX                             A:01 X:42 Y:00 P:25 SP:F9
8732  D0 FB     BNE $872F                       A:01 X:41 Y:00 P:25 SP:F9
872F  EA        NOP                             A:01 X:41 Y:00 P:25 SP:F9
8730  EA        NOP                             A:01 X:41 Y:00 P:25 SP:F9
8731  CA        DEX                             A:01 X:41 Y:00 P:25 SP:F9
8732  D0 FB     BNE $872F                       A:01 X:40 Y:00 P:25 SP:F9
872F  EA        NOP                             A:01 X:40 Y:00 P:25 SP:F9
8730  EA        NOP                             A:01 X:40 Y:00 P:25 SP:F9
8731  CA        DEX                             A:01 X:40 Y:00 P:25 SP:F9
8732  D0 FB     BNE $872F                       A:01 X:3F Y:00 P:25 SP:F9
872F  EA        NOP                             A:01 X:3F Y:00 P:25 SP:F9
8730  EA        NOP                             A:01 X:3F Y:00 P:25 SP:F9
8731  CA        DEX                             A:01 X:3F Y:00 P:25 SP:F9
8732  D0 FB     BNE $872F                       A:01 X:3E Y:00 P:25 SP:F9
872F  EA        NOP                             A:01 X:3E Y:00 P:25 SP:F9
8730  EA        NOP                             A:01 X:3E Y:00 P:25 SP:F9
8731  CA        DEX                             A:01 X:3E Y:00 P:25 SP:F9
8732  D0 FB     BNE $872F                       A:01 X:3D Y:00 P:25 SP:F9
872F  EA        NOP                             A:01 X:3D Y:00 P:25 SP:F9
8730  EA        NOP                             A:01 X:3D Y:00 P:25 SP:F9
8731  CA        DEX                             A:01 X:3D Y:00 P:25 SP:F9
8732  D0 FB     BNE $872F                       A:01 X:3C Y:00 P:25 SP:F9
872F  EA        NOP                             A:01 X:3C Y:00 P:25 SP:F9
8730  EA        NOP                             A:01 X:3C Y:00 P:25 SP:F9
8731  CA        DEX                             A:01 X:3C Y:00 P:25 SP:F9
8732  D0 FB     BNE $872F                       A:01 X:3B Y:00 P:25 SP:F9
872F  EA        NOP                             A:01 X:3B Y:00 P:25 SP:F9
8730  EA        NOP                             A:01 X:3B Y:00 P:25 SP:F9
8731  CA        DEX                             A:01 X:3B Y:00 P:25 SP:F9
8732  D0 FB     BNE $872F                       A:01 X:3A Y:00 P:25 SP:F9
872F  EA        NOP                             A:01 X:3A Y:00 P:25 SP:F9
8730  EA        NOP                             A:01 X:3A Y:00 P:25 SP:F9
8731  CA        DEX                             A:01 X:3A Y:00 P:25 SP:F9
8732  D0 FB     BNE $872F                       A:01 X:39 Y:00 P:25 SP:F9
872F  EA        NOP                             A:01 X:39 Y:00 P:25 SP:F9
8730  EA        NOP                             A:01 X:39 Y:00 P:25 SP:F9
8731  CA        DEX                             A:01 X:39 Y:00 P:25 SP:F9
8732  D0 FB     BNE $872F                       A:01 X:38 Y:00 P:25 SP:F9
872F  EA        NOP                             A:01 X:38 Y:00 P:25 SP:F9
8730  EA        NOP                             A:01 X:38 Y:00 P:25 SP:F9
8731  CA        DEX                             A:01 X:38 Y:00 P:25 SP:F9
8732  D0 FB     BNE $872F                       A:01 X:37 Y:00 P:25 SP:F9
872F  EA        NOP                             A:01 X:37 Y:00 P:25 SP:F9
8730  EA        NOP                             A:01 X:37 Y:00 P:25 SP:F9
8731  CA        DEX                             A:01 X:37 Y:00 P:25 SP:F9
8732  D0 FB     BNE $872F                       A:01 X:36 Y:00 P:25 SP:F9
872F  EA        NOP                             A:01 X:36 Y:00 P:25 SP:F9
8730  EA        NOP                             A:01 X:36 Y:00 P:25 SP:F9
8731  CA        DEX                             A:01 X:36 Y:00 P:25 SP:F9
8732  D0 FB     BNE $872F                       A:01 X:35 Y:00 P:25 SP:F9
872F  EA        NOP                             A:01 X:35 Y:00 P:25 SP:F9
8730  EA        NOP                             A:01 X:35 Y:00 P:25 SP:F9
8731  CA        DEX                             A:01 X:35 Y:00 P:25 SP:F9
8732  D0 FB     BNE $872F                       A:01 X:34 Y:00 P:25 SP:F9
872F  EA        NOP                             A:01 X:34 Y:00 P:25 SP:F9
8730  EA        NOP                             A:01 X:34 Y:00 P:25 SP:F9
8731  CA        DEX                             A:01 X:34 Y:00 P:25 SP:F9
8732  D0 FB     BNE $872F                       A:01 X:33 Y:00 P:25 SP:F9
872F  EA        NOP                             A:01 X:33 Y:00 P:25 SP:F9
8730  EA        NOP                             A:01 X:33 Y:00 P:25 SP:F9
8731  CA        DEX                             A:01 X:33 Y:00 P:25 SP:F9
8732  D0 FB     BNE $872F                       A:01 X:32 Y:00 P:25 SP:F9
872F  EA        NOP                             A:01 X:32 Y:00 P:25 SP:F9
8730  EA        NOP                             A:01 X:32 Y:00 P:25 SP:F9
8731  CA        DEX                             A:01 X:32 Y:00 P:25 SP:F9
8732  D0 FB     BNE $872F                       A:01 X:31 Y:00 P:25 SP:F9
872F  EA        NOP                             A:01 X:31 Y:00 P:25 SP:F9
8730  EA        NOP                             A:01 X:31 Y:00 P:25 SP:F9
8731  CA        DEX                             A:01 X:31 Y:00 P:25 SP:F9
8732  D0 FB     BNE $872F                       A:01 X:30 Y:00 P:25 SP:F9
872F  EA        NOP                             A:01 X:30 Y:00 P:25 SP:F9
8730  EA        NOP                             A:01 X:30 Y:00 P:25 SP:F9
8731  CA        DEX                             A:01 X:30 Y:00 P:25 SP:F9
8732  D0 FB     BNE $872F                       A:01 X:2F Y:00 P:25 SP:F9
872F  EA        NOP                             A:01 X:2F Y:00 P:25 SP:F9
8730  EA        NOP                             A:01 X:2F Y:00 P:25 SP:F9
8731  CA        DEX                             A:01 X:2F Y:00 P:25 SP:F9
8732  D0 FB     BNE $872F                       A:01 X:2E Y:00 P:25 SP:F9
872F  EA        NOP                             A:01 X:2E Y:00 P:25 SP:F9
8730  EA        NOP                             A:01 X:2E Y:00 P:25 SP:F9
8731  CA        DEX                             A:01 X:2E Y:00 P:25 SP:F9
8732  D0 FB     BNE $872F                       A:01 X:2D Y:00 P:25 SP:F9
872F  EA        NOP                             A:01 X:2D Y:00 P:25 SP:F9
8730  EA        NOP                             A:01 X:2D Y:00 P:25 SP:F9
8731  CA        DEX                             A:01 X:2D Y:00 P:25 SP:F9
8732  D0 FB     BNE $872F                       A:01 X:2C Y:00 P:25 SP:F9
872F  EA        NOP                             A:01 X:2C Y:00 P:25 SP:F9
8730  EA        NOP                             A:01 X:2C Y:00 P:25 SP:F9
8731  CA        DEX                             A:01 X:2C Y:00 P:25 SP:F9
8732  D0 FB     BNE $872F                       A:01 X:2B Y:00 P:25 SP:F9
872F  EA        NOP                             A:01 X:2B Y:00 P:25 SP:F9
8730  EA        NOP                             A:01 X:2B Y:00 P:25 SP:F9
8731  CA        DEX                             A:01 X:2B Y:00 P:25 SP:F9
8732  D0 FB     BNE $872F                       A:01 X:2A Y:00 P:25 SP:F9
872F  EA        NOP                             A:01 X:2A Y:00 P:25 SP:F9
8730  EA        NOP                             A:01 X:2A Y:00 P:25 SP:F9
8731  CA        DEX                             A:01 X:2A Y:00 P:25 SP:F9
8732  D0 FB     BNE $872F                       A:01 X:29 Y:00 P:25 SP:F9
872F  EA        NOP                             A:01 X:29 Y:00 P:25 SP:F9
8730  EA        NOP                             A:01 X:29 Y:00 P:25 SP:F9
8731  CA        DEX                             A:01 X:29 Y:00 P:25 SP:F9
8732  D0 FB     BNE $872F                       A:01 X:28 Y:00 P:25 SP:F9
872F  EA        NOP                             A:01 X:28 Y:00 P:25 SP:F9
8730  EA        NOP                             A:01 X:28 Y:00 P:25 SP:F9
8731  CA        DEX                             A:01 X:28 Y:00 P:25 SP:F9
8732  D0 FB     BNE $872F                       A:01 X:27 Y:00 P:25 SP:F9
872F  EA        NOP                             A:01 X:27 Y:00 P:25 SP:F9
8730  EA        NOP                             A:01 X:27 Y:00 P:25 SP:F9
8731  CA        DEX                             A:01 X:27 Y:00 P:25 SP:F9
8732  D0 FB     BNE $872F                       A:01 X:26 Y:00 P:25 SP:F9
872F  EA        NOP                             A:01 X:26 Y:00 P:25 SP:F9
8730  EA        NOP                             A:01 X:26 Y:00 P:25 SP:F9
8731  CA        DEX                             A:01 X:26 Y:00 P:25 SP:F9
8732  D0 FB     BNE $872F                       A:01 X:25 Y:00 P:25 SP:F9
872F  EA        NOP                             A:01 X:25 Y:00 P:25 SP:F9
8730  EA        NOP                             A:01 X:25 Y:00 P:25 SP:F9
8731  CA        DEX                             A:01 X:25 Y:00 P:25 SP:F9
8732  D0 FB     BNE $872F                       A:01 X:24 Y:00 P:25 SP:F9
872F  EA        NOP                             A:01 X:24 Y:00 P:25 SP:F9
8730  EA        NOP                             A:01 X:24 Y:00 P:25 SP:F9
8731  CA        DEX                             A:01 X:24 Y:00 P:25 SP:F9
8732  D0 FB     BNE $872F                       A:01 X:23 Y:00 P:25 SP:F9
872F  EA        NOP                             A:01 X:23 Y:00 P:25 SP:F9
8730  EA        NOP                             A:01 X:23 Y:00 P:25 SP:F9
8731  CA        DEX                             A:01 X:23 Y:00 P:25 SP:F9
8732  D0 FB     BNE $872F                       A:01 X:22 Y:00 P:25 SP:F9
872F  EA        NOP                             A:01 X:22 Y:00 P:25 SP:F9
8730  EA        NOP                             A:01 X:22 Y:00 P:25 SP:F9
8731  CA        DEX                             A:01 X:22 Y:00 P:25 SP:F9
8732  D0 FB     BNE $872F                       A:01 X:21 Y:00 P:25 SP:F9
872F  EA        NOP                             A:01 X:21 Y:00 P:25 SP:F9
8730  EA        NOP                             A:01 X:21 Y:00 P:25 SP:F9
8731  CA        DEX                             A:01 X:21 Y:00 P:25 SP:F9
8732  D0 FB     BNE $872F                       A:01 X:20 Y:00 P:25 SP:F9
872F  EA        NOP                             A:01 X:20 Y:00 P:25 SP:F9
8730  EA        NOP                             A:01 X:20 Y:00 P:25 SP:F9
8731  CA        DEX                             A:01 X:20 Y:00 P:25 SP:F9
8732  D0 FB     BNE $872F                       A:01 X:1F Y:00 P:25 SP:F9
872F  EA        NOP                             A:01 X:1F Y:00 P:25 SP:F9
8730  EA        NOP                             A:01 X:1F Y:00 P:25 SP:F9
8731  CA        DEX                             A:01 X:1F Y:00 P:25 SP:F9
8732  D0 FB     BNE $872F                       A:01 X:1E Y:00 P:25 SP:F9
872F  EA        NOP                             A:01 X:1E Y:00 P:25 SP:F9
8730  EA        NOP                             A:01 X:1E Y:00 P:25 SP:F9
8731  CA        DEX                             A:01 X:1E Y:00 P:25 SP:F9
8732  D0 FB     BNE $872F                       A:01 X:1D Y:00 P:25 SP:F9
872F  EA        NOP                             A:01 X:1D Y:00 P:25 SP:F9
8730  EA        NOP                             A:01 X:1D Y:00 P:25 SP:F9
8731  CA        DEX                             A:01 X:1D Y:00 P:25 SP:F9
8732  D0 FB     BNE $872F                       A:01 X:1C Y:00 P:25 SP:F9
872F  EA        NOP                             A:01 X:1C Y:00 P:25 SP:F9
8730  EA        NOP                             A:01 X:1C Y:00 P:25 SP:F9
8731  CA        DEX                             A:01 X:1C Y:00 P:25 SP:F9
8732  D0 FB     BNE $872F                       A:01 X:1B Y:00 P:25 SP:F9
872F  EA        NOP                             A:01 X:1B Y:00 P:25 SP:F9
8730  EA        NOP                             A:01 X:1B Y:00 P:25 SP:F9
8731  CA        DEX                             A:01 X:1B Y:00 P:25 SP:F9
8732  D0 FB     BNE $872F                       A:01 X:1A Y:00 P:25 SP:F9
872F  EA        NOP                             A:01 X:1A Y:00 P:25 SP:F9
8730  EA        NOP                             A:01 X:1A Y:00 P:25 SP:F9
8731  CA        DEX                             A:01 X:1A Y:00 P:25 SP:F9
8732  D0 FB     BNE $872F                       A:01 X:19 Y:00 P:25 SP:F9
872F  EA        NOP                             A:01 X:19 Y:00 P:25 SP:F9
8730  EA        NOP                             A:01 X:19 Y:00 P:25 SP:F9
8731  CA        DEX                             A:01 X:19 Y:00 P:25 SP:F9
8732  D0 FB     BNE $872F                       A:01 X:18 Y:00 P:25 SP:F9
872F  EA        NOP                             A:01 X:18 Y:00 P:25 SP:F9
8730  EA        NOP                             A:01 X:18 Y:00 P:25 SP:F9
8731  CA        DEX                             A:01 X:18 Y:00 P:25 SP:F9
8732  D0 FB     BNE $872F                       A:01 X:17 Y:00 P:25 SP:F9
872F  EA        NOP                             A:01 X:17 Y:00 P:25 SP:F9
8730  EA        NOP                             A:01 X:17 Y:00 P:25 SP:F9
8731  CA        DEX                             A:01 X:17 Y:00 P:25 SP:F9
8732  D0 FB     BNE $872F                       A:01 X:16 Y:00 P:25 SP:F9
872F  EA        NOP                             A:01 X:16 Y:00 P:25 SP:F9
8730  EA        NOP                             A:01 X:16 Y:00 P:25 SP:F9
8731  CA        DEX                             A:01 X:16 Y:00 P:25 SP:F9
8732  D0 FB     BNE $872F                       A:01 X:15 Y:00 P:25 SP:F9
872F  EA        NOP                             A:01 X:15 Y:00 P:25 SP:F9
8730  EA        NOP                             A:01 X:15 Y:00 P:25 SP:F9
8731  CA        DEX                             A:01 X:15 Y:00 P:25 SP:F9
8732  D0 FB     BNE $872F                       A:01 X:14 Y:00 P:25 SP:F9
872F  EA        NOP                             A:01 X:14 Y:00 P:25 SP:F9
8730  EA        NOP                             A:01 X:14 Y:00 P:25 SP:F9
8731  CA        DEX                             A:01 X:14 Y:00 P:25 SP:F9
8732  D0 FB     BNE $872F                       A:01 X:13 Y:00 P:25 SP:F9
872F  EA        NOP                             A:01 X:13 Y:00 P:25 SP:F9
8730  EA        NOP                             A:01 X:13 Y:00 P:25 SP:F9
8731  CA        DEX                             A:01 X:13 Y:00 P:25 SP:F9
8732  D0 FB     BNE $872F                       A:01 X:12 Y:00 P:25 SP:F9
872F  EA        NOP                             A:01 X:12 Y:00 P:25 SP:F9
8730  EA        NOP                             A:01 X:12 Y:00 P:25 SP:F9
8731  CA        DEX                             A:01 X:12 Y:00 P:25 SP:F9
8732  D0 FB     BNE $872F                       A:01 X:11 Y:00 P:25 SP:F9
872F  EA        NOP                             A:01 X:11 Y:00 P:25 SP:F9
8730  EA        NOP                             A:01 X:11 Y:00 P:25 SP:F9
8731  CA        DEX                             A:01 X:11 Y:00 P:25 SP:F9
8732  D0 FB     BNE $872F                       A:01 X:10 Y:00 P:25 SP:F9
872F  EA        NOP                             A:01 X:10 Y:00 P:25 SP:F9
8730  EA        NOP                             A:01 X:10 Y:00 P:25 SP:F9
8731  CA        DEX                             A:01 X:10 Y:00 P:25 SP:F9
8732  D0 FB     BNE $872F                       A:01 X:0F Y:00 P:25 SP:F9
872F  EA        NOP                             A:01 X:0F Y:00 P:25 SP:F9
8730  EA        NOP                             A:01 X:0F Y:00 P:25 SP:F9
8731  CA        DEX                             A:01 X:0F Y:00 P:25 SP:F9
8732  D0 FB     BNE $872F                       A:01 X:0E Y:00 P:25 SP:F9
872F  EA        NOP                             A:01 X:0E Y:00 P:25 SP:F9
8730  EA        NOP                             A:01 X:0E Y:00 P:25 SP:F9
8731  CA        DEX                             A:01 X:0E Y:00 P:25 SP:F9
8732  D0 FB     BNE $872F                       A:01 X:0D Y:00 P:25 SP:F9
872F  EA        NOP                             A:01 X:0D Y:00 P:25 SP:F9
8730  EA        NOP                             A:01 X:0D Y:00 P:25 SP:F9
8731  CA        DEX                             A:01 X:0D Y:00 P:25 SP:F9
8732  D0 FB     BNE $872F                       A:01 X:0C Y:00 P:25 SP:F9
872F  EA        NOP                             A:01 X:0C Y:00 P:25 SP:F9
8730  EA        NOP                             A:01 X:0C Y:00 P:25 SP:F9
8731  CA        DEX                             A:01 X:0C Y:00 P:25 SP:F9
8732  D0 FB     BNE $872F                       A:01 X:0B Y:00 P:25 SP:F9
872F  EA        NOP                             A:01 X:0B Y:00 P:25 SP:F9
8730  EA        NOP                             A:01 X:0B Y:00 P:25 SP:F9
8731  CA        DEX                             A:01 X:0B Y:00 P:25 SP:F9
8732  D0 FB     BNE $872F                       A:01 X:0A Y:00 P:25 SP:F9
872F  EA        NOP                             A:01 X:0A Y:00 P:25 SP:F9
8730  EA        NOP                             A:01 X:0A Y:00 P:25 SP:F9
8731  CA        DEX                             A:01 X:0A Y:00 P:25 SP:F9
8732  D0 FB     BNE $872F                       A:01 X:09 Y:00 P:25 SP:F9
872F  EA        NOP                             A:01 X:09 Y:00 P:25 SP:F9
8730  EA        NOP                             A:01 X:09 Y:00 P:25 SP:F9
8731  CA        DEX                             A:01 X:09 Y:00 P:25 SP:F9
8732  D0 FB     BNE $872F                       A:01 X:08 Y:00 P:25 SP:F9
872F  EA        NOP                             A:01 X:08 Y:00 P:25 SP:F9
8730  EA        NOP                             A:01 X:08 Y:00 P:25 SP:F9
8731  CA        DEX                             A:01 X:08 Y:00 P:25 SP:F9
8732  D0 FB     BNE $872F                       A:01 X:07 Y:00 P:25 SP:F9
872F  EA        NOP                             A:01 X:07 Y:00 P:25 SP:F9
8730  EA        NOP                             A:01 X:07 Y:00 P:25 SP:F9
8731  CA        DEX                             A:01 X:07 Y:00 P:25 SP:F9
8732  D0 FB     BNE $872F                       A:01 X:06 Y:00 P:25 SP:F9
872F  EA        NOP                             A:01 X:06 Y:00 P:25 SP:F9
8730  EA        NOP                             A:01 X:06 Y:00 P:25 SP:F9
8731  CA        DEX                             A:01 X:06 Y:00 P:25 SP:F9
8732  D0 FB     BNE $872F                       A:01 X:05 Y:00 P:25 SP:F9
872F  EA        NOP                             A:01 X:05 Y:00 P:25 SP:F9
8730  EA        NOP                             A:01 X:05 Y:00 P:25 SP:F9
8731  CA        DEX                             A:01 X:05 Y:00 P:25 SP:F9
8732  D0 FB     BNE $872F                       A:01 X:04 Y:00 P:25 SP:F9
872F  EA        NOP                             A:01 X:04 Y:00 P:25 SP:F9
8730  EA        NOP                             A:01 X:04 Y:00 P:25 SP:F9
8731  CA        DEX                             A:01 X:04 Y:00 P:25 SP:F9
8732  D0 FB     BNE $872F                       A:01 X:03 Y:00 P:25 SP:F9
872F  EA        NOP                             A:01 X:03 Y:00 P:25 SP:F9
8730  EA        NOP                             A:01 X:03 Y:00 P:25 SP:F9
8731  CA        DEX                             A:01 X:03 Y:00 P:25 SP:F9
8732  D0 FB     BNE $872F                       A:01 X:02 Y:00 P:25 SP:F9
872F  EA        NOP                             A:01 X:02 Y:00 P:25 SP:F9
8730  EA        NOP                             A:01 X:02 Y:00 P:25 SP:F9
8731  CA        DEX                             A:01 X:02 Y:00 P:25 SP:F9
8732  D0 FB     BNE $872F                       A:01 X:01 Y:00 P:25 SP:F9
872F  EA        NOP                             A:01 X:01 Y:00 P:25 SP:F9
8730  EA        NOP                             A:01 X:01 Y:00 P:25 SP:F9
8731  CA        DEX                             A:01 X:01 Y:00 P:25 SP:F9
8732  D0 FB     BNE $872F                       A:01 X:00 Y:00 P:27 SP:F9
8734  60        RTS                             A:01 X:00 Y:00 P:27 SP:F9
864A  4C 38 86  JMP $8638                       A:01 X:00 Y:00 P:27 SP:FB
8638  20 4D 86  JSR $864D                       A:01 X:00 Y:00 P:27 SP:FB
864D  A5 FF     LDA $FF = 00                    A:01 X:00 Y:00 P:27 SP:F9
864F  C9 77     CMP #$77                        A:00 X:00 Y:00 P:27 SP:F9
8651  F0 0D     BEQ $8660                       A:00 X:00 Y:00 P:A4 SP:F9
8653  C9 64     CMP #$64                        A:00 X:00 Y:00 P:A4 SP:F9
8655  F0 14     BEQ $866B                       A:00 X:00 Y:00 P:A4 SP:F9
8657  C9 73     CMP #$73                        A:00 X:00 Y:00 P:A4 SP:F9
8659  F0 1B     BEQ $8676                       A:00 X:00 Y:00 P:A4 SP:F9
865B  C9 61     CMP #$61                        A:00 X:00 Y:00 P:A4 SP:F9
865D  F0 22     BEQ $8681                       A:00 X:00 Y:00 P:A4 SP:F9
865F  60        RTS                             A:00 X:00 Y:00 P:A4 SP:F9
863B  20 8D 86  JSR $868D                       A:00 X:00 Y:00 P:A4 SP:FB
868D  20 94 86  JSR $8694                       A:00 X:00 Y:00 P:A4 SP:F9
8694  A5 00     LDA $00 = 00                    A:00 X:00 Y:00 P:A4 SP:F7
8696  C5 10     CMP $10 = 19                    A:00 X:00 Y:00 P:26 SP:F7
8698  D0 0D     BNE $86A7                       A:00 X:00 Y:00 P:A4 SP:F7
86A7  60        RTS                             A:00 X:00 Y:00 P:A4 SP:F7
8690  20 A8 86  JSR $86A8                       A:00 X:00 Y:00 P:A4 SP:F9
86A8  A2 02     LDX #$02                        A:00 X:00 Y:00 P:A4 SP:F7
86AA  B5 10     LDA $10,X @ 12 = 18             A:00 X:02 Y:00 P:24 SP:F7
86AC  C5 10     CMP $10 = 19                    A:18 X:02 Y:00 P:24 SP:F7
86AE  D0 06     BNE $86B6                       A:18 X:02 Y:00 P:A4 SP:F7
86B6  E8        INX                             A:18 X:02 Y:00 P:A4 SP:F7
86B7  E8        INX                             A:18 X:03 Y:00 P:24 SP:F7
86B8  E4 03     CPX $03 = 06                    A:18 X:04 Y:00 P:24 SP:F7
86BA  F0 06     BEQ $86C2                       A:18 X:04 Y:00 P:A4 SP:F7
86BC  4C AA 86  JMP $86AA                       A:18 X:04 Y:00 P:A4 SP:F7
86AA  B5 10     LDA $10,X @ 14 = 17             A:18 X:04 Y:00 P:A4 SP:F7
86AC  C5 10     CMP $10 = 19                    A:17 X:04 Y:00 P:24 SP:F7
86AE  D0 06     BNE $86B6                       A:17 X:04 Y:00 P:A4 SP:F7
86B6  E8        INX                             A:17 X:04 Y:00 P:A4 SP:F7
86B7  E8        INX                             A:17 X:05 Y:00 P:24 SP:F7
86B8  E4 03     CPX $03 = 06                    A:17 X:06 Y:00 P:24 SP:F7
86BA  F0 06     BEQ $86C2                       A:17 X:06 Y:00 P:27 SP:F7
86C2  60        RTS                             A:17 X:06 Y:00 P:27 SP:F7
8693  60        RTS                             A:17 X:06 Y:00 P:27 SP:F9
863E  20 C3 86  JSR $86C3                       A:17 X:06 Y:00 P:27 SP:FB
86C3  A6 03     LDX $03 = 06                    A:17 X:06 Y:00 P:27 SP:F9
86C5  CA        DEX                             A:17 X:06 Y:00 P:25 SP:F9
86C6  8A        TXA                             A:17 X:05 Y:00 P:25 SP:F9
86C7  B5 10     LDA $10,X @ 15 = 04             A:05 X:05 Y:00 P:25 SP:F9
86C9  95 12     STA $12,X @ 17 = 04             A:04 X:05 Y:00 P:25 SP:F9
86CB  CA        DEX                             A:04 X:05 Y:00 P:25 SP:F9
86CC  10 F9     BPL $86C7                       A:04 X:04 Y:00 P:25 SP:F9
86C7  B5 10     LDA $10,X @ 14 = 17             A:04 X:04 Y:00 P:25 SP:F9
86C9  95 12     STA $12,X @ 16 = 16             A:17 X:04 Y:00 P:25 SP:F9
86CB  CA        DEX                             A:17 X:04 Y:00 P:25 SP:F9
86CC  10 F9     BPL $86C7                       A:17 X:03 Y:00 P:25 SP:F9
86C7  B5 10     LDA $10,X @ 13 = 04             A:17 X:03 Y:00 P:25 SP:F9
86C9  95 12     STA $12,X @ 15 = 04             A:04 X:03 Y:00 P:25 SP:F9
86CB  CA        DEX                             A:04 X:03 Y:00 P:25 SP:F9
86CC  10 F9     BPL $86C7                       A:04 X:02 Y:00 P:25 SP:F9
86C7  B5 10     LDA $10,X @ 12 = 18             A:04 X:02 Y:00 P:25 SP:F9
86C9  95 12     STA $12,X @ 14 = 17             A:18 X:02 Y:00 P:25 SP:F9
86CB  CA        DEX                             A:18 X:02 Y:00 P:25 SP:F9
86CC  10 F9     BPL $86C7                       A:18 X:01 Y:00 P:25 SP:F9
86C7  B5 10     LDA $10,X @ 11 = 04             A:18 X:01 Y:00 P:25 SP:F9
86C9  95 12     STA $12,X @ 13 = 04             A:04 X:01 Y:00 P:25 SP:F9
86CB  CA        DEX                             A:04 X:01 Y:00 P:25 SP:F9
86CC  10 F9     BPL $86C7                       A:04 X:00 Y:00 P:27 SP:F9
86C7  B5 10     LDA $10,X @ 10 = 19             A:04 X:00 Y:00 P:27 SP:F9
86C9  95 12     STA $12,X @ 12 = 18             A:19 X:00 Y:00 P:25 SP:F9
86CB  CA        DEX                             A:19 X:00 Y:00 P:25 SP:F9
86CC  10 F9     BPL $86C7                       A:19 X:FF Y:00 P:A5 SP:F9
86CE  A5 02     LDA $02 = 02                    A:19 X:FF Y:00 P:A5 SP:F9
86D0  4A        LSR A                           A:02 X:FF Y:00 P:25 SP:F9
86D1  B0 09     BCS $86DC                       A:01 X:FF Y:00 P:24 SP:F9
86D3  4A        LSR A                           A:01 X:FF Y:00 P:24 SP:F9
86D4  B0 19     BCS $86EF                       A:00 X:FF Y:00 P:27 SP:F9
86EF  E6 10     INC $10 = 19                    A:00 X:FF Y:00 P:27 SP:F9
86F1  A9 1F     LDA #$1F                        A:00 X:FF Y:00 P:25 SP:F9
86F3  24 10     BIT $10 = 1A                    A:1F X:FF Y:00 P:25 SP:F9
86F5  F0 1F     BEQ $8716                       A:1F X:FF Y:00 P:25 SP:F9
86F7  60        RTS                             A:1F X:FF Y:00 P:25 SP:F9
8641  20 19 87  JSR $8719                       A:1F X:FF Y:00 P:25 SP:FB
8719  A0 00     LDY #$00                        A:1F X:FF Y:00 P:25 SP:F9
871B  A5 FE     LDA $FE = 00                    A:1F X:FF Y:00 P:27 SP:F9
871D  91 00     STA ($00),Y = 0200 @ 0200 = 00  A:00 X:FF Y:00 P:27 SP:F9
871F  60        RTS                             A:00 X:FF Y:00 P:27 SP:F9
8644  20 20 87  JSR $8720                       A:00 X:FF Y:00 P:27 SP:FB
8720  A6 03     LDX $03 = 06                    A:00 X:FF Y:00 P:27 SP:F9
8722  A9 00     LDA #$00                        A:00 X:06 Y:00 P:25 SP:F9
8724  81 10     STA ($10,X) @ 16 = 0417 = 01    A:00 X:06 Y:00 P:27 SP:F9
8726  A2 00     LDX #$00                        A:00 X:06 Y:00 P:27 SP:F9
8728  A9 01     LDA #$01                        A:00 X:00 Y:00 P:27 SP:F9
872A  81 10     STA ($10,X) @ 10 = 041A = 00    A:01 X:00 Y:00 P:25 SP:F9
872C  60        RTS                             A:01 X:00 Y:00 P:25 SP:F9
8647  20 2D 87  JSR $872D                       A:01 X:00 Y:00 P:25 SP:FB
872D  A2 00     LDX #$00                        A:01 X:00 Y:00 P:25 SP:F9
872F  EA        NOP                             A:01 X:00 Y:00 P:27 SP:F9
8730  EA        NOP                             A:01 X:00 Y:00 P:27 SP:F9
8731  CA        DEX                             A:01 X:00 Y:00 P:27 SP:F9
8732  D0 FB     BNE $872F                       A:01 X:FF Y:00 P:A5 SP:F9
872F  EA        NOP                             A:01 X:FF Y:00 P:A5 SP:F9
8730  EA        NOP                             A:01 X:FF Y:00 P:A5 SP:F9
8731  CA        DEX                             A:01 X:FF Y:00 P:A5 SP:F9
8732  D0 FB     BNE $872F                       A:01 X:FE Y:00 P:A5 SP:F9
872F  EA        NOP                             A:01 X:FE Y:00 P:A5 SP:F9
8730  EA        NOP                             A:01 X:FE Y:00 P:A5 SP:F9
8731  CA        DEX                             A:01 X:FE Y:00 P:A5 SP:F9
8732  D0 FB     BNE $872F                       A:01 X:FD Y:00 P:A5 SP:F9
872F  EA        NOP                             A:01 X:FD Y:00 P:A5 SP:F9
8730  EA        NOP                             A:01 X:FD Y:00 P:A5 SP:F9
8731  CA        DEX                             A:01 X:FD Y:00 P:A5 SP:F9
8732  D0 FB     BNE $872F                       A:01 X:FC Y:00 P:A5 SP:F9
872F  EA        NOP                             A:01 X:FC Y:00 P:A5 SP:F9
8730  EA        NOP                             A:01 X:FC Y:00 P:A5 SP:F9
8731  CA        DEX                             A:01 X:FC Y:00 P:A5 SP:F9
8732  D0 FB     BNE $872F                       A:01 X:FB Y:00 P:A5 SP:F9
872F  EA        NOP                             A:01 X:FB Y:00 P:A5 SP:F9
8730  EA        NOP                             A:01 X:FB Y:00 P:A5 SP:F9
8731  CA        DEX                             A:01 X:FB Y:00 P:A5 SP:F9
8732  D0 FB     BNE $872F                       A:01 X:FA Y:00 P:A5 SP:F9
872F  EA        NOP                             A:01 X:FA Y:00 P:A5 SP:F9
8730  EA        NOP                             A:01 X:FA Y:00 P:A5 SP:F9
8731  CA        DEX                             A:01 X:FA Y:00 P:A5 SP:F9
8732  D0 FB     BNE $872F                       A:01 X:F9 Y:00 P:A5 SP:F9
872F  EA        NOP                             A:01 X:F9 Y:00 P:A5 SP:F9
8730  EA        NOP                             A:01 X:F9 Y:00 P:A5 SP:F9
8731  CA        DEX                             A:01 X:F9 Y:00 P:A5 SP:F9
8732  D0 FB     BNE $872F                       A:01 X:F8 Y:00 P:A5 SP:F9
872F  EA        NOP                             A:01 X:F8 Y:00 P:A5 SP:F9
8730  EA        NOP                             A:01 X:F8 Y:00 P:A5 SP:F9
8731  CA        DEX                             A:01 X:F8 Y:00 P:A5 SP:F9
8732  D0 FB     BNE $872F                       A:01 X:F7 Y:00 P:A5 SP:F9
872F  EA        NOP                             A:01 X:F7 Y:00 P:A5 SP:F9
8730  EA        NOP                             A:01 X:F7 Y:00 P:A5 SP:F9
8731  CA        DEX                             A:01 X:F7 Y:00 P:A5 SP:F9
8732  D0 FB     BNE $872F                       A:01 X:F6 Y:00 P:A5 SP:F9
872F  EA        NOP                             A:01 X:F6 Y:00 P:A5 SP:F9
8730  EA        NOP                             A:01 X:F6 Y:00 P:A5 SP:F9
8731  CA        DEX                             A:01 X:F6 Y:00 P:A5 SP:F9
8732  D0 FB     BNE $872F                       A:01 X:F5 Y:00 P:A5 SP:F9
872F  EA        NOP                             A:01 X:F5 Y:00 P:A5 SP:F9
8730  EA        NOP                             A:01 X:F5 Y:00 P:A5 SP:F9
8731  CA        DEX                             A:01 X:F5 Y:00 P:A5 SP:F9
8732  D0 FB     BNE $872F                       A:01 X:F4 Y:00 P:A5 SP:F9
872F  EA        NOP                             A:01 X:F4 Y:00 P:A5 SP:F9
8730  EA        NOP                             A:01 X:F4 Y:00 P:A5 SP:F9
8731  CA        DEX                             A:01 X:F4 Y:00 P:A5 SP:F9
8732  D0 FB     BNE $872F                       A:01 X:F3 Y:00 P:A5 SP:F9
872F  EA        NOP                             A:01 X:F3 Y:00 P:A5 SP:F9
8730  EA        NOP                             A:01 X:F3 Y:00 P:A5 SP:F9
8731  CA        DEX                             A:01 X:F3 Y:00 P:A5 SP:F9
8732  D0 FB     BNE $872F                       A:01 X:F2 Y:00 P:A5 SP:F9
872F  EA        NOP                             A:01 X:F2 Y:00 P:A5 SP:F9
8730  EA        NOP                             A:01 X:F2 Y:00 P:A5 SP:F9
8731  CA        DEX                             A:01 X:F2 Y:00 P:A5 SP:F9
8732  D0 FB     BNE $872F                       A:01 X:F1 Y:00 P:A5 SP:F9
872F  EA        NOP                             A:01 X:F1 Y:00 P:A5 SP:F9
8730  EA        NOP                             A:01 X:F1 Y:00 P:A5 SP:F9
8731  CA        DEX                             A:01 X:F1 Y:00 P:A5 SP:F9
8732  D0 FB     BNE $872F                       A:01 X:F0 Y:00 P:A5 SP:F9
872F  EA        NOP                             A:01 X:F0 Y:00 P:A5 SP:F9
8730  EA        NOP                             A:01 X:F0 Y:00 P:A5 SP:F9
8731  CA        DEX                             A:01 X:F0 Y:00 P:A5 SP:F9
8732  D0 FB     BNE $872F                       A:01 X:EF Y:00 P:A5 SP:F9
872F  EA        NOP                             A:01 X:EF Y:00 P:A5 SP:F9
8730  EA        NOP                             A:01 X:EF Y:00 P:A5 SP:F9
8731  CA        DEX                             A:01 X:EF Y:00 P:A5 SP:F9
8732  D0 FB     BNE $872F                       A:01 X:EE Y:00 P:A5 SP:F9
872F  EA        NOP                             A:01 X:EE Y:00 P:A5 SP:F9
8730  EA        NOP                             A:01 X:EE Y:00 P:A5 SP:F9
8731  CA        DEX                             A:01 X:EE Y:00 P:A5 SP:F9
8732  D0 FB     BNE $872F                       A:01 X:ED Y:00 P:A5 SP:F9
872F  EA        NOP                             A:01 X:ED Y:00 P:A5 SP:F9
8730  EA        NOP                             A:01 X:ED Y:00 P:A5 SP:F9
8731  CA        DEX                             A:01 X:ED Y:00 P:A5 SP:F9
8732  D0 FB     BNE $872F                       A:01 X:EC Y:00 P:A5 SP:F9
872F  EA        NOP                             A:01 X:EC Y:00 P:A5 SP:F9
8730  EA        NOP                             A:01 X:EC Y:00 P:A5 SP:F9
8731  CA        DEX                             A:01 X:EC Y:00 P:A5 SP:F9
8732  D0 FB     BNE $872F                       A:01 X:EB Y:00 P:A5 SP:F9
872F  EA        NOP                             A:01 X:EB Y:00 P:A5 SP:F9
8730  EA        NOP                             A:01 X:EB Y:00 P:A5 SP:F9
8731  CA        DEX                             A:01 X:EB Y:00 P:A5 SP:F9
8732  D0 FB     BNE $872F                       A:01 X:EA Y:00 P:A5 SP:F9
872F  EA        NOP                             A:01 X:EA Y:00 P:A5 SP:F9
8730  EA        NOP                             A:01 X:EA Y:00 P:A5 SP:F9
8731  CA        DEX                             A:01 X:EA Y:00 P:A5 SP:F9
8732  D0 FB     BNE $872F                       A:01 X:E9 Y:00 P:A5 SP:F9
872F  EA        NOP                             A:01 X:E9 Y:00 P:A5 SP:F9
8730  EA        NOP                             A:01 X:E9 Y:00 P:A5 SP:F9
8731  CA        DEX                             A:01 X:E9 Y:00 P:A5 SP:F9
8732  D0 FB     BNE $872F                       A:01 X:E8 Y:00 P:A5 SP:F9
872F  EA        NOP                             A:01 X:E8 Y:00 P:A5 SP:F9
8730  EA        NOP                             A:01 X:E8 Y:00 P:A5 SP:F9
8731  CA        DEX                             A:01 X:E8 Y:00 P:A5 SP:F9
8732  D0 FB     BNE $872F                       A:01 X:E7 Y:00 P:A5 SP:F9
872F  EA        NOP                             A:01 X:E7 Y:00 P:A5 SP:F9
8730  EA        NOP                             A:01 X:E7 Y:00 P:A5 SP:F9
8731  CA        DEX                             A:01 X:E7 Y:00 P:A5 SP:F9
8732  D0 FB     BNE $872F                       A:01 X:E6 Y:00 P:A5 SP:F9
872F  EA        NOP                             A:01 X:E6 Y:00 P:A5 SP:F9
8730  EA        NOP                             A:01 X:E6 Y:00 P:A5 SP:F9
8731  CA        DEX                             A:01 X:E6 Y:00 P:A5 SP:F9
8732  D0 FB     BNE $872F                       A:01 X:E5 Y:00 P:A5 SP:F9
872F  EA        NOP                             A:01 X:E5 Y:00 P:A5 SP:F9
8730  EA        NOP                             A:01 X:E5 Y:00 P:A5 SP:F9
8731  CA        DEX                             A:01 X:E5 Y:00 P:A5 SP:F9
8732  D0 FB     BNE $872F                       A:01 X:E4 Y:00 P:A5 SP:F9
872F  EA        NOP                             A:01 X:E4 Y:00 P:A5 SP:F9
8730  EA        NOP                             A:01 X:E4 Y:00 P:A5 SP:F9
8731  CA        DEX                             A:01 X:E4 Y:00 P:A5 SP:F9
8732  D0 FB     BNE $872F                       A:01 X:E3 Y:00 P:A5 SP:F9
872F  EA        NOP                             A:01 X:E3 Y:00 P:A5 SP:F9
8730  EA        NOP                             A:01 X:E3 Y:00 P:A5 SP:F9
8731  CA        DEX                             A:01 X:E3 Y:00 P:A5 SP:F9
8732  D0 FB     BNE $872F                       A:01 X:E2 Y:00 P:A5 SP:F9
872F  EA        NOP                             A:01 X:E2 Y:00 P:A5 SP:F9
8730  EA        NOP                             A:01 X:E2 Y:00 P:A5 SP:F9
8731  CA        DEX                             A:01 X:E2 Y:00 P:A5 SP:F9
8732  D0 FB     BNE $872F                       A:01 X:E1 Y:00 P:A5 SP:F9
872F  EA        NOP                             A:01 X:E1 Y:00 P:A5 SP:F9
8730  EA        NOP                             A:01 X:E1 Y:00 P:A5 SP:F9
8731  CA        DEX                             A:01 X:E1 Y:00 P:A5 SP:F9
8732  D0 FB     BNE $872F                       A:01 X:E0 Y:00 P:A5 SP:F9
872F  EA        NOP                             A:01 X:E0 Y:00 P:A5 SP:F9
8730  EA        NOP                             A:01 X:E0 Y:00 P:A5 SP:F9
8731  CA        DEX                             A:01 X:E0 Y:00 P:A5 SP:F9
8732  D0 FB     BNE $872F                       A:01 X:DF Y:00 P:A5 SP:F9
872F  EA        NOP                             A:01 X:DF Y:00 P:A5 SP:F9
8730  EA        NOP                             A:01 X:DF Y:00 P:A5 SP:F9
8731  CA        DEX                             A:01 X:DF Y:00 P:A5 SP:F9
8732  D0 FB     BNE $872F                       A:01 X:DE Y:00 P:A5 SP:F9
872F  EA        NOP                             A:01 X:DE Y:00 P:A5 SP:F9
8730  EA        NOP                             A:01 X:DE Y:00 P:A5 SP:F9
8731  CA        DEX                             A:01 X:DE Y:00 P:A5 SP:F9
8732  D0 FB     BNE $872F                       A:01 X:DD Y:00 P:A5 SP:F9
872F  EA        NOP                             A:01 X:DD Y:00 P:A5 SP:F9
8730  EA        NOP                             A:01 X:DD Y:00 P:A5 SP:F9
8731  CA        DEX                             A:01 X:DD Y:00 P:A5 SP:F9
8732  D0 FB     BNE $872F                       A:01 X:DC Y:00 P:A5 SP:F9
872F  EA        NOP                             A:01 X:DC Y:00 P:A5 SP:F9
8730  EA        NOP                             A:01 X:DC Y:00 P:A5 SP:F9
8731  CA        DEX                             A:01 X:DC Y:00 P:A5 SP:F9
8732  D0 FB     BNE $872F                       A:01 X:DB Y:00 P:A5 SP:F9
872F  EA        NOP                             A:01 X:DB Y:00 P:A5 SP:F9
8730  EA        NOP                             A:01 X:DB Y:00 P:A5 SP:F9
8731  CA        DEX                             A:01 X:DB Y:00 P:A5 SP:F9
8732  D0 FB     BNE $872F                       A:01 X:DA Y:00 P:A5 SP:F9
872F  EA        NOP                             A:01 X:DA Y:00 P:A5 SP:F9
8730  EA        NOP                             A:01 X:DA Y:00 P:A5 SP:F9
8731  CA        DEX                             A:01 X:DA Y:00 P:A5 SP:F9
8732  D0 FB     BNE $872F                       A:01 X:D9 Y:00 P:A5 SP:F9
872F  EA        NOP                             A:01 X:D9 Y:00 P:A5 SP:F9
8730  EA        NOP                             A:01 X:D9 Y:00 P:A5 SP:F9
8731  CA        DEX                             A:01 X:D9 Y:00 P:A5 SP:F9
8732  D0 FB     BNE $872F                       A:01 X:D8 Y:00 P:A5 SP:F9
872F  EA        NOP                             A:01 X:D8 Y:00 P:A5 SP:F9
8730  EA        NOP                             A:01 X:D8 Y:00 P:A5 SP:F9
8731  CA        DEX                             A:01 X:D8 Y:00 P:A5 SP:F9
8732  D0 FB     BNE $872F                       A:01 X:D7 Y:00 P:A5 SP:F9
872F  EA        NOP                             A:01 X:D7 Y:00 P:A5 SP:F9
8730  EA        NOP                             A:01 X:D7 Y:00 P:A5 SP:F9
8731  CA        DEX                             A:01 X:D7 Y:00 P:A5 SP:F9
8732  D0 FB     BNE $872F                       A:01 X:D6 Y:00 P:A5 SP:F9
872F  EA        NOP                             A:01 X:D6 Y:00 P:A5 SP:F9
8730  EA        NOP                             A:01 X:D6 Y:00 P:A5 SP:F9
8731  CA        DEX                             A:01 X:D6 Y:00 P:A5 SP:F9
8732  D0 FB     BNE $872F                       A:01 X:D5 Y:00 P:A5 SP:F9
872F  EA        NOP                             A:01 X:D5 Y:00 P:A5 SP:F9
8730  EA        NOP                             A:01 X:D5 Y:00 P:A5 SP:F9
8731  CA        DEX                             A:01 X:D5 Y:00 P:A5 SP:F9
8732  D0 FB     BNE $872F                       A:01 X:D4 Y:00 P:A5 SP:F9
872F  EA        NOP                             A:01 X:D4 Y:00 P:A5 SP:F9
8730  EA        NOP                             A:01 X:D4 Y:00 P:A5 SP:F9
8731  CA        DEX                             A:01 X:D4 Y:00 P:A5 SP:F9
8732  D0 FB     BNE $872F                       A:01 X:D3 Y:00 P:A5 SP:F9
872F  EA        NOP                             A:01 X:D3 Y:00 P:A5 SP:F9
8730  EA        NOP                             A:01 X:D3 Y:00 P:A5 SP:F9
8731  CA        DEX                             A:01 X:D3 Y:00 P:A5 SP:F9
8732  D0 FB     BNE $872F                       A:01 X:D2 Y:00 P:A5 SP:F9
872F  EA        NOP                             A:01 X:D2 Y:00 P:A5 SP:F9
8730  EA        NOP                             A:01 X:D2 Y:00 P:A5 SP:F9
8731  CA        DEX                             A:01 X:D2 Y:00 P:A5 SP:F9
8732  D0 FB     BNE $872F                       A:01 X:D1 Y:00 P:A5 SP:F9
872F  EA        NOP                             A:01 X:D1 Y:00 P:A5 SP:F9
8730  EA        NOP                             A:01 X:D1 Y:00 P:A5 SP:F9
8731  CA        DEX                             A:01 X:D1 Y:00 P:A5 SP:F9
8732  D0 FB     BNE $872F                       A:01 X:D0 Y:00 P:A5 SP:F9
872F  EA        NOP                             A:01 X:D0 Y:00 P:A5 SP:F9
8730  EA        NOP                             A:01 X:D0 Y:00 P:A5 SP:F9
8731  CA        DEX                             A:01 X:D0 Y:00 P:A5 SP:F9
8732  D0 FB     BNE $872F                       A:01 X:CF Y:00 P:A5 SP:F9
872F  EA        NOP                             A:01 X:CF Y:00 P:A5 SP:F9
8730  EA        NOP                             A:01 X:CF Y:00 P:A5 SP:F9
8731  CA        DEX                             A:01 X:CF Y:00 P:A5 SP:F9
8732  D0 FB     BNE $872F                       A:01 X:CE Y:00 P:A5 SP:F9
872F  EA        NOP                             A:01 X:CE Y:00 P:A5 SP:F9
8730  EA        NOP                             A:01 X:CE Y:00 P:A5 SP:F9
8731  CA        DEX                             A:01 X:CE Y:00 P:A5 SP:F9
8732  D0 FB     BNE $872F                       A:01 X:CD Y:00 P:A5 SP:F9
872F  EA        NOP                             A:01 X:CD Y:00 P:A5 SP:F9
8730  EA        NOP                             A:01 X:CD Y:00 P:A5 SP:F9
8731  CA        DEX                             A:01 X:CD Y:00 P:A5 SP:F9
8732  D0 FB     BNE $872F                       A:01 X:CC Y:00 P:A5 SP:F9
872F  EA        NOP                             A:01 X:CC Y:00 P:A5 SP:F9
8730  EA        NOP                             A:01 X:CC Y:00 P:A5 SP:F9
8731  CA        DEX                             A:01 X:CC Y:00 P:A5 SP:F9
8732  D0 FB     BNE $872F                       A:01 X:CB Y:00 P:A5 SP:F9
872F  EA        NOP                             A:01 X:CB Y:00 P:A5 SP:F9
8730  EA        NOP                             A:01 X:CB Y:00 P:A5 SP:F9
8731  CA        DEX                             A:01 X:CB Y:00 P:A5 SP:F9
8732  D0 FB     BNE $872F                       A:01 X:CA Y:00 P:A5 SP:F9
872F  EA        NOP                             A:01 X:CA Y:00 P:A5 SP:F9
8730  EA        NOP                             A:01 X:CA Y:00 P:A5 SP:F9
8731  CA        DEX                             A:01 X:CA Y:00 P:A5 SP:F9
8732  D0 FB     BNE $872F                       A:01 X:C9 Y:00 P:A5 SP:F9
872F  EA        NOP                             A:01 X:C9 Y:00 P:A5 SP:F9
8730  EA        NOP                             A:01 X:C9 Y:00 P:A5 SP:F9
8731  CA        DEX                             A:01 X:C9 Y:00 P:A5 SP:F9
8732  D0 FB     BNE $872F                       A:01 X:C8 Y:00 P:A5 SP:F9
872F  EA        NOP                             A:01 X:C8 Y:00 P:A5 SP:F9
8730  EA        NOP                             A:01 X:C8 Y:00 P:A5 SP:F9
8731  CA        DEX                             A:01 X:C8 Y:00 P:A5 SP:F9
8732  D0 FB     BNE $872F                       A:01 X:C7 Y:00 P:A5 SP:F9
872F  EA        NOP                             A:01 X:C7 Y:00 P:A5 SP:F9
8730  EA        NOP                             A:01 X:C7 Y:00 P:A5 SP:F9
8731  CA        DEX                             A:01 X:C7 Y:00 P:A5 SP:F9
8732  D0 FB     BNE $872F                       A:01 X:C6 Y:00 P:A5 SP:F9
872F  EA        NOP                             A:01 X:C6 Y:00 P:A5 SP:F9
8730  EA        NOP                             A:01 X:C6 Y:00 P:A5 SP:F9
8731  CA        DEX                             A:01 X:C6 Y:00 P:A5 SP:F9
8732  D0 FB     BNE $872F                       A:01 X:C5 Y:00 P:A5 SP:F9
872F  EA        NOP                             A:01 X:C5 Y:00 P:A5 SP:F9
8730  EA        NOP                             A:01 X:C5 Y:00 P:A5 SP:F9
8731  CA        DEX                             A:01 X:C5 Y:00 P:A5 SP:F9
8732  D0 FB     BNE $872F                       A:01 X:C4 Y:00 P:A5 SP:F9
872F  EA        NOP                             A:01 X:C4 Y:00 P:A5 SP:F9
8730  EA        NOP                             A:01 X:C4 Y:00 P:A5 SP:F9
8731  CA        DEX                             A:01 X:C4 Y:00 P:A5 SP:F9
8732  D0 FB     BNE $872F                       A:01 X:C3 Y:00 P:A5 SP:F9
872F  EA        NOP                             A:01 X:C3 Y:00 P:A5 SP:F9
8730  EA        NOP                             A:01 X:C3 Y:00 P:A5 SP:F9
8731  CA        DEX                             A:01 X:C3 Y:00 P:A5 SP:F9
8732  D0 FB     BNE $872F                       A:01 X:C2 Y:00 P:A5 SP:F9
872F  EA        NOP                             A:01 X:C2 Y:00 P:A5 SP:F9
8730  EA        NOP                             A:01 X:C2 Y:00 P:A5 SP:F9
8731  CA        DEX                             A:01 X:C2 Y:00 P:A5 SP:F9
8732  D0 FB     BNE $872F                       A:01 X:C1 Y:00 P:A5 SP:F9
872F  EA        NOP                             A:01 X:C1 Y:00 P:A5 SP:F9
8730  EA        NOP                             A:01 X:C1 Y:00 P:A5 SP:F9
8731  CA        DEX                             A:01 X:C1 Y:00 P:A5 SP:F9
8732  D0 FB     BNE $872F                       A:01 X:C0 Y:00 P:A5 SP:F9
872F  EA        NOP                             A:01 X:C0 Y:00 P:A5 SP:F9
8730  EA        NOP                             A:01 X:C0 Y:00 P:A5 SP:F9
8731  CA        DEX                             A:01 X:C0 Y:00 P:A5 SP:F9
8732  D0 FB     BNE $872F                       A:01 X:BF Y:00 P:A5 SP:F9
872F  EA        NOP                             A:01 X:BF Y:00 P:A5 SP:F9
8730  EA        NOP                             A:01 X:BF Y:00 P:A5 SP:F9
8731  CA        DEX                             A:01 X:BF Y:00 P:A5 SP:F9
8732  D0 FB     BNE $872F                       A:01 X:BE Y:00 P:A5 SP:F9
872F  EA        NOP                             A:01 X:BE Y:00 P:A5 SP:F9
8730  EA        NOP                             A:01 X:BE Y:00 P:A5 SP:F9
8731  CA        DEX                             A:01 X:BE Y:00 P:A5 SP:F9
8732  D0 FB     BNE $872F                       A:01 X:BD Y:00 P:A5 SP:F9
872F  EA        NOP                             A:01 X:BD Y:00 P:A5 SP:F9
8730  EA        NOP                             A:01 X:BD Y:00 P:A5 SP:F9
8731  CA        DEX                             A:01 X:BD Y:00 P:A5 SP:F9
8732  D0 FB     BNE $872F                       A:01 X:BC Y:00 P:A5 SP:F9
872F  EA        NOP                             A:01 X:BC Y:00 P:A5 SP:F9
8730  EA        NOP                             A:01 X:BC Y:00 P:A5 SP:F9
8731  CA        DEX                             A:01 X:BC Y:00 P:A5 SP:F9
8732  D0 FB     BNE $872F                       A:01 X:BB Y:00 P:A5 SP:F9
872F  EA        NOP                             A:01 X:BB Y:00 P:A5 SP:F9
8730  EA        NOP                             A:01 X:BB Y:00 P:A5 SP:F9
8731  CA        DEX                             A:01 X:BB Y:00 P:A5 SP:F9
8732  D0 FB     BNE $872F                       A:01 X:BA Y:00 P:A5 SP:F9
872F  EA        NOP                             A:01 X:BA Y:00 P:A5 SP:F9
8730  EA        NOP                             A:01 X:BA Y:00 P:A5 SP:F9
8731  CA        DEX                             A:01 X:BA Y:00 P:A5 SP:F9
8732  D0 FB     BNE $872F                       A:01 X:B9 Y:00 P:A5 SP:F9
872F  EA        NOP                             A:01 X:B9 Y:00 P:A5 SP:F9
8730  EA        NOP                             A:01 X:B9 Y:00 P:A5 SP:F9
8731  CA        DEX                             A:01 X:B9 Y:00 P:A5 SP:F9
8732  D0 FB     BNE $872F                       A:01 X:B8 Y:00 P:A5 SP:F9
872F  EA        NOP                             A:01 X:B8 Y:00 P:A5 SP:F9
8730  EA        NOP                             A:01 X:B8 Y:00 P:A5 SP:F9
8731  CA        DEX                             A:01 X:B8 Y:00 P:A5 SP:F9
8732  D0 FB     BNE $872F                       A:01 X:B7 Y:00 P:A5 SP:F9
872F  EA        NOP                             A:01 X:B7 Y:00 P:A5 SP:F9
8730  EA        NOP                             A:01 X:B7 Y:00 P:A5 SP:F9
8731  CA        DEX                             A:01 X:B7 Y:00 P:A5 SP:F9
8732  D0 FB     BNE $872F                       A:01 X:B6 Y:00 P:A5 SP:F9
872F  EA        NOP                             A:01 X:B6 Y:00 P:A5 SP:F9
8730  EA        NOP                             A:01 X:B6 Y:00 P:A5 SP:F9
8731  CA        DEX                             A:01 X:B6 Y:00 P:A5 SP:F9
8732  D0 FB     BNE $872F                       A:01 X:B5 Y:00 P:A5 SP:F9
872F  EA        NOP                             A:01 X:B5 Y:00 P:A5 SP:F9
8730  EA        NOP                             A:01 X:B5 Y:00 P:A5 SP:F9
8731  CA        DEX                             A:01 X:B5 Y:00 P:A5 SP:F9
8732  D0 FB     BNE $872F                       A:01 X:B4 Y:00 P:A5 SP:F9
872F  EA        NOP                             A:01 X:B4 Y:00 P:A5 SP:F9
8730  EA        NOP                             A:01 X:B4 Y:00 P:A5 SP:F9
8731  CA        DEX                             A:01 X:B4 Y:00 P:A5 SP:F9
8732  D0 FB     BNE $872F                       A:01 X:B3 Y:00 P:A5 SP:F9
872F  EA        NOP                             A:01 X:B3 Y:00 P:A5 SP:F9
8730  EA        NOP                             A:01 X:B3 Y:00 P:A5 SP:F9
8731  CA        DEX                             A:01 X:B3 Y:00 P:A5 SP:F9
8732  D0 FB     BNE $872F                       A:01 X:B2 Y:00 P:A5 SP:F9
872F  EA        NOP                             A:01 X:B2 Y:00 P:A5 SP:F9
8730  EA        NOP                             A:01 X:B2 Y:00 P:A5 SP:F9
8731  CA        DEX                             A:01 X:B2 Y:00 P:A5 SP:F9
8732  D0 FB     BNE $872F                       A:01 X:B1 Y:00 P:A5 SP:F9
872F  EA        NOP                             A:01 X:B1 Y:00 P:A5 SP:F9
8730  EA        NOP                             A:01 X:B1 Y:00 P:A5 SP:F9
8731  CA        DEX                             A:01 X:B1 Y:00 P:A5 SP:F9
8732  D0 FB     BNE $872F                       A:01 X:B0 Y:00 P:A5 SP:F9
872F  EA        NOP                             A:01 X:B0 Y:00 P:A5 SP:F9
8730  EA        NOP                             A:01 X:B0 Y:00 P:A5 SP:F9
8731  CA        DEX                             A:01 X:B0 Y:00 P:A5 SP:F9
8732  D0 FB     BNE $872F                       A:01 X:AF Y:00 P:A5 SP:F9
872F  EA        NOP                             A:01 X:AF Y:00 P:A5 SP:F9
8730  EA        NOP                             A:01 X:AF Y:00 P:A5 SP:F9
8731  CA        DEX                             A:01 X:AF Y:00 P:A5 SP:F9
8732  D0 FB     BNE $872F                       A:01 X:AE Y:00 P:A5 SP:F9
872F  EA        NOP                             A:01 X:AE Y:00 P:A5 SP:F9
8730  EA        NOP                             A:01 X:AE Y:00 P:A5 SP:F9
8731  CA        DEX                             A:01 X:AE Y:00 P:A5 SP:F9
8732  D0 FB     BNE $872F                       A:01 X:AD Y:00 P:A5 SP:F9
872F  EA        NOP                             A:01 X:AD Y:00 P:A5 SP:F9
8730  EA        NOP                             A:01 X:AD Y:00 P:A5 SP:F9
8731  CA        DEX                             A:01 X:AD Y:00 P:A5 SP:F9
8732  D0 FB     BNE $872F                       A:01 X:AC Y:00 P:A5 SP:F9
872F  EA        NOP                             A:01 X:AC Y:00 P:A5 SP:F9
8730  EA        NOP                             A:01 X:AC Y:00 P:A5 SP:F9
8731  CA        DEX                             A:01 X:AC Y:00 P:A5 SP:F9
8732  D0 FB     BNE $872F                       A:01 X:AB Y:00 P:A5 SP:F9
872F  EA        NOP                             A:01 X:AB Y:00 P:A5 SP:F9
8730  EA        NOP                             A:01 X:AB Y:00 P:A5 SP:F9
8731  CA        DEX                             A:01 X:AB Y:00 P:A5 SP:F9
8732  D0 FB     BNE $872F                       A:01 X:AA Y:00 P:A5 SP:F9
872F  EA        NOP                             A:01 X:AA Y:00 P:A5 SP:F9
8730  EA        NOP                             A:01 X:AA Y:00 P:A5 SP:F9
8731  CA        DEX                             A:01 X:AA Y:00 P:A5 SP:F9
8732  D0 FB     BNE $872F                       A:01 X:A9 Y:00 P:A5 SP:F9
872F  EA        NOP                             A:01 X:A9 Y:00 P:A5 SP:F9
8730  EA        NOP                             A:01 X:A9 Y:00 P:A5 SP:F9
8731  CA        DEX                             A:01 X:A9 Y:00 P:A5 SP:F9
8732  D0 FB     BNE $872F                       A:01 X:A8 Y:00 P:A5 SP:F9
872F  EA        NOP                             A:01 X:A8 Y:00 P:A5 SP:F9
8730  EA        NOP                             A:01 X:A8 Y:00 P:A5 SP:F9
8731  CA        DEX                             A:01 X:A8 Y:00 P:A5 SP:F9
8732  D0 FB     BNE $872F                       A:01 X:A7 Y:00 P:A5 SP:F9
872F  EA        NOP                             A:01 X:A7 Y:00 P:A5 SP:F9
8730  EA        NOP                             A:01 X:A7 Y:00 P:A5 SP:F9
8731  CA        DEX                             A:01 X:A7 Y:00 P:A5 SP:F9
8732  D0 FB     BNE $872F                       A:01 X:A6 Y:00 P:A5 SP:F9
872F  EA        NOP                             A:01 X:A6 Y:00 P:A5 SP:F9
8730  EA        NOP                             A:01 X:A6 Y:00 P:A5 SP:F9
8731  CA        DEX                             A:01 X:A6 Y:00 P:A5 SP:F9
8732  D0 FB     BNE $872F                       A:01 X:A5 Y:00 P:A5 SP:F9
872F  EA        NOP                             A:01 X:A5 Y:00 P:A5 SP:F9
8730  EA        NOP                             A:01 X:A5 Y:00 P:A5 SP:F9
8731  CA        DEX                             A:01 X:A5 Y:00 P:A5 SP:F9
8732  D0 FB     BNE $872F                       A:01 X:A4 Y:00 P:A5 SP:F9
872F  EA        NOP                             A:01 X:A4 Y:00 P:A5 SP:F9
8730  EA        NOP                             A:01 X:A4 Y:00 P:A5 SP:F9
8731  CA        DEX                             A:01 X:A4 Y:00 P:A5 SP:F9
8732  D0 FB     BNE $872F                       A:01 X:A3 Y:00 P:A5 SP:F9
872F  EA        NOP                             A:01 X:A3 Y:00 P:A5 SP:F9
8730  EA        NOP                             A:01 X:A3 Y:00 P:A5 SP:F9
8731  CA        DEX                             A:01 X:A3 Y:00 P:A5 SP:F9
8732  D0 FB     BNE $872F                       A:01 X:A2 Y:00 P:A5 SP:F9
872F  EA        NOP                             A:01 X:A2 Y:00 P:A5 SP:F9
8730  EA        NOP                             A:01 X:A2 Y:00 P:A5 SP:F9
8731  CA        DEX                             A:01 X:A2 Y:00 P:A5 SP:F9
8732  D0 FB     BNE $872F                       A:01 X:A1 Y:00 P:A5 SP:F9
872F  EA        NOP                             A:01 X:A1 Y:00 P:A5 SP:F9
8730  EA        NOP                             A:01 X:A1 Y:00 P:A5 SP:F9
8731  CA        DEX                             A:01 X:A1 Y:00 P:A5 SP:F9
8732  D0 FB     BNE $872F                       A:01 X:A0 Y:00 P:A5 SP:F9
872F  EA        NOP                             A:01 X:A0 Y:00 P:A5 SP:F9
8730  EA        NOP                             A:01 X:A0 Y:00 P:A5 SP:F9
8731  CA        DEX                             A:01 X:A0 Y:00 P:A5 SP:F9
8732  D0 FB     BNE $872F                       A:01 X:9F Y:00 P:A5 SP:F9
872F  EA        NOP                             A:01 X:9F Y:00 P:A5 SP:F9
8730  EA        NOP                             A:01 X:9F Y:00 P:A5 SP:F9
8731  CA        DEX                             A:01 X:9F Y:00 P:A5 SP:F9
8732  D0 FB     BNE $872F                       A:01 X:9E Y:00 P:A5 SP:F9
872F  EA        NOP                             A:01 X:9E Y:00 P:A5 SP:F9
8730  EA        NOP                             A:01 X:9E Y:00 P:A5 SP:F9
8731  CA        DEX                             A:01 X:9E Y:00 P:A5 SP:F9
8732  D0 FB     BNE $872F                       A:01 X:9D Y:00 P:A5 SP:F9
872F  EA        NOP                             A:01 X:9D Y:00 P:A5 SP:F9
8730  EA        NOP                             A:01 X:9D Y:00 P:A5 SP:F9
8731  CA        DEX                             A:01 X:9D Y:00 P:A5 SP:F9
8732  D0 FB     BNE $872F                       A:01 X:9C Y:00 P:A5 SP:F9
872F  EA        NOP                             A:01 X:9C Y:00 P:A5 SP:F9
8730  EA        NOP                             A:01 X:9C Y:00 P:A5 SP:F9
8731  CA        DEX                             A:01 X:9C Y:00 P:A5 SP:F9
8732  D0 FB     BNE $872F                       A:01 X:9B Y:00 P:A5 SP:F9
872F  EA        NOP                             A:01 X:9B Y:00 P:A5 SP:F9
8730  EA        NOP                             A:01 X:9B Y:00 P:A5 SP:F9
8731  CA        DEX                             A:01 X:9B Y:00 P:A5 SP:F9
8732  D0 FB     BNE $872F                       A:01 X:9A Y:00 P:A5 SP:F9
872F  EA        NOP                             A:01 X:9A Y:00 P:A5 SP:F9
8730  EA        NOP                             A:01 X:9A Y:00 P:A5 SP:F9
8731  CA        DEX                             A:01 X:9A Y:00 P:A5 SP:F9
8732  D0 FB     BNE $872F                       A:01 X:99 Y:00 P:A5 SP:F9
872F  EA        NOP                             A:01 X:99 Y:00 P:A5 SP:F9
8730  EA        NOP                             A:01 X:99 Y:00 P:A5 SP:F9
8731  CA        DEX                             A:01 X:99 Y:00 P:A5 SP:F9
8732  D0 FB     BNE $872F                       A:01 X:98 Y:00 P:A5 SP:F9
872F  EA        NOP                             A:01 X:98 Y:00 P:A5 SP:F9
8730  EA        NOP                             A:01 X:98 Y:00 P:A5 SP:F9
8731  CA        DEX                             A:01 X:98 Y:00 P:A5 SP:F9
8732  D0 FB     BNE $872F                       A:01 X:97 Y:00 P:A5 SP:F9
872F  EA        NOP                             A:01 X:97 Y:00 P:A5 SP:F9
8730  EA        NOP                             A:01 X:97 Y:00 P:A5 SP:F9
8731  CA        DEX                             A:01 X:97 Y:00 P:A5 SP:F9
8732  D0 FB     BNE $872F                       A:01 X:96 Y:00 P:A5 SP:F9
872F  EA        NOP                             A:01 X:96 Y:00 P:A5 SP:F9
8730  EA        NOP                             A:01 X:96 Y:00 P:A5 SP:F9
8731  CA        DEX                             A:01 X:96 Y:00 P:A5 SP:F9
8732  D0 FB     BNE $872F                       A:01 X:95 Y:00 P:A5 SP:F9
872F  EA        NOP                             A:01 X:95 Y:00 P:A5 SP:F9
8730  EA        NOP                             A:01 X:95 Y:00 P:A5 SP:F9
8731  CA        DEX                             A:01 X:95 Y:00 P:A5 SP:F9
8732  D0 FB     BNE $872F                       A:01 X:94 Y:00 P:A5 SP:F9
872F  EA        NOP                             A:01 X:94 Y:00 P:A5 SP:F9
8730  EA        NOP                             A:01 X:94 Y:00 P:A5 SP:F9
8731  CA        DEX                             A:01 X:94 Y:00 P:A5 SP:F9
8732  D0 FB     BNE $872F                       A:01 X:93 Y:00 P:A5 SP:F9
872F  EA        NOP                             A:01 X:93 Y:00 P:A5 SP:F9
8730  EA        NOP                             A:01 X:93 Y:00 P:A5 SP:F9
8731  CA        DEX                             A:01 X:93 Y:00 P:A5 SP:F9
8732  D0 FB     BNE $872F                       A:01 X:92 Y:00 P:A5 SP:F9
872F  EA        NOP                             A:01 X:92 Y:00 P:A5 SP:F9
8730  EA        NOP                             A:01 X:92 Y:00 P:A5 SP:F9
8731  CA        DEX                             A:01 X:92 Y:00 P:A5 SP:F9
8732  D0 FB     BNE $872F                       A:01 X:91 Y:00 P:A5 SP:F9
872F  EA        NOP                             A:01 X:91 Y:00 P:A5 SP:F9
8730  EA        NOP                             A:01 X:91 Y:00 P:A5 SP:F9
8731  CA        DEX                             A:01 X:91 Y:00 P:A5 SP:F9
8732  D0 FB     BNE $872F                       A:01 X:90 Y:00 P:A5 SP:F9
872F  EA        NOP                             A:01 X:90 Y:00 P:A5 SP:F9
8730  EA        NOP                             A:01 X:90 Y:00 P:A5 SP:F9
8731  CA        DEX                             A:01 X:90 Y:00 P:A5 SP:F9
8732  D0 FB     BNE $872F                       A:01 X:8F Y:00 P:A5 SP:F9
872F  EA        NOP                             A:01 X:8F Y:00 P:A5 SP:F9
8730  EA        NOP                             A:01 X:8F Y:00 P:A5 SP:F9
8731  CA        DEX                             A:01 X:8F Y:00 P:A5 SP:F9
8732  D0 FB     BNE $872F                       A:01 X:8E Y:00 P:A5 SP:F9
872F  EA        NOP                             A:01 X:8E Y:00 P:A5 SP:F9
8730  EA        NOP                             A:01 X:8E Y:00 P:A5 SP:F9
8731  CA        DEX                             A:01 X:8E Y:00 P:A5 SP:F9
8732  D0 FB     BNE $872F                       A:01 X:8D Y:00 P:A5 SP:F9
872F  EA        NOP                             A:01 X:8D Y:00 P:A5 SP:F9
8730  EA        NOP                             A:01 X:8D Y:00 P:A5 SP:F9
8731  CA        DEX                             A:01 X:8D Y:00 P:A5 SP:F9
8732  D0 FB     BNE $872F                       A:01 X:8C Y:00 P:A5 SP:F9
872F  EA        NOP                             A:01 X:8C Y:00 P:A5 SP:F9
8730  EA        NOP                             A:01 X:8C Y:00 P:A5 SP:F9
8731  CA        DEX                             A:01 X:8C Y:00 P:A5 SP:F9
8732  D0 FB     BNE $872F                       A:01 X:8B Y:00 P:A5 SP:F9
872F  EA        NOP                             A:01 X:8B Y:00 P:A5 SP:F9
8730  EA        NOP                             A:01 X:8B Y:00 P:A5 SP:F9
8731  CA        DEX                             A:01 X:8B Y:00 P:A5 SP:F9
8732  D0 FB     BNE $872F                       A:01 X:8A Y:00 P:A5 SP:F9
872F  EA        NOP                             A:01 X:8A Y:00 P:A5 SP:F9
8730  EA        NOP                             A:01 X:8A Y:00 P:A5 SP:F9
8731  CA        DEX                             A:01 X:8A Y:00 P:A5 SP:F9
8732  D0 FB     BNE $872F                       A:01 X:89 Y:00 P:A5 SP:F9
872F  EA        NOP                             A:01 X:89 Y:00 P:A5 SP:F9
8730  EA        NOP                             A:01 X:89 Y:00 P:A5 SP:F9
8731  CA        DEX                             A:01 X:89 Y:00 P:A5 SP:F9
8732  D0 FB     BNE $872F                       A:01 X:88 Y:00 P:A5 SP:F9
872F  EA        NOP                             A:01 X:88 Y:00 P:A5 SP:F9
8730  EA        NOP                             A:01 X:88 Y:00 P:A5 SP:F9
8731  CA        DEX                             A:01 X:88 Y:00 P:A5 SP:F9
8732  D0 FB     BNE $872F                       A:01 X:87 Y:00 P:A5 SP:F9
872F  EA        NOP                             A:01 X:87 Y:00 P:A5 SP:F9
8730  EA        NOP                             A:01 X:87 Y:00 P:A5 SP:F9
8731  CA        DEX                             A:01 X:87 Y:00 P:A5 SP:F9
8732  D0 FB     BNE $872F                       A:01 X:86 Y:00 P:A5 SP:F9
872F  EA        NOP                             A:01 X:86 Y:00 P:A5 SP:F9
8730  EA        NOP                             A:01 X:86 Y:00 P:A5 SP:F9
8731  CA        DEX                             A:01 X:86 Y:00 P:A5 SP:F9
8732  D0 FB     BNE $872F                       A:01 X:85 Y:00 P:A5 SP:F9
872F  EA        NOP                             A:01 X:85 Y:00 P:A5 SP:F9
8730  EA        NOP                             A:01 X:85 Y:00 P:A5 SP:F9
8731  CA        DEX                             A:01 X:85 Y:00 P:A5 SP:F9
8732  D0 FB     BNE $872F                       A:01 X:84 Y:00 P:A5 SP:F9
872F  EA        NOP                             A:01 X:84 Y:00 P:A5 SP:F9
8730  EA        NOP                             A:01 X:84 Y:00 P:A5 SP:F9
8731  CA        DEX                             A:01 X:84 Y:00 P:A5 SP:F9
8732  D0 FB     BNE $872F                       A:01 X:83 Y:00 P:A5 SP:F9
872F  EA        NOP                             A:01 X:83 Y:00 P:A5 SP:F9
8730  EA        NOP                             A:01 X:83 Y:00 P:A5 SP:F9
8731  CA        DEX                             A:01 X:83 Y:00 P:A5 SP:F9
8732  D0 FB     BNE $872F                       A:01 X:82 Y:00 P:A5 SP:F9
872F  EA        NOP                             A:01 X:82 Y:00 P:A5 SP:F9
8730  EA        NOP                             A:01 X:82 Y:00 P:A5 SP:F9
8731  CA        DEX                             A:01 X:82 Y:00 P:A5 SP:F9
8732  D0 FB     BNE $872F                       A:01 X:81 Y:00 P:A5 SP:F9
872F  EA        NOP                             A:01 X:81 Y:00 P:A5 SP:F9
8730  EA        NOP                             A:01 X:81 Y:00 P:A5 SP:F9
8731  CA        DEX                             A:01 X:81 Y:00 P:A5 SP:F9
8732  D0 FB     BNE $872F                       A:01 X:80 Y:00 P:A5 SP:F9
872F  EA        NOP                             A:01 X:80 Y:00 P:A5 SP:F9
8730  EA        NOP                             A:01 X:80 Y:00 P:A5 SP:F9
8731  CA        DEX                             A:01 X:80 Y:00 P:A5 SP:F9
8732  D0 FB     BNE $872F                       A:01 X:7F Y:00 P:25 SP:F9
872F  EA        NOP                             A:01 X:7F Y:00 P:25 SP:F9
8730  EA        NOP                             A:01 X:7F Y:00 P:25 SP:F9
8731  CA        DEX                             A:01 X:7F Y:00 P:25 SP:F9
8732  D0 FB     BNE $872F                       A:01 X:7E Y:00 P:25 SP:F9
872F  EA        NOP                             A:01 X:7E Y:00 P:25 SP:F9
8730  EA        NOP                             A:01 X:7E Y:00 P:25 SP:F9
8731  CA        DEX                             A:01 X:7E Y:00 P:25 SP:F9
8732  D0 FB     BNE $872F                       A:01 X:7D Y:00 P:25 SP:F9
872F  EA        NOP                             A:01 X:7D Y:00 P:25 SP:F9
8730  EA        NOP                             A:01 X:7D Y:00 P:25 SP:F9
8731  CA        DEX                             A:01 X:7D Y:00 P:25 SP:F9
8732  D0 FB     BNE $872F                       A:01 X:7C Y:00 P:25 SP:F9
872F  EA        NOP                             A:01 X:7C Y:00 P:25 SP:F9
8730  EA        NOP                             A:01 X:7C Y:00 P:25 SP:F9
8731  CA        DEX                             A:01 X:7C Y:00 P:25 SP:F9
8732  D0 FB     BNE $872F                       A:01 X:7B Y:00 P:25 SP:F9
872F  EA        NOP                             A:01 X:7B Y:00 P:25 SP:F9
8730  EA        NOP                             A:01 X:7B Y:00 P:25 SP:F9
8731  CA        DEX                             A:01 X:7B Y:00 P:25 SP:F9
8732  D0 FB     BNE $872F                       A:01 X:7A Y:00 P:25 SP:F9
872F  EA        NOP                             A:01 X:7A Y:00 P:25 SP:F9
8730  EA        NOP                             A:01 X:7A Y:00 P:25 SP:F9
8731  CA        DEX                             A:01 X:7A Y:00 P:25 SP:F9
8732  D0 FB     BNE $872F                       A:01 X:79 Y:00 P:25 SP:F9
872F  EA        NOP                             A:01 X:79 Y:00 P:25 SP:F9
8730  EA        NOP                             A:01 X:79 Y:00 P:25 SP:F9
8731  CA        DEX                             A:01 X:79 Y:00 P:25 SP:F9
8732  D0 FB     BNE $872F                       A:01 X:78 Y:00 P:25 SP:F9
872F  EA        NOP                             A:01 X:78 Y:00 P:25 SP:F9
8730  EA        NOP                             A:01 X:78 Y:00 P:25 SP:F9
8731  CA        DEX                             A:01 X:78 Y:00 P:25 SP:F9
8732  D0 FB     BNE $872F                       A:01 X:77 Y:00 P:25 SP:F9
872F  EA        NOP                             A:01 X:77 Y:00 P:25 SP:F9
8730  EA        NOP                             A:01 X:77 Y:00 P:25 SP:F9
8731  CA        DEX                             A:01 X:77 Y:00 P:25 SP:F9
8732  D0 FB     BNE $872F                       A:01 X:76 Y:00 P:25 SP:F9
872F  EA        NOP                             A:01 X:76 Y:00 P:25 SP:F9
8730  EA        NOP                             A:01 X:76 Y:00 P:25 SP:F9
8731  CA        DEX                             A:01 X:76 Y:00 P:25 SP:F9
8732  D0 FB     BNE $872F                       A:01 X:75 Y:00 P:25 SP:F9
872F  EA        NOP                             A:01 X:75 Y:00 P:25 SP:F9
8730  EA        NOP                             A:01 X:75 Y:00 P:25 SP:F9
8731  CA        DEX                             A:01 X:75 Y:00 P:25 SP:F9
8732  D0 FB     BNE $872F                       A:01 X:74 Y:00 P:25 SP:F9
872F  EA        NOP                             A:01 X:74 Y:00 P:25 SP:F9
8730  EA        NOP                             A:01 X:74 Y:00 P:25 SP:F9
8731  CA        DEX                             A:01 X:74 Y:00 P:25 SP:F9
8732  D0 FB     BNE $872F                       A:01 X:73 Y:00 P:25 SP:F9
872F  EA        NOP                             A:01 X:73 Y:00 P:25 SP:F9
8730  EA        NOP                             A:01 X:73 Y:00 P:25 SP:F9
8731  CA        DEX                             A:01 X:73 Y:00 P:25 SP:F9
8732  D0 FB     BNE $872F                       A:01 X:72 Y:00 P:25 SP:F9
872F  EA        NOP                             A:01 X:72 Y:00 P:25 SP:F9
8730  EA        NOP                             A:01 X:72 Y:00 P:25 SP:F9
8731  CA        DEX                             A:01 X:72 Y:00 P:25 SP:F9
8732  D0 FB     BNE $872F                       A:01 X:71 Y:00 P:25 SP:F9
872F  EA        NOP                             A:01 X:71 Y:00 P:25 SP:F9
8730  EA        NOP                             A:01 X:71 Y:00 P:25 SP:F9
8731  CA        DEX                             A:01 X:71 Y:00 P:25 SP:F9
8732  D0 FB     BNE $872F                       A:01 X:70 Y:00 P:25 SP:F9
872F  EA        NOP                             A:01 X:70 Y:00 P:25 SP:F9
8730  EA        NOP                             A:01 X:70 Y:00 P:25 SP:F9
8731  CA        DEX                             A:01 X:70 Y:00 P:25 SP:F9
8732  D0 FB     BNE $872F                       A:01 X:6F Y:00 P:25 SP:F9
872F  EA        NOP                             A:01 X:6F Y:00 P:25 SP:F9
8730  EA        NOP                             A:01 X:6F Y:00 P:25 SP:F9
8731  CA        DEX                             A:01 X:6F Y:00 P:25 SP:F9
8732  D0 FB     BNE $872F                       A:01 X:6E Y:00 P:25 SP:F9
872F  EA        NOP                             A:01 X:6E Y:00 P:25 SP:F9
8730  EA        NOP                             A:01 X:6E Y:00 P:25 SP:F9
8731  CA        DEX                             A:01 X:6E Y:00 P:25 SP:F9
8732  D0 FB     BNE $872F                       A:01 X:6D Y:00 P:25 SP:F9
872F  EA        NOP                             A:01 X:6D Y:00 P:25 SP:F9
8730  EA        NOP                             A:01 X:6D Y:00 P:25 SP:F9
8731  CA        DEX                             A:01 X:6D Y:00 P:25 SP:F9
8732  D0 FB     BNE $872F                       A:01 X:6C Y:00 P:25 SP:F9
872F  EA        NOP                             A:01 X:6C Y:00 P:25 SP:F9
8730  EA        NOP                             A:01 X:6C Y:00 P:25 SP:F9
8731  CA        DEX                             A:01 X:6C Y:00 P:25 SP:F9
8732  D0 FB     BNE $872F                       A:01 X:6B Y:00 P:25 SP:F9
872F  EA        NOP                             A:01 X:6B Y:00 P:25 SP:F9
8730  EA        NOP                             A:01 X:6B Y:00 P:25 SP:F9
8731  CA        DEX                             A:01 X:6B Y:00 P:25 SP:F9
8732  D0 FB     BNE $872F                       A:01 X:6A Y:00 P:25 SP:F9
872F  EA        NOP                             A:01 X:6A Y:00 P:25 SP:F9
8730  EA        NOP                             A:01 X:6A Y:00 P:25 SP:F9
8731  CA        DEX                             A:01 X:6A Y:00 P:25 SP:F9
8732  D0 FB     BNE $872F                       A:01 X:69 Y:00 P:25 SP:F9
872F  EA        NOP                             A:01 X:69 Y:00 P:25 SP:F9
8730  EA        NOP                             A:01 X:69 Y:00 P:25 SP:F9
8731  CA        DEX                             A:01 X:69 Y:00 P:25 SP:F9
8732  D0 FB     BNE $872F                       A:01 X:68 Y:00 P:25 SP:F9
872F  EA        NOP                             A:01 X:68 Y:00 P:25 SP:F9
8730  EA        NOP                             A:01 X:68 Y:00 P:25 SP:F9
8731  CA        DEX                             A:01 X:68 Y:00 P:25 SP:F9
8732  D0 FB     BNE $872F                       A:01 X:67 Y:00 P:25 SP:F9
872F  EA        NOP                             A:01 X:67 Y:00 P:25 SP:F9
8730  EA        NOP                             A:01 X:67 Y:00 P:25 SP:F9
8731  CA        DEX                             A:01 X:67 Y:00 P:25 SP:F9
8732  D0 FB     BNE $872F                       A:01 X:66 Y:00 P:25 SP:F9
872F  EA        NOP                             A:01 X:66 Y:00 P:25 SP:F9
8730  EA        NOP                             A:01 X:66 Y:00 P:25 SP:F9
8731  CA        DEX                             A:01 X:66 Y:00 P:25 SP:F9
8732  D0 FB     BNE $872F                       A:01 X:65 Y:00 P:25 SP:F9
872F  EA        NOP                             A:01 X:65 Y:00 P:25 SP:F9
8730  EA        NOP                             A:01 X:65 Y:00 P:25 SP:F9
8731  CA        DEX                             A:01 X:65 Y:00 P:25 SP:F9
8732  D0 FB     BNE $872F                       A:01 X:64 Y:00 P:25 SP:F9
872F  EA        NOP                             A:01 X:64 Y:00 P:25 SP:F9
8730  EA        NOP                             A:01 X:64 Y:00 P:25 SP:F9
8731  CA        DEX                             A:01 X:64 Y:00 P:25 SP:F9
8732  D0 FB     BNE $872F                       A:01 X:63 Y:00 P:25 SP:F9
872F  EA        NOP                             A:01 X:63 Y:00 P:25 SP:F9
8730  EA        NOP                             A:01 X:63 Y:00 P:25 SP:F9
8731  CA        DEX                             A:01 X:63 Y:00 P:25 SP:F9
8732  D0 FB     BNE $872F                       A:01 X:62 Y:00 P:25 SP:F9
872F  EA        NOP                             A:01 X:62 Y:00 P:25 SP:F9
8730  EA        NOP                             A:01 X:62 Y:00 P:25 SP:F9
8731  CA        DEX                             A:01 X:62 Y:00 P:25 SP:F9
8732  D0 FB     BNE $872F                       A:01 X:61 Y:00 P:25 SP:F9
872F  EA        NOP                             A:01 X:61 Y:00 P:25 SP:F9
8730  EA        NOP                             A:01 X:61 Y:00 P:25 SP:F9
8731  CA        DEX                             A:01 X:61 Y:00 P:25 SP:F9
8732  D0 FB     BNE $872F                       A:01 X:60 Y:00 P:25 SP:F9
872F  EA        NOP                             A:01 X:60 Y:00 P:25 SP:F9
8730  EA        NOP                             A:01 X:60 Y:00 P:25 SP:F9
8731  CA        DEX                             A:01 X:60 Y:00 P:25 SP:F9
8732  D0 FB     BNE $872F                       A:01 X:5F Y:00 P:25 SP:F9
872F  EA        NOP                             A:01 X:5F Y:00 P:25 SP:F9
8730  EA        NOP                             A:01 X:5F Y:00 P:25 SP:F9
8731  CA        DEX                             A:01 X:5F Y:00 P:25 SP:F9
8732  D0 FB     BNE $872F                       A:01 X:5E Y:00 P:25 SP:F9
872F  EA        NOP                             A:01 X:5E Y:00 P:25 SP:F9
8730  EA        NOP                             A:01 X:5E Y:00 P:25 SP:F9
8731  CA        DEX                             A:01 X:5E Y:00 P:25 SP:F9
8732  D0 FB     BNE $872F                       A:01 X:5D Y:00 P:25 SP:F9
872F  EA        NOP                             A:01 X:5D Y:00 P:25 SP:F9
8730  EA        NOP                             A:01 X:5D Y:00 P:25 SP:F9
8731  CA        DEX                             A:01 X:5D Y:00 P:25 SP:F9
8732  D0 FB     BNE $872F                       A:01 X:5C Y:00 P:25 SP:F9
872F  EA        NOP                             A:01 X:5C Y:00 P:25 SP:F9
8730  EA        NOP                             A:01 X:5C Y:00 P:25 SP:F9
8731  CA        DEX                             A:01 X:5C Y:00 P:25 SP:F9
8732  D0 FB     BNE $872F                       A:01 X:5B Y:00 P:25 SP:F9
872F  EA        NOP                             A:01 X:5B Y:00 P:25 SP:F9
8730  EA        NOP                             A:01 X:5B Y:00 P:25 SP:F9
8731  CA        DEX                             A:01 X:5B Y:00 P:25 SP:F9
8732  D0 FB     BNE $872F                       A:01 X:5A Y:00 P:25 SP:F9
872F  EA        NOP                             A:01 X:5A Y:00 P:25 SP:F9
8730  EA        NOP                             A:01 X:5A Y:00 P:25 SP:F9
8731  CA        DEX                             A:01 X:5A Y:00 P:25 SP:F9
8732  D0 FB     BNE $872F                       A:01 X:59 Y:00 P:25 SP:F9
872F  EA        NOP                             A:01 X:59 Y:00 P:25 SP:F9
8730  EA        NOP                             A:01 X:59 Y:00 P:25 SP:F9
8731  CA        DEX                             A:01 X:59 Y:00 P:25 SP:F9
8732  D0 FB     BNE $872F                       A:01 X:58 Y:00 P:25 SP:F9
872F  EA        NOP                             A:01 X:58 Y:00 P:25 SP:F9
8730  EA        NOP                             A:01 X:58 Y:00 P:25 SP:F9
8731  CA        DEX                             A:01 X:58 Y:00 P:25 SP:F9
8732  D0 FB     BNE $872F                       A:01 X:57 Y:00 P:25 SP:F9
872F  EA        NOP                             A:01 X:57 Y:00 P:25 SP:F9
8730  EA        NOP                             A:01 X:57 Y:00 P:25 SP:F9
8731  CA        DEX                             A:01 X:57 Y:00 P:25 SP:F9
8732  D0 FB     BNE $872F                       A:01 X:56 Y:00 P:25 SP:F9
872F  EA        NOP                             A:01 X:56 Y:00 P:25 SP:F9
8730  EA        NOP                             A:01 X:56 Y:00 P:25 SP:F9
8731  CA        DEX                             A:01 X:56 Y:00 P:25 SP:F9
8732  D0 FB     BNE $872F                       A:01 X:55 Y:00 P:25 SP:F9
872F  EA        NOP                             A:01 X:55 Y:00 P:25 SP:F9
8730  EA        NOP                             A:01 X:55 Y:00 P:25 SP:F9
8731  CA        DEX                             A:01 X:55 Y:00 P:25 SP:F9
8732  D0 FB     BNE $872F                       A:01 X:54 Y:00 P:25 SP:F9
872F  EA        NOP                             A:01 X:54 Y:00 P:25 SP:F9
8730  EA        NOP                             A:01 X:54 Y:00 P:25 SP:F9
8731  CA        DEX                             A:01 X:54 Y:00 P:25 SP:F9
8732  D0 FB     BNE $872F                       A:01 X:53 Y:00 P:25 SP:F9
872F  EA        NOP                             A:01 X:53 Y:00 P:25 SP:F9
8730  EA        NOP                             A:01 X:53 Y:00 P:25 SP:F9
8731  CA        DEX                             A:01 X:53 Y:00 P:25 SP:F9
8732  D0 FB     BNE $872F                       A:01 X:52 Y:00 P:25 SP:F9
872F  EA        NOP                             A:01 X:52 Y:00 P:25 SP:F9
8730  EA        NOP                             A:01 X:52 Y:00 P:25 SP:F9
8731  CA        DEX                             A:01 X:52 Y:00 P:25 SP:F9
8732  D0 FB     BNE $872F                       A:01 X:51 Y:00 P:25 SP:F9
872F  EA        NOP                             A:01 X:51 Y:00 P:25 SP:F9
8730  EA        NOP                             A:01 X:51 Y:00 P:25 SP:F9
8731  CA        DEX                             A:01 X:51 Y:00 P:25 SP:F9
8732  D0 FB     BNE $872F                       A:01 X:50 Y:00 P:25 SP:F9
872F  EA        NOP                             A:01 X:50 Y:00 P:25 SP:F9
8730  EA        NOP                             A:01 X:50 Y:00 P:25 SP:F9
8731  CA        DEX                             A:01 X:50 Y:00 P:25 SP:F9
8732  D0 FB     BNE $872F                       A:01 X:4F Y:00 P:25 SP:F9
872F  EA        NOP                             A:01 X:4F Y:00 P:25 SP:F9
8730  EA        NOP                             A:01 X:4F Y:00 P:25 SP:F9
8731  CA        DEX                             A:01 X:4F Y:00 P:25 SP:F9
8732  D0 FB     BNE $872F                       A:01 X:4E Y:00 P:25 SP:F9
872F  EA        NOP                             A:01 X:4E Y:00 P:25 SP:F9
8730  EA        NOP                             A:01 X:4E Y:00 P:25 SP:F9
8731  CA        DEX                             A:01 X:4E Y:00 P:25 SP:F9
8732  D0 FB     BNE $872F                       A:01 X:4D Y:00 P:25 SP:F9
872F  EA        NOP                             A:01 X:4D Y:00 P:25 SP:F9
8730  EA        NOP                             A:01 X:4D Y:00 P:25 SP:F9
8731  CA        DEX                             A:01 X:4D Y:00 P:25 SP:F9
8732  D0 FB     BNE $872F                       A:01 X:4C Y:00 P:25 SP:F9
872F  EA        NOP                             A:01 X:4C Y:00 P:25 SP:F9
8730  EA        NOP                             A:01 X:4C Y:00 P:25 SP:F9
8731  CA        DEX                             A:01 X:4C Y:00 P:25 SP:F9
8732  D0 FB     BNE $872F                       A:01 X:4B Y:00 P:25 SP:F9
872F  EA        NOP                             A:01 X:4B Y:00 P:25 SP:F9
8730  EA        NOP                             A:01 X:4B Y:00 P:25 SP:F9
8731  CA        DEX                             A:01 X:4B Y:00 P:25 SP:F9
8732  D0 FB     BNE $872F                       A:01 X:4A Y:00 P:25 SP:F9
872F  EA        NOP                             A:01 X:4A Y:00 P:25 SP:F9
8730  EA        NOP                             A:01 X:4A Y:00 P:25 SP:F9
8731  CA        DEX                             A:01 X:4A Y:00 P:25 SP:F9
8732  D0 FB     BNE $872F                       A:01 X:49 Y:00 P:25 SP:F9
872F  EA        NOP                             A:01 X:49 Y:00 P:25 SP:F9
8730  EA        NOP                             A:01 X:49 Y:00 P:25 SP:F9
8731  CA        DEX                             A:01 X:49 Y:00 P:25 SP:F9
8732  D0 FB     BNE $872F                       A:01 X:48 Y:00 P:25 SP:F9
872F  EA        NOP                             A:01 X:48 Y:00 P:25 SP:F9
8730  EA        NOP                             A:01 X:48 Y:00 P:25 SP:F9
8731  CA        DEX                             A:01 X:48 Y:00 P:25 SP:F9
8732  D0 FB     BNE $872F                       A:01 X:47 Y:00 P:25 SP:F9
872F  EA        NOP                             A:01 X:47 Y:00 P:25 SP:F9
8730  EA        NOP                             A:01 X:47 Y:00 P:25 SP:F9
8731  CA        DEX                             A:01 X:47 Y:00 P:25 SP:F9
8732  D0 FB     BNE $872F                       A:01 X:46 Y:00 P:25 SP:F9
872F  EA        NOP                             A:01 X:46 Y:00 P:25 SP:F9
8730  EA        NOP                             A:01 X:46 Y:00 P:25 SP:F9
8731  CA        DEX                             A:01 X:46 Y:00 P:25 SP:F9
8732  D0 FB     BNE $872F                       A:01 X:45 Y:00 P:25 SP:F9
872F  EA        NOP                             A:01 X:45 Y:00 P:25 SP:F9
8730  EA        NOP                             A:01 X:45 Y:00 P:25 SP:F9
8731  CA        DEX                             A:01 X:45 Y:00 P:25 SP:F9
8732  D0 FB     BNE $872F                       A:01 X:44 Y:00 P:25 SP:F9
872F  EA        NOP                             A:01 X:44 Y:00 P:25 SP:F9
8730  EA        NOP                             A:01 X:44 Y:00 P:25 SP:F9
8731  CA        DEX                             A:01 X:44 Y:00 P:25 SP:F9
8732  D0 FB     BNE $872F                       A:01 X:43 Y:00 P:25 SP:F9
872F  EA        NOP                             A:01 X:43 Y:00 P:25 SP:F9
8730  EA        NOP                             A:01 X:43 Y:00 P:25 SP:F9
8731  CA        DEX                             A:01 X:43 Y:00 P:25 SP:F9
8732  D0 FB     BNE $872F                       A:01 X:42 Y:00 P:25 SP:F9
872F  EA        NOP                             A:01 X:42 Y:00 P:25 SP:F9
8730  EA        NOP                             A:01 X:42 Y:00 P:25 SP:F9
8731  CA        DEX                             A:01 X:42 Y:00 P:25 SP:F9
8732  D0 FB     BNE $872F                       A:01 X:41 Y:00 P:25 SP:F9
872F  EA        NOP                             A:01 X:41 Y:00 P:25 SP:F9
8730  EA        NOP                             A:01 X:41 Y:00 P:25 SP:F9
8731  CA        DEX                             A:01 X:41 Y:00 P:25 SP:F9
8732  D0 FB     BNE $872F                       A:01 X:40 Y:00 P:25 SP:F9
872F  EA        NOP                             A:01 X:40 Y:00 P:25 SP:F9
8730  EA        NOP                             A:01 X:40 Y:00 P:25 SP:F9
8731  CA        DEX                             A:01 X:40 Y:00 P:25 SP:F9
8732  D0 FB     BNE $872F                       A:01 X:3F Y:00 P:25 SP:F9
872F  EA        NOP                             A:01 X:3F Y:00 P:25 SP:F9
8730  EA        NOP                             A:01 X:3F Y:00 P:25 SP:F9
8731  CA        DEX                             A:01 X:3F Y:00 P:25 SP:F9
8732  D0 FB     BNE $872F                       A:01 X:3E Y:00 P:25 SP:F9
872F  EA        NOP                             A:01 X:3E Y:00 P:25 SP:F9
8730  EA        NOP                             A:01 X:3E Y:00 P:25 SP:F9
8731  CA        DEX                             A:01 X:3E Y:00 P:25 SP:F9
8732  D0 FB     BNE $872F                       A:01 X:3D Y:00 P:25 SP:F9
872F  EA        NOP                             A:01 X:3D Y:00 P:25 SP:F9
8730  EA        NOP                             A:01 X:3D Y:00 P:25 SP:F9
8731  CA        DEX                             A:01 X:3D Y:00 P:25 SP:F9
8732  D0 FB     BNE $872F                       A:01 X:3C Y:00 P:25 SP:F9
872F  EA        NOP                             A:01 X:3C Y:00 P:25 SP:F9
8730  EA        NOP                             A:01 X:3C Y:00 P:25 SP:F9
8731  CA        DEX                             A:01 X:3C Y:00 P:25 SP:F9
8732  D0 FB     BNE $872F                       A:01 X:3B Y:00 P:25 SP:F9
872F  EA        NOP                             A:01 X:3B Y:00 P:25 SP:F9
8730  EA        NOP                             A:01 X:3B Y:00 P:25 SP:F9
8731  CA        DEX                             A:01 X:3B Y:00 P:25 SP:F9
8732  D0 FB     BNE $872F                       A:01 X:3A Y:00 P:25 SP:F9
872F  EA        NOP                             A:01 X:3A Y:00 P:25 SP:F9
8730  EA        NOP                             A:01 X:3A Y:00 P:25 SP:F9
8731  CA        DEX                             A:01 X:3A Y:00 P:25 SP:F9
8732  D0 FB     BNE $872F                       A:01 X:39 Y:00 P:25 SP:F9
872F  EA        NOP                             A:01 X:39 Y:00 P:25 SP:F9
8730  EA        NOP                             A:01 X:39 Y:00 P:25 SP:F9
8731  CA        DEX                             A:01 X:39 Y:00 P:25 SP:F9
8732  D0 FB     BNE $872F                       A:01 X:38 Y:00 P:25 SP:F9
872F  EA        NOP                             A:01 X:38 Y:00 P:25 SP:F9
8730  EA        NOP                             A:01 X:38 Y:00 P:25 SP:F9
8731  CA        DEX                             A:01 X:38 Y:00 P:25 SP:F9
8732  D0 FB     BNE $872F                       A:01 X:37 Y:00 P:25 SP:F9
872F  EA        NOP                             A:01 X:37 Y:00 P:25 SP:F9
8730  EA        NOP                             A:01 X:37 Y:00 P:25 SP:F9
8731  CA        DEX                             A:01 X:37 Y:00 P:25 SP:F9
8732  D0 FB     BNE $872F                       A:01 X:36 Y:00 P:25 SP:F9
872F  EA        NOP                             A:01 X:36 Y:00 P:25 SP:F9
8730  EA        NOP                             A:01 X:36 Y:00 P:25 SP:F9
8731  CA        DEX                             A:01 X:36 Y:00 P:25 SP:F9
8732  D0 FB     BNE $872F                       A:01 X:35 Y:00 P:25 SP:F9
872F  EA        NOP                             A:01 X:35 Y:00 P:25 SP:F9
8730  EA        NOP                             A:01 X:35 Y:00 P:25 SP:F9
8731  CA        DEX                             A:01 X:35 Y:00 P:25 SP:F9
8732  D0 FB     BNE $872F                       A:01 X:34 Y:00 P:25 SP:F9
872F  EA        NOP                             A:01 X:34 Y:00 P:25 SP:F9
8730  EA        NOP                             A:01 X:34 Y:00 P:25 SP:F9
8731  CA        DEX                             A:01 X:34 Y:00 P:25 SP:F9
8732  D0 FB     BNE $872F                       A:01 X:33 Y:00 P:25 SP:F9
872F  EA        NOP                             A:01 X:33 Y:00 P:25 SP:F9
8730  EA        NOP                             A:01 X:33 Y:00 P:25 SP:F9
8731  CA        DEX                             A:01 X:33 Y:00 P:25 SP:F9
8732  D0 FB     BNE $872F                       A:01 X:32 Y:00 P:25 SP:F9
872F  EA        NOP                             A:01 X:32 Y:00 P:25 SP:F9
8730  EA        NOP                             A:01 X:32 Y:00 P:25 SP:F9
8731  CA        DEX                             A:01 X:32 Y:00 P:25 SP:F9
8732  D0 FB     BNE $872F                       A:01 X:31 Y:00 P:25 SP:F9
872F  EA        NOP                             A:01 X:31 Y:00 P:25 SP:F9
8730  EA        NOP                             A:01 X:31 Y:00 P:25 SP:F9
8731  CA        DEX                             A:01 X:31 Y:00 P:25 SP:F9
8732  D0 FB     BNE $872F                       A:01 X:30 Y:00 P:25 SP:F9
872F  EA        NOP                             A:01 X:30 Y:00 P:25 SP:F9
8730  EA        NOP                             A:01 X:30 Y:00 P:25 SP:F9
8731  CA        DEX                             A:01 X:30 Y:00 P:25 SP:F9
8732  D0 FB     BNE $872F                       A:01 X:2F Y:00 P:25 SP:F9
872F  EA        NOP                             A:01 X:2F Y:00 P:25 SP:F9
8730  EA        NOP                             A:01 X:2F Y:00 P:25 SP:F9
8731  CA        DEX                             A:01 X:2F Y:00 P:25 SP:F9
8732  D0 FB     BNE $872F                       A:01 X:2E Y:00 P:25 SP:F9
872F  EA        NOP                             A:01 X:2E Y:00 P:25 SP:F9
8730  EA        NOP                             A:01 X:2E Y:00 P:25 SP:F9
8731  CA        DEX                             A:01 X:2E Y:00 P:25 SP:F9
8732  D0 FB     BNE $872F                       A:01 X:2D Y:00 P:25 SP:F9
872F  EA        NOP                             A:01 X:2D Y:00 P:25 SP:F9
8730  EA        NOP                             A:01 X:2D Y:00 P:25 SP:F9
8731  CA        DEX                             A:01 X:2D Y:00 P:25 SP:F9
8732  D0 FB     BNE $872F                       A:01 X:2C Y:00 P:25 SP:F9
872F  EA        NOP                             A:01 X:2C Y:00 P:25 SP:F9
8730  EA        NOP                             A:01 X:2C Y:00 P:25 SP:F9
8731  CA        DEX                             A:01 X:2C Y:00 P:25 SP:F9
8732  D0 FB     BNE $872F                       A:01 X:2B Y:00 P:25 SP:F9
872F  EA        NOP                             A:01 X:2B Y:00 P:25 SP:F9
8730  EA        NOP                             A:01 X:2B Y:00 P:25 SP:F9
8731  CA        DEX                             A:01 X:2B Y:00 P:25 SP:F9
8732  D0 FB     BNE $872F                       A:01 X:2A Y:00 P:25 SP:F9
872F  EA        NOP                             A:01 X:2A Y:00 P:25 SP:F9
8730  EA        NOP                             A:01 X:2A Y:00 P:25 SP:F9
8731  CA        DEX                             A:01 X:2A Y:00 P:25 SP:F9
8732  D0 FB     BNE $872F                       A:01 X:29 Y:00 P:25 SP:F9
872F  EA        NOP                             A:01 X:29 Y:00 P:25 SP:F9
8730  EA        NOP                             A:01 X:29 Y:00 P:25 SP:F9
8731  CA        DEX                             A:01 X:29 Y:00 P:25 SP:F9
8732  D0 FB     BNE $872F                       A:01 X:28 Y:00 P:25 SP:F9
872F  EA        NOP                             A:01 X:28 Y:00 P:25 SP:F9
8730  EA        NOP                             A:01 X:28 Y:00 P:25 SP:F9
8731  CA        DEX                             A:01 X:28 Y:00 P:25 SP:F9
8732  D0 FB     BNE $872F                       A:01 X:27 Y:00 P:25 SP:F9
872F  EA        NOP                             A:01 X:27 Y:00 P:25 SP:F9
8730  EA        NOP                             A:01 X:27 Y:00 P:25 SP:F9
8731  CA        DEX                             A:01 X:27 Y:00 P:25 SP:F9
8732  D0 FB     BNE $872F                       A:01 X:26 Y:00 P:25 SP:F9
872F  EA        NOP                             A:01 X:26 Y:00 P:25 SP:F9
8730  EA        NOP                             A:01 X:26 Y:00 P:25 SP:F9
8731  CA        DEX                             A:01 X:26 Y:00 P:25 SP:F9
8732  D0 FB     BNE $872F                       A:01 X:25 Y:00 P:25 SP:F9
872F  EA        NOP                             A:01 X:25 Y:00 P:25 SP:F9
8730  EA        NOP                             A:01 X:25 Y:00 P:25 SP:F9
8731  CA        DEX                             A:01 X:25 Y:00 P:25 SP:F9
8732  D0 FB     BNE $872F                       A:01 X:24 Y:00 P:25 SP:F9
872F  EA        NOP                             A:01 X:24 Y:00 P:25 SP:F9
8730  EA        NOP                             A:01 X:24 Y:00 P:25 SP:F9
8731  CA        DEX                             A:01 X:24 Y:00 P:25 SP:F9
8732  D0 FB     BNE $872F                       A:01 X:23 Y:00 P:25 SP:F9
872F  EA        NOP                             A:01 X:23 Y:00 P:25 SP:F9
8730  EA        NOP                             A:01 X:23 Y:00 P:25 SP:F9
8731  CA        DEX                             A:01 X:23 Y:00 P:25 SP:F9
8732  D0 FB     BNE $872F                       A:01 X:22 Y:00 P:25 SP:F9
872F  EA        NOP                             A:01 X:22 Y:00 P:25 SP:F9
8730  EA        NOP                             A:01 X:22 Y:00 P:25 SP:F9
8731  CA        DEX                             A:01 X:22 Y:00 P:25 SP:F9
8732  D0 FB     BNE $872F                       A:01 X:21 Y:00 P:25 SP:F9
872F  EA        NOP                             A:01 X:21 Y:00 P:25 SP:F9
8730  EA        NOP                             A:01 X:21 Y:00 P:25 SP:F9
8731  CA        DEX                             A:01 X:21 Y:00 P:25 SP:F9
8732  D0 FB     BNE $872F                       A:01 X:20 Y:00 P:25 SP:F9
872F  EA        NOP                             A:01 X:20 Y:00 P:25 SP:F9
8730  EA        NOP                             A:01 X:20 Y:00 P:25 SP:F9
8731  CA        DEX                             A:01 X:20 Y:00 P:25 SP:F9
8732  D0 FB     BNE $872F                       A:01 X:1F Y:00 P:25 SP:F9
872F  EA        NOP                             A:01 X:1F Y:00 P:25 SP:F9
8730  EA        NOP                             A:01 X:1F Y:00 P:25 SP:F9
8731  CA        DEX                             A:01 X:1F Y:00 P:25 SP:F9
8732  D0 FB     BNE $872F                       A:01 X:1E Y:00 P:25 SP:F9
872F  EA        NOP                             A:01 X:1E Y:00 P:25 SP:F9
8730  EA        NOP                             A:01 X:1E Y:00 P:25 SP:F9
8731  CA        DEX                             A:01 X:1E Y:00 P:25 SP:F9
8732  D0 FB     BNE $872F                       A:01 X:1D Y:00 P:25 SP:F9
872F  EA        NOP                             A:01 X:1D Y:00 P:25 SP:F9
8730  EA        NOP                             A:01 X:1D Y:00 P:25 SP:F9
8731  CA        DEX                             A:01 X:1D Y:00 P:25 SP:F9
8732  D0 FB     BNE $872F                       A:01 X:1C Y:00 P:25 SP:F9
872F  EA        NOP                             A:01 X:1C Y:00 P:25 SP:F9
8730  EA        NOP                             A:01 X:1C Y:00 P:25 SP:F9
8731  CA        DEX                             A:01 X:1C Y:00 P:25 SP:F9
8732  D0 FB     BNE $872F                       A:01 X:1B Y:00 P:25 SP:F9
872F  EA        NOP                             A:01 X:1B Y:00 P:25 SP:F9
8730  EA        NOP                             A:01 X:1B Y:00 P:25 SP:F9
8731  CA        DEX                             A:01 X:1B Y:00 P:25 SP:F9
8732  D0 FB     BNE $872F                       A:01 X:1A Y:00 P:25 SP:F9
872F  EA        NOP                             A:01 X:1A Y:00 P:25 SP:F9
8730  EA        NOP                             A:01 X:1A Y:00 P:25 SP:F9
8731  CA        DEX                             A:01 X:1A Y:00 P:25 SP:F9
8732  D0 FB     BNE $872F                       A:01 X:19 Y:00 P:25 SP:F9
872F  EA        NOP                             A:01 X:19 Y:00 P:25 SP:F9
8730  EA        NOP                             A:01 X:19 Y:00 P:25 SP:F9
8731  CA        DEX                             A:01 X:19 Y:00 P:25 SP:F9
8732  D0 FB     BNE $872F                       A:01 X:18 Y:00 P:25 SP:F9
872F  EA        NOP                             A:01 X:18 Y:00 P:25 SP:F9
8730  EA        NOP                             A:01 X:18 Y:00 P:25 SP:F9
8731  CA        DEX                             A:01 X:18 Y:00 P:25 SP:F9
8732  D0 FB     BNE $872F                       A:01 X:17 Y:00 P:25 SP:F9
872F  EA        NOP                             A:01 X:17 Y:00 P:25 SP:F9
8730  EA        NOP                             A:01 X:17 Y:00 P:25 SP:F9
8731  CA        DEX                             A:01 X:17 Y:00 P:25 SP:F9
8732  D0 FB     BNE $872F                       A:01 X:16 Y:00 P:25 SP:F9
872F  EA        NOP                             A:01 X:16 Y:00 P:25 SP:F9
8730  EA        NOP                             A:01 X:16 Y:00 P:25 SP:F9
8731  CA        DEX                             A:01 X:16 Y:00 P:25 SP:F9
8732  D0 FB     BNE $872F                       A:01 X:15 Y:00 P:25 SP:F9
872F  EA        NOP                             A:01 X:15 Y:00 P:25 SP:F9
8730  EA        NOP                             A:01 X:15 Y:00 P:25 SP:F9
8731  CA        DEX                             A:01 X:15 Y:00 P:25 SP:F9
8732  D0 FB     BNE $872F                       A:01 X:14 Y:00 P:25 SP:F9
872F  EA        NOP                             A:01 X:14 Y:00 P:25 SP:F9
8730  EA        NOP                             A:01 X:14 Y:00 P:25 SP:F9
8731  CA        DEX                             A:01 X:14 Y:00 P:25 SP:F9
8732  D0 FB     BNE $872F                       A:01 X:13 Y:00 P:25 SP:F9
872F  EA        NOP                             A:01 X:13 Y:00 P:25 SP:F9
8730  EA        NOP                             A:01 X:13 Y:00 P:25 SP:F9
8731  CA        DEX                             A:01 X:13 Y:00 P:25 SP:F9
8732  D0 FB     BNE $872F                       A:01 X:12 Y:00 P:25 SP:F9
872F  EA        NOP                             A:01 X:12 Y:00 P:25 SP:F9
8730  EA        NOP                             A:01 X:12 Y:00 P:25 SP:F9
8731  CA        DEX                             A:01 X:12 Y:00 P:25 SP:F9
8732  D0 FB     BNE $872F                       A:01 X:11 Y:00 P:25 SP:F9
872F  EA        NOP                             A:01 X:11 Y:00 P:25 SP:F9
8730  EA        NOP                             A:01 X:11 Y:00 P:25 SP:F9
8731  CA        DEX                             A:01 X:11 Y:00 P:25 SP:F9
8732  D0 FB     BNE $872F                       A:01 X:10 Y:00 P:25 SP:F9
872F  EA        NOP                             A:01 X:10 Y:00 P:25 SP:F9
8730  EA        NOP                             A:01 X:10 Y:00 P:25 SP:F9
8731  CA        DEX                             A:01 X:10 Y:00 P:25 SP:F9
8732  D0 FB     BNE $872F                       A:01 X:0F Y:00 P:25 SP:F9
872F  EA        NOP                             A:01 X:0F Y:00 P:25 SP:F9
8730  EA        NOP                             A:01 X:0F Y:00 P:25 SP:F9
8731  CA        DEX                             A:01 X:0F Y:00 P:25 SP:F9
8732  D0 FB     BNE $872F                       A:01 X:0E Y:00 P:25 SP:F9
872F  EA        NOP                             A:01 X:0E Y:00 P:25 SP:F9
8730  EA        NOP                             A:01 X:0E Y:00 P:25 SP:F9
8731  CA        DEX                             A:01 X:0E Y:00 P:25 SP:F9
8732  D0 FB     BNE $872F                       A:01 X:0D Y:00 P:25 SP:F9
872F  EA        NOP                             A:01 X:0D Y:00 P:25 SP:F9
8730  EA        NOP                             A:01 X:0D Y:00 P:25 SP:F9
8731  CA        DEX                             A:01 X:0D Y:00 P:25 SP:F9
8732  D0 FB     BNE $872F                       A:01 X:0C Y:00 P:25 SP:F9
872F  EA        NOP                             A:01 X:0C Y:00 P:25 SP:F9
8730  EA        NOP                             A:01 X:0C Y:00 P:25 SP:F9
8731  CA        DEX                             A:01 X:0C Y:00 P:25 SP:F9
8732  D0 FB     BNE $872F                       A:01 X:0B Y:00 P:25 SP:F9
872F  EA        NOP                             A:01 X:0B Y:00 P:25 SP:F9
8730  EA        NOP                             A:01 X:0B Y:00 P:25 SP:F9
8731  CA        DEX                             A:01 X:0B Y:00 P:25 SP:F9
8732  D0 FB     BNE $872F                       A:01 X:0A Y:00 P:25 SP:F9
872F  EA        NOP                             A:01 X:0A Y:00 P:25 SP:F9
8730  EA        NOP                             A:01 X:0A Y:00 P:25 SP:F9
8731  CA        DEX                             A:01 X:0A Y:00 P:25 SP:F9
8732  D0 FB     BNE $872F                       A:01 X:09 Y:00 P:25 SP:F9
872F  EA        NOP                             A:01 X:09 Y:00 P:25 SP:F9
8730  EA        NOP                             A:01 X:09 Y:00 P:25 SP:F9
8731  CA        DEX                             A:01 X:09 Y:00 P:25 SP:F9
8732  D0 FB     BNE $872F                       A:01 X:08 Y:00 P:25 SP:F9
872F  EA        NOP                             A:01 X:08 Y:00 P:25 SP:F9
8730  EA        NOP                             A:01 X:08 Y:00 P:25 SP:F9
8731  CA        DEX                             A:01 X:08 Y:00 P:25 SP:F9
8732  D0 FB     BNE $872F                       A:01 X:07 Y:00 P:25 SP:F9
872F  EA        NOP                             A:01 X:07 Y:00 P:25 SP:F9
8730  EA        NOP                             A:01 X:07 Y:00 P:25 SP:F9
8731  CA        DEX                             A:01 X:07 Y:00 P:25 SP:F9
8732  D0 FB     BNE $872F                       A:01 X:06 Y:00 P:25 SP:F9
872F  EA        NOP                             A:01 X:06 Y:00 P:25 SP:F9
8730  EA        NOP                             A:01 X:06 Y:00 P:25 SP:F9
8731  CA        DEX                             A:01 X:06 Y:00 P:25 SP:F9
8732  D0 FB     BNE $872F                       A:01 X:05 Y:00 P:25 SP:F9
872F  EA        NOP                             A:01 X:05 Y:00 P:25 SP:F9
8730  EA        NOP                             A:01 X:05 Y:00 P:25 SP:F9
8731  CA        DEX                             A:01 X:05 Y:00 P:25 SP:F9
8732  D0 FB     BNE $872F                       A:01 X:04 Y:00 P:25 SP:F9
872F  EA        NOP                             A:01 X:04 Y:00 P:25 SP:F9
8730  EA        NOP                             A:01 X:04 Y:00 P:25 SP:F9
8731  CA        DEX                             A:01 X:04 Y:00 P:25 SP:F9
8732  D0 FB     BNE $872F                       A:01 X:03 Y:00 P:25 SP:F9
872F  EA        NOP                             A:01 X:03 Y:00 P:25 SP:F9
8730  EA        NOP                             A:01 X:03 Y:00 P:25 SP:F9
8731  CA        DEX                             A:01 X:03 Y:00 P:25 SP:F9
8732  D0 FB     BNE $872F                       A:01 X:02 Y:00 P:25 SP:F9
872F  EA        NOP                             A:01 X:02 Y:00 P:25 SP:F9
8730  EA        NOP                             A:01 X:02 Y:00 P:25 SP:F9
8731  CA        DEX                             A:01 X:02 Y:00 P:25 SP:F9
8732  D0 FB     BNE $872F                       A:01 X:01 Y:00 P:25 SP:F9
872F  EA        NOP                             A:01 X:01 Y:00 P:25 SP:F9
8730  EA        NOP                             A:01 X:01 Y:00 P:25 SP:F9
8731  CA        DEX                             A:01 X:01 Y:00 P:25 SP:F9
8732  D0 FB     BNE $872F                       A:01 X:00 Y:00 P:27 SP:F9
8734  60        RTS                             A:01 X:00 Y:00 P:27 SP:F9
864A  4C 38 86  JMP $8638                       A:01 X:00 Y:00 P:27 SP:FB
8638  20 4D 86  JSR $864D                       A:01 X:00 Y:00 P:27 SP:FB
864D  A5 FF     LDA $FF = 00                    A:01 X:00 Y:00 P:27 SP:F9
864F  C9 77     CMP #$77                        A:00 X:00 Y:00 P:27 SP:F9
8651  F0 0D     BEQ $8660                       A:00 X:00 Y:00 P:A4 SP:F9
8653  C9 64     CMP #$64                        A:00 X:00 Y:00 P:A4 SP:F9
8655  F0 14     BEQ $866B                       A:00 X:00 Y:00 P:A4 SP:F9
8657  C9 73     CMP #$73                        A:00 X:00 Y:00 P:A4 SP:F9
8659  F0 1B     BEQ $8676                       A:00 X:00 Y:00 P:A4 SP:F9
865B  C9 61     CMP #$61                        A:00 X:00 Y:00 P:A4 SP:F9
865D  F0 22     BEQ $8681                       A:00 X:00 Y:00 P:A4 SP:F9
865F  60        RTS                             A:00 X:00 Y:00 P:A4 SP:F9
863B  20 8D 86  JSR $868D                       A:00 X:00 Y:00 P:A4 SP:FB
868D  20 94 86  JSR $8694                       A:00 X:00 Y:00 P:A4 SP:F9
8694  A5 00     LDA $00 = 00                    A:00 X:00 Y:00 P:A4 SP:F7
8696  C5 10     CMP $10 = 1A                    A:00 X:00 Y:00 P:26 SP:F7
8698  D0 0D     BNE $86A7                       A:00 X:00 Y:00 P:A4 SP:F7
86A7  60        RTS                             A:00 X:00 Y:00 P:A4 SP:F7
8690  20 A8 86  JSR $86A8                       A:00 X:00 Y:00 P:A4 SP:F9
86A8  A2 02     LDX #$02                        A:00 X:00 Y:00 P:A4 SP:F7
86AA  B5 10     LDA $10,X @ 12 = 19             A:00 X:02 Y:00 P:24 SP:F7
86AC  C5 10     CMP $10 = 1A                    A:19 X:02 Y:00 P:24 SP:F7
86AE  D0 06     BNE $86B6                       A:19 X:02 Y:00 P:A4 SP:F7
86B6  E8        INX                             A:19 X:02 Y:00 P:A4 SP:F7
86B7  E8        INX                             A:19 X:03 Y:00 P:24 SP:F7
86B8  E4 03     CPX $03 = 06                    A:19 X:04 Y:00 P:24 SP:F7
86BA  F0 06     BEQ $86C2                       A:19 X:04 Y:00 P:A4 SP:F7
86BC  4C AA 86  JMP $86AA                       A:19 X:04 Y:00 P:A4 SP:F7
86AA  B5 10     LDA $10,X @ 14 = 18             A:19 X:04 Y:00 P:A4 SP:F7
86AC  C5 10     CMP $10 = 1A                    A:18 X:04 Y:00 P:24 SP:F7
86AE  D0 06     BNE $86B6                       A:18 X:04 Y:00 P:A4 SP:F7
86B6  E8        INX                             A:18 X:04 Y:00 P:A4 SP:F7
86B7  E8        INX                             A:18 X:05 Y:00 P:24 SP:F7
86B8  E4 03     CPX $03 = 06                    A:18 X:06 Y:00 P:24 SP:F7
86BA  F0 06     BEQ $86C2                       A:18 X:06 Y:00 P:27 SP:F7
86C2  60        RTS                             A:18 X:06 Y:00 P:27 SP:F7
8693  60        RTS                             A:18 X:06 Y:00 P:27 SP:F9
863E  20 C3 86  JSR $86C3                       A:18 X:06 Y:00 P:27 SP:FB
86C3  A6 03     LDX $03 = 06                    A:18 X:06 Y:00 P:27 SP:F9
86C5  CA        DEX                             A:18 X:06 Y:00 P:25 SP:F9
86C6  8A        TXA                             A:18 X:05 Y:00 P:25 SP:F9
86C7  B5 10     LDA $10,X @ 15 = 04             A:05 X:05 Y:00 P:25 SP:F9
86C9  95 12     STA $12,X @ 17 = 04             A:04 X:05 Y:00 P:25 SP:F9
86CB  CA        DEX                             A:04 X:05 Y:00 P:25 SP:F9
86CC  10 F9     BPL $86C7                       A:04 X:04 Y:00 P:25 SP:F9
86C7  B5 10     LDA $10,X @ 14 = 18             A:04 X:04 Y:00 P:25 SP:F9
86C9  95 12     STA $12,X @ 16 = 17             A:18 X:04 Y:00 P:25 SP:F9
86CB  CA        DEX                             A:18 X:04 Y:00 P:25 SP:F9
86CC  10 F9     BPL $86C7                       A:18 X:03 Y:00 P:25 SP:F9
86C7  B5 10     LDA $10,X @ 13 = 04             A:18 X:03 Y:00 P:25 SP:F9
86C9  95 12     STA $12,X @ 15 = 04             A:04 X:03 Y:00 P:25 SP:F9
86CB  CA        DEX                             A:04 X:03 Y:00 P:25 SP:F9
86CC  10 F9     BPL $86C7                       A:04 X:02 Y:00 P:25 SP:F9
86C7  B5 10     LDA $10,X @ 12 = 19             A:04 X:02 Y:00 P:25 SP:F9
86C9  95 12     STA $12,X @ 14 = 18             A:19 X:02 Y:00 P:25 SP:F9
86CB  CA        DEX                             A:19 X:02 Y:00 P:25 SP:F9
86CC  10 F9     BPL $86C7                       A:19 X:01 Y:00 P:25 SP:F9
86C7  B5 10     LDA $10,X @ 11 = 04             A:19 X:01 Y:00 P:25 SP:F9
86C9  95 12     STA $12,X @ 13 = 04             A:04 X:01 Y:00 P:25 SP:F9
86CB  CA        DEX                             A:04 X:01 Y:00 P:25 SP:F9
86CC  10 F9     BPL $86C7                       A:04 X:00 Y:00 P:27 SP:F9
86C7  B5 10     LDA $10,X @ 10 = 1A             A:04 X:00 Y:00 P:27 SP:F9
86C9  95 12     STA $12,X @ 12 = 19             A:1A X:00 Y:00 P:25 SP:F9
86CB  CA        DEX                             A:1A X:00 Y:00 P:25 SP:F9
86CC  10 F9     BPL $86C7                       A:1A X:FF Y:00 P:A5 SP:F9
86CE  A5 02     LDA $02 = 02                    A:1A X:FF Y:00 P:A5 SP:F9
86D0  4A        LSR A                           A:02 X:FF Y:00 P:25 SP:F9
86D1  B0 09     BCS $86DC                       A:01 X:FF Y:00 P:24 SP:F9
86D3  4A        LSR A                           A:01 X:FF Y:00 P:24 SP:F9
86D4  B0 19     BCS $86EF                       A:00 X:FF Y:00 P:27 SP:F9
86EF  E6 10     INC $10 = 1A                    A:00 X:FF Y:00 P:27 SP:F9
86F1  A9 1F     LDA #$1F                        A:00 X:FF Y:00 P:25 SP:F9
86F3  24 10     BIT $10 = 1B                    A:1F X:FF Y:00 P:25 SP:F9
86F5  F0 1F     BEQ $8716                       A:1F X:FF Y:00 P:25 SP:F9
86F7  60        RTS                             A:1F X:FF Y:00 P:25 SP:F9
8641  20 19 87  JSR $8719                       A:1F X:FF Y:00 P:25 SP:FB
8719  A0 00     LDY #$00                        A:1F X:FF Y:00 P:25 SP:F9
871B  A5 FE     LDA $FE = 00                    A:1F X:FF Y:00 P:27 SP:F9
871D  91 00     STA ($00),Y = 0200 @ 0200 = 00  A:00 X:FF Y:00 P:27 SP:F9
871F  60        RTS                             A:00 X:FF Y:00 P:27 SP:F9
8644  20 20 87  JSR $8720                       A:00 X:FF Y:00 P:27 SP:FB
8720  A6 03     LDX $03 = 06                    A:00 X:FF Y:00 P:27 SP:F9
8722  A9 00     LDA #$00                        A:00 X:06 Y:00 P:25 SP:F9
8724  81 10     STA ($10,X) @ 16 = 0418 = 01    A:00 X:06 Y:00 P:27 SP:F9
8726  A2 00     LDX #$00                        A:00 X:06 Y:00 P:27 SP:F9
8728  A9 01     LDA #$01                        A:00 X:00 Y:00 P:27 SP:F9
872A  81 10     STA ($10,X) @ 10 = 041B = 00    A:01 X:00 Y:00 P:25 SP:F9
872C  60        RTS                             A:01 X:00 Y:00 P:25 SP:F9
8647  20 2D 87  JSR $872D                       A:01 X:00 Y:00 P:25 SP:FB
872D  A2 00     LDX #$00                        A:01 X:00 Y:00 P:25 SP:F9
872F  EA        NOP                             A:01 X:00 Y:00 P:27 SP:F9
8730  EA        NOP                             A:01 X:00 Y:00 P:27 SP:F9
8731  CA        DEX                             A:01 X:00 Y:00 P:27 SP:F9
8732  D0 FB     BNE $872F                       A:01 X:FF Y:00 P:A5 SP:F9
872F  EA        NOP                             A:01 X:FF Y:00 P:A5 SP:F9
8730  EA        NOP                             A:01 X:FF Y:00 P:A5 SP:F9
8731  CA        DEX                             A:01 X:FF Y:00 P:A5 SP:F9
8732  D0 FB     BNE $872F                       A:01 X:FE Y:00 P:A5 SP:F9
872F  EA        NOP                             A:01 X:FE Y:00 P:A5 SP:F9
8730  EA        NOP                             A:01 X:FE Y:00 P:A5 SP:F9
8731  CA        DEX                             A:01 X:FE Y:00 P:A5 SP:F9
8732  D0 FB     BNE $872F                       A:01 X:FD Y:00 P:A5 SP:F9
872F  EA        NOP                             A:01 X:FD Y:00 P:A5 SP:F9
8730  EA        NOP                             A:01 X:FD Y:00 P:A5 SP:F9
8731  CA        DEX                             A:01 X:FD Y:00 P:A5 SP:F9
8732  D0 FB     BNE $872F                       A:01 X:FC Y:00 P:A5 SP:F9
872F  EA        NOP                             A:01 X:FC Y:00 P:A5 SP:F9
8730  EA        NOP                             A:01 X:FC Y:00 P:A5 SP:F9
8731  CA        DEX                             A:01 X:FC Y:00 P:A5 SP:F9
8732  D0 FB     BNE $872F                       A:01 X:FB Y:00 P:A5 SP:F9
872F  EA        NOP                             A:01 X:FB Y:00 P:A5 SP:F9
8730  EA        NOP                             A:01 X:FB Y:00 P:A5 SP:F9
8731  CA        DEX                             A:01 X:FB Y:00 P:A5 SP:F9
8732  D0 FB     BNE $872F                       A:01 X:FA Y:00 P:A5 SP:F9
872F  EA        NOP                             A:01 X:FA Y:00 P:A5 SP:F9
8730  EA        NOP                             A:01 X:FA Y:00 P:A5 SP:F9
8731  CA        DEX                             A:01 X:FA Y:00 P:A5 SP:F9
8732  D0 FB     BNE $872F                       A:01 X:F9 Y:00 P:A5 SP:F9
872F  EA        NOP                             A:01 X:F9 Y:00 P:A5 SP:F9
8730  EA        NOP                             A:01 X:F9 Y:00 P:A5 SP:F9
8731  CA        DEX                             A:01 X:F9 Y:00 P:A5 SP:F9
8732  D0 FB     BNE $872F                       A:01 X:F8 Y:00 P:A5 SP:F9
872F  EA        NOP                             A:01 X:F8 Y:00 P:A5 SP:F9
8730  EA        NOP                             A:01 X:F8 Y:00 P:A5 SP:F9
8731  CA        DEX                             A:01 X:F8 Y:00 P:A5 SP:F9
8732  D0 FB     BNE $872F                       A:01 X:F7 Y:00 P:A5 SP:F9
872F  EA        NOP                             A:01 X:F7 Y:00 P:A5 SP:F9
8730  EA        NOP                             A:01 X:F7 Y:00 P:A5 SP:F9
8731  CA        DEX                             A:01 X:F7 Y:00 P:A5 SP:F9
8732  D0 FB     BNE $872F                       A:01 X:F6 Y:00 P:A5 SP:F9
872F  EA        NOP                             A:01 X:F6 Y:00 P:A5 SP:F9
8730  EA        NOP                             A:01 X:F6 Y:00 P:A5 SP:F9
8731  CA        DEX                             A:01 X:F6 Y:00 P:A5 SP:F9
8732  D0 FB     BNE $872F                       A:01 X:F5 Y:00 P:A5 SP:F9
872F  EA        NOP                             A:01 X:F5 Y:00 P:A5 SP:F9
8730  EA        NOP                             A:01 X:F5 Y:00 P:A5 SP:F9
8731  CA        DEX                             A:01 X:F5 Y:00 P:A5 SP:F9
8732  D0 FB     BNE $872F                       A:01 X:F4 Y:00 P:A5 SP:F9
872F  EA        NOP                             A:01 X:F4 Y:00 P:A5 SP:F9
8730  EA        NOP                             A:01 X:F4 Y:00 P:A5 SP:F9
8731  CA        DEX                             A:01 X:F4 Y:00 P:A5 SP:F9
8732  D0 FB     BNE $872F                       A:01 X:F3 Y:00 P:A5 SP:F9
872F  EA        NOP                             A:01 X:F3 Y:00 P:A5 SP:F9
8730  EA        NOP                             A:01 X:F3 Y:00 P:A5 SP:F9
8731  CA        DEX                             A:01 X:F3 Y:00 P:A5 SP:F9
8732  D0 FB     BNE $872F                       A:01 X:F2 Y:00 P:A5 SP:F9
872F  EA        NOP                             A:01 X:F2 Y:00 P:A5 SP:F9
8730  EA        NOP                             A:01 X:F2 Y:00 P:A5 SP:F9
8731  CA        DEX                             A:01 X:F2 Y:00 P:A5 SP:F9
8732  D0 FB     BNE $872F                       A:01 X:F1 Y:00 P:A5 SP:F9
872F  EA        NOP                             A:01 X:F1 Y:00 P:A5 SP:F9
8730  EA        NOP                             A:01 X:F1 Y:00 P:A5 SP:F9
8731  CA        DEX                             A:01 X:F1 Y:00 P:A5 SP:F9
8732  D0 FB     BNE $872F                       A:01 X:F0 Y:00 P:A5 SP:F9
872F  EA        NOP                             A:01 X:F0 Y:00 P:A5 SP:F9
8730  EA        NOP                             A:01 X:F0 Y:00 P:A5 SP:F9
8731  CA        DEX                             A:01 X:F0 Y:00 P:A5 SP:F9
8732  D0 FB     BNE $872F                       A:01 X:EF Y:00 P:A5 SP:F9
872F  EA        NOP                             A:01 X:EF Y:00 P:A5 SP:F9
8730  EA        NOP                             A:01 X:EF Y:00 P:A5 SP:F9
8731  CA        DEX                             A:01 X:EF Y:00 P:A5 SP:F9
8732  D0 FB     BNE $872F                       A:01 X:EE Y:00 P:A5 SP:F9
872F  EA        NOP                             A:01 X:EE Y:00 P:A5 SP:F9
8730  EA        NOP                             A:01 X:EE Y:00 P:A5 SP:F9
8731  CA        DEX                             A:01 X:EE Y:00 P:A5 SP:F9
8732  D0 FB     BNE $872F                       A:01 X:ED Y:00 P:A5 SP:F9
872F  EA        NOP                             A:01 X:ED Y:00 P:A5 SP:F9
8730  EA        NOP                             A:01 X:ED Y:00 P:A5 SP:F9
8731  CA        DEX                             A:01 X:ED Y:00 P:A5 SP:F9
8732  D0 FB     BNE $872F                       A:01 X:EC Y:00 P:A5 SP:F9
872F  EA        NOP                             A:01 X:EC Y:00 P:A5 SP:F9
8730  EA        NOP                             A:01 X:EC Y:00 P:A5 SP:F9
8731  CA        DEX                             A:01 X:EC Y:00 P:A5 SP:F9
8732  D0 FB     BNE $872F                       A:01 X:EB Y:00 P:A5 SP:F9
872F  EA        NOP                             A:01 X:EB Y:00 P:A5 SP:F9
8730  EA        NOP                             A:01 X:EB Y:00 P:A5 SP:F9
8731  CA        DEX                             A:01 X:EB Y:00 P:A5 SP:F9
8732  D0 FB     BNE $872F                       A:01 X:EA Y:00 P:A5 SP:F9
872F  EA        NOP                             A:01 X:EA Y:00 P:A5 SP:F9
8730  EA        NOP                             A:01 X:EA Y:00 P:A5 SP:F9
8731  CA        DEX                             A:01 X:EA Y:00 P:A5 SP:F9
8732  D0 FB     BNE $872F                       A:01 X:E9 Y:00 P:A5 SP:F9
872F  EA        NOP                             A:01 X:E9 Y:00 P:A5 SP:F9
8730  EA        NOP                             A:01 X:E9 Y:00 P:A5 SP:F9
8731  CA        DEX                             A:01 X:E9 Y:00 P:A5 SP:F9
8732  D0 FB     BNE $872F                       A:01 X:E8 Y:00 P:A5 SP:F9
872F  EA        NOP                             A:01 X:E8 Y:00 P:A5 SP:F9
8730  EA        NOP                             A:01 X:E8 Y:00 P:A5 SP:F9
8731  CA        DEX                             A:01 X:E8 Y:00 P:A5 SP:F9
8732  D0 FB     BNE $872F                       A:01 X:E7 Y:00 P:A5 SP:F9
872F  EA        NOP                             A:01 X:E7 Y:00 P:A5 SP:F9
8730  EA        NOP                             A:01 X:E7 Y:00 P:A5 SP:F9
8731  CA        DEX                             A:01 X:E7 Y:00 P:A5 SP:F9
8732  D0 FB     BNE $872F                       A:01 X:E6 Y:00 P:A5 SP:F9
872F  EA        NOP                             A:01 X:E6 Y:00 P:A5 SP:F9
8730  EA        NOP                             A:01 X:E6 Y:00 P:A5 SP:F9
8731  CA        DEX                             A:01 X:E6 Y:00 P:A5 SP:F9
8732  D0 FB     BNE $872F                       A:01 X:E5 Y:00 P:A5 SP:F9
872F  EA        NOP                             A:01 X:E5 Y:00 P:A5 SP:F9
8730  EA        NOP                             A:01 X:E5 Y:00 P:A5 SP:F9
8731  CA        DEX                             A:01 X:E5 Y:00 P:A5 SP:F9
8732  D0 FB     BNE $872F                       A:01 X:E4 Y:00 P:A5 SP:F9
872F  EA        NOP                             A:01 X:E4 Y:00 P:A5 SP:F9
8730  EA        NOP                             A:01 X:E4 Y:00 P:A5 SP:F9
8731  CA        DEX                             A:01 X:E4 Y:00 P:A5 SP:F9
8732  D0 FB     BNE $872F                       A:01 X:E3 Y:00 P:A5 SP:F9
872F  EA        NOP                             A:01 X:E3 Y:00 P:A5 SP:F9
8730  EA        NOP                             A:01 X:E3 Y:00 P:A5 SP:F9
8731  CA        DEX                             A:01 X:E3 Y:00 P:A5 SP:F9
8732  D0 FB     BNE $872F                       A:01 X:E2 Y:00 P:A5 SP:F9
872F  EA        NOP                             A:01 X:E2 Y:00 P:A5 SP:F9
8730  EA        NOP                             A:01 X:E2 Y:00 P:A5 SP:F9
8731  CA        DEX                             A:01 X:E2 Y:00 P:A5 SP:F9
8732  D0 FB     BNE $872F                       A:01 X:E1 Y:00 P:A5 SP:F9
872F  EA        NOP                             A:01 X:E1 Y:00 P:A5 SP:F9
8730  EA        NOP                             A:01 X:E1 Y:00 P:A5 SP:F9
8731  CA        DEX                             A:01 X:E1 Y:00 P:A5 SP:F9
8732  D0 FB     BNE $872F                       A:01 X:E0 Y:00 P:A5 SP:F9
872F  EA        NOP                             A:01 X:E0 Y:00 P:A5 SP:F9
8730  EA        NOP                             A:01 X:E0 Y:00 P:A5 SP:F9
8731  CA        DEX                             A:01 X:E0 Y:00 P:A5 SP:F9
8732  D0 FB     BNE $872F                       A:01 X:DF Y:00 P:A5 SP:F9
872F  EA        NOP                             A:01 X:DF Y:00 P:A5 SP:F9
8730  EA        NOP                             A:01 X:DF Y:00 P:A5 SP:F9
8731  CA        DEX                             A:01 X:DF Y:00 P:A5 SP:F9
8732  D0 FB     BNE $872F                       A:01 X:DE Y:00 P:A5 SP:F9
872F  EA        NOP                             A:01 X:DE Y:00 P:A5 SP:F9
8730  EA        NOP                             A:01 X:DE Y:00 P:A5 SP:F9
8731  CA        DEX                             A:01 X:DE Y:00 P:A5 SP:F9
8732  D0 FB     BNE $872F                       A:01 X:DD Y:00 P:A5 SP:F9
872F  EA        NOP                             A:01 X:DD Y:00 P:A5 SP:F9
8730  EA        NOP                             A:01 X:DD Y:00 P:A5 SP:F9
8731  CA        DEX                             A:01 X:DD Y:00 P:A5 SP:F9
8732  D0 FB     BNE $872F                       A:01 X:DC Y:00 P:A5 SP:F9
872F  EA        NOP                             A:01 X:DC Y:00 P:A5 SP:F9
8730  EA        NOP                             A:01 X:DC Y:00 P:A5 SP:F9
8731  CA        DEX                             A:01 X:DC Y:00 P:A5 SP:F9
8732  D0 FB     BNE $872F                       A:01 X:DB Y:00 P:A5 SP:F9
872F  EA        NOP                             A:01 X:DB Y:00 P:A5 SP:F9
8730  EA        NOP                             A:01 X:DB Y:00 P:A5 SP:F9
8731  CA        DEX                             A:01 X:DB Y:00 P:A5 SP:F9
8732  D0 FB     BNE $872F                       A:01 X:DA Y:00 P:A5 SP:F9
872F  EA        NOP                             A:01 X:DA Y:00 P:A5 SP:F9
8730  EA        NOP                             A:01 X:DA Y:00 P:A5 SP:F9
8731  CA        DEX                             A:01 X:DA Y:00 P:A5 SP:F9
8732  D0 FB     BNE $872F                       A:01 X:D9 Y:00 P:A5 SP:F9
872F  EA        NOP                             A:01 X:D9 Y:00 P:A5 SP:F9
8730  EA        NOP                             A:01 X:D9 Y:00 P:A5 SP:F9
8731  CA        DEX                             A:01 X:D9 Y:00 P:A5 SP:F9
8732  D0 FB     BNE $872F                       A:01 X:D8 Y:00 P:A5 SP:F9
872F  EA        NOP                             A:01 X:D8 Y:00 P:A5 SP:F9
8730  EA        NOP                             A:01 X:D8 Y:00 P:A5 SP:F9
8731  CA        DEX                             A:01 X:D8 Y:00 P:A5 SP:F9
8732  D0 FB     BNE $872F                       A:01 X:D7 Y:00 P:A5 SP:F9
872F  EA        NOP                             A:01 X:D7 Y:00 P:A5 SP:F9
8730  EA        NOP                             A:01 X:D7 Y:00 P:A5 SP:F9
8731  CA        DEX                             A:01 X:D7 Y:00 P:A5 SP:F9
8732  D0 FB     BNE $872F                       A:01 X:D6 Y:00 P:A5 SP:F9
872F  EA        NOP                             A:01 X:D6 Y:00 P:A5 SP:F9
8730  EA        NOP                             A:01 X:D6 Y:00 P:A5 SP:F9
8731  CA        DEX                             A:01 X:D6 Y:00 P:A5 SP:F9
8732  D0 FB     BNE $872F                       A:01 X:D5 Y:00 P:A5 SP:F9
872F  EA        NOP                             A:01 X:D5 Y:00 P:A5 SP:F9
8730  EA        NOP                             A:01 X:D5 Y:00 P:A5 SP:F9
8731  CA        DEX                             A:01 X:D5 Y:00 P:A5 SP:F9
8732  D0 FB     BNE $872F                       A:01 X:D4 Y:00 P:A5 SP:F9
872F  EA        NOP                             A:01 X:D4 Y:00 P:A5 SP:F9
8730  EA        NOP                             A:01 X:D4 Y:00 P:A5 SP:F9
8731  CA        DEX                             A:01 X:D4 Y:00 P:A5 SP:F9
8732  D0 FB     BNE $872F                       A:01 X:D3 Y:00 P:A5 SP:F9
872F  EA        NOP                             A:01 X:D3 Y:00 P:A5 SP:F9
8730  EA        NOP                             A:01 X:D3 Y:00 P:A5 SP:F9
8731  CA        DEX                             A:01 X:D3 Y:00 P:A5 SP:F9
8732  D0 FB     BNE $872F                       A:01 X:D2 Y:00 P:A5 SP:F9
872F  EA        NOP                             A:01 X:D2 Y:00 P:A5 SP:F9
8730  EA        NOP                             A:01 X:D2 Y:00 P:A5 SP:F9
8731  CA        DEX                             A:01 X:D2 Y:00 P:A5 SP:F9
8732  D0 FB     BNE $872F                       A:01 X:D1 Y:00 P:A5 SP:F9
872F  EA        NOP                             A:01 X:D1 Y:00 P:A5 SP:F9
8730  EA        NOP                             A:01 X:D1 Y:00 P:A5 SP:F9
8731  CA        DEX                             A:01 X:D1 Y:00 P:A5 SP:F9
8732  D0 FB     BNE $872F                       A:01 X:D0 Y:00 P:A5 SP:F9
872F  EA        NOP                             A:01 X:D0 Y:00 P:A5 SP:F9
8730  EA        NOP                             A:01 X:D0 Y:00 P:A5 SP:F9
8731  CA        DEX                             A:01 X:D0 Y:00 P:A5 SP:F9
8732  D0 FB     BNE $872F                       A:01 X:CF Y:00 P:A5 SP:F9
872F  EA        NOP                             A:01 X:CF Y:00 P:A5 SP:F9
8730  EA        NOP                             A:01 X:CF Y:00 P:A5 SP:F9
8731  CA        DEX                             A:01 X:CF Y:00 P:A5 SP:F9
8732  D0 FB     BNE $872F                       A:01 X:CE Y:00 P:A5 SP:F9
872F  EA        NOP                             A:01 X:CE Y:00 P:A5 SP:F9
8730  EA        NOP                             A:01 X:CE Y:00 P:A5 SP:F9
8731  CA        DEX                             A:01 X:CE Y:00 P:A5 SP:F9
8732  D0 FB     BNE $872F                       A:01 X:CD Y:00 P:A5 SP:F9
872F  EA        NOP                             A:01 X:CD Y:00 P:A5 SP:F9
8730  EA        NOP                             A:01 X:CD Y:00 P:A5 SP:F9
8731  CA        DEX                             A:01 X:CD Y:00 P:A5 SP:F9
8732  D0 FB     BNE $872F                       A:01 X:CC Y:00 P:A5 SP:F9
872F  EA        NOP                             A:01 X:CC Y:00 P:A5 SP:F9
8730  EA        NOP                             A:01 X:CC Y:00 P:A5 SP:F9
8731  CA        DEX                             A:01 X:CC Y:00 P:A5 SP:F9
8732  D0 FB     BNE $872F                       A:01 X:CB Y:00 P:A5 SP:F9
872F  EA        NOP                             A:01 X:CB Y:00 P:A5 SP:F9
8730  EA        NOP                             A:01 X:CB Y:00 P:A5 SP:F9
8731  CA        DEX                             A:01 X:CB Y:00 P:A5 SP:F9
8732  D0 FB     BNE $872F                       A:01 X:CA Y:00 P:A5 SP:F9
872F  EA        NOP                             A:01 X:CA Y:00 P:A5 SP:F9
8730  EA        NOP                             A:01 X:CA Y:00 P:A5 SP:F9
8731  CA        DEX                             A:01 X:CA Y:00 P:A5 SP:F9
8732  D0 FB     BNE $872F                       A:01 X:C9 Y:00 P:A5 SP:F9
872F  EA        NOP                             A:01 X:C9 Y:00 P:A5 SP:F9
8730  EA        NOP                             A:01 X:C9 Y:00 P:A5 SP:F9
8731  CA        DEX                             A:01 X:C9 Y:00 P:A5 SP:F9
8732  D0 FB     BNE $872F                       A:01 X:C8 Y:00 P:A5 SP:F9
872F  EA        NOP                             A:01 X:C8 Y:00 P:A5 SP:F9
8730  EA        NOP                             A:01 X:C8 Y:00 P:A5 SP:F9
8731  CA        DEX                             A:01 X:C8 Y:00 P:A5 SP:F9
8732  D0 FB     BNE $872F                       A:01 X:C7 Y:00 P:A5 SP:F9
872F  EA        NOP                             A:01 X:C7 Y:00 P:A5 SP:F9
8730  EA        NOP                             A:01 X:C7 Y:00 P:A5 SP:F9
8731  CA        DEX                             A:01 X:C7 Y:00 P:A5 SP:F9
8732  D0 FB     BNE $872F                       A:01 X:C6 Y:00 P:A5 SP:F9
872F  EA        NOP                             A:01 X:C6 Y:00 P:A5 SP:F9
8730  EA        NOP                             A:01 X:C6 Y:00 P:A5 SP:F9
8731  CA        DEX                             A:01 X:C6 Y:00 P:A5 SP:F9
8732  D0 FB     BNE $872F                       A:01 X:C5 Y:00 P:A5 SP:F9
872F  EA        NOP                             A:01 X:C5 Y:00 P:A5 SP:F9
8730  EA        NOP                             A:01 X:C5 Y:00 P:A5 SP:F9
8731  CA        DEX                             A:01 X:C5 Y:00 P:A5 SP:F9
8732  D0 FB     BNE $872F                       A:01 X:C4 Y:00 P:A5 SP:F9
872F  EA        NOP                             A:01 X:C4 Y:00 P:A5 SP:F9
8730  EA        NOP                             A:01 X:C4 Y:00 P:A5 SP:F9
8731  CA        DEX                             A:01 X:C4 Y:00 P:A5 SP:F9
8732  D0 FB     BNE $872F                       A:01 X:C3 Y:00 P:A5 SP:F9
872F  EA        NOP                             A:01 X:C3 Y:00 P:A5 SP:F9
8730  EA        NOP                             A:01 X:C3 Y:00 P:A5 SP:F9
8731  CA        DEX                             A:01 X:C3 Y:00 P:A5 SP:F9
8732  D0 FB     BNE $872F                       A:01 X:C2 Y:00 P:A5 SP:F9
872F  EA        NOP                             A:01 X:C2 Y:00 P:A5 SP:F9
8730  EA        NOP                             A:01 X:C2 Y:00 P:A5 SP:F9
8731  CA        DEX                             A:01 X:C2 Y:00 P:A5 SP:F9
8732  D0 FB     BNE $872F                       A:01 X:C1 Y:00 P:A5 SP:F9
872F  EA        NOP                             A:01 X:C1 Y:00 P:A5 SP:F9
8730  EA        NOP                             A:01 X:C1 Y:00 P:A5 SP:F9
8731  CA        DEX                             A:01 X:C1 Y:00 P:A5 SP:F9
8732  D0 FB     BNE $872F                       A:01 X:C0 Y:00 P:A5 SP:F9
872F  EA        NOP                             A:01 X:C0 Y:00 P:A5 SP:F9
8730  EA        NOP                             A:01 X:C0 Y:00 P:A5 SP:F9
8731  CA        DEX                             A:01 X:C0 Y:00 P:A5 SP:F9
8732  D0 FB     BNE $872F                       A:01 X:BF Y:00 P:A5 SP:F9
872F  EA        NOP                             A:01 X:BF Y:00 P:A5 SP:F9
8730  EA        NOP                             A:01 X:BF Y:00 P:A5 SP:F9
8731  CA        DEX                             A:01 X:BF Y:00 P:A5 SP:F9
8732  D0 FB     BNE $872F                       A:01 X:BE Y:00 P:A5 SP:F9
872F  EA        NOP                             A:01 X:BE Y:00 P:A5 SP:F9
8730  EA        NOP                             A:01 X:BE Y:00 P:A5 SP:F9
8731  CA        DEX                             A:01 X:BE Y:00 P:A5 SP:F9
8732  D0 FB     BNE $872F                       A:01 X:BD Y:00 P:A5 SP:F9
872F  EA        NOP                             A:01 X:BD Y:00 P:A5 SP:F9
8730  EA        NOP                             A:01 X:BD Y:00 P:A5 SP:F9
8731  CA        DEX                             A:01 X:BD Y:00 P:A5 SP:F9
8732  D0 FB     BNE $872F                       A:01 X:BC Y:00 P:A5 SP:F9
872F  EA        NOP                             A:01 X:BC Y:00 P:A5 SP:F9
8730  EA        NOP                             A:01 X:BC Y:00 P:A5 SP:F9
8731  CA        DEX                             A:01 X:BC Y:00 P:A5 SP:F9
8732  D0 FB     BNE $872F                       A:01 X:BB Y:00 P:A5 SP:F9
872F  EA        NOP                             A:01 X:BB Y:00 P:A5 SP:F9
8730  EA        NOP                             A:01 X:BB Y:00 P:A5 SP:F9
8731  CA        DEX                             A:01 X:BB Y:00 P:A5 SP:F9
8732  D0 FB     BNE $872F                       A:01 X:BA Y:00 P:A5 SP:F9
872F  EA        NOP                             A:01 X:BA Y:00 P:A5 SP:F9
8730  EA        NOP                             A:01 X:BA Y:00 P:A5 SP:F9
8731  CA        DEX                             A:01 X:BA Y:00 P:A5 SP:F9
8732  D0 FB     BNE $872F                       A:01 X:B9 Y:00 P:A5 SP:F9
872F  EA        NOP                             A:01 X:B9 Y:00 P:A5 SP:F9
8730  EA        NOP                             A:01 X:B9 Y:00 P:A5 SP:F9
8731  CA        DEX                             A:01 X:B9 Y:00 P:A5 SP:F9
8732  D0 FB     BNE $872F                       A:01 X:B8 Y:00 P:A5 SP:F9
872F  EA        NOP                             A:01 X:B8 Y:00 P:A5 SP:F9
8730  EA        NOP                             A:01 X:B8 Y:00 P:A5 SP:F9
8731  CA        DEX                             A:01 X:B8 Y:00 P:A5 SP:F9
8732  D0 FB     BNE $872F                       A:01 X:B7 Y:00 P:A5 SP:F9
872F  EA        NOP                             A:01 X:B7 Y:00 P:A5 SP:F9
8730  EA        NOP                             A:01 X:B7 Y:00 P:A5 SP:F9
8731  CA        DEX                             A:01 X:B7 Y:00 P:A5 SP:F9
8732  D0 FB     BNE $872F                       A:01 X:B6 Y:00 P:A5 SP:F9
872F  EA        NOP                             A:01 X:B6 Y:00 P:A5 SP:F9
8730  EA        NOP                             A:01 X:B6 Y:00 P:A5 SP:F9
8731  CA        DEX                             A:01 X:B6 Y:00 P:A5 SP:F9
8732  D0 FB     BNE $872F                       A:01 X:B5 Y:00 P:A5 SP:F9
872F  EA        NOP                             A:01 X:B5 Y:00 P:A5 SP:F9
8730  EA        NOP                             A:01 X:B5 Y:00 P:A5 SP:F9
8731  CA        DEX                             A:01 X:B5 Y:00 P:A5 SP:F9
8732  D0 FB     BNE $872F                       A:01 X:B4 Y:00 P:A5 SP:F9
872F  EA        NOP                             A:01 X:B4 Y:00 P:A5 SP:F9
8730  EA        NOP                             A:01 X:B4 Y:00 P:A5 SP:F9
8731  CA        DEX                             A:01 X:B4 Y:00 P:A5 SP:F9
8732  D0 FB     BNE $872F                       A:01 X:B3 Y:00 P:A5 SP:F9
872F  EA        NOP                             A:01 X:B3 Y:00 P:A5 SP:F9
8730  EA        NOP                             A:01 X:B3 Y:00 P:A5 SP:F9
8731  CA        DEX                             A:01 X:B3 Y:00 P:A5 SP:F9
8732  D0 FB     BNE $872F                       A:01 X:B2 Y:00 P:A5 SP:F9
872F  EA        NOP                             A:01 X:B2 Y:00 P:A5 SP:F9
8730  EA        NOP                             A:01 X:B2 Y:00 P:A5 SP:F9
8731  CA        DEX                             A:01 X:B2 Y:00 P:A5 SP:F9
8732  D0 FB     BNE $872F                       A:01 X:B1 Y:00 P:A5 SP:F9
872F  EA        NOP                             A:01 X:B1 Y:00 P:A5 SP:F9
8730  EA        NOP                             A:01 X:B1 Y:00 P:A5 SP:F9
8731  CA        DEX                             A:01 X:B1 Y:00 P:A5 SP:F9
8732  D0 FB     BNE $872F                       A:01 X:B0 Y:00 P:A5 SP:F9
872F  EA        NOP                             A:01 X:B0 Y:00 P:A5 SP:F9
8730  EA        NOP                             A:01 X:B0 Y:00 P:A5 SP:F9
8731  CA        DEX                             A:01 X:B0 Y:00 P:A5 SP:F9
8732  D0 FB     BNE $872F                       A:01 X:AF Y:00 P:A5 SP:F9
872F  EA        NOP                             A:01 X:AF Y:00 P:A5 SP:F9
8730  EA        NOP                             A:01 X:AF Y:00 P:A5 SP:F9
8731  CA        DEX                             A:01 X:AF Y:00 P:A5 SP:F9
8732  D0 FB     BNE $872F                       A:01 X:AE Y:00 P:A5 SP:F9
872F  EA        NOP                             A:01 X:AE Y:00 P:A5 SP:F9
8730  EA        NOP                             A:01 X:AE Y:00 P:A5 SP:F9
8731  CA        DEX                             A:01 X:AE Y:00 P:A5 SP:F9
8732  D0 FB     BNE $872F                       A:01 X:AD Y:00 P:A5 SP:F9
872F  EA        NOP                             A:01 X:AD Y:00 P:A5 SP:F9
8730  EA        NOP                             A:01 X:AD Y:00 P:A5 SP:F9
8731  CA        DEX                             A:01 X:AD Y:00 P:A5 SP:F9
8732  D0 FB     BNE $872F                       A:01 X:AC Y:00 P:A5 SP:F9
872F  EA        NOP                             A:01 X:AC Y:00 P:A5 SP:F9
8730  EA        NOP                             A:01 X:AC Y:00 P:A5 SP:F9
8731  CA        DEX                             A:01 X:AC Y:00 P:A5 SP:F9
8732  D0 FB     BNE $872F                       A:01 X:AB Y:00 P:A5 SP:F9
872F  EA        NOP                             A:01 X:AB Y:00 P:A5 SP:F9
8730  EA        NOP                             A:01 X:AB Y:00 P:A5 SP:F9
8731  CA        DEX                             A:01 X:AB Y:00 P:A5 SP:F9
8732  D0 FB     BNE $872F                       A:01 X:AA Y:00 P:A5 SP:F9
872F  EA        NOP                             A:01 X:AA Y:00 P:A5 SP:F9
8730  EA        NOP                             A:01 X:AA Y:00 P:A5 SP:F9
8731  CA        DEX                             A:01 X:AA Y:00 P:A5 SP:F9
8732  D0 FB     BNE $872F                       A:01 X:A9 Y:00 P:A5 SP:F9
872F  EA        NOP                             A:01 X:A9 Y:00 P:A5 SP:F9
8730  EA        NOP                             A:01 X:A9 Y:00 P:A5 SP:F9
8731  CA        DEX                             A:01 X:A9 Y:00 P:A5 SP:F9
8732  D0 FB     BNE $872F                       A:01 X:A8 Y:00 P:A5 SP:F9
872F  EA        NOP                             A:01 X:A8 Y:00 P:A5 SP:F9
8730  EA        NOP                             A:01 X:A8 Y:00 P:A5 SP:F9
8731  CA        DEX                             A:01 X:A8 Y:00 P:A5 SP:F9
8732  D0 FB     BNE $872F                       A:01 X:A7 Y:00 P:A5 SP:F9
872F  EA        NOP                             A:01 X:A7 Y:00 P:A5 SP:F9
8730  EA        NOP                             A:01 X:A7 Y:00 P:A5 SP:F9
8731  CA        DEX                             A:01 X:A7 Y:00 P:A5 SP:F9
8732  D0 FB     BNE $872F                       A:01 X:A6 Y:00 P:A5 SP:F9
872F  EA        NOP                             A:01 X:A6 Y:00 P:A5 SP:F9
8730  EA        NOP                             A:01 X:A6 Y:00 P:A5 SP:F9
8731  CA        DEX                             A:01 X:A6 Y:00 P:A5 SP:F9
8732  D0 FB     BNE $872F                       A:01 X:A5 Y:00 P:A5 SP:F9
872F  EA        NOP                             A:01 X:A5 Y:00 P:A5 SP:F9
8730  EA        NOP                             A:01 X:A5 Y:00 P:A5 SP:F9
8731  CA        DEX                             A:01 X:A5 Y:00 P:A5 SP:F9
8732  D0 FB     BNE $872F                       A:01 X:A4 Y:00 P:A5 SP:F9
872F  EA        NOP                             A:01 X:A4 Y:00 P:A5 SP:F9
8730  EA        NOP                             A:01 X:A4 Y:00 P:A5 SP:F9
8731  CA        DEX                             A:01 X:A4 Y:00 P:A5 SP:F9
8732  D0 FB     BNE $872F                       A:01 X:A3 Y:00 P:A5 SP:F9
872F  EA        NOP                             A:01 X:A3 Y:00 P:A5 SP:F9
8730  EA        NOP                             A:01 X:A3 Y:00 P:A5 SP:F9
8731  CA        DEX                             A:01 X:A3 Y:00 P:A5 SP:F9
8732  D0 FB     BNE $872F                       A:01 X:A2 Y:00 P:A5 SP:F9
872F  EA        NOP                             A:01 X:A2 Y:00 P:A5 SP:F9
8730  EA        NOP                             A:01 X:A2 Y:00 P:A5 SP:F9
8731  CA        DEX                             A:01 X:A2 Y:00 P:A5 SP:F9
8732  D0 FB     BNE $872F                       A:01 X:A1 Y:00 P:A5 SP:F9
872F  EA        NOP                             A:01 X:A1 Y:00 P:A5 SP:F9
8730  EA        NOP                             A:01 X:A1 Y:00 P:A5 SP:F9
8731  CA        DEX                             A:01 X:A1 Y:00 P:A5 SP:F9
8732  D0 FB     BNE $872F                       A:01 X:A0 Y:00 P:A5 SP:F9
872F  EA        NOP                             A:01 X:A0 Y:00 P:A5 SP:F9
8730  EA        NOP                             A:01 X:A0 Y:00 P:A5 SP:F9
8731  CA        DEX                             A:01 X:A0 Y:00 P:A5 SP:F9
8732  D0 FB     BNE $872F                       A:01 X:9F Y:00 P:A5 SP:F9
872F  EA        NOP                             A:01 X:9F Y:00 P:A5 SP:F9
8730  EA        NOP                             A:01 X:9F Y:00 P:A5 SP:F9
8731  CA        DEX                             A:01 X:9F Y:00 P:A5 SP:F9
8732  D0 FB     BNE $872F                       A:01 X:9E Y:00 P:A5 SP:F9
872F  EA        NOP                             A:01 X:9E Y:00 P:A5 SP:F9
8730  EA        NOP                             A:01 X:9E Y:00 P:A5 SP:F9
8731  CA        DEX                             A:01 X:9E Y:00 P:A5 SP:F9
8732  D0 FB     BNE $872F                       A:01 X:9D Y:00 P:A5 SP:F9
872F  EA        NOP                             A:01 X:9D Y:00 P:A5 SP:F9
8730  EA        NOP                             A:01 X:9D Y:00 P:A5 SP:F9
8731  CA        DEX                             A:01 X:9D Y:00 P:A5 SP:F9
8732  D0 FB     BNE $872F                       A:01 X:9C Y:00 P:A5 SP:F9
872F  EA        NOP                             A:01 X:9C Y:00 P:A5 SP:F9
8730  EA        NOP                             A:01 X:9C Y:00 P:A5 SP:F9
8731  CA        DEX                             A:01 X:9C Y:00 P:A5 SP:F9
8732  D0 FB     BNE $872F                       A:01 X:9B Y:00 P:A5 SP:F9
872F  EA        NOP                             A:01 X:9B Y:00 P:A5 SP:F9
8730  EA        NOP                             A:01 X:9B Y:00 P:A5 SP:F9
8731  CA        DEX                             A:01 X:9B Y:00 P:A5 SP:F9
8732  D0 FB     BNE $872F                       A:01 X:9A Y:00 P:A5 SP:F9
872F  EA        NOP                             A:01 X:9A Y:00 P:A5 SP:F9
8730  EA        NOP                             A:01 X:9A Y:00 P:A5 SP:F9
8731  CA        DEX                             A:01 X:9A Y:00 P:A5 SP:F9
8732  D0 FB     BNE $872F                       A:01 X:99 Y:00 P:A5 SP:F9
872F  EA        NOP                             A:01 X:99 Y:00 P:A5 SP:F9
8730  EA        NOP                             A:01 X:99 Y:00 P:A5 SP:F9
8731  CA        DEX                             A:01 X:99 Y:00 P:A5 SP:F9
8732  D0 FB     BNE $872F                       A:01 X:98 Y:00 P:A5 SP:F9
872F  EA        NOP                             A:01 X:98 Y:00 P:A5 SP:F9
8730  EA        NOP                             A:01 X:98 Y:00 P:A5 SP:F9
8731  CA        DEX                             A:01 X:98 Y:00 P:A5 SP:F9
8732  D0 FB     BNE $872F                       A:01 X:97 Y:00 P:A5 SP:F9
872F  EA        NOP                             A:01 X:97 Y:00 P:A5 SP:F9
8730  EA        NOP                             A:01 X:97 Y:00 P:A5 SP:F9
8731  CA        DEX                             A:01 X:97 Y:00 P:A5 SP:F9
8732  D0 FB     BNE $872F                       A:01 X:96 Y:00 P:A5 SP:F9
872F  EA        NOP                             A:01 X:96 Y:00 P:A5 SP:F9
8730  EA        NOP                             A:01 X:96 Y:00 P:A5 SP:F9
8731  CA        DEX                             A:01 X:96 Y:00 P:A5 SP:F9
8732  D0 FB     BNE $872F                       A:01 X:95 Y:00 P:A5 SP:F9
872F  EA        NOP                             A:01 X:95 Y:00 P:A5 SP:F9
8730  EA        NOP                             A:01 X:95 Y:00 P:A5 SP:F9
8731  CA        DEX                             A:01 X:95 Y:00 P:A5 SP:F9
8732  D0 FB     BNE $872F                       A:01 X:94 Y:00 P:A5 SP:F9
872F  EA        NOP                             A:01 X:94 Y:00 P:A5 SP:F9
8730  EA        NOP                             A:01 X:94 Y:00 P:A5 SP:F9
8731  CA        DEX                             A:01 X:94 Y:00 P:A5 SP:F9
8732  D0 FB     BNE $872F                       A:01 X:93 Y:00 P:A5 SP:F9
872F  EA        NOP                             A:01 X:93 Y:00 P:A5 SP:F9
8730  EA        NOP                             A:01 X:93 Y:00 P:A5 SP:F9
8731  CA        DEX                             A:01 X:93 Y:00 P:A5 SP:F9
8732  D0 FB     BNE $872F                       A:01 X:92 Y:00 P:A5 SP:F9
872F  EA        NOP                             A:01 X:92 Y:00 P:A5 SP:F9
8730  EA        NOP                             A:01 X:92 Y:00 P:A5 SP:F9
8731  CA        DEX                             A:01 X:92 Y:00 P:A5 SP:F9
8732  D0 FB     BNE $872F                       A:01 X:91 Y:00 P:A5 SP:F9
872F  EA        NOP                             A:01 X:91 Y:00 P:A5 SP:F9
8730  EA        NOP                             A:01 X:91 Y:00 P:A5 SP:F9
8731  CA        DEX                             A:01 X:91 Y:00 P:A5 SP:F9
8732  D0 FB     BNE $872F                       A:01 X:90 Y:00 P:A5 SP:F9
872F  EA        NOP                             A:01 X:90 Y:00 P:A5 SP:F9
8730  EA        NOP                             A:01 X:90 Y:00 P:A5 SP:F9
8731  CA        DEX                             A:01 X:90 Y:00 P:A5 SP:F9
8732  D0 FB     BNE $872F                       A:01 X:8F Y:00 P:A5 SP:F9
872F  EA        NOP                             A:01 X:8F Y:00 P:A5 SP:F9
8730  EA        NOP                             A:01 X:8F Y:00 P:A5 SP:F9
8731  CA        DEX                             A:01 X:8F Y:00 P:A5 SP:F9
8732  D0 FB     BNE $872F                       A:01 X:8E Y:00 P:A5 SP:F9
872F  EA        NOP                             A:01 X:8E Y:00 P:A5 SP:F9
8730  EA        NOP                             A:01 X:8E Y:00 P:A5 SP:F9
8731  CA        DEX                             A:01 X:8E Y:00 P:A5 SP:F9
8732  D0 FB     BNE $872F                       A:01 X:8D Y:00 P:A5 SP:F9
872F  EA        NOP                             A:01 X:8D Y:00 P:A5 SP:F9
8730  EA        NOP                             A:01 X:8D Y:00 P:A5 SP:F9
8731  CA        DEX                             A:01 X:8D Y:00 P:A5 SP:F9
8732  D0 FB     BNE $872F                       A:01 X:8C Y:00 P:A5 SP:F9
872F  EA        NOP                             A:01 X:8C Y:00 P:A5 SP:F9
8730  EA        NOP                             A:01 X:8C Y:00 P:A5 SP:F9
8731  CA        DEX                             A:01 X:8C Y:00 P:A5 SP:F9
8732  D0 FB     BNE $872F                       A:01 X:8B Y:00 P:A5 SP:F9
872F  EA        NOP                             A:01 X:8B Y:00 P:A5 SP:F9
8730  EA        NOP                             A:01 X:8B Y:00 P:A5 SP:F9
8731  CA        DEX                             A:01 X:8B Y:00 P:A5 SP:F9
8732  D0 FB     BNE $872F                       A:01 X:8A Y:00 P:A5 SP:F9
872F  EA        NOP                             A:01 X:8A Y:00 P:A5 SP:F9
8730  EA        NOP                             A:01 X:8A Y:00 P:A5 SP:F9
8731  CA        DEX                             A:01 X:8A Y:00 P:A5 SP:F9
8732  D0 FB     BNE $872F                       A:01 X:89 Y:00 P:A5 SP:F9
872F  EA        NOP                             A:01 X:89 Y:00 P:A5 SP:F9
8730  EA        NOP                             A:01 X:89 Y:00 P:A5 SP:F9
8731  CA        DEX                             A:01 X:89 Y:00 P:A5 SP:F9
8732  D0 FB     BNE $872F                       A:01 X:88 Y:00 P:A5 SP:F9
872F  EA        NOP                             A:01 X:88 Y:00 P:A5 SP:F9
8730  EA        NOP                             A:01 X:88 Y:00 P:A5 SP:F9
8731  CA        DEX                             A:01 X:88 Y:00 P:A5 SP:F9
8732  D0 FB     BNE $872F                       A:01 X:87 Y:00 P:A5 SP:F9
872F  EA        NOP                             A:01 X:87 Y:00 P:A5 SP:F9
8730  EA        NOP                             A:01 X:87 Y:00 P:A5 SP:F9
8731  CA        DEX                             A:01 X:87 Y:00 P:A5 SP:F9
8732  D0 FB     BNE $872F                       A:01 X:86 Y:00 P:A5 SP:F9
872F  EA        NOP                             A:01 X:86 Y:00 P:A5 SP:F9
8730  EA        NOP                             A:01 X:86 Y:00 P:A5 SP:F9
8731  CA        DEX                             A:01 X:86 Y:00 P:A5 SP:F9
8732  D0 FB     BNE $872F                       A:01 X:85 Y:00 P:A5 SP:F9
872F  EA        NOP                             A:01 X:85 Y:00 P:A5 SP:F9
8730  EA        NOP                             A:01 X:85 Y:00 P:A5 SP:F9
8731  CA        DEX                             A:01 X:85 Y:00 P:A5 SP:F9
8732  D0 FB     BNE $872F                       A:01 X:84 Y:00 P:A5 SP:F9
872F  EA        NOP                             A:01 X:84 Y:00 P:A5 SP:F9
8730  EA        NOP                             A:01 X:84 Y:00 P:A5 SP:F9
8731  CA        DEX                             A:01 X:84 Y:00 P:A5 SP:F9
8732  D0 FB     BNE $872F                       A:01 X:83 Y:00 P:A5 SP:F9
872F  EA        NOP                             A:01 X:83 Y:00 P:A5 SP:F9
8730  EA        NOP                             A:01 X:83 Y:00 P:A5 SP:F9
8731  CA        DEX                             A:01 X:83 Y:00 P:A5 SP:F9
8732  D0 FB     BNE $872F                       A:01 X:82 Y:00 P:A5 SP:F9
872F  EA        NOP                             A:01 X:82 Y:00 P:A5 SP:F9
8730  EA        NOP                             A:01 X:82 Y:00 P:A5 SP:F9
8731  CA        DEX                             A:01 X:82 Y:00 P:A5 SP:F9
8732  D0 FB     BNE $872F                       A:01 X:81 Y:00 P:A5 SP:F9
872F  EA        NOP                             A:01 X:81 Y:00 P:A5 SP:F9
8730  EA        NOP                             A:01 X:81 Y:00 P:A5 SP:F9
8731  CA        DEX                             A:01 X:81 Y:00 P:A5 SP:F9
8732  D0 FB     BNE $872F                       A:01 X:80 Y:00 P:A5 SP:F9
872F  EA        NOP                             A:01 X:80 Y:00 P:A5 SP:F9
8730  EA        NOP                             A:01 X:80 Y:00 P:A5 SP:F9
8731  CA        DEX                             A:01 X:80 Y:00 P:A5 SP:F9
8732  D0 FB     BNE $872F                       A:01 X:7F Y:00 P:25 SP:F9
872F  EA        NOP                             A:01 X:7F Y:00 P:25 SP:F9
8730  EA        NOP                             A:01 X:7F Y:00 P:25 SP:F9
8731  CA        DEX                             A:01 X:7F Y:00 P:25 SP:F9
8732  D0 FB     BNE $872F                       A:01 X:7E Y:00 P:25 SP:F9
872F  EA        NOP                             A:01 X:7E Y:00 P:25 SP:F9
8730  EA        NOP                             A:01 X:7E Y:00 P:25 SP:F9
8731  CA        DEX                             A:01 X:7E Y:00 P:25 SP:F9
8732  D0 FB     BNE $872F                       A:01 X:7D Y:00 P:25 SP:F9
872F  EA        NOP                             A:01 X:7D Y:00 P:25 SP:F9
8730  EA        NOP                             A:01 X:7D Y:00 P:25 SP:F9
8731  CA        DEX                             A:01 X:7D Y:00 P:25 SP:F9
8732  D0 FB     BNE $872F                       A:01 X:7C Y:00 P:25 SP:F9
872F  EA        NOP                             A:01 X:7C Y:00 P:25 SP:F9
8730  EA        NOP                             A:01 X:7C Y:00 P:25 SP:F9
8731  CA        DEX                             A:01 X:7C Y:00 P:25 SP:F9
8732  D0 FB     BNE $872F                       A:01 X:7B Y:00 P:25 SP:F9
872F  EA        NOP                             A:01 X:7B Y:00 P:25 SP:F9
8730  EA        NOP                             A:01 X:7B Y:00 P:25 SP:F9
8731  CA        DEX                             A:01 X:7B Y:00 P:25 SP:F9
8732  D0 FB     BNE $872F                       A:01 X:7A Y:00 P:25 SP:F9
872F  EA        NOP                             A:01 X:7A Y:00 P:25 SP:F9
8730  EA        NOP                             A:01 X:7A Y:00 P:25 SP:F9
8731  CA        DEX                             A:01 X:7A Y:00 P:25 SP:F9
8732  D0 FB     BNE $872F                       A:01 X:79 Y:00 P:25 SP:F9
872F  EA        NOP                             A:01 X:79 Y:00 P:25 SP:F9
8730  EA        NOP                             A:01 X:79 Y:00 P:25 SP:F9
8731  CA        DEX                             A:01 X:79 Y:00 P:25 SP:F9
8732  D0 FB     BNE $872F                       A:01 X:78 Y:00 P:25 SP:F9
872F  EA        NOP                             A:01 X:78 Y:00 P:25 SP:F9
8730  EA        NOP                             A:01 X:78 Y:00 P:25 SP:F9
8731  CA        DEX                             A:01 X:78 Y:00 P:25 SP:F9
8732  D0 FB     BNE $872F                       A:01 X:77 Y:00 P:25 SP:F9
872F  EA        NOP                             A:01 X:77 Y:00 P:25 SP:F9
8730  EA        NOP                             A:01 X:77 Y:00 P:25 SP:F9
8731  CA        DEX                             A:01 X:77 Y:00 P:25 SP:F9
8732  D0 FB     BNE $872F                       A:01 X:76 Y:00 P:25 SP:F9
872F  EA        NOP                             A:01 X:76 Y:00 P:25 SP:F9
8730  EA        NOP                             A:01 X:76 Y:00 P:25 SP:F9
8731  CA        DEX                             A:01 X:76 Y:00 P:25 SP:F9
8732  D0 FB     BNE $872F                       A:01 X:75 Y:00 P:25 SP:F9
872F  EA        NOP                             A:01 X:75 Y:00 P:25 SP:F9
8730  EA        NOP                             A:01 X:75 Y:00 P:25 SP:F9
8731  CA        DEX                             A:01 X:75 Y:00 P:25 SP:F9
8732  D0 FB     BNE $872F                       A:01 X:74 Y:00 P:25 SP:F9
872F  EA        NOP                             A:01 X:74 Y:00 P:25 SP:F9
8730  EA        NOP                             A:01 X:74 Y:00 P:25 SP:F9
8731  CA        DEX                             A:01 X:74 Y:00 P:25 SP:F9
8732  D0 FB     BNE $872F                       A:01 X:73 Y:00 P:25 SP:F9
872F  EA        NOP                             A:01 X:73 Y:00 P:25 SP:F9
8730  EA        NOP                             A:01 X:73 Y:00 P:25 SP:F9
8731  CA        DEX                             A:01 X:73 Y:00 P:25 SP:F9
8732  D0 FB     BNE $872F                       A:01 X:72 Y:00 P:25 SP:F9
872F  EA        NOP                             A:01 X:72 Y:00 P:25 SP:F9
8730  EA        NOP                             A:01 X:72 Y:00 P:25 SP:F9
8731  CA        DEX                             A:01 X:72 Y:00 P:25 SP:F9
8732  D0 FB     BNE $872F                       A:01 X:71 Y:00 P:25 SP:F9
872F  EA        NOP                             A:01 X:71 Y:00 P:25 SP:F9
8730  EA        NOP                             A:01 X:71 Y:00 P:25 SP:F9
8731  CA        DEX                             A:01 X:71 Y:00 P:25 SP:F9
8732  D0 FB     BNE $872F                       A:01 X:70 Y:00 P:25 SP:F9
872F  EA        NOP                             A:01 X:70 Y:00 P:25 SP:F9
8730  EA        NOP                             A:01 X:70 Y:00 P:25 SP:F9
8731  CA        DEX                             A:01 X:70 Y:00 P:25 SP:F9
8732  D0 FB     BNE $872F                       A:01 X:6F Y:00 P:25 SP:F9
872F  EA        NOP                             A:01 X:6F Y:00 P:25 SP:F9
8730  EA        NOP                             A:01 X:6F Y:00 P:25 SP:F9
8731  CA        DEX                             A:01 X:6F Y:00 P:25 SP:F9
8732  D0 FB     BNE $872F                       A:01 X:6E Y:00 P:25 SP:F9
872F  EA        NOP                             A:01 X:6E Y:00 P:25 SP:F9
8730  EA        NOP                             A:01 X:6E Y:00 P:25 SP:F9
8731  CA        DEX                             A:01 X:6E Y:00 P:25 SP:F9
8732  D0 FB     BNE $872F                       A:01 X:6D Y:00 P:25 SP:F9
872F  EA        NOP                             A:01 X:6D Y:00 P:25 SP:F9
8730  EA        NOP                             A:01 X:6D Y:00 P:25 SP:F9
8731  CA        DEX                             A:01 X:6D Y:00 P:25 SP:F9
8732  D0 FB     BNE $872F                       A:01 X:6C Y:00 P:25 SP:F9
872F  EA        NOP                             A:01 X:6C Y:00 P:25 SP:F9
8730  EA        NOP                             A:01 X:6C Y:00 P:25 SP:F9
8731  CA        DEX                             A:01 X:6C Y:00 P:25 SP:F9
8732  D0 FB     BNE $872F                       A:01 X:6B Y:00 P:25 SP:F9
872F  EA        NOP                             A:01 X:6B Y:00 P:25 SP:F9
8730  EA        NOP                             A:01 X:6B Y:00 P:25 SP:F9
8731  CA        DEX                             A:01 X:6B Y:00 P:25 SP:F9
8732  D0 FB     BNE $872F                       A:01 X:6A Y:00 P:25 SP:F9
872F  EA        NOP                             A:01 X:6A Y:00 P:25 SP:F9
8730  EA        NOP                             A:01 X:6A Y:00 P:25 SP:F9
8731  CA        DEX                             A:01 X:6A Y:00 P:25 SP:F9
8732  D0 FB     BNE $872F                       A:01 X:69 Y:00 P:25 SP:F9
872F  EA        NOP                             A:01 X:69 Y:00 P:25 SP:F9
8730  EA        NOP                             A:01 X:69 Y:00 P:25 SP:F9
8731  CA        DEX                             A:01 X:69 Y:00 P:25 SP:F9
8732  D0 FB     BNE $872F                       A:01 X:68 Y:00 P:25 SP:F9
872F  EA        NOP                             A:01 X:68 Y:00 P:25 SP:F9
8730  EA        NOP                             A:01 X:68 Y:00 P:25 SP:F9
8731  CA        DEX                             A:01 X:68 Y:00 P:25 SP:F9
8732  D0 FB     BNE $872F                       A:01 X:67 Y:00 P:25 SP:F9
872F  EA        NOP                             A:01 X:67 Y:00 P:25 SP:F9
8730  EA        NOP                             A:01 X:67 Y:00 P:25 SP:F9
8731  CA        DEX                             A:01 X:67 Y:00 P:25 SP:F9
8732  D0 FB     BNE $872F                       A:01 X:66 Y:00 P:25 SP:F9
872F  EA        NOP                             A:01 X:66 Y:00 P:25 SP:F9
8730  EA        NOP                             A:01 X:66 Y:00 P:25 SP:F9
8731  CA        DEX                             A:01 X:66 Y:00 P:25 SP:F9
8732  D0 FB     BNE $872F                       A:01 X:65 Y:00 P:25 SP:F9
872F  EA        NOP                             A:01 X:65 Y:00 P:25 SP:F9
8730  EA        NOP                             A:01 X:65 Y:00 P:25 SP:F9
8731  CA        DEX                             A:01 X:65 Y:00 P:25 SP:F9
8732  D0 FB     BNE $872F                       A:01 X:64 Y:00 P:25 SP:F9
872F  EA        NOP                             A:01 X:64 Y:00 P:25 SP:F9
8730  EA        NOP                             A:01 X:64 Y:00 P:25 SP:F9
8731  CA        DEX                             A:01 X:64 Y:00 P:25 SP:F9
8732  D0 FB     BNE $872F                       A:01 X:63 Y:00 P:25 SP:F9
872F  EA        NOP                             A:01 X:63 Y:00 P:25 SP:F9
8730  EA        NOP                             A:01 X:63 Y:00 P:25 SP:F9
8731  CA        DEX                             A:01 X:63 Y:00 P:25 SP:F9
8732  D0 FB     BNE $872F                       A:01 X:62 Y:00 P:25 SP:F9
872F  EA        NOP                             A:01 X:62 Y:00 P:25 SP:F9
8730  EA        NOP                             A:01 X:62 Y:00 P:25 SP:F9
8731  CA        DEX                             A:01 X:62 Y:00 P:25 SP:F9
8732  D0 FB     BNE $872F                       A:01 X:61 Y:00 P:25 SP:F9
872F  EA        NOP                             A:01 X:61 Y:00 P:25 SP:F9
8730  EA        NOP                             A:01 X:61 Y:00 P:25 SP:F9
8731  CA        DEX                             A:01 X:61 Y:00 P:25 SP:F9
8732  D0 FB     BNE $872F                       A:01 X:60 Y:00 P:25 SP:F9
872F  EA        NOP                             A:01 X:60 Y:00 P:25 SP:F9
8730  EA        NOP                             A:01 X:60 Y:00 P:25 SP:F9
8731  CA        DEX                             A:01 X:60 Y:00 P:25 SP:F9
8732  D0 FB     BNE $872F                       A:01 X:5F Y:00 P:25 SP:F9
872F  EA        NOP                             A:01 X:5F Y:00 P:25 SP:F9
8730  EA        NOP                             A:01 X:5F Y:00 P:25 SP:F9
8731  CA        DEX                             A:01 X:5F Y:00 P:25 SP:F9
8732  D0 FB     BNE $872F                       A:01 X:5E Y:00 P:25 SP:F9
872F  EA        NOP                             A:01 X:5E Y:00 P:25 SP:F9
8730  EA        NOP                             A:01 X:5E Y:00 P:25 SP:F9
8731  CA        DEX                             A:01 X:5E Y:00 P:25 SP:F9
8732  D0 FB     BNE $872F                       A:01 X:5D Y:00 P:25 SP:F9
872F  EA        NOP                             A:01 X:5D Y:00 P:25 SP:F9
8730  EA        NOP                             A:01 X:5D Y:00 P:25 SP:F9
8731  CA        DEX                             A:01 X:5D Y:00 P:25 SP:F9
8732  D0 FB     BNE $872F                       A:01 X:5C Y:00 P:25 SP:F9
872F  EA        NOP                             A:01 X:5C Y:00 P:25 SP:F9
8730  EA        NOP                             A:01 X:5C Y:00 P:25 SP:F9
8731  CA        DEX                             A:01 X:5C Y:00 P:25 SP:F9
8732  D0 FB     BNE $872F                       A:01 X:5B Y:00 P:25 SP:F9
872F  EA        NOP                             A:01 X:5B Y:00 P:25 SP:F9
8730  EA        NOP                             A:01 X:5B Y:00 P:25 SP:F9
8731  CA        DEX                             A:01 X:5B Y:00 P:25 SP:F9
8732  D0 FB     BNE $872F                       A:01 X:5A Y:00 P:25 SP:F9
872F  EA        NOP                             A:01 X:5A Y:00 P:25 SP:F9
8730  EA        NOP                             A:01 X:5A Y:00 P:25 SP:F9
8731  CA        DEX                             A:01 X:5A Y:00 P:25 SP:F9
8732  D0 FB     BNE $872F                       A:01 X:59 Y:00 P:25 SP:F9
872F  EA        NOP                             A:01 X:59 Y:00 P:25 SP:F9
8730  EA        NOP                             A:01 X:59 Y:00 P:25 SP:F9
8731  CA        DEX                             A:01 X:59 Y:00 P:25 SP:F9
8732  D0 FB     BNE $872F                       A:01 X:58 Y:00 P:25 SP:F9
872F  EA        NOP                             A:01 X:58 Y:00 P:25 SP:F9
8730  EA        NOP                             A:01 X:58 Y:00 P:25 SP:F9
8731  CA        DEX                             A:01 X:58 Y:00 P:25 SP:F9
8732  D0 FB     BNE $872F                       A:01 X:57 Y:00 P:25 SP:F9
872F  EA        NOP                             A:01 X:57 Y:00 P:25 SP:F9
8730  EA        NOP                             A:01 X:57 Y:00 P:25 SP:F9
8731  CA        DEX                             A:01 X:57 Y:00 P:25 SP:F9
8732  D0 FB     BNE $872F                       A:01 X:56 Y:00 P:25 SP:F9
872F  EA        NOP                             A:01 X:56 Y:00 P:25 SP:F9
8730  EA        NOP                             A:01 X:56 Y:00 P:25 SP:F9
8731  CA        DEX                             A:01 X:56 Y:00 P:25 SP:F9
8732  D0 FB     BNE $872F                       A:01 X:55 Y:00 P:25 SP:F9
872F  EA        NOP                             A:01 X:55 Y:00 P:25 SP:F9
8730  EA        NOP                             A:01 X:55 Y:00 P:25 SP:F9
8731  CA        DEX                             A:01 X:55 Y:00 P:25 SP:F9
8732  D0 FB     BNE $872F                       A:01 X:54 Y:00 P:25 SP:F9
872F  EA        NOP                             A:01 X:54 Y:00 P:25 SP:F9
8730  EA        NOP                             A:01 X:54 Y:00 P:25 SP:F9
8731  CA        DEX                             A:01 X:54 Y:00 P:25 SP:F9
8732  D0 FB     BNE $872F                       A:01 X:53 Y:00 P:25 SP:F9
872F  EA        NOP                             A:01 X:53 Y:00 P:25 SP:F9
8730  EA        NOP                             A:01 X:53 Y:00 P:25 SP:F9
8731  CA        DEX                             A:01 X:53 Y:00 P:25 SP:F9
8732  D0 FB     BNE $872F                       A:01 X:52 Y:00 P:25 SP:F9
872F  EA        NOP                             A:01 X:52 Y:00 P:25 SP:F9
8730  EA        NOP                             A:01 X:52 Y:00 P:25 SP:F9
8731  CA        DEX                             A:01 X:52 Y:00 P:25 SP:F9
8732  D0 FB     BNE $872F                       A:01 X:51 Y:00 P:25 SP:F9
872F  EA        NOP                             A:01 X:51 Y:00 P:25 SP:F9
8730  EA        NOP                             A:01 X:51 Y:00 P:25 SP:F9
8731  CA        DEX                             A:01 X:51 Y:00 P:25 SP:F9
8732  D0 FB     BNE $872F                       A:01 X:50 Y:00 P:25 SP:F9
872F  EA        NOP                             A:01 X:50 Y:00 P:25 SP:F9
8730  EA        NOP                             A:01 X:50 Y:00 P:25 SP:F9
8731  CA        DEX                             A:01 X:50 Y:00 P:25 SP:F9
8732  D0 FB     BNE $872F                       A:01 X:4F Y:00 P:25 SP:F9
872F  EA        NOP                             A:01 X:4F Y:00 P:25 SP:F9
8730  EA        NOP                             A:01 X:4F Y:00 P:25 SP:F9
8731  CA        DEX                             A:01 X:4F Y:00 P:25 SP:F9
8732  D0 FB     BNE $872F                       A:01 X:4E Y:00 P:25 SP:F9
872F  EA        NOP                             A:01 X:4E Y:00 P:25 SP:F9
8730  EA        NOP                             A:01 X:4E Y:00 P:25 SP:F9
8731  CA        DEX                             A:01 X:4E Y:00 P:25 SP:F9
8732  D0 FB     BNE $872F                       A:01 X:4D Y:00 P:25 SP:F9
872F  EA        NOP                             A:01 X:4D Y:00 P:25 SP:F9
8730  EA        NOP                             A:01 X:4D Y:00 P:25 SP:F9
8731  CA        DEX                             A:01 X:4D Y:00 P:25 SP:F9
8732  D0 FB     BNE $872F                       A:01 X:4C Y:00 P:25 SP:F9
872F  EA        NOP                             A:01 X:4C Y:00 P:25 SP:F9
8730  EA        NOP                             A:01 X:4C Y:00 P:25 SP:F9
8731  CA        DEX                             A:01 X:4C Y:00 P:25 SP:F9
8732  D0 FB     BNE $872F                       A:01 X:4B Y:00 P:25 SP:F9
872F  EA        NOP                             A:01 X:4B Y:00 P:25 SP:F9
8730  EA        NOP                             A:01 X:4B Y:00 P:25 SP:F9
8731  CA        DEX                             A:01 X:4B Y:00 P:25 SP:F9
8732  D0 FB     BNE $872F                       A:01 X:4A Y:00 P:25 SP:F9
872F  EA        NOP                             A:01 X:4A Y:00 P:25 SP:F9
8730  EA        NOP                             A:01 X:4A Y:00 P:25 SP:F9
8731  CA        DEX                             A:01 X:4A Y:00 P:25 SP:F9
8732  D0 FB     BNE $872F                       A:01 X:49 Y:00 P:25 SP:F9
872F  EA        NOP                             A:01 X:49 Y:00 P:25 SP:F9
8730  EA        NOP                             A:01 X:49 Y:00 P:25 SP:F9
8731  CA        DEX                             A:01 X:49 Y:00 P:25 SP:F9
8732  D0 FB     BNE $872F                       A:01 X:48 Y:00 P:25 SP:F9
872F  EA        NOP                             A:01 X:48 Y:00 P:25 SP:F9
8730  EA        NOP                             A:01 X:48 Y:00 P:25 SP:F9
8731  CA        DEX                             A:01 X:48 Y:00 P:25 SP:F9
8732  D0 FB     BNE $872F                       A:01 X:47 Y:00 P:25 SP:F9
872F  EA        NOP                             A:01 X:47 Y:00 P:25 SP:F9
8730  EA        NOP                             A:01 X:47 Y:00 P:25 SP:F9
8731  CA        DEX                             A:01 X:47 Y:00 P:25 SP:F9
8732  D0 FB     BNE $872F                       A:01 X:46 Y:00 P:25 SP:F9
872F  EA        NOP                             A:01 X:46 Y:00 P:25 SP:F9
8730  EA        NOP                             A:01 X:46 Y:00 P:25 SP:F9
8731  CA        DEX                             A:01 X:46 Y:00 P:25 SP:F9
8732  D0 FB     BNE $872F                       A:01 X:45 Y:00 P:25 SP:F9
872F  EA        NOP                             A:01 X:45 Y:00 P:25 SP:F9
8730  EA        NOP                             A:01 X:45 Y:00 P:25 SP:F9
8731  CA        DEX                             A:01 X:45 Y:00 P:25 SP:F9
8732  D0 FB     BNE $872F                       A:01 X:44 Y:00 P:25 SP:F9
872F  EA        NOP                             A:01 X:44 Y:00 P:25 SP:F9
8730  EA        NOP                             A:01 X:44 Y:00 P:25 SP:F9
8731  CA        DEX                             A:01 X:44 Y:00 P:25 SP:F9
8732  D0 FB     BNE $872F                       A:01 X:43 Y:00 P:25 SP:F9
872F  EA        NOP                             A:01 X:43 Y:00 P:25 SP:F9
8730  EA        NOP                             A:01 X:43 Y:00 P:25 SP:F9
8731  CA        DEX                             A:01 X:43 Y:00 P:25 SP:F9
8732  D0 FB     BNE $872F                       A:01 X:42 Y:00 P:25 SP:F9
872F  EA        NOP                             A:01 X:42 Y:00 P:25 SP:F9
8730  EA        NOP                             A:01 X:42 Y:00 P:25 SP:F9
8731  CA        DEX                             A:01 X:42 Y:00 P:25 SP:F9
8732  D0 FB     BNE $872F                       A:01 X:41 Y:00 P:25 SP:F9
872F  EA        NOP                             A:01 X:41 Y:00 P:25 SP:F9
8730  EA        NOP                             A:01 X:41 Y:00 P:25 SP:F9
8731  CA        DEX                             A:01 X:41 Y:00 P:25 SP:F9
8732  D0 FB     BNE $872F                       A:01 X:40 Y:00 P:25 SP:F9
872F  EA        NOP                             A:01 X:40 Y:00 P:25 SP:F9
8730  EA        NOP                             A:01 X:40 Y:00 P:25 SP:F9
8731  CA        DEX                             A:01 X:40 Y:00 P:25 SP:F9
8732  D0 FB     BNE $872F                       A:01 X:3F Y:00 P:25 SP:F9
872F  EA        NOP                             A:01 X:3F Y:00 P:25 SP:F9
8730  EA        NOP                             A:01 X:3F Y:00 P:25 SP:F9
8731  CA        DEX                             A:01 X:3F Y:00 P:25 SP:F9
8732  D0 FB     BNE $872F                       A:01 X:3E Y:00 P:25 SP:F9
872F  EA        NOP                             A:01 X:3E Y:00 P:25 SP:F9
8730  EA        NOP                             A:01 X:3E Y:00 P:25 SP:F9
8731  CA        DEX                             A:01 X:3E Y:00 P:25 SP:F9
8732  D0 FB     BNE $872F                       A:01 X:3D Y:00 P:25 SP:F9
872F  EA        NOP                             A:01 X:3D Y:00 P:25 SP:F9
8730  EA        NOP                             A:01 X:3D Y:00 P:25 SP:F9
8731  CA        DEX                             A:01 X:3D Y:00 P:25 SP:F9
8732  D0 FB     BNE $872F                       A:01 X:3C Y:00 P:25 SP:F9
872F  EA        NOP                             A:01 X:3C Y:00 P:25 SP:F9
8730  EA        NOP                             A:01 X:3C Y:00 P:25 SP:F9
8731  CA        DEX                             A:01 X:3C Y:00 P:25 SP:F9
8732  D0 FB     BNE $872F                       A:01 X:3B Y:00 P:25 SP:F9
872F  EA        NOP                             A:01 X:3B Y:00 P:25 SP:F9
8730  EA        NOP                             A:01 X:3B Y:00 P:25 SP:F9
8731  CA        DEX                             A:01 X:3B Y:00 P:25 SP:F9
8732  D0 FB     BNE $872F                       A:01 X:3A Y:00 P:25 SP:F9
872F  EA        NOP                             A:01 X:3A Y:00 P:25 SP:F9
8730  EA        NOP                             A:01 X:3A Y:00 P:25 SP:F9
8731  CA        DEX                             A:01 X:3A Y:00 P:25 SP:F9
8732  D0 FB     BNE $872F                       A:01 X:39 Y:00 P:25 SP:F9
872F  EA        NOP                             A:01 X:39 Y:00 P:25 SP:F9
8730  EA        NOP                             A:01 X:39 Y:00 P:25 SP:F9
8731  CA        DEX                             A:01 X:39 Y:00 P:25 SP:F9
8732  D0 FB     BNE $872F                       A:01 X:38 Y:00 P:25 SP:F9
872F  EA        NOP                             A:01 X:38 Y:00 P:25 SP:F9
8730  EA        NOP                             A:01 X:38 Y:00 P:25 SP:F9
8731  CA        DEX                             A:01 X:38 Y:00 P:25 SP:F9
8732  D0 FB     BNE $872F                       A:01 X:37 Y:00 P:25 SP:F9
872F  EA        NOP                             A:01 X:37 Y:00 P:25 SP:F9
8730  EA        NOP                             A:01 X:37 Y:00 P:25 SP:F9
8731  CA        DEX                             A:01 X:37 Y:00 P:25 SP:F9
8732  D0 FB     BNE $872F                       A:01 X:36 Y:00 P:25 SP:F9
872F  EA        NOP                             A:01 X:36 Y:00 P:25 SP:F9
8730  EA        NOP                             A:01 X:36 Y:00 P:25 SP:F9
8731  CA        DEX                             A:01 X:36 Y:00 P:25 SP:F9
8732  D0 FB     BNE $872F                       A:01 X:35 Y:00 P:25 SP:F9
872F  EA        NOP                             A:01 X:35 Y:00 P:25 SP:F9
8730  EA        NOP                             A:01 X:35 Y:00 P:25 SP:F9
8731  CA        DEX                             A:01 X:35 Y:00 P:25 SP:F9
8732  D0 FB     BNE $872F                       A:01 X:34 Y:00 P:25 SP:F9
872F  EA        NOP                             A:01 X:34 Y:00 P:25 SP:F9
8730  EA        NOP                             A:01 X:34 Y:00 P:25 SP:F9
8731  CA        DEX                             A:01 X:34 Y:00 P:25 SP:F9
8732  D0 FB     BNE $872F                       A:01 X:33 Y:00 P:25 SP:F9
872F  EA        NOP                             A:01 X:33 Y:00 P:25 SP:F9
8730  EA        NOP                             A:01 X:33 Y:00 P:25 SP:F9
8731  CA        DEX                             A:01 X:33 Y:00 P:25 SP:F9
8732  D0 FB     BNE $872F                       A:01 X:32 Y:00 P:25 SP:F9
872F  EA        NOP                             A:01 X:32 Y:00 P:25 SP:F9
8730  EA        NOP                             A:01 X:32 Y:00 P:25 SP:F9
8731  CA        DEX                             A:01 X:32 Y:00 P:25 SP:F9
8732  D0 FB     BNE $872F                       A:01 X:31 Y:00 P:25 SP:F9
872F  EA        NOP                             A:01 X:31 Y:00 P:25 SP:F9
8730  EA        NOP                             A:01 X:31 Y:00 P:25 SP:F9
8731  CA        DEX                             A:01 X:31 Y:00 P:25 SP:F9
8732  D0 FB     BNE $872F                       A:01 X:30 Y:00 P:25 SP:F9
872F  EA        NOP                             A:01 X:30 Y:00 P:25 SP:F9
8730  EA        NOP                             A:01 X:30 Y:00 P:25 SP:F9
8731  CA        DEX                             A:01 X:30 Y:00 P:25 SP:F9
8732  D0 FB     BNE $872F                       A:01 X:2F Y:00 P:25 SP:F9
872F  EA        NOP                             A:01 X:2F Y:00 P:25 SP:F9
8730  EA        NOP                             A:01 X:2F Y:00 P:25 SP:F9
8731  CA        DEX                             A:01 X:2F Y:00 P:25 SP:F9
8732  D0 FB     BNE $872F                       A:01 X:2E Y:00 P:25 SP:F9
872F  EA        NOP                             A:01 X:2E Y:00 P:25 SP:F9
8730  EA        NOP                             A:01 X:2E Y:00 P:25 SP:F9
8731  CA        DEX                             A:01 X:2E Y:00 P:25 SP:F9
8732  D0 FB     BNE $872F                       A:01 X:2D Y:00 P:25 SP:F9
872F  EA        NOP                             A:01 X:2D Y:00 P:25 SP:F9
8730  EA        NOP                             A:01 X:2D Y:00 P:25 SP:F9
8731  CA        DEX                             A:01 X:2D Y:00 P:25 SP:F9
8732  D0 FB     BNE $872F                       A:01 X:2C Y:00 P:25 SP:F9
872F  EA        NOP                             A:01 X:2C Y:00 P:25 SP:F9
8730  EA        NOP                             A:01 X:2C Y:00 P:25 SP:F9
8731  CA        DEX                             A:01 X:2C Y:00 P:25 SP:F9
8732  D0 FB     BNE $872F                       A:01 X:2B Y:00 P:25 SP:F9
872F  EA        NOP                             A:01 X:2B Y:00 P:25 SP:F9
8730  EA        NOP                             A:01 X:2B Y:00 P:25 SP:F9
8731  CA        DEX                             A:01 X:2B Y:00 P:25 SP:F9
8732  D0 FB     BNE $872F                       A:01 X:2A Y:00 P:25 SP:F9
872F  EA        NOP                             A:01 X:2A Y:00 P:25 SP:F9
8730  EA        NOP                             A:01 X:2A Y:00 P:25 SP:F9
8731  CA        DEX                             A:01 X:2A Y:00 P:25 SP:F9
8732  D0 FB     BNE $872F                       A:01 X:29 Y:00 P:25 SP:F9
872F  EA        NOP                             A:01 X:29 Y:00 P:25 SP:F9
8730  EA        NOP                             A:01 X:29 Y:00 P:25 SP:F9
8731  CA        DEX                             A:01 X:29 Y:00 P:25 SP:F9
8732  D0 FB     BNE $872F                       A:01 X:28 Y:00 P:25 SP:F9
872F  EA        NOP                             A:01 X:28 Y:00 P:25 SP:F9
8730  EA        NOP                             A:01 X:28 Y:00 P:25 SP:F9
8731  CA        DEX                             A:01 X:28 Y:00 P:25 SP:F9
8732  D0 FB     BNE $872F                       A:01 X:27 Y:00 P:25 SP:F9
872F  EA        NOP                             A:01 X:27 Y:00 P:25 SP:F9
8730  EA        NOP                             A:01 X:27 Y:00 P:25 SP:F9
8731  CA        DEX                             A:01 X:27 Y:00 P:25 SP:F9
8732  D0 FB     BNE $872F                       A:01 X:26 Y:00 P:25 SP:F9
872F  EA        NOP                             A:01 X:26 Y:00 P:25 SP:F9
8730  EA        NOP                             A:01 X:26 Y:00 P:25 SP:F9
8731  CA        DEX                             A:01 X:26 Y:00 P:25 SP:F9
8732  D0 FB     BNE $872F                       A:01 X:25 Y:00 P:25 SP:F9
872F  EA        NOP                             A:01 X:25 Y:00 P:25 SP:F9
8730  EA        NOP                             A:01 X:25 Y:00 P:25 SP:F9
8731  CA        DEX                             A:01 X:25 Y:00 P:25 SP:F9
8732  D0 FB     BNE $872F                       A:01 X:24 Y:00 P:25 SP:F9
872F  EA        NOP                             A:01 X:24 Y:00 P:25 SP:F9
8730  EA        NOP                             A:01 X:24 Y:00 P:25 SP:F9
8731  CA        DEX                             A:01 X:24 Y:00 P:25 SP:F9
8732  D0 FB     BNE $872F                       A:01 X:23 Y:00 P:25 SP:F9
872F  EA        NOP                             A:01 X:23 Y:00 P:25 SP:F9
8730  EA        NOP                             A:01 X:23 Y:00 P:25 SP:F9
8731  CA        DEX                             A:01 X:23 Y:00 P:25 SP:F9
8732  D0 FB     BNE $872F                       A:01 X:22 Y:00 P:25 SP:F9
872F  EA        NOP                             A:01 X:22 Y:00 P:25 SP:F9
8730  EA        NOP                             A:01 X:22 Y:00 P:25 SP:F9
8731  CA        DEX                             A:01 X:22 Y:00 P:25 SP:F9
8732  D0 FB     BNE $872F                       A:01 X:21 Y:00 P:25 SP:F9
872F  EA        NOP                             A:01 X:21 Y:00 P:25 SP:F9
8730  EA        NOP                             A:01 X:21 Y:00 P:25 SP:F9
8731  CA        DEX                             A:01 X:21 Y:00 P:25 SP:F9
8732  D0 FB     BNE $872F                       A:01 X:20 Y:00 P:25 SP:F9
872F  EA        NOP                             A:01 X:20 Y:00 P:25 SP:F9
8730  EA        NOP                             A:01 X:20 Y:00 P:25 SP:F9
8731  CA        DEX                             A:01 X:20 Y:00 P:25 SP:F9
8732  D0 FB     BNE $872F                       A:01 X:1F Y:00 P:25 SP:F9
872F  EA        NOP                             A:01 X:1F Y:00 P:25 SP:F9
8730  EA        NOP                             A:01 X:1F Y:00 P:25 SP:F9
8731  CA        DEX                             A:01 X:1F Y:00 P:25 SP:F9
8732  D0 FB     BNE $872F                       A:01 X:1E Y:00 P:25 SP:F9
872F  EA        NOP                             A:01 X:1E Y:00 P:25 SP:F9
8730  EA        NOP                             A:01 X:1E Y:00 P:25 SP:F9
8731  CA        DEX                             A:01 X:1E Y:00 P:25 SP:F9
8732  D0 FB     BNE $872F                       A:01 X:1D Y:00 P:25 SP:F9
872F  EA        NOP                             A:01 X:1D Y:00 P:25 SP:F9
8730  EA        NOP                             A:01 X:1D Y:00 P:25 SP:F9
8731  CA        DEX                             A:01 X:1D Y:00 P:25 SP:F9
8732  D0 FB     BNE $872F                       A:01 X:1C Y:00 P:25 SP:F9
872F  EA        NOP                             A:01 X:1C Y:00 P:25 SP:F9
8730  EA        NOP                             A:01 X:1C Y:00 P:25 SP:F9
8731  CA        DEX                             A:01 X:1C Y:00 P:25 SP:F9
8732  D0 FB     BNE $872F                       A:01 X:1B Y:00 P:25 SP:F9
872F  EA        NOP                             A:01 X:1B Y:00 P:25 SP:F9
8730  EA        NOP                             A:01 X:1B Y:00 P:25 SP:F9
8731  CA        DEX                             A:01 X:1B Y:00 P:25 SP:F9
8732  D0 FB     BNE $872F                       A:01 X:1A Y:00 P:25 SP:F9
872F  EA        NOP                             A:01 X:1A Y:00 P:25 SP:F9
8730  EA        NOP                             A:01 X:1A Y:00 P:25 SP:F9
8731  CA        DEX                             A:01 X:1A Y:00 P:25 SP:F9
8732  D0 FB     BNE $872F                       A:01 X:19 Y:00 P:25 SP:F9
872F  EA        NOP                             A:01 X:19 Y:00 P:25 SP:F9
8730  EA        NOP                             A:01 X:19 Y:00 P:25 SP:F9
8731  CA        DEX                             A:01 X:19 Y:00 P:25 SP:F9
8732  D0 FB     BNE $872F                       A:01 X:18 Y:00 P:25 SP:F9
872F  EA        NOP                             A:01 X:18 Y:00 P:25 SP:F9
8730  EA        NOP                             A:01 X:18 Y:00 P:25 SP:F9
8731  CA        DEX                             A:01 X:18 Y:00 P:25 SP:F9
8732  D0 FB     BNE $872F                       A:01 X:17 Y:00 P:25 SP:F9
872F  EA        NOP                             A:01 X:17 Y:00 P:25 SP:F9
8730  EA        NOP                             A:01 X:17 Y:00 P:25 SP:F9
8731  CA        DEX                             A:01 X:17 Y:00 P:25 SP:F9
8732  D0 FB     BNE $872F                       A:01 X:16 Y:00 P:25 SP:F9
872F  EA        NOP                             A:01 X:16 Y:00 P:25 SP:F9
8730  EA        NOP                             A:01 X:16 Y:00 P:25 SP:F9
8731  CA        DEX                             A:01 X:16 Y:00 P:25 SP:F9
8732  D0 FB     BNE $872F                       A:01 X:15 Y:00 P:25 SP:F9
872F  EA        NOP                             A:01 X:15 Y:00 P:25 SP:F9
8730  EA        NOP                             A:01 X:15 Y:00 P:25 SP:F9
8731  CA        DEX                             A:01 X:15 Y:00 P:25 SP:F9
8732  D0 FB     BNE $872F                       A:01 X:14 Y:00 P:25 SP:F9
872F  EA        NOP                             A:01 X:14 Y:00 P:25 SP:F9
8730  EA        NOP                             A:01 X:14 Y:00 P:25 SP:F9
8731  CA        DEX                             A:01 X:14 Y:00 P:25 SP:F9
8732  D0 FB     BNE $872F                       A:01 X:13 Y:00 P:25 SP:F9
872F  EA        NOP                             A:01 X:13 Y:00 P:25 SP:F9
8730  EA        NOP                             A:01 X:13 Y:00 P:25 SP:F9
8731  CA        DEX                             A:01 X:13 Y:00 P:25 SP:F9
8732  D0 FB     BNE $872F                       A:01 X:12 Y:00 P:25 SP:F9
872F  EA        NOP                             A:01 X:12 Y:00 P:25 SP:F9
8730  EA        NOP                             A:01 X:12 Y:00 P:25 SP:F9
8731  CA        DEX                             A:01 X:12 Y:00 P:25 SP:F9
8732  D0 FB     BNE $872F                       A:01 X:11 Y:00 P:25 SP:F9
872F  EA        NOP                             A:01 X:11 Y:00 P:25 SP:F9
8730  EA        NOP                             A:01 X:11 Y:00 P:25 SP:F9
8731  CA        DEX                             A:01 X:11 Y:00 P:25 SP:F9
8732  D0 FB     BNE $872F                       A:01 X:10 Y:00 P:25 SP:F9
872F  EA        NOP                             A:01 X:10 Y:00 P:25 SP:F9
8730  EA        NOP                             A:01 X:10 Y:00 P:25 SP:F9
8731  CA        DEX                             A:01 X:10 Y:00 P:25 SP:F9
8732  D0 FB     BNE $872F                       A:01 X:0F Y:00 P:25 SP:F9
872F  EA        NOP                             A:01 X:0F Y:00 P:25 SP:F9
8730  EA        NOP                             A:01 X:0F Y:00 P:25 SP:F9
8731  CA        DEX                             A:01 X:0F Y:00 P:25 SP:F9
8732  D0 FB     BNE $872F                       A:01 X:0E Y:00 P:25 SP:F9
872F  EA        NOP                             A:01 X:0E Y:00 P:25 SP:F9
8730  EA        NOP                             A:01 X:0E Y:00 P:25 SP:F9
8731  CA        DEX                             A:01 X:0E Y:00 P:25 SP:F9
8732  D0 FB     BNE $872F                       A:01 X:0D Y:00 P:25 SP:F9
872F  EA        NOP                             A:01 X:0D Y:00 P:25 SP:F9
8730  EA        NOP                             A:01 X:0D Y:00 P:25 SP:F9
8731  CA        DEX                             A:01 X:0D Y:00 P:25 SP:F9
8732  D0 FB     BNE $872F                       A:01 X:0C Y:00 P:25 SP:F9
872F  EA        NOP                             A:01 X:0C Y:00 P:25 SP:F9
8730  EA        NOP                             A:01 X:0C Y:00 P:25 SP:F9
8731  CA        DEX                             A:01 X:0C Y:00 P:25 SP:F9
8732  D0 FB     BNE $872F                       A:01 X:0B Y:00 P:25 SP:F9
872F  EA        NOP                             A:01 X:0B Y:00 P:25 SP:F9
8730  EA        NOP                             A:01 X:0B Y:00 P:25 SP:F9
8731  CA        DEX                             A:01 X:0B Y:00 P:25 SP:F9
8732  D0 FB     BNE $872F                       A:01 X:0A Y:00 P:25 SP:F9
872F  EA        NOP                             A:01 X:0A Y:00 P:25 SP:F9
8730  EA        NOP                             A:01 X:0A Y:00 P:25 SP:F9
8731  CA        DEX                             A:01 X:0A Y:00 P:25 SP:F9
8732  D0 FB     BNE $872F                       A:01 X:09 Y:00 P:25 SP:F9
872F  EA        NOP                             A:01 X:09 Y:00 P:25 SP:F9
8730  EA        NOP                             A:01 X:09 Y:00 P:25 SP:F9
8731  CA        DEX                             A:01 X:09 Y:00 P:25 SP:F9
8732  D0 FB     BNE $872F                       A:01 X:08 Y:00 P:25 SP:F9
872F  EA        NOP                             A:01 X:08 Y:00 P:25 SP:F9
8730  EA        NOP                             A:01 X:08 Y:00 P:25 SP:F9
8731  CA        DEX                             A:01 X:08 Y:00 P:25 SP:F9
8732  D0 FB     BNE $872F                       A:01 X:07 Y:00 P:25 SP:F9
872F  EA        NOP                             A:01 X:07 Y:00 P:25 SP:F9
8730  EA        NOP                             A:01 X:07 Y:00 P:25 SP:F9
8731  CA        DEX                             A:01 X:07 Y:00 P:25 SP:F9
8732  D0 FB     BNE $872F                       A:01 X:06 Y:00 P:25 SP:F9
872F  EA        NOP                             A:01 X:06 Y:00 P:25 SP:F9
8730  EA        NOP                             A:01 X:06 Y:00 P:25 SP:F9
8731  CA        DEX                             A:01 X:06 Y:00 P:25 SP:F9
8732  D0 FB     BNE $872F                       A:01 X:05 Y:00 P:25 SP:F9
872F  EA        NOP                             A:01 X:05 Y:00 P:25 SP:F9
8730  EA        NOP                             A:01 X:05 Y:00 P:25 SP:F9
8731  CA        DEX                             A:01 X:05 Y:00 P:25 SP:F9
8732  D0 FB     BNE $872F                       A:01 X:04 Y:00 P:25 SP:F9
872F  EA        NOP                             A:01 X:04 Y:00 P:25 SP:F9
8730  EA        NOP                             A:01 X:04 Y:00 P:25 SP:F9
8731  CA        DEX                             A:01 X:04 Y:00 P:25 SP:F9
8732  D0 FB     BNE $872F                       A:01 X:03 Y:00 P:25 SP:F9
872F  EA        NOP                             A:01 X:03 Y:00 P:25 SP:F9
8730  EA        NOP                             A:01 X:03 Y:00 P:25 SP:F9
8731  CA        DEX                             A:01 X:03 Y:00 P:25 SP:F9
8732  D0 FB     BNE $872F                       A:01 X:02 Y:00 P:25 SP:F9
872F  EA        NOP                             A:01 X:02 Y:00 P:25 SP:F9
8730  EA        NOP                             A:01 X:02 Y:00 P:25 SP:F9
8731  CA        DEX                             A:01 X:02 Y:00 P:25 SP:F9
8732  D0 FB     BNE $872F                       A:01 X:01 Y:00 P:25 SP:F9
872F  EA        NOP                             A:01 X:01 Y:00 P:25 SP:F9
8730  EA        NOP                             A:01 X:01 Y:00 P:25 SP:F9
8731  CA        DEX                             A:01 X:01 Y:00 P:25 SP:F9
8732  D0 FB     BNE $872F                       A:01 X:00 Y:00 P:27 SP:F9
8734  60        RTS                             A:01 X:00 Y:00 P:27 SP:F9
864A  4C 38 86  JMP $8638                       A:01 X:00 Y:00 P:27 SP:FB
8638  20 4D 86  JSR $864D                       A:01 X:00 Y:00 P:27 SP:FB
864D  A5 FF     LDA $FF = 00                    A:01 X:00 Y:00 P:27 SP:F9
864F  C9 77     CMP #$77                        A:00 X:00 Y:00 P:27 SP:F9
8651  F0 0D     BEQ $8660                       A:00 X:00 Y:00 P:A4 SP:F9
8653  C9 64     CMP #$64                        A:00 X:00 Y:00 P:A4 SP:F9
8655  F0 14     BEQ $866B                       A:00 X:00 Y:00 P:A4 SP:F9
8657  C9 73     CMP #$73                        A:00 X:00 Y:00 P:A4 SP:F9
8659  F0 1B     BEQ $8676                       A:00 X:00 Y:00 P:A4 SP:F9
865B  C9 61     CMP #$61                        A:00 X:00 Y:00 P:A4 SP:F9
865D  F0 22     BEQ $8681                       A:00 X:00 Y:00 P:A4 SP:F9
865F  60        RTS                             A:00 X:00 Y:00 P:A4 SP:F9
863B  20 8D 86  JSR $868D                       A:00 X:00 Y:00 P:A4 SP:FB
868D  20 94 86  JSR $8694                       A:00 X:00 Y:00 P:A4 SP:F9
8694  A5 00     LDA $00 = 00                    A:00 X:00 Y:00 P:A4 SP:F7
8696  C5 10     CMP $10 = 1B                    A:00 X:00 Y:00 P:26 SP:F7
8698  D0 0D     BNE $86A7                       A:00 X:00 Y:00 P:A4 SP:F7
86A7  60        RTS                             A:00 X:00 Y:00 P:A4 SP:F7
8690  20 A8 86  JSR $86A8                       A:00 X:00 Y:00 P:A4 SP:F9
86A8  A2 02     LDX #$02                        A:00 X:00 Y:00 P:A4 SP:F7
86AA  B5 10     LDA $10,X @ 12 = 1A             A:00 X:02 Y:00 P:24 SP:F7
86AC  C5 10     CMP $10 = 1B                    A:1A X:02 Y:00 P:24 SP:F7
86AE  D0 06     BNE $86B6                       A:1A X:02 Y:00 P:A4 SP:F7
86B6  E8        INX                             A:1A X:02 Y:00 P:A4 SP:F7
86B7  E8        INX                             A:1A X:03 Y:00 P:24 SP:F7
86B8  E4 03     CPX $03 = 06                    A:1A X:04 Y:00 P:24 SP:F7
86BA  F0 06     BEQ $86C2                       A:1A X:04 Y:00 P:A4 SP:F7
86BC  4C AA 86  JMP $86AA                       A:1A X:04 Y:00 P:A4 SP:F7
86AA  B5 10     LDA $10,X @ 14 = 19             A:1A X:04 Y:00 P:A4 SP:F7
86AC  C5 10     CMP $10 = 1B                    A:19 X:04 Y:00 P:24 SP:F7
86AE  D0 06     BNE $86B6                       A:19 X:04 Y:00 P:A4 SP:F7
86B6  E8        INX                             A:19 X:04 Y:00 P:A4 SP:F7
86B7  E8        INX                             A:19 X:05 Y:00 P:24 SP:F7
86B8  E4 03     CPX $03 = 06                    A:19 X:06 Y:00 P:24 SP:F7
86BA  F0 06     BEQ $86C2                       A:19 X:06 Y:00 P:27 SP:F7
86C2  60        RTS                             A:19 X:06 Y:00 P:27 SP:F7
8693  60        RTS                             A:19 X:06 Y:00 P:27 SP:F9
863E  20 C3 86  JSR $86C3                       A:19 X:06 Y:00 P:27 SP:FB
86C3  A6 03     LDX $03 = 06                    A:19 X:06 Y:00 P:27 SP:F9
86C5  CA        DEX                             A:19 X:06 Y:00 P:25 SP:F9
86C6  8A        TXA                             A:19 X:05 Y:00 P:25 SP:F9
86C7  B5 10     LDA $10,X @ 15 = 04             A:05 X:05 Y:00 P:25 SP:F9
86C9  95 12     STA $12,X @ 17 = 04             A:04 X:05 Y:00 P:25 SP:F9
86CB  CA        DEX                             A:04 X:05 Y:00 P:25 SP:F9
86CC  10 F9     BPL $86C7                       A:04 X:04 Y:00 P:25 SP:F9
86C7  B5 10     LDA $10,X @ 14 = 19             A:04 X:04 Y:00 P:25 SP:F9
86C9  95 12     STA $12,X @ 16 = 18             A:19 X:04 Y:00 P:25 SP:F9
86CB  CA        DEX                             A:19 X:04 Y:00 P:25 SP:F9
86CC  10 F9     BPL $86C7                       A:19 X:03 Y:00 P:25 SP:F9
86C7  B5 10     LDA $10,X @ 13 = 04             A:19 X:03 Y:00 P:25 SP:F9
86C9  95 12     STA $12,X @ 15 = 04             A:04 X:03 Y:00 P:25 SP:F9
86CB  CA        DEX                             A:04 X:03 Y:00 P:25 SP:F9
86CC  10 F9     BPL $86C7                       A:04 X:02 Y:00 P:25 SP:F9
86C7  B5 10     LDA $10,X @ 12 = 1A             A:04 X:02 Y:00 P:25 SP:F9
86C9  95 12     STA $12,X @ 14 = 19             A:1A X:02 Y:00 P:25 SP:F9
86CB  CA        DEX                             A:1A X:02 Y:00 P:25 SP:F9
86CC  10 F9     BPL $86C7                       A:1A X:01 Y:00 P:25 SP:F9
86C7  B5 10     LDA $10,X @ 11 = 04             A:1A X:01 Y:00 P:25 SP:F9
86C9  95 12     STA $12,X @ 13 = 04             A:04 X:01 Y:00 P:25 SP:F9
86CB  CA        DEX                             A:04 X:01 Y:00 P:25 SP:F9
86CC  10 F9     BPL $86C7                       A:04 X:00 Y:00 P:27 SP:F9
86C7  B5 10     LDA $10,X @ 10 = 1B             A:04 X:00 Y:00 P:27 SP:F9
86C9  95 12     STA $12,X @ 12 = 1A             A:1B X:00 Y:00 P:25 SP:F9
86CB  CA        DEX                             A:1B X:00 Y:00 P:25 SP:F9
86CC  10 F9     BPL $86C7                       A:1B X:FF Y:00 P:A5 SP:F9
86CE  A5 02     LDA $02 = 02                    A:1B X:FF Y:00 P:A5 SP:F9
86D0  4A        LSR A                           A:02 X:FF Y:00 P:25 SP:F9
86D1  B0 09     BCS $86DC                       A:01 X:FF Y:00 P:24 SP:F9
86D3  4A        LSR A                           A:01 X:FF Y:00 P:24 SP:F9
86D4  B0 19     BCS $86EF                       A:00 X:FF Y:00 P:27 SP:F9
86EF  E6 10     INC $10 = 1B                    A:00 X:FF Y:00 P:27 SP:F9
86F1  A9 1F     LDA #$1F                        A:00 X:FF Y:00 P:25 SP:F9
86F3  24 10     BIT $10 = 1C                    A:1F X:FF Y:00 P:25 SP:F9
86F5  F0 1F     BEQ $8716                       A:1F X:FF Y:00 P:25 SP:F9
86F7  60        RTS                             A:1F X:FF Y:00 P:25 SP:F9
8641  20 19 87  JSR $8719                       A:1F X:FF Y:00 P:25 SP:FB
8719  A0 00     LDY #$00                        A:1F X:FF Y:00 P:25 SP:F9
871B  A5 FE     LDA $FE = 00                    A:1F X:FF Y:00 P:27 SP:F9
871D  91 00     STA ($00),Y = 0200 @ 0200 = 00  A:00 X:FF Y:00 P:27 SP:F9
871F  60        RTS                             A:00 X:FF Y:00 P:27 SP:F9
8644  20 20 87  JSR $8720                       A:00 X:FF Y:00 P:27 SP:FB
8720  A6 03     LDX $03 = 06                    A:00 X:FF Y:00 P:27 SP:F9
8722  A9 00     LDA #$00                        A:00 X:06 Y:00 P:25 SP:F9
8724  81 10     STA ($10,X) @ 16 = 0419 = 01    A:00 X:06 Y:00 P:27 SP:F9
8726  A2 00     LDX #$00                        A:00 X:06 Y:00 P:27 SP:F9
8728  A9 01     LDA #$01                        A:00 X:00 Y:00 P:27 SP:F9
872A  81 10     STA ($10,X) @ 10 = 041C = 00    A:01 X:00 Y:00 P:25 SP:F9
872C  60        RTS                             A:01 X:00 Y:00 P:25 SP:F9
8647  20 2D 87  JSR $872D                       A:01 X:00 Y:00 P:25 SP:FB
872D  A2 00     LDX #$00                        A:01 X:00 Y:00 P:25 SP:F9
872F  EA        NOP                             A:01 X:00 Y:00 P:27 SP:F9
8730  EA        NOP                             A:01 X:00 Y:00 P:27 SP:F9
8731  CA        DEX                             A:01 X:00 Y:00 P:27 SP:F9
8732  D0 FB     BNE $872F                       A:01 X:FF Y:00 P:A5 SP:F9
872F  EA        NOP                             A:01 X:FF Y:00 P:A5 SP:F9
8730  EA        NOP                             A:01 X:FF Y:00 P:A5 SP:F9
8731  CA        DEX                             A:01 X:FF Y:00 P:A5 SP:F9
8732  D0 FB     BNE $872F                       A:01 X:FE Y:00 P:A5 SP:F9
872F  EA        NOP                             A:01 X:FE Y:00 P:A5 SP:F9
8730  EA        NOP                             A:01 X:FE Y:00 P:A5 SP:F9
8731  CA        DEX                             A:01 X:FE Y:00 P:A5 SP:F9
8732  D0 FB     BNE $872F                       A:01 X:FD Y:00 P:A5 SP:F9
872F  EA        NOP                             A:01 X:FD Y:00 P:A5 SP:F9
8730  EA        NOP                             A:01 X:FD Y:00 P:A5 SP:F9
8731  CA        DEX                             A:01 X:FD Y:00 P:A5 SP:F9
8732  D0 FB     BNE $872F                       A:01 X:FC Y:00 P:A5 SP:F9
872F  EA        NOP                             A:01 X:FC Y:00 P:A5 SP:F9
8730  EA        NOP                             A:01 X:FC Y:00 P:A5 SP:F9
8731  CA        DEX                             A:01 X:FC Y:00 P:A5 SP:F9
8732  D0 FB     BNE $872F                       A:01 X:FB Y:00 P:A5 SP:F9
872F  EA        NOP                             A:01 X:FB Y:00 P:A5 SP:F9
8730  EA        NOP                             A:01 X:FB Y:00 P:A5 SP:F9
8731  CA        DEX                             A:01 X:FB Y:00 P:A5 SP:F9
8732  D0 FB     BNE $872F                       A:01 X:FA Y:00 P:A5 SP:F9
872F  EA        NOP                             A:01 X:FA Y:00 P:A5 SP:F9
8730  EA        NOP                             A:01 X:FA Y:00 P:A5 SP:F9
8731  CA        DEX                             A:01 X:FA Y:00 P:A5 SP:F9
8732  D0 FB     BNE $872F                       A:01 X:F9 Y:00 P:A5 SP:F9
872F  EA        NOP                             A:01 X:F9 Y:00 P:A5 SP:F9
8730  EA        NOP                             A:01 X:F9 Y:00 P:A5 SP:F9
8731  CA        DEX                             A:01 X:F9 Y:00 P:A5 SP:F9
8732  D0 FB     BNE $872F                       A:01 X:F8 Y:00 P:A5 SP:F9
872F  EA        NOP                             A:01 X:F8 Y:00 P:A5 SP:F9
8730  EA        NOP                             A:01 X:F8 Y:00 P:A5 SP:F9
8731  CA        DEX                             A:01 X:F8 Y:00 P:A5 SP:F9
8732  D0 FB     BNE $872F                       A:01 X:F7 Y:00 P:A5 SP:F9
872F  EA        NOP                             A:01 X:F7 Y:00 P:A5 SP:F9
8730  EA        NOP                             A:01 X:F7 Y:00 P:A5 SP:F9
8731  CA        DEX                             A:01 X:F7 Y:00 P:A5 SP:F9
8732  D0 FB     BNE $872F                       A:01 X:F6 Y:00 P:A5 SP:F9
872F  EA        NOP                             A:01 X:F6 Y:00 P:A5 SP:F9
8730  EA        NOP                             A:01 X:F6 Y:00 P:A5 SP:F9
8731  CA        DEX                             A:01 X:F6 Y:00 P:A5 SP:F9
8732  D0 FB     BNE $872F                       A:01 X:F5 Y:00 P:A5 SP:F9
872F  EA        NOP                             A:01 X:F5 Y:00 P:A5 SP:F9
8730  EA        NOP                             A:01 X:F5 Y:00 P:A5 SP:F9
8731  CA        DEX                             A:01 X:F5 Y:00 P:A5 SP:F9
8732  D0 FB     BNE $872F                       A:01 X:F4 Y:00 P:A5 SP:F9
872F  EA        NOP                             A:01 X:F4 Y:00 P:A5 SP:F9
8730  EA        NOP                             A:01 X:F4 Y:00 P:A5 SP:F9
8731  CA        DEX                             A:01 X:F4 Y:00 P:A5 SP:F9
8732  D0 FB     BNE $872F                       A:01 X:F3 Y:00 P:A5 SP:F9
872F  EA        NOP                             A:01 X:F3 Y:00 P:A5 SP:F9
8730  EA        NOP                             A:01 X:F3 Y:00 P:A5 SP:F9
8731  CA        DEX                             A:01 X:F3 Y:00 P:A5 SP:F9
8732  D0 FB     BNE $872F                       A:01 X:F2 Y:00 P:A5 SP:F9
872F  EA        NOP                             A:01 X:F2 Y:00 P:A5 SP:F9
8730  EA        NOP                             A:01 X:F2 Y:00 P:A5 SP:F9
8731  CA        DEX                             A:01 X:F2 Y:00 P:A5 SP:F9
8732  D0 FB     BNE $872F                       A:01 X:F1 Y:00 P:A5 SP:F9
872F  EA        NOP                             A:01 X:F1 Y:00 P:A5 SP:F9
8730  EA        NOP                             A:01 X:F1 Y:00 P:A5 SP:F9
8731  CA        DEX                             A:01 X:F1 Y:00 P:A5 SP:F9
8732  D0 FB     BNE $872F                       A:01 X:F0 Y:00 P:A5 SP:F9
872F  EA        NOP                             A:01 X:F0 Y:00 P:A5 SP:F9
8730  EA        NOP                             A:01 X:F0 Y:00 P:A5 SP:F9
8731  CA        DEX                             A:01 X:F0 Y:00 P:A5 SP:F9
8732  D0 FB     BNE $872F                       A:01 X:EF Y:00 P:A5 SP:F9
872F  EA        NOP                             A:01 X:EF Y:00 P:A5 SP:F9
8730  EA        NOP                             A:01 X:EF Y:00 P:A5 SP:F9
8731  CA        DEX                             A:01 X:EF Y:00 P:A5 SP:F9
8732  D0 FB     BNE $872F                       A:01 X:EE Y:00 P:A5 SP:F9
872F  EA        NOP                             A:01 X:EE Y:00 P:A5 SP:F9
8730  EA        NOP                             A:01 X:EE Y:00 P:A5 SP:F9
8731  CA        DEX                             A:01 X:EE Y:00 P:A5 SP:F9
8732  D0 FB     BNE $872F                       A:01 X:ED Y:00 P:A5 SP:F9
872F  EA        NOP                             A:01 X:ED Y:00 P:A5 SP:F9
8730  EA        NOP                             A:01 X:ED Y:00 P:A5 SP:F9
8731  CA        DEX                             A:01 X:ED Y:00 P:A5 SP:F9
8732  D0 FB     BNE $872F                       A:01 X:EC Y:00 P:A5 SP:F9
872F  EA        NOP                             A:01 X:EC Y:00 P:A5 SP:F9
8730  EA        NOP                             A:01 X:EC Y:00 P:A5 SP:F9
8731  CA        DEX                             A:01 X:EC Y:00 P:A5 SP:F9
8732  D0 FB     BNE $872F                       A:01 X:EB Y:00 P:A5 SP:F9
872F  EA        NOP                             A:01 X:EB Y:00 P:A5 SP:F9
8730  EA        NOP                             A:01 X:EB Y:00 P:A5 SP:F9
8731  CA        DEX                             A:01 X:EB Y:00 P:A5 SP:F9
8732  D0 FB     BNE $872F                       A:01 X:EA Y:00 P:A5 SP:F9
872F  EA        NOP                             A:01 X:EA Y:00 P:A5 SP:F9
8730  EA        NOP                             A:01 X:EA Y:00 P:A5 SP:F9
8731  CA        DEX                             A:01 X:EA Y:00 P:A5 SP:F9
8732  D0 FB     BNE $872F                       A:01 X:E9 Y:00 P:A5 SP:F9
872F  EA        NOP                             A:01 X:E9 Y:00 P:A5 SP:F9
8730  EA        NOP                             A:01 X:E9 Y:00 P:A5 SP:F9
8731  CA        DEX                             A:01 X:E9 Y:00 P:A5 SP:F9
8732  D0 FB     BNE $872F                       A:01 X:E8 Y:00 P:A5 SP:F9
872F  EA        NOP                             A:01 X:E8 Y:00 P:A5 SP:F9
8730  EA        NOP                             A:01 X:E8 Y:00 P:A5 SP:F9
8731  CA        DEX                             A:01 X:E8 Y:00 P:A5 SP:F9
8732  D0 FB     BNE $872F                       A:01 X:E7 Y:00 P:A5 SP:F9
872F  EA        NOP                             A:01 X:E7 Y:00 P:A5 SP:F9
8730  EA        NOP                             A:01 X:E7 Y:00 P:A5 SP:F9
8731  CA        DEX                             A:01 X:E7 Y:00 P:A5 SP:F9
8732  D0 FB     BNE $872F                       A:01 X:E6 Y:00 P:A5 SP:F9
872F  EA        NOP                             A:01 X:E6 Y:00 P:A5 SP:F9
8730  EA        NOP                             A:01 X:E6 Y:00 P:A5 SP:F9
8731  CA        DEX                             A:01 X:E6 Y:00 P:A5 SP:F9
8732  D0 FB     BNE $872F                       A:01 X:E5 Y:00 P:A5 SP:F9
872F  EA        NOP                             A:01 X:E5 Y:00 P:A5 SP:F9
8730  EA        NOP                             A:01 X:E5 Y:00 P:A5 SP:F9
8731  CA        DEX                             A:01 X:E5 Y:00 P:A5 SP:F9
8732  D0 FB     BNE $872F                       A:01 X:E4 Y:00 P:A5 SP:F9
872F  EA        NOP                             A:01 X:E4 Y:00 P:A5 SP:F9
8730  EA        NOP                             A:01 X:E4 Y:00 P:A5 SP:F9
8731  CA        DEX                             A:01 X:E4 Y:00 P:A5 SP:F9
8732  D0 FB     BNE $872F                       A:01 X:E3 Y:00 P:A5 SP:F9
872F  EA        NOP                             A:01 X:E3 Y:00 P:A5 SP:F9
8730  EA        NOP                             A:01 X:E3 Y:00 P:A5 SP:F9
8731  CA        DEX                             A:01 X:E3 Y:00 P:A5 SP:F9
8732  D0 FB     BNE $872F                       A:01 X:E2 Y:00 P:A5 SP:F9
872F  EA        NOP                             A:01 X:E2 Y:00 P:A5 SP:F9
8730  EA        NOP                             A:01 X:E2 Y:00 P:A5 SP:F9
8731  CA        DEX                             A:01 X:E2 Y:00 P:A5 SP:F9
8732  D0 FB     BNE $872F                       A:01 X:E1 Y:00 P:A5 SP:F9
872F  EA        NOP                             A:01 X:E1 Y:00 P:A5 SP:F9
8730  EA        NOP                             A:01 X:E1 Y:00 P:A5 SP:F9
8731  CA        DEX                             A:01 X:E1 Y:00 P:A5 SP:F9
8732  D0 FB     BNE $872F                       A:01 X:E0 Y:00 P:A5 SP:F9
872F  EA        NOP                             A:01 X:E0 Y:00 P:A5 SP:F9
8730  EA        NOP                             A:01 X:E0 Y:00 P:A5 SP:F9
8731  CA        DEX                             A:01 X:E0 Y:00 P:A5 SP:F9
8732  D0 FB     BNE $872F                       A:01 X:DF Y:00 P:A5 SP:F9
872F  EA        NOP                             A:01 X:DF Y:00 P:A5 SP:F9
8730  EA        NOP                             A:01 X:DF Y:00 P:A5 SP:F9
8731  CA        DEX                             A:01 X:DF Y:00 P:A5 SP:F9
8732  D0 FB     BNE $872F                       A:01 X:DE Y:00 P:A5 SP:F9
872F  EA        NOP                             A:01 X:DE Y:00 P:A5 SP:F9
8730  EA        NOP                             A:01 X:DE Y:00 P:A5 SP:F9
8731  CA        DEX                             A:01 X:DE Y:00 P:A5 SP:F9
8732  D0 FB     BNE $872F                       A:01 X:DD Y:00 P:A5 SP:F9
872F  EA        NOP                             A:01 X:DD Y:00 P:A5 SP:F9
8730  EA        NOP                             A:01 X:DD Y:00 P:A5 SP:F9
8731  CA        DEX                             A:01 X:DD Y:00 P:A5 SP:F9
8732  D0 FB     BNE $872F                       A:01 X:DC Y:00 P:A5 SP:F9
872F  EA        NOP                             A:01 X:DC Y:00 P:A5 SP:F9
8730  EA        NOP                             A:01 X:DC Y:00 P:A5 SP:F9
8731  CA        DEX                             A:01 X:DC Y:00 P:A5 SP:F9
8732  D0 FB     BNE $872F                       A:01 X:DB Y:00 P:A5 SP:F9
872F  EA        NOP                             A:01 X:DB Y:00 P:A5 SP:F9
8730  EA        NOP                             A:01 X:DB Y:00 P:A5 SP:F9
8731  CA        DEX                             A:01 X:DB Y:00 P:A5 SP:F9
8732  D0 FB     BNE $872F                       A:01 X:DA Y:00 P:A5 SP:F9
872F  EA        NOP                             A:01 X:DA Y:00 P:A5 SP:F9
8730  EA        NOP                             A:01 X:DA Y:00 P:A5 SP:F9
8731  CA        DEX                             A:01 X:DA Y:00 P:A5 SP:F9
8732  D0 FB     BNE $872F                       A:01 X:D9 Y:00 P:A5 SP:F9
872F  EA        NOP                             A:01 X:D9 Y:00 P:A5 SP:F9
8730  EA        NOP                             A:01 X:D9 Y:00 P:A5 SP:F9
8731  CA        DEX                             A:01 X:D9 Y:00 P:A5 SP:F9
8732  D0 FB     BNE $872F                       A:01 X:D8 Y:00 P:A5 SP:F9
872F  EA        NOP                             A:01 X:D8 Y:00 P:A5 SP:F9
8730  EA        NOP                             A:01 X:D8 Y:00 P:A5 SP:F9
8731  CA        DEX                             A:01 X:D8 Y:00 P:A5 SP:F9
8732  D0 FB     BNE $872F                       A:01 X:D7 Y:00 P:A5 SP:F9
872F  EA        NOP                             A:01 X:D7 Y:00 P:A5 SP:F9
8730  EA        NOP                             A:01 X:D7 Y:00 P:A5 SP:F9
8731  CA        DEX                             A:01 X:D7 Y:00 P:A5 SP:F9
8732  D0 FB     BNE $872F                       A:01 X:D6 Y:00 P:A5 SP:F9
872F  EA        NOP                             A:01 X:D6 Y:00 P:A5 SP:F9
8730  EA        NOP                             A:01 X:D6 Y:00 P:A5 SP:F9
8731  CA        DEX                             A:01 X:D6 Y:00 P:A5 SP:F9
8732  D0 FB     BNE $872F                       A:01 X:D5 Y:00 P:A5 SP:F9
872F  EA        NOP                             A:01 X:D5 Y:00 P:A5 SP:F9
8730  EA        NOP                             A:01 X:D5 Y:00 P:A5 SP:F9
8731  CA        DEX                             A:01 X:D5 Y:00 P:A5 SP:F9
8732  D0 FB     BNE $872F                       A:01 X:D4 Y:00 P:A5 SP:F9
872F  EA        NOP                             A:01 X:D4 Y:00 P:A5 SP:F9
8730  EA        NOP                             A:01 X:D4 Y:00 P:A5 SP:F9
8731  CA        DEX                             A:01 X:D4 Y:00 P:A5 SP:F9
8732  D0 FB     BNE $872F                       A:01 X:D3 Y:00 P:A5 SP:F9
872F  EA        NOP                             A:01 X:D3 Y:00 P:A5 SP:F9
8730  EA        NOP                             A:01 X:D3 Y:00 P:A5 SP:F9
8731  CA        DEX                             A:01 X:D3 Y:00 P:A5 SP:F9
8732  D0 FB     BNE $872F                       A:01 X:D2 Y:00 P:A5 SP:F9
872F  EA        NOP                             A:01 X:D2 Y:00 P:A5 SP:F9
8730  EA        NOP                             A:01 X:D2 Y:00 P:A5 SP:F9
8731  CA        DEX                             A:01 X:D2 Y:00 P:A5 SP:F9
8732  D0 FB     BNE $872F                       A:01 X:D1 Y:00 P:A5 SP:F9
872F  EA        NOP                             A:01 X:D1 Y:00 P:A5 SP:F9
8730  EA        NOP                             A:01 X:D1 Y:00 P:A5 SP:F9
8731  CA        DEX                             A:01 X:D1 Y:00 P:A5 SP:F9
8732  D0 FB     BNE $872F                       A:01 X:D0 Y:00 P:A5 SP:F9
872F  EA        NOP                             A:01 X:D0 Y:00 P:A5 SP:F9
8730  EA        NOP                             A:01 X:D0 Y:00 P:A5 SP:F9
8731  CA        DEX                             A:01 X:D0 Y:00 P:A5 SP:F9
8732  D0 FB     BNE $872F                       A:01 X:CF Y:00 P:A5 SP:F9
872F  EA        NOP                             A:01 X:CF Y:00 P:A5 SP:F9
8730  EA        NOP                             A:01 X:CF Y:00 P:A5 SP:F9
8731  CA        DEX                             A:01 X:CF Y:00 P:A5 SP:F9
8732  D0 FB     BNE $872F                       A:01 X:CE Y:00 P:A5 SP:F9
872F  EA        NOP                             A:01 X:CE Y:00 P:A5 SP:F9
8730  EA        NOP                             A:01 X:CE Y:00 P:A5 SP:F9
8731  CA        DEX                             A:01 X:CE Y:00 P:A5 SP:F9
8732  D0 FB     BNE $872F                       A:01 X:CD Y:00 P:A5 SP:F9
872F  EA        NOP                             A:01 X:CD Y:00 P:A5 SP:F9
8730  EA        NOP                             A:01 X:CD Y:00 P:A5 SP:F9
8731  CA        DEX                             A:01 X:CD Y:00 P:A5 SP:F9
8732  D0 FB     BNE $872F                       A:01 X:CC Y:00 P:A5 SP:F9
872F  EA        NOP                             A:01 X:CC Y:00 P:A5 SP:F9
8730  EA        NOP                             A:01 X:CC Y:00 P:A5 SP:F9
8731  CA        DEX                             A:01 X:CC Y:00 P:A5 SP:F9
8732  D0 FB     BNE $872F                       A:01 X:CB Y:00 P:A5 SP:F9
872F  EA        NOP                             A:01 X:CB Y:00 P:A5 SP:F9
8730  EA        NOP                             A:01 X:CB Y:00 P:A5 SP:F9
8731  CA        DEX                             A:01 X:CB Y:00 P:A5 SP:F9
8732  D0 FB     BNE $872F                       A:01 X:CA Y:00 P:A5 SP:F9
872F  EA        NOP                             A:01 X:CA Y:00 P:A5 SP:F9
8730  EA        NOP                             A:01 X:CA Y:00 P:A5 SP:F9
8731  CA        DEX                             A:01 X:CA Y:00 P:A5 SP:F9
8732  D0 FB     BNE $872F                       A:01 X:C9 Y:00 P:A5 SP:F9
872F  EA        NOP                             A:01 X:C9 Y:00 P:A5 SP:F9
8730  EA        NOP                             A:01 X:C9 Y:00 P:A5 SP:F9
8731  CA        DEX                             A:01 X:C9 Y:00 P:A5 SP:F9
8732  D0 FB     BNE $872F                       A:01 X:C8 Y:00 P:A5 SP:F9
872F  EA        NOP                             A:01 X:C8 Y:00 P:A5 SP:F9
8730  EA        NOP                             A:01 X:C8 Y:00 P:A5 SP:F9
8731  CA        DEX                             A:01 X:C8 Y:00 P:A5 SP:F9
8732  D0 FB     BNE $872F                       A:01 X:C7 Y:00 P:A5 SP:F9
872F  EA        NOP                             A:01 X:C7 Y:00 P:A5 SP:F9
8730  EA        NOP                             A:01 X:C7 Y:00 P:A5 SP:F9
8731  CA        DEX                             A:01 X:C7 Y:00 P:A5 SP:F9
8732  D0 FB     BNE $872F                       A:01 X:C6 Y:00 P:A5 SP:F9
872F  EA        NOP                             A:01 X:C6 Y:00 P:A5 SP:F9
8730  EA        NOP                             A:01 X:C6 Y:00 P:A5 SP:F9
8731  CA        DEX                             A:01 X:C6 Y:00 P:A5 SP:F9
8732  D0 FB     BNE $872F                       A:01 X:C5 Y:00 P:A5 SP:F9
872F  EA        NOP                             A:01 X:C5 Y:00 P:A5 SP:F9
8730  EA        NOP                             A:01 X:C5 Y:00 P:A5 SP:F9
8731  CA        DEX                             A:01 X:C5 Y:00 P:A5 SP:F9
8732  D0 FB     BNE $872F                       A:01 X:C4 Y:00 P:A5 SP:F9
872F  EA        NOP                             A:01 X:C4 Y:00 P:A5 SP:F9
8730  EA        NOP                             A:01 X:C4 Y:00 P:A5 SP:F9
8731  CA        DEX                             A:01 X:C4 Y:00 P:A5 SP:F9
8732  D0 FB     BNE $872F                       A:01 X:C3 Y:00 P:A5 SP:F9
872F  EA        NOP                             A:01 X:C3 Y:00 P:A5 SP:F9
8730  EA        NOP                             A:01 X:C3 Y:00 P:A5 SP:F9
8731  CA        DEX                             A:01 X:C3 Y:00 P:A5 SP:F9
8732  D0 FB     BNE $872F                       A:01 X:C2 Y:00 P:A5 SP:F9
872F  EA        NOP                             A:01 X:C2 Y:00 P:A5 SP:F9
8730  EA        NOP                             A:01 X:C2 Y:00 P:A5 SP:F9
8731  CA        DEX                             A:01 X:C2 Y:00 P:A5 SP:F9
8732  D0 FB     BNE $872F                       A:01 X:C1 Y:00 P:A5 SP:F9
872F  EA        NOP                             A:01 X:C1 Y:00 P:A5 SP:F9
8730  EA        NOP                             A:01 X:C1 Y:00 P:A5 SP:F9
8731  CA        DEX                             A:01 X:C1 Y:00 P:A5 SP:F9
8732  D0 FB     BNE $872F                       A:01 X:C0 Y:00 P:A5 SP:F9
872F  EA        NOP                             A:01 X:C0 Y:00 P:A5 SP:F9
8730  EA        NOP                             A:01 X:C0 Y:00 P:A5 SP:F9
8731  CA        DEX                             A:01 X:C0 Y:00 P:A5 SP:F9
8732  D0 FB     BNE $872F                       A:01 X:BF Y:00 P:A5 SP:F9
872F  EA        NOP                             A:01 X:BF Y:00 P:A5 SP:F9
8730  EA        NOP                             A:01 X:BF Y:00 P:A5 SP:F9
8731  CA        DEX                             A:01 X:BF Y:00 P:A5 SP:F9
8732  D0 FB     BNE $872F                       A:01 X:BE Y:00 P:A5 SP:F9
872F  EA        NOP                             A:01 X:BE Y:00 P:A5 SP:F9
8730  EA        NOP                             A:01 X:BE Y:00 P:A5 SP:F9
8731  CA        DEX                             A:01 X:BE Y:00 P:A5 SP:F9
8732  D0 FB     BNE $872F                       A:01 X:BD Y:00 P:A5 SP:F9
872F  EA        NOP                             A:01 X:BD Y:00 P:A5 SP:F9
8730  EA        NOP                             A:01 X:BD Y:00 P:A5 SP:F9
8731  CA        DEX                             A:01 X:BD Y:00 P:A5 SP:F9
8732  D0 FB     BNE $872F                       A:01 X:BC Y:00 P:A5 SP:F9
872F  EA        NOP                             A:01 X:BC Y:00 P:A5 SP:F9
8730  EA        NOP                             A:01 X:BC Y:00 P:A5 SP:F9
8731  CA        DEX                             A:01 X:BC Y:00 P:A5 SP:F9
8732  D0 FB     BNE $872F                       A:01 X:BB Y:00 P:A5 SP:F9
872F  EA        NOP                             A:01 X:BB Y:00 P:A5 SP:F9
8730  EA        NOP                             A:01 X:BB Y:00 P:A5 SP:F9
8731  CA        DEX                             A:01 X:BB Y:00 P:A5 SP:F9
8732  D0 FB     BNE $872F                       A:01 X:BA Y:00 P:A5 SP:F9
872F  EA        NOP                             A:01 X:BA Y:00 P:A5 SP:F9
8730  EA        NOP                             A:01 X:BA Y:00 P:A5 SP:F9
8731  CA        DEX                             A:01 X:BA Y:00 P:A5 SP:F9
8732  D0 FB     BNE $872F                       A:01 X:B9 Y:00 P:A5 SP:F9
872F  EA        NOP                             A:01 X:B9 Y:00 P:A5 SP:F9
8730  EA        NOP                             A:01 X:B9 Y:00 P:A5 SP:F9
8731  CA        DEX                             A:01 X:B9 Y:00 P:A5 SP:F9
8732  D0 FB     BNE $872F                       A:01 X:B8 Y:00 P:A5 SP:F9
872F  EA        NOP                             A:01 X:B8 Y:00 P:A5 SP:F9
8730  EA        NOP                             A:01 X:B8 Y:00 P:A5 SP:F9
8731  CA        DEX                             A:01 X:B8 Y:00 P:A5 SP:F9
8732  D0 FB     BNE $872F                       A:01 X:B7 Y:00 P:A5 SP:F9
872F  EA        NOP                             A:01 X:B7 Y:00 P:A5 SP:F9
8730  EA        NOP                             A:01 X:B7 Y:00 P:A5 SP:F9
8731  CA        DEX                             A:01 X:B7 Y:00 P:A5 SP:F9
8732  D0 FB     BNE $872F                       A:01 X:B6 Y:00 P:A5 SP:F9
872F  EA        NOP                             A:01 X:B6 Y:00 P:A5 SP:F9
8730  EA        NOP                             A:01 X:B6 Y:00 P:A5 SP:F9
8731  CA        DEX                             A:01 X:B6 Y:00 P:A5 SP:F9
8732  D0 FB     BNE $872F                       A:01 X:B5 Y:00 P:A5 SP:F9
872F  EA        NOP                             A:01 X:B5 Y:00 P:A5 SP:F9
8730  EA        NOP                             A:01 X:B5 Y:00 P:A5 SP:F9
8731  CA        DEX                             A:01 X:B5 Y:00 P:A5 SP:F9
8732  D0 FB     BNE $872F                       A:01 X:B4 Y:00 P:A5 SP:F9
872F  EA        NOP                             A:01 X:B4 Y:00 P:A5 SP:F9
8730  EA        NOP                             A:01 X:B4 Y:00 P:A5 SP:F9
8731  CA        DEX                             A:01 X:B4 Y:00 P:A5 SP:F9
8732  D0 FB     BNE $872F                       A:01 X:B3 Y:00 P:A5 SP:F9
872F  EA        NOP                             A:01 X:B3 Y:00 P:A5 SP:F9
8730  EA        NOP                             A:01 X:B3 Y:00 P:A5 SP:F9
8731  CA        DEX                             A:01 X:B3 Y:00 P:A5 SP:F9
8732  D0 FB     BNE $872F                       A:01 X:B2 Y:00 P:A5 SP:F9
872F  EA        NOP                             A:01 X:B2 Y:00 P:A5 SP:F9
8730  EA        NOP                             A:01 X:B2 Y:00 P:A5 SP:F9
8731  CA        DEX                             A:01 X:B2 Y:00 P:A5 SP:F9
8732  D0 FB     BNE $872F                       A:01 X:B1 Y:00 P:A5 SP:F9
872F  EA        NOP                             A:01 X:B1 Y:00 P:A5 SP:F9
8730  EA        NOP                             A:01 X:B1 Y:00 P:A5 SP:F9
8731  CA        DEX                             A:01 X:B1 Y:00 P:A5 SP:F9
8732  D0 FB     BNE $872F                       A:01 X:B0 Y:00 P:A5 SP:F9
872F  EA        NOP                             A:01 X:B0 Y:00 P:A5 SP:F9
8730  EA        NOP                             A:01 X:B0 Y:00 P:A5 SP:F9
8731  CA        DEX                             A:01 X:B0 Y:00 P:A5 SP:F9
8732  D0 FB     BNE $872F                       A:01 X:AF Y:00 P:A5 SP:F9
872F  EA        NOP                             A:01 X:AF Y:00 P:A5 SP:F9
8730  EA        NOP                             A:01 X:AF Y:00 P:A5 SP:F9
8731  CA        DEX                             A:01 X:AF Y:00 P:A5 SP:F9
8732  D0 FB     BNE $872F                       A:01 X:AE Y:00 P:A5 SP:F9
872F  EA        NOP                             A:01 X:AE Y:00 P:A5 SP:F9
8730  EA        NOP                             A:01 X:AE Y:00 P:A5 SP:F9
8731  CA        DEX                             A:01 X:AE Y:00 P:A5 SP:F9
8732  D0 FB     BNE $872F                       A:01 X:AD Y:00 P:A5 SP:F9
872F  EA        NOP                             A:01 X:AD Y:00 P:A5 SP:F9
8730  EA        NOP                             A:01 X:AD Y:00 P:A5 SP:F9
8731  CA        DEX                             A:01 X:AD Y:00 P:A5 SP:F9
8732  D0 FB     BNE $872F                       A:01 X:AC Y:00 P:A5 SP:F9
872F  EA        NOP                             A:01 X:AC Y:00 P:A5 SP:F9
8730  EA        NOP                             A:01 X:AC Y:00 P:A5 SP:F9
8731  CA        DEX                             A:01 X:AC Y:00 P:A5 SP:F9
8732  D0 FB     BNE $872F                       A:01 X:AB Y:00 P:A5 SP:F9
872F  EA        NOP                             A:01 X:AB Y:00 P:A5 SP:F9
8730  EA        NOP                             A:01 X:AB Y:00 P:A5 SP:F9
8731  CA        DEX                             A:01 X:AB Y:00 P:A5 SP:F9
8732  D0 FB     BNE $872F                       A:01 X:AA Y:00 P:A5 SP:F9
872F  EA        NOP                             A:01 X:AA Y:00 P:A5 SP:F9
8730  EA        NOP                             A:01 X:AA Y:00 P:A5 SP:F9
8731  CA        DEX                             A:01 X:AA Y:00 P:A5 SP:F9
8732  D0 FB     BNE $872F                       A:01 X:A9 Y:00 P:A5 SP:F9
872F  EA        NOP                             A:01 X:A9 Y:00 P:A5 SP:F9
8730  EA        NOP                             A:01 X:A9 Y:00 P:A5 SP:F9
8731  CA        DEX                             A:01 X:A9 Y:00 P:A5 SP:F9
8732  D0 FB     BNE $872F                       A:01 X:A8 Y:00 P:A5 SP:F9
872F  EA        NOP                             A:01 X:A8 Y:00 P:A5 SP:F9
8730  EA        NOP                             A:01 X:A8 Y:00 P:A5 SP:F9
8731  CA        DEX                             A:01 X:A8 Y:00 P:A5 SP:F9
8732  D0 FB     BNE $872F                       A:01 X:A7 Y:00 P:A5 SP:F9
872F  EA        NOP                             A:01 X:A7 Y:00 P:A5 SP:F9
8730  EA        NOP                             A:01 X:A7 Y:00 P:A5 SP:F9
8731  CA        DEX                             A:01 X:A7 Y:00 P:A5 SP:F9
8732  D0 FB     BNE $872F                       A:01 X:A6 Y:00 P:A5 SP:F9
872F  EA        NOP                             A:01 X:A6 Y:00 P:A5 SP:F9
8730  EA        NOP                             A:01 X:A6 Y:00 P:A5 SP:F9
8731  CA        DEX                             A:01 X:A6 Y:00 P:A5 SP:F9
8732  D0 FB     BNE $872F                       A:01 X:A5 Y:00 P:A5 SP:F9
872F  EA        NOP                             A:01 X:A5 Y:00 P:A5 SP:F9
8730  EA        NOP                             A:01 X:A5 Y:00 P:A5 SP:F9
8731  CA        DEX                             A:01 X:A5 Y:00 P:A5 SP:F9
8732  D0 FB     BNE $872F                       A:01 X:A4 Y:00 P:A5 SP:F9
872F  EA        NOP                             A:01 X:A4 Y:00 P:A5 SP:F9
8730  EA        NOP                             A:01 X:A4 Y:00 P:A5 SP:F9
8731  CA        DEX                             A:01 X:A4 Y:00 P:A5 SP:F9
8732  D0 FB     BNE $872F                       A:01 X:A3 Y:00 P:A5 SP:F9
872F  EA        NOP                             A:01 X:A3 Y:00 P:A5 SP:F9
8730  EA        NOP                             A:01 X:A3 Y:00 P:A5 SP:F9
8731  CA        DEX                             A:01 X:A3 Y:00 P:A5 SP:F9
8732  D0 FB     BNE $872F                       A:01 X:A2 Y:00 P:A5 SP:F9
872F  EA        NOP                             A:01 X:A2 Y:00 P:A5 SP:F9
8730  EA        NOP                             A:01 X:A2 Y:00 P:A5 SP:F9
8731  CA        DEX                             A:01 X:A2 Y:00 P:A5 SP:F9
8732  D0 FB     BNE $872F                       A:01 X:A1 Y:00 P:A5 SP:F9
872F  EA        NOP                             A:01 X:A1 Y:00 P:A5 SP:F9
8730  EA        NOP                             A:01 X:A1 Y:00 P:A5 SP:F9
8731  CA        DEX                             A:01 X:A1 Y:00 P:A5 SP:F9
8732  D0 FB     BNE $872F                       A:01 X:A0 Y:00 P:A5 SP:F9
872F  EA        NOP                             A:01 X:A0 Y:00 P:A5 SP:F9
8730  EA        NOP                             A:01 X:A0 Y:00 P:A5 SP:F9
8731  CA        DEX                             A:01 X:A0 Y:00 P:A5 SP:F9
8732  D0 FB     BNE $872F                       A:01 X:9F Y:00 P:A5 SP:F9
872F  EA        NOP                             A:01 X:9F Y:00 P:A5 SP:F9
8730  EA        NOP                             A:01 X:9F Y:00 P:A5 SP:F9
8731  CA        DEX                             A:01 X:9F Y:00 P:A5 SP:F9
8732  D0 FB     BNE $872F                       A:01 X:9E Y:00 P:A5 SP:F9
872F  EA        NOP                             A:01 X:9E Y:00 P:A5 SP:F9
8730  EA        NOP                             A:01 X:9E Y:00 P:A5 SP:F9
8731  CA        DEX                             A:01 X:9E Y:00 P:A5 SP:F9
8732  D0 FB     BNE $872F                       A:01 X:9D Y:00 P:A5 SP:F9
872F  EA        NOP                             A:01 X:9D Y:00 P:A5 SP:F9
8730  EA        NOP                             A:01 X:9D Y:00 P:A5 SP:F9
8731  CA        DEX                             A:01 X:9D Y:00 P:A5 SP:F9
8732  D0 FB     BNE $872F                       A:01 X:9C Y:00 P:A5 SP:F9
872F  EA        NOP                             A:01 X:9C Y:00 P:A5 SP:F9
8730  EA        NOP                             A:01 X:9C Y:00 P:A5 SP:F9
8731  CA        DEX                             A:01 X:9C Y:00 P:A5 SP:F9
8732  D0 FB     BNE $872F                       A:01 X:9B Y:00 P:A5 SP:F9
872F  EA        NOP                             A:01 X:9B Y:00 P:A5 SP:F9
8730  EA        NOP                             A:01 X:9B Y:00 P:A5 SP:F9
8731  CA        DEX                             A:01 X:9B Y:00 P:A5 SP:F9
8732  D0 FB     BNE $872F                       A:01 X:9A Y:00 P:A5 SP:F9
872F  EA        NOP                             A:01 X:9A Y:00 P:A5 SP:F9
8730  EA        NOP                             A:01 X:9A Y:00 P:A5 SP:F9
8731  CA        DEX                             A:01 X:9A Y:00 P:A5 SP:F9
8732  D0 FB     BNE $872F                       A:01 X:99 Y:00 P:A5 SP:F9
872F  EA        NOP                             A:01 X:99 Y:00 P:A5 SP:F9
8730  EA        NOP                             A:01 X:99 Y:00 P:A5 SP:F9
8731  CA        DEX                             A:01 X:99 Y:00 P:A5 SP:F9
8732  D0 FB     BNE $872F                       A:01 X:98 Y:00 P:A5 SP:F9
872F  EA        NOP                             A:01 X:98 Y:00 P:A5 SP:F9
8730  EA        NOP                             A:01 X:98 Y:00 P:A5 SP:F9
8731  CA        DEX                             A:01 X:98 Y:00 P:A5 SP:F9
8732  D0 FB     BNE $872F                       A:01 X:97 Y:00 P:A5 SP:F9
872F  EA        NOP                             A:01 X:97 Y:00 P:A5 SP:F9
8730  EA        NOP                             A:01 X:97 Y:00 P:A5 SP:F9
8731  CA        DEX                             A:01 X:97 Y:00 P:A5 SP:F9
8732  D0 FB     BNE $872F                       A:01 X:96 Y:00 P:A5 SP:F9
872F  EA        NOP                             A:01 X:96 Y:00 P:A5 SP:F9
8730  EA        NOP                             A:01 X:96 Y:00 P:A5 SP:F9
8731  CA        DEX                             A:01 X:96 Y:00 P:A5 SP:F9
8732  D0 FB     BNE $872F                       A:01 X:95 Y:00 P:A5 SP:F9
872F  EA        NOP                             A:01 X:95 Y:00 P:A5 SP:F9
8730  EA        NOP                             A:01 X:95 Y:00 P:A5 SP:F9
8731  CA        DEX                             A:01 X:95 Y:00 P:A5 SP:F9
8732  D0 FB     BNE $872F                       A:01 X:94 Y:00 P:A5 SP:F9
872F  EA        NOP                             A:01 X:94 Y:00 P:A5 SP:F9
8730  EA        NOP                             A:01 X:94 Y:00 P:A5 SP:F9
8731  CA        DEX                             A:01 X:94 Y:00 P:A5 SP:F9
8732  D0 FB     BNE $872F                       A:01 X:93 Y:00 P:A5 SP:F9
872F  EA        NOP                             A:01 X:93 Y:00 P:A5 SP:F9
8730  EA        NOP                             A:01 X:93 Y:00 P:A5 SP:F9
8731  CA        DEX                             A:01 X:93 Y:00 P:A5 SP:F9
8732  D0 FB     BNE $872F                       A:01 X:92 Y:00 P:A5 SP:F9
872F  EA        NOP                             A:01 X:92 Y:00 P:A5 SP:F9
8730  EA        NOP                             A:01 X:92 Y:00 P:A5 SP:F9
8731  CA        DEX                             A:01 X:92 Y:00 P:A5 SP:F9
8732  D0 FB     BNE $872F                       A:01 X:91 Y:00 P:A5 SP:F9
872F  EA        NOP                             A:01 X:91 Y:00 P:A5 SP:F9
8730  EA        NOP                             A:01 X:91 Y:00 P:A5 SP:F9
8731  CA        DEX                             A:01 X:91 Y:00 P:A5 SP:F9
8732  D0 FB     BNE $872F                       A:01 X:90 Y:00 P:A5 SP:F9
872F  EA        NOP                             A:01 X:90 Y:00 P:A5 SP:F9
8730  EA        NOP                             A:01 X:90 Y:00 P:A5 SP:F9
8731  CA        DEX                             A:01 X:90 Y:00 P:A5 SP:F9
8732  D0 FB     BNE $872F                       A:01 X:8F Y:00 P:A5 SP:F9
872F  EA        NOP                             A:01 X:8F Y:00 P:A5 SP:F9
8730  EA        NOP                             A:01 X:8F Y:00 P:A5 SP:F9
8731  CA        DEX                             A:01 X:8F Y:00 P:A5 SP:F9
8732  D0 FB     BNE $872F                       A:01 X:8E Y:00 P:A5 SP:F9
872F  EA        NOP                             A:01 X:8E Y:00 P:A5 SP:F9
8730  EA        NOP                             A:01 X:8E Y:00 P:A5 SP:F9
8731  CA        DEX                             A:01 X:8E Y:00 P:A5 SP:F9
8732  D0 FB     BNE $872F                       A:01 X:8D Y:00 P:A5 SP:F9
872F  EA        NOP                             A:01 X:8D Y:00 P:A5 SP:F9
8730  EA        NOP                             A:01 X:8D Y:00 P:A5 SP:F9
8731  CA        DEX                             A:01 X:8D Y:00 P:A5 SP:F9
8732  D0 FB     BNE $872F                       A:01 X:8C Y:00 P:A5 SP:F9
872F  EA        NOP                             A:01 X:8C Y:00 P:A5 SP:F9
8730  EA        NOP                             A:01 X:8C Y:00 P:A5 SP:F9
8731  CA        DEX                             A:01 X:8C Y:00 P:A5 SP:F9
8732  D0 FB     BNE $872F                       A:01 X:8B Y:00 P:A5 SP:F9
872F  EA        NOP                             A:01 X:8B Y:00 P:A5 SP:F9
8730  EA        NOP                             A:01 X:8B Y:00 P:A5 SP:F9
8731  CA        DEX                             A:01 X:8B Y:00 P:A5 SP:F9
8732  D0 FB     BNE $872F                       A:01 X:8A Y:00 P:A5 SP:F9
872F  EA        NOP                             A:01 X:8A Y:00 P:A5 SP:F9
8730  EA        NOP                             A:01 X:8A Y:00 P:A5 SP:F9
8731  CA        DEX                             A:01 X:8A Y:00 P:A5 SP:F9
8732  D0 FB     BNE $872F                       A:01 X:89 Y:00 P:A5 SP:F9
872F  EA        NOP                             A:01 X:89 Y:00 P:A5 SP:F9
8730  EA        NOP                             A:01 X:89 Y:00 P:A5 SP:F9
8731  CA        DEX                             A:01 X:89 Y:00 P:A5 SP:F9
8732  D0 FB     BNE $872F                       A:01 X:88 Y:00 P:A5 SP:F9
872F  EA        NOP                             A:01 X:88 Y:00 P:A5 SP:F9
8730  EA        NOP                             A:01 X:88 Y:00 P:A5 SP:F9
8731  CA        DEX                             A:01 X:88 Y:00 P:A5 SP:F9
8732  D0 FB     BNE $872F                       A:01 X:87 Y:00 P:A5 SP:F9
872F  EA        NOP                             A:01 X:87 Y:00 P:A5 SP:F9
8730  EA        NOP                             A:01 X:87 Y:00 P:A5 SP:F9
8731  CA        DEX                             A:01 X:87 Y:00 P:A5 SP:F9
8732  D0 FB     BNE $872F                       A:01 X:86 Y:00 P:A5 SP:F9
872F  EA        NOP                             A:01 X:86 Y:00 P:A5 SP:F9
8730  EA        NOP                             A:01 X:86 Y:00 P:A5 SP:F9
8731  CA        DEX                             A:01 X:86 Y:00 P:A5 SP:F9
8732  D0 FB     BNE $872F                       A:01 X:85 Y:00 P:A5 SP:F9
872F  EA        NOP                             A:01 X:85 Y:00 P:A5 SP:F9
8730  EA        NOP                             A:01 X:85 Y:00 P:A5 SP:F9
8731  CA        DEX                             A:01 X:85 Y:00 P:A5 SP:F9
8732  D0 FB     BNE $872F                       A:01 X:84 Y:00 P:A5 SP:F9
872F  EA        NOP                             A:01 X:84 Y:00 P:A5 SP:F9
8730  EA        NOP                             A:01 X:84 Y:00 P:A5 SP:F9
8731  CA        DEX                             A:01 X:84 Y:00 P:A5 SP:F9
8732  D0 FB     BNE $872F                       A:01 X:83 Y:00 P:A5 SP:F9
872F  EA        NOP                             A:01 X:83 Y:00 P:A5 SP:F9
8730  EA        NOP                             A:01 X:83 Y:00 P:A5 SP:F9
8731  CA        DEX                             A:01 X:83 Y:00 P:A5 SP:F9
8732  D0 FB     BNE $872F                       A:01 X:82 Y:00 P:A5 SP:F9
872F  EA        NOP                             A:01 X:82 Y:00 P:A5 SP:F9
8730  EA        NOP                             A:01 X:82 Y:00 P:A5 SP:F9
8731  CA        DEX                             A:01 X:82 Y:00 P:A5 SP:F9
8732  D0 FB     BNE $872F                       A:01 X:81 Y:00 P:A5 SP:F9
872F  EA        NOP                             A:01 X:81 Y:00 P:A5 SP:F9
8730  EA        NOP                             A:01 X:81 Y:00 P:A5 SP:F9
8731  CA        DEX                             A:01 X:81 Y:00 P:A5 SP:F9
8732  D0 FB     BNE $872F                       A:01 X:80 Y:00 P:A5 SP:F9
872F  EA        NOP                             A:01 X:80 Y:00 P:A5 SP:F9
8730  EA        NOP                             A:01 X:80 Y:00 P:A5 SP:F9
8731  CA        DEX                             A:01 X:80 Y:00 P:A5 SP:F9
8732  D0 FB     BNE $872F                       A:01 X:7F Y:00 P:25 SP:F9
872F  EA        NOP                             A:01 X:7F Y:00 P:25 SP:F9
8730  EA        NOP                             A:01 X:7F Y:00 P:25 SP:F9
8731  CA        DEX                             A:01 X:7F Y:00 P:25 SP:F9
8732  D0 FB     BNE $872F                       A:01 X:7E Y:00 P:25 SP:F9
872F  EA        NOP                             A:01 X:7E Y:00 P:25 SP:F9
8730  EA        NOP                             A:01 X:7E Y:00 P:25 SP:F9
8731  CA        DEX                             A:01 X:7E Y:00 P:25 SP:F9
8732  D0 FB     BNE $872F                       A:01 X:7D Y:00 P:25 SP:F9
872F  EA        NOP                             A:01 X:7D Y:00 P:25 SP:F9
8730  EA        NOP                             A:01 X:7D Y:00 P:25 SP:F9
8731  CA        DEX                             A:01 X:7D Y:00 P:25 SP:F9
8732  D0 FB     BNE $872F                       A:01 X:7C Y:00 P:25 SP:F9
872F  EA        NOP                             A:01 X:7C Y:00 P:25 SP:F9
8730  EA        NOP                             A:01 X:7C Y:00 P:25 SP:F9
8731  CA        DEX                             A:01 X:7C Y:00 P:25 SP:F9
8732  D0 FB     BNE $872F                       A:01 X:7B Y:00 P:25 SP:F9
872F  EA        NOP                             A:01 X:7B Y:00 P:25 SP:F9
8730  EA        NOP                             A:01 X:7B Y:00 P:25 SP:F9
8731  CA        DEX                             A:01 X:7B Y:00 P:25 SP:F9
8732  D0 FB     BNE $872F                       A:01 X:7A Y:00 P:25 SP:F9
872F  EA        NOP                             A:01 X:7A Y:00 P:25 SP:F9
8730  EA        NOP                             A:01 X:7A Y:00 P:25 SP:F9
8731  CA        DEX                             A:01 X:7A Y:00 P:25 SP:F9
8732  D0 FB     BNE $872F                       A:01 X:79 Y:00 P:25 SP:F9
872F  EA        NOP                             A:01 X:79 Y:00 P:25 SP:F9
8730  EA        NOP                             A:01 X:79 Y:00 P:25 SP:F9
8731  CA        DEX                             A:01 X:79 Y:00 P:25 SP:F9
8732  D0 FB     BNE $872F                       A:01 X:78 Y:00 P:25 SP:F9
872F  EA        NOP                             A:01 X:78 Y:00 P:25 SP:F9
8730  EA        NOP                             A:01 X:78 Y:00 P:25 SP:F9
8731  CA        DEX                             A:01 X:78 Y:00 P:25 SP:F9
8732  D0 FB     BNE $872F                       A:01 X:77 Y:00 P:25 SP:F9
872F  EA        NOP                             A:01 X:77 Y:00 P:25 SP:F9
8730  EA        NOP                             A:01 X:77 Y:00 P:25 SP:F9
8731  CA        DEX                             A:01 X:77 Y:00 P:25 SP:F9
8732  D0 FB     BNE $872F                       A:01 X:76 Y:00 P:25 SP:F9
872F  EA        NOP                             A:01 X:76 Y:00 P:25 SP:F9
8730  EA        NOP                             A:01 X:76 Y:00 P:25 SP:F9
8731  CA        DEX                             A:01 X:76 Y:00 P:25 SP:F9
8732  D0 FB     BNE $872F                       A:01 X:75 Y:00 P:25 SP:F9
872F  EA        NOP                             A:01 X:75 Y:00 P:25 SP:F9
8730  EA        NOP                             A:01 X:75 Y:00 P:25 SP:F9
8731  CA        DEX                             A:01 X:75 Y:00 P:25 SP:F9
8732  D0 FB     BNE $872F                       A:01 X:74 Y:00 P:25 SP:F9
872F  EA        NOP                             A:01 X:74 Y:00 P:25 SP:F9
8730  EA        NOP                             A:01 X:74 Y:00 P:25 SP:F9
8731  CA        DEX                             A:01 X:74 Y:00 P:25 SP:F9
8732  D0 FB     BNE $872F                       A:01 X:73 Y:00 P:25 SP:F9
872F  EA        NOP                             A:01 X:73 Y:00 P:25 SP:F9
8730  EA        NOP                             A:01 X:73 Y:00 P:25 SP:F9
8731  CA        DEX                             A:01 X:73 Y:00 P:25 SP:F9
8732  D0 FB     BNE $872F                       A:01 X:72 Y:00 P:25 SP:F9
872F  EA        NOP                             A:01 X:72 Y:00 P:25 SP:F9
8730  EA        NOP                             A:01 X:72 Y:00 P:25 SP:F9
8731  CA        DEX                             A:01 X:72 Y:00 P:25 SP:F9
8732  D0 FB     BNE $872F                       A:01 X:71 Y:00 P:25 SP:F9
872F  EA        NOP                             A:01 X:71 Y:00 P:25 SP:F9
8730  EA        NOP                             A:01 X:71 Y:00 P:25 SP:F9
8731  CA        DEX                             A:01 X:71 Y:00 P:25 SP:F9
8732  D0 FB     BNE $872F                       A:01 X:70 Y:00 P:25 SP:F9
872F  EA        NOP                             A:01 X:70 Y:00 P:25 SP:F9
8730  EA        NOP                             A:01 X:70 Y:00 P:25 SP:F9
8731  CA        DEX                             A:01 X:70 Y:00 P:25 SP:F9
8732  D0 FB     BNE $872F                       A:01 X:6F Y:00 P:25 SP:F9
872F  EA        NOP                             A:01 X:6F Y:00 P:25 SP:F9
8730  EA        NOP                             A:01 X:6F Y:00 P:25 SP:F9
8731  CA        DEX                             A:01 X:6F Y:00 P:25 SP:F9
8732  D0 FB     BNE $872F                       A:01 X:6E Y:00 P:25 SP:F9
872F  EA        NOP                             A:01 X:6E Y:00 P:25 SP:F9
8730  EA        NOP                             A:01 X:6E Y:00 P:25 SP:F9
8731  CA        DEX                             A:01 X:6E Y:00 P:25 SP:F9
8732  D0 FB     BNE $872F                       A:01 X:6D Y:00 P:25 SP:F9
872F  EA        NOP                             A:01 X:6D Y:00 P:25 SP:F9
8730  EA        NOP                             A:01 X:6D Y:00 P:25 SP:F9
8731  CA        DEX                             A:01 X:6D Y:00 P:25 SP:F9
8732  D0 FB     BNE $872F                       A:01 X:6C Y:00 P:25 SP:F9
872F  EA        NOP                             A:01 X:6C Y:00 P:25 SP:F9
8730  EA        NOP                             A:01 X:6C Y:00 P:25 SP:F9
8731  CA        DEX                             A:01 X:6C Y:00 P:25 SP:F9
8732  D0 FB     BNE $872F                       A:01 X:6B Y:00 P:25 SP:F9
872F  EA        NOP                             A:01 X:6B Y:00 P:25 SP:F9
8730  EA        NOP                             A:01 X:6B Y:00 P:25 SP:F9
8731  CA        DEX                             A:01 X:6B Y:00 P:25 SP:F9
8732  D0 FB     BNE $872F                       A:01 X:6A Y:00 P:25 SP:F9
872F  EA        NOP                             A:01 X:6A Y:00 P:25 SP:F9
8730  EA        NOP                             A:01 X:6A Y:00 P:25 SP:F9
8731  CA        DEX                             A:01 X:6A Y:00 P:25 SP:F9
8732  D0 FB     BNE $872F                       A:01 X:69 Y:00 P:25 SP:F9
872F  EA        NOP                             A:01 X:69 Y:00 P:25 SP:F9
8730  EA        NOP                             A:01 X:69 Y:00 P:25 SP:F9
8731  CA        DEX                             A:01 X:69 Y:00 P:25 SP:F9
8732  D0 FB     BNE $872F                       A:01 X:68 Y:00 P:25 SP:F9
872F  EA        NOP                             A:01 X:68 Y:00 P:25 SP:F9
8730  EA        NOP                             A:01 X:68 Y:00 P:25 SP:F9
8731  CA        DEX                             A:01 X:68 Y:00 P:25 SP:F9
8732  D0 FB     BNE $872F                       A:01 X:67 Y:00 P:25 SP:F9
872F  EA        NOP                             A:01 X:67 Y:00 P:25 SP:F9
8730  EA        NOP                             A:01 X:67 Y:00 P:25 SP:F9
8731  CA        DEX                             A:01 X:67 Y:00 P:25 SP:F9
8732  D0 FB     BNE $872F                       A:01 X:66 Y:00 P:25 SP:F9
872F  EA        NOP                             A:01 X:66 Y:00 P:25 SP:F9
8730  EA        NOP                             A:01 X:66 Y:00 P:25 SP:F9
8731  CA        DEX                             A:01 X:66 Y:00 P:25 SP:F9
8732  D0 FB     BNE $872F                       A:01 X:65 Y:00 P:25 SP:F9
872F  EA        NOP                             A:01 X:65 Y:00 P:25 SP:F9
8730  EA        NOP                             A:01 X:65 Y:00 P:25 SP:F9
8731  CA        DEX                             A:01 X:65 Y:00 P:25 SP:F9
8732  D0 FB     BNE $872F                       A:01 X:64 Y:00 P:25 SP:F9
872F  EA        NOP                             A:01 X:64 Y:00 P:25 SP:F9
8730  EA        NOP                             A:01 X:64 Y:00 P:25 SP:F9
8731  CA        DEX                             A:01 X:64 Y:00 P:25 SP:F9
8732  D0 FB     BNE $872F                       A:01 X:63 Y:00 P:25 SP:F9
872F  EA        NOP                             A:01 X:63 Y:00 P:25 SP:F9
8730  EA        NOP                             A:01 X:63 Y:00 P:25 SP:F9
8731  CA        DEX                             A:01 X:63 Y:00 P:25 SP:F9
8732  D0 FB     BNE $872F                       A:01 X:62 Y:00 P:25 SP:F9
872F  EA        NOP                             A:01 X:62 Y:00 P:25 SP:F9
8730  EA        NOP                             A:01 X:62 Y:00 P:25 SP:F9
8731  CA        DEX                             A:01 X:62 Y:00 P:25 SP:F9
8732  D0 FB     BNE $872F                       A:01 X:61 Y:00 P:25 SP:F9
872F  EA        NOP                             A:01 X:61 Y:00 P:25 SP:F9
8730  EA        NOP                             A:01 X:61 Y:00 P:25 SP:F9
8731  CA        DEX                             A:01 X:61 Y:00 P:25 SP:F9
8732  D0 FB     BNE $872F                       A:01 X:60 Y:00 P:25 SP:F9
872F  EA        NOP                             A:01 X:60 Y:00 P:25 SP:F9
8730  EA        NOP                             A:01 X:60 Y:00 P:25 SP:F9
8731  CA        DEX                             A:01 X:60 Y:00 P:25 SP:F9
8732  D0 FB     BNE $872F                       A:01 X:5F Y:00 P:25 SP:F9
872F  EA        NOP                             A:01 X:5F Y:00 P:25 SP:F9
8730  EA        NOP                             A:01 X:5F Y:00 P:25 SP:F9
8731  CA        DEX                             A:01 X:5F Y:00 P:25 SP:F9
8732  D0 FB     BNE $872F                       A:01 X:5E Y:00 P:25 SP:F9
872F  EA        NOP                             A:01 X:5E Y:00 P:25 SP:F9
8730  EA        NOP                             A:01 X:5E Y:00 P:25 SP:F9
8731  CA        DEX                             A:01 X:5E Y:00 P:25 SP:F9
8732  D0 FB     BNE $872F                       A:01 X:5D Y:00 P:25 SP:F9
872F  EA        NOP                             A:01 X:5D Y:00 P:25 SP:F9
8730  EA        NOP                             A:01 X:5D Y:00 P:25 SP:F9
8731  CA        DEX                             A:01 X:5D Y:00 P:25 SP:F9
8732  D0 FB     BNE $872F                       A:01 X:5C Y:00 P:25 SP:F9
872F  EA        NOP                             A:01 X:5C Y:00 P:25 SP:F9
8730  EA        NOP                             A:01 X:5C Y:00 P:25 SP:F9
8731  CA        DEX                             A:01 X:5C Y:00 P:25 SP:F9
8732  D0 FB     BNE $872F                       A:01 X:5B Y:00 P:25 SP:F9
872F  EA        NOP                             A:01 X:5B Y:00 P:25 SP:F9
8730  EA        NOP                             A:01 X:5B Y:00 P:25 SP:F9
8731  CA        DEX                             A:01 X:5B Y:00 P:25 SP:F9
8732  D0 FB     BNE $872F                       A:01 X:5A Y:00 P:25 SP:F9
872F  EA        NOP                             A:01 X:5A Y:00 P:25 SP:F9
8730  EA        NOP                             A:01 X:5A Y:00 P:25 SP:F9
8731  CA        DEX                             A:01 X:5A Y:00 P:25 SP:F9
8732  D0 FB     BNE $872F                       A:01 X:59 Y:00 P:25 SP:F9
872F  EA        NOP                             A:01 X:59 Y:00 P:25 SP:F9
8730  EA        NOP                             A:01 X:59 Y:00 P:25 SP:F9
8731  CA        DEX                             A:01 X:59 Y:00 P:25 SP:F9
8732  D0 FB     BNE $872F                       A:01 X:58 Y:00 P:25 SP:F9
872F  EA        NOP                             A:01 X:58 Y:00 P:25 SP:F9
8730  EA        NOP                             A:01 X:58 Y:00 P:25 SP:F9
8731  CA        DEX                             A:01 X:58 Y:00 P:25 SP:F9
8732  D0 FB     BNE $872F                       A:01 X:57 Y:00 P:25 SP:F9
872F  EA        NOP                             A:01 X:57 Y:00 P:25 SP:F9
8730  EA        NOP                             A:01 X:57 Y:00 P:25 SP:F9
8731  CA        DEX                             A:01 X:57 Y:00 P:25 SP:F9
8732  D0 FB     BNE $872F                       A:01 X:56 Y:00 P:25 SP:F9
872F  EA        NOP                             A:01 X:56 Y:00 P:25 SP:F9
8730  EA        NOP                             A:01 X:56 Y:00 P:25 SP:F9
8731  CA        DEX                             A:01 X:56 Y:00 P:25 SP:F9
8732  D0 FB     BNE $872F                       A:01 X:55 Y:00 P:25 SP:F9
872F  EA        NOP                             A:01 X:55 Y:00 P:25 SP:F9
8730  EA        NOP                             A:01 X:55 Y:00 P:25 SP:F9
8731  CA        DEX                             A:01 X:55 Y:00 P:25 SP:F9
8732  D0 FB     BNE $872F                       A:01 X:54 Y:00 P:25 SP:F9
872F  EA        NOP                             A:01 X:54 Y:00 P:25 SP:F9
8730  EA        NOP                             A:01 X:54 Y:00 P:25 SP:F9
8731  CA        DEX                             A:01 X:54 Y:00 P:25 SP:F9
8732  D0 FB     BNE $872F                       A:01 X:53 Y:00 P:25 SP:F9
872F  EA        NOP                             A:01 X:53 Y:00 P:25 SP:F9
8730  EA        NOP                             A:01 X:53 Y:00 P:25 SP:F9
8731  CA        DEX                             A:01 X:53 Y:00 P:25 SP:F9
8732  D0 FB     BNE $872F                       A:01 X:52 Y:00 P:25 SP:F9
872F  EA        NOP                             A:01 X:52 Y:00 P:25 SP:F9
8730  EA        NOP                             A:01 X:52 Y:00 P:25 SP:F9
8731  CA        DEX                             A:01 X:52 Y:00 P:25 SP:F9
8732  D0 FB     BNE $872F                       A:01 X:51 Y:00 P:25 SP:F9
872F  EA        NOP                             A:01 X:51 Y:00 P:25 SP:F9
8730  EA        NOP                             A:01 X:51 Y:00 P:25 SP:F9
8731  CA        DEX                             A:01 X:51 Y:00 P:25 SP:F9
8732  D0 FB     BNE $872F                       A:01 X:50 Y:00 P:25 SP:F9
872F  EA        NOP                             A:01 X:50 Y:00 P:25 SP:F9
8730  EA        NOP                             A:01 X:50 Y:00 P:25 SP:F9
8731  CA        DEX                             A:01 X:50 Y:00 P:25 SP:F9
8732  D0 FB     BNE $872F                       A:01 X:4F Y:00 P:25 SP:F9
872F  EA        NOP                             A:01 X:4F Y:00 P:25 SP:F9
8730  EA        NOP                             A:01 X:4F Y:00 P:25 SP:F9
8731  CA        DEX                             A:01 X:4F Y:00 P:25 SP:F9
8732  D0 FB     BNE $872F                       A:01 X:4E Y:00 P:25 SP:F9
872F  EA        NOP                             A:01 X:4E Y:00 P:25 SP:F9
8730  EA        NOP                             A:01 X:4E Y:00 P:25 SP:F9
8731  CA        DEX                             A:01 X:4E Y:00 P:25 SP:F9
8732  D0 FB     BNE $872F                       A:01 X:4D Y:00 P:25 SP:F9
872F  EA        NOP                             A:01 X:4D Y:00 P:25 SP:F9
8730  EA        NOP                             A:01 X:4D Y:00 P:25 SP:F9
8731  CA        DEX                             A:01 X:4D Y:00 P:25 SP:F9
8732  D0 FB     BNE $872F                       A:01 X:4C Y:00 P:25 SP:F9
872F  EA        NOP                             A:01 X:4C Y:00 P:25 SP:F9
8730  EA        NOP                             A:01 X:4C Y:00 P:25 SP:F9
8731  CA        DEX                             A:01 X:4C Y:00 P:25 SP:F9
8732  D0 FB     BNE $872F                       A:01 X:4B Y:00 P:25 SP:F9
872F  EA        NOP                             A:01 X:4B Y:00 P:25 SP:F9
8730  EA        NOP                             A:01 X:4B Y:00 P:25 SP:F9
8731  CA        DEX                             A:01 X:4B Y:00 P:25 SP:F9
8732  D0 FB     BNE $872F                       A:01 X:4A Y:00 P:25 SP:F9
872F  EA        NOP                             A:01 X:4A Y:00 P:25 SP:F9
8730  EA        NOP                             A:01 X:4A Y:00 P:25 SP:F9
8731  CA        DEX                             A:01 X:4A Y:00 P:25 SP:F9
8732  D0 FB     BNE $872F                       A:01 X:49 Y:00 P:25 SP:F9
872F  EA        NOP                             A:01 X:49 Y:00 P:25 SP:F9
8730  EA        NOP                             A:01 X:49 Y:00 P:25 SP:F9
8731  CA        DEX                             A:01 X:49 Y:00 P:25 SP:F9
8732  D0 FB     BNE $872F                       A:01 X:48 Y:00 P:25 SP:F9
872F  EA        NOP                             A:01 X:48 Y:00 P:25 SP:F9
8730  EA        NOP                             A:01 X:48 Y:00 P:25 SP:F9
8731  CA        DEX                             A:01 X:48 Y:00 P:25 SP:F9
8732  D0 FB     BNE $872F                       A:01 X:47 Y:00 P:25 SP:F9
872F  EA        NOP                             A:01 X:47 Y:00 P:25 SP:F9
8730  EA        NOP                             A:01 X:47 Y:00 P:25 SP:F9
8731  CA        DEX                             A:01 X:47 Y:00 P:25 SP:F9
8732  D0 FB     BNE $872F                       A:01 X:46 Y:00 P:25 SP:F9
872F  EA        NOP                             A:01 X:46 Y:00 P:25 SP:F9
8730  EA        NOP                             A:01 X:46 Y:00 P:25 SP:F9
8731  CA        DEX                             A:01 X:46 Y:00 P:25 SP:F9
8732  D0 FB     BNE $872F                       A:01 X:45 Y:00 P:25 SP:F9
872F  EA        NOP                             A:01 X:45 Y:00 P:25 SP:F9
8730  EA        NOP                             A:01 X:45 Y:00 P:25 SP:F9
8731  CA        DEX                             A:01 X:45 Y:00 P:25 SP:F9
8732  D0 FB     BNE $872F                       A:01 X:44 Y:00 P:25 SP:F9
872F  EA        NOP                             A:01 X:44 Y:00 P:25 SP:F9
8730  EA        NOP                             A:01 X:44 Y:00 P:25 SP:F9
8731  CA        DEX                             A:01 X:44 Y:00 P:25 SP:F9
8732  D0 FB     BNE $872F                       A:01 X:43 Y:00 P:25 SP:F9
872F  EA        NOP                             A:01 X:43 Y:00 P:25 SP:F9
8730  EA        NOP                             A:01 X:43 Y:00 P:25 SP:F9
8731  CA        DEX                             A:01 X:43 Y:00 P:25 SP:F9
8732  D0 FB     BNE $872F                       A:01 X:42 Y:00 P:25 SP:F9
872F  EA        NOP                             A:01 X:42 Y:00 P:25 SP:F9
8730  EA        NOP                             A:01 X:42 Y:00 P:25 SP:F9
8731  CA        DEX                             A:01 X:42 Y:00 P:25 SP:F9
8732  D0 FB     BNE $872F                       A:01 X:41 Y:00 P:25 SP:F9
872F  EA        NOP                             A:01 X:41 Y:00 P:25 SP:F9
8730  EA        NOP                             A:01 X:41 Y:00 P:25 SP:F9
8731  CA        DEX                             A:01 X:41 Y:00 P:25 SP:F9
8732  D0 FB     BNE $872F                       A:01 X:40 Y:00 P:25 SP:F9
872F  EA        NOP                             A:01 X:40 Y:00 P:25 SP:F9
8730  EA        NOP                             A:01 X:40 Y:00 P:25 SP:F9
8731  CA        DEX                             A:01 X:40 Y:00 P:25 SP:F9
8732  D0 FB     BNE $872F                       A:01 X:3F Y:00 P:25 SP:F9
872F  EA        NOP                             A:01 X:3F Y:00 P:25 SP:F9
8730  EA        NOP                             A:01 X:3F Y:00 P:25 SP:F9
8731  CA        DEX                             A:01 X:3F Y:00 P:25 SP:F9
8732  D0 FB     BNE $872F                       A:01 X:3E Y:00 P:25 SP:F9
872F  EA        NOP                             A:01 X:3E Y:00 P:25 SP:F9
8730  EA        NOP                             A:01 X:3E Y:00 P:25 SP:F9
8731  CA        DEX                             A:01 X:3E Y:00 P:25 SP:F9
8732  D0 FB     BNE $872F                       A:01 X:3D Y:00 P:25 SP:F9
872F  EA        NOP                             A:01 X:3D Y:00 P:25 SP:F9
8730  EA        NOP                             A:01 X:3D Y:00 P:25 SP:F9
8731  CA        DEX                             A:01 X:3D Y:00 P:25 SP:F9
8732  D0 FB     BNE $872F                       A:01 X:3C Y:00 P:25 SP:F9
872F  EA        NOP                             A:01 X:3C Y:00 P:25 SP:F9
8730  EA        NOP                             A:01 X:3C Y:00 P:25 SP:F9
8731  CA        DEX                             A:01 X:3C Y:00 P:25 SP:F9
8732  D0 FB     BNE $872F                       A:01 X:3B Y:00 P:25 SP:F9
872F  EA        NOP                             A:01 X:3B Y:00 P:25 SP:F9
8730  EA        NOP                             A:01 X:3B Y:00 P:25 SP:F9
8731  CA        DEX                             A:01 X:3B Y:00 P:25 SP:F9
8732  D0 FB     BNE $872F                       A:01 X:3A Y:00 P:25 SP:F9
872F  EA        NOP                             A:01 X:3A Y:00 P:25 SP:F9
8730  EA        NOP                             A:01 X:3A Y:00 P:25 SP:F9
8731  CA        DEX                             A:01 X:3A Y:00 P:25 SP:F9
8732  D0 FB     BNE $872F                       A:01 X:39 Y:00 P:25 SP:F9
872F  EA        NOP                             A:01 X:39 Y:00 P:25 SP:F9
8730  EA        NOP                             A:01 X:39 Y:00 P:25 SP:F9
8731  CA        DEX                             A:01 X:39 Y:00 P:25 SP:F9
8732  D0 FB     BNE $872F                       A:01 X:38 Y:00 P:25 SP:F9
872F  EA        NOP                             A:01 X:38 Y:00 P:25 SP:F9
8730  EA        NOP                             A:01 X:38 Y:00 P:25 SP:F9
8731  CA        DEX                             A:01 X:38 Y:00 P:25 SP:F9
8732  D0 FB     BNE $872F                       A:01 X:37 Y:00 P:25 SP:F9
872F  EA        NOP                             A:01 X:37 Y:00 P:25 SP:F9
8730  EA        NOP                             A:01 X:37 Y:00 P:25 SP:F9
8731  CA        DEX                             A:01 X:37 Y:00 P:25 SP:F9
8732  D0 FB     BNE $872F                       A:01 X:36 Y:00 P:25 SP:F9
872F  EA        NOP                             A:01 X:36 Y:00 P:25 SP:F9
8730  EA        NOP                             A:01 X:36 Y:00 P:25 SP:F9
8731  CA        DEX                             A:01 X:36 Y:00 P:25 SP:F9
8732  D0 FB     BNE $872F                       A:01 X:35 Y:00 P:25 SP:F9
872F  EA        NOP                             A:01 X:35 Y:00 P:25 SP:F9
8730  EA        NOP                             A:01 X:35 Y:00 P:25 SP:F9
8731  CA        DEX                             A:01 X:35 Y:00 P:25 SP:F9
8732  D0 FB     BNE $872F                       A:01 X:34 Y:00 P:25 SP:F9
872F  EA        NOP                             A:01 X:34 Y:00 P:25 SP:F9
8730  EA        NOP                             A:01 X:34 Y:00 P:25 SP:F9
8731  CA        DEX                             A:01 X:34 Y:00 P:25 SP:F9
8732  D0 FB     BNE $872F                       A:01 X:33 Y:00 P:25 SP:F9
872F  EA        NOP                             A:01 X:33 Y:00 P:25 SP:F9
8730  EA        NOP                             A:01 X:33 Y:00 P:25 SP:F9
8731  CA        DEX                             A:01 X:33 Y:00 P:25 SP:F9
8732  D0 FB     BNE $872F                       A:01 X:32 Y:00 P:25 SP:F9
872F  EA        NOP                             A:01 X:32 Y:00 P:25 SP:F9
8730  EA        NOP                             A:01 X:32 Y:00 P:25 SP:F9
8731  CA        DEX                             A:01 X:32 Y:00 P:25 SP:F9
8732  D0 FB     BNE $872F                       A:01 X:31 Y:00 P:25 SP:F9
872F  EA        NOP                             A:01 X:31 Y:00 P:25 SP:F9
8730  EA        NOP                             A:01 X:31 Y:00 P:25 SP:F9
8731  CA        DEX                             A:01 X:31 Y:00 P:25 SP:F9
8732  D0 FB     BNE $872F                       A:01 X:30 Y:00 P:25 SP:F9
872F  EA        NOP                             A:01 X:30 Y:00 P:25 SP:F9
8730  EA        NOP                             A:01 X:30 Y:00 P:25 SP:F9
8731  CA        DEX                             A:01 X:30 Y:00 P:25 SP:F9
8732  D0 FB     BNE $872F                       A:01 X:2F Y:00 P:25 SP:F9
872F  EA        NOP                             A:01 X:2F Y:00 P:25 SP:F9
8730  EA        NOP                             A:01 X:2F Y:00 P:25 SP:F9
8731  CA        DEX                             A:01 X:2F Y:00 P:25 SP:F9
8732  D0 FB     BNE $872F                       A:01 X:2E Y:00 P:25 SP:F9
872F  EA        NOP                             A:01 X:2E Y:00 P:25 SP:F9
8730  EA        NOP                             A:01 X:2E Y:00 P:25 SP:F9
8731  CA        DEX                             A:01 X:2E Y:00 P:25 SP:F9
8732  D0 FB     BNE $872F                       A:01 X:2D Y:00 P:25 SP:F9
872F  EA        NOP                             A:01 X:2D Y:00 P:25 SP:F9
8730  EA        NOP                             A:01 X:2D Y:00 P:25 SP:F9
8731  CA        DEX                             A:01 X:2D Y:00 P:25 SP:F9
8732  D0 FB     BNE $872F                       A:01 X:2C Y:00 P:25 SP:F9
872F  EA        NOP                             A:01 X:2C Y:00 P:25 SP:F9
8730  EA        NOP                             A:01 X:2C Y:00 P:25 SP:F9
8731  CA        DEX                             A:01 X:2C Y:00 P:25 SP:F9
8732  D0 FB     BNE $872F                       A:01 X:2B Y:00 P:25 SP:F9
872F  EA        NOP                             A:01 X:2B Y:00 P:25 SP:F9
8730  EA        NOP                             A:01 X:2B Y:00 P:25 SP:F9
8731  CA        DEX                             A:01 X:2B Y:00 P:25 SP:F9
8732  D0 FB     BNE $872F                       A:01 X:2A Y:00 P:25 SP:F9
872F  EA        NOP                             A:01 X:2A Y:00 P:25 SP:F9
8730  EA        NOP                             A:01 X:2A Y:00 P:25 SP:F9
8731  CA        DEX                             A:01 X:2A Y:00 P:25 SP:F9
8732  D0 FB     BNE $872F                       A:01 X:29 Y:00 P:25 SP:F9
872F  EA        NOP                             A:01 X:29 Y:00 P:25 SP:F9
8730  EA        NOP                             A:01 X:29 Y:00 P:25 SP:F9
8731  CA        DEX                             A:01 X:29 Y:00 P:25 SP:F9
8732  D0 FB     BNE $872F                       A:01 X:28 Y:00 P:25 SP:F9
872F  EA        NOP                             A:01 X:28 Y:00 P:25 SP:F9
8730  EA        NOP                             A:01 X:28 Y:00 P:25 SP:F9
8731  CA        DEX                             A:01 X:28 Y:00 P:25 SP:F9
8732  D0 FB     BNE $872F                       A:01 X:27 Y:00 P:25 SP:F9
872F  EA        NOP                             A:01 X:27 Y:00 P:25 SP:F9
8730  EA        NOP                             A:01 X:27 Y:00 P:25 SP:F9
8731  CA        DEX                             A:01 X:27 Y:00 P:25 SP:F9
8732  D0 FB     BNE $872F                       A:01 X:26 Y:00 P:25 SP:F9
872F  EA        NOP                             A:01 X:26 Y:00 P:25 SP:F9
8730  EA        NOP                             A:01 X:26 Y:00 P:25 SP:F9
8731  CA        DEX                             A:01 X:26 Y:00 P:25 SP:F9
8732  D0 FB     BNE $872F                       A:01 X:25 Y:00 P:25 SP:F9
872F  EA        NOP                             A:01 X:25 Y:00 P:25 SP:F9
8730  EA        NOP                             A:01 X:25 Y:00 P:25 SP:F9
8731  CA        DEX                             A:01 X:25 Y:00 P:25 SP:F9
8732  D0 FB     BNE $872F                       A:01 X:24 Y:00 P:25 SP:F9
872F  EA        NOP                             A:01 X:24 Y:00 P:25 SP:F9
8730  EA        NOP                             A:01 X:24 Y:00 P:25 SP:F9
8731  CA        DEX                             A:01 X:24 Y:00 P:25 SP:F9
8732  D0 FB     BNE $872F                       A:01 X:23 Y:00 P:25 SP:F9
872F  EA        NOP                             A:01 X:23 Y:00 P:25 SP:F9
8730  EA        NOP                             A:01 X:23 Y:00 P:25 SP:F9
8731  CA        DEX                             A:01 X:23 Y:00 P:25 SP:F9
8732  D0 FB     BNE $872F                       A:01 X:22 Y:00 P:25 SP:F9
872F  EA        NOP                             A:01 X:22 Y:00 P:25 SP:F9
8730  EA        NOP                             A:01 X:22 Y:00 P:25 SP:F9
8731  CA        DEX                             A:01 X:22 Y:00 P:25 SP:F9
8732  D0 FB     BNE $872F                       A:01 X:21 Y:00 P:25 SP:F9
872F  EA        NOP                             A:01 X:21 Y:00 P:25 SP:F9
8730  EA        NOP                             A:01 X:21 Y:00 P:25 SP:F9
8731  CA        DEX                             A:01 X:21 Y:00 P:25 SP:F9
8732  D0 FB     BNE $872F                       A:01 X:20 Y:00 P:25 SP:F9
872F  EA        NOP                             A:01 X:20 Y:00 P:25 SP:F9
8730  EA        NOP                             A:01 X:20 Y:00 P:25 SP:F9
8731  CA        DEX                             A:01 X:20 Y:00 P:25 SP:F9
8732  D0 FB     BNE $872F                       A:01 X:1F Y:00 P:25 SP:F9
872F  EA        NOP                             A:01 X:1F Y:00 P:25 SP:F9
8730  EA        NOP                             A:01 X:1F Y:00 P:25 SP:F9
8731  CA        DEX                             A:01 X:1F Y:00 P:25 SP:F9
8732  D0 FB     BNE $872F                       A:01 X:1E Y:00 P:25 SP:F9
872F  EA        NOP                             A:01 X:1E Y:00 P:25 SP:F9
8730  EA        NOP                             A:01 X:1E Y:00 P:25 SP:F9
8731  CA        DEX                             A:01 X:1E Y:00 P:25 SP:F9
8732  D0 FB     BNE $872F                       A:01 X:1D Y:00 P:25 SP:F9
872F  EA        NOP                             A:01 X:1D Y:00 P:25 SP:F9
8730  EA        NOP                             A:01 X:1D Y:00 P:25 SP:F9
8731  CA        DEX                             A:01 X:1D Y:00 P:25 SP:F9
8732  D0 FB     BNE $872F                       A:01 X:1C Y:00 P:25 SP:F9
872F  EA        NOP                             A:01 X:1C Y:00 P:25 SP:F9
8730  EA        NOP                             A:01 X:1C Y:00 P:25 SP:F9
8731  CA        DEX                             A:01 X:1C Y:00 P:25 SP:F9
8732  D0 FB     BNE $872F                       A:01 X:1B Y:00 P:25 SP:F9
872F  EA        NOP                             A:01 X:1B Y:00 P:25 SP:F9
8730  EA        NOP                             A:01 X:1B Y:00 P:25 SP:F9
8731  CA        DEX                             A:01 X:1B Y:00 P:25 SP:F9
8732  D0 FB     BNE $872F                       A:01 X:1A Y:00 P:25 SP:F9
872F  EA        NOP                             A:01 X:1A Y:00 P:25 SP:F9
8730  EA        NOP                             A:01 X:1A Y:00 P:25 SP:F9
8731  CA        DEX                             A:01 X:1A Y:00 P:25 SP:F9
8732  D0 FB     BNE $872F                       A:01 X:19 Y:00 P:25 SP:F9
872F  EA        NOP                             A:01 X:19 Y:00 P:25 SP:F9
8730  EA        NOP                             A:01 X:19 Y:00 P:25 SP:F9
8731  CA        DEX                             A:01 X:19 Y:00 P:25 SP:F9
8732  D0 FB     BNE $872F                       A:01 X:18 Y:00 P:25 SP:F9
872F  EA        NOP                             A:01 X:18 Y:00 P:25 SP:F9
8730  EA        NOP                             A:01 X:18 Y:00 P:25 SP:F9
8731  CA        DEX                             A:01 X:18 Y:00 P:25 SP:F9
8732  D0 FB     BNE $872F                       A:01 X:17 Y:00 P:25 SP:F9
872F  EA        NOP                             A:01 X:17 Y:00 P:25 SP:F9
8730  EA        NOP                             A:01 X:17 Y:00 P:25 SP:F9
8731  CA        DEX                             A:01 X:17 Y:00 P:25 SP:F9
8732  D0 FB     BNE $872F                       A:01 X:16 Y:00 P:25 SP:F9
872F  EA        NOP                             A:01 X:16 Y:00 P:25 SP:F9
8730  EA        NOP                             A:01 X:16 Y:00 P:25 SP:F9
8731  CA        DEX                             A:01 X:16 Y:00 P:25 SP:F9
8732  D0 FB     BNE $872F                       A:01 X:15 Y:00 P:25 SP:F9
872F  EA        NOP                             A:01 X:15 Y:00 P:25 SP:F9
8730  EA        NOP                             A:01 X:15 Y:00 P:25 SP:F9
8731  CA        DEX                             A:01 X:15 Y:00 P:25 SP:F9
8732  D0 FB     BNE $872F                       A:01 X:14 Y:00 P:25 SP:F9
872F  EA        NOP                             A:01 X:14 Y:00 P:25 SP:F9
8730  EA        NOP                             A:01 X:14 Y:00 P:25 SP:F9
8731  CA        DEX                             A:01 X:14 Y:00 P:25 SP:F9
8732  D0 FB     BNE $872F                       A:01 X:13 Y:00 P:25 SP:F9
872F  EA        NOP                             A:01 X:13 Y:00 P:25 SP:F9
8730  EA        NOP                             A:01 X:13 Y:00 P:25 SP:F9
8731  CA        DEX                             A:01 X:13 Y:00 P:25 SP:F9
8732  D0 FB     BNE $872F                       A:01 X:12 Y:00 P:25 SP:F9
872F  EA        NOP                             A:01 X:12 Y:00 P:25 SP:F9
8730  EA        NOP                             A:01 X:12 Y:00 P:25 SP:F9
8731  CA        DEX                             A:01 X:12 Y:00 P:25 SP:F9
8732  D0 FB     BNE $872F                       A:01 X:11 Y:00 P:25 SP:F9
872F  EA        NOP                             A:01 X:11 Y:00 P:25 SP:F9
8730  EA        NOP                             A:01 X:11 Y:00 P:25 SP:F9
8731  CA        DEX                             A:01 X:11 Y:00 P:25 SP:F9
8732  D0 FB     BNE $872F                       A:01 X:10 Y:00 P:25 SP:F9
872F  EA        NOP                             A:01 X:10 Y:00 P:25 SP:F9
8730  EA        NOP                             A:01 X:10 Y:00 P:25 SP:F9
8731  CA        DEX                             A:01 X:10 Y:00 P:25 SP:F9
8732  D0 FB     BNE $872F                       A:01 X:0F Y:00 P:25 SP:F9
872F  EA        NOP                             A:01 X:0F Y:00 P:25 SP:F9
8730  EA        NOP                             A:01 X:0F Y:00 P:25 SP:F9
8731  CA        DEX                             A:01 X:0F Y:00 P:25 SP:F9
8732  D0 FB     BNE $872F                       A:01 X:0E Y:00 P:25 SP:F9
872F  EA        NOP                             A:01 X:0E Y:00 P:25 SP:F9
8730  EA        NOP                             A:01 X:0E Y:00 P:25 SP:F9
8731  CA        DEX                             A:01 X:0E Y:00 P:25 SP:F9
8732  D0 FB     BNE $872F                       A:01 X:0D Y:00 P:25 SP:F9
872F  EA        NOP                             A:01 X:0D Y:00 P:25 SP:F9
8730  EA        NOP                             A:01 X:0D Y:00 P:25 SP:F9
8731  CA        DEX                             A:01 X:0D Y:00 P:25 SP:F9
8732  D0 FB     BNE $872F                       A:01 X:0C Y:00 P:25 SP:F9
872F  EA        NOP                             A:01 X:0C Y:00 P:25 SP:F9
8730  EA        NOP                             A:01 X:0C Y:00 P:25 SP:F9
8731  CA        DEX                             A:01 X:0C Y:00 P:25 SP:F9
8732  D0 FB     BNE $872F                       A:01 X:0B Y:00 P:25 SP:F9
872F  EA        NOP                             A:01 X:0B Y:00 P:25 SP:F9
8730  EA        NOP                             A:01 X:0B Y:00 P:25 SP:F9
8731  CA        DEX                             A:01 X:0B Y:00 P:25 SP:F9
8732  D0 FB     BNE $872F                       A:01 X:0A Y:00 P:25 SP:F9
872F  EA        NOP                             A:01 X:0A Y:00 P:25 SP:F9
8730  EA        NOP                             A:01 X:0A Y:00 P:25 SP:F9
8731  CA        DEX                             A:01 X:0A Y:00 P:25 SP:F9
8732  D0 FB     BNE $872F                       A:01 X:09 Y:00 P:25 SP:F9
872F  EA        NOP                             A:01 X:09 Y:00 P:25 SP:F9
8730  EA        NOP                             A:01 X:09 Y:00 P:25 SP:F9
8731  CA        DEX                             A:01 X:09 Y:00 P:25 SP:F9
8732  D0 FB     BNE $872F                       A:01 X:08 Y:00 P:25 SP:F9
872F  EA        NOP                             A:01 X:08 Y:00 P:25 SP:F9
8730  EA        NOP                             A:01 X:08 Y:00 P:25 SP:F9
8731  CA        DEX                             A:01 X:08 Y:00 P:25 SP:F9
8732  D0 FB     BNE $872F                       A:01 X:07 Y:00 P:25 SP:F9
872F  EA        NOP                             A:01 X:07 Y:00 P:25 SP:F9
8730  EA        NOP                             A:01 X:07 Y:00 P:25 SP:F9
8731  CA        DEX                             A:01 X:07 Y:00 P:25 SP:F9
8732  D0 FB     BNE $872F                       A:01 X:06 Y:00 P:25 SP:F9
872F  EA        NOP                             A:01 X:06 Y:00 P:25 SP:F9
8730  EA        NOP                             A:01 X:06 Y:00 P:25 SP:F9
8731  CA        DEX                             A:01 X:06 Y:00 P:25 SP:F9
8732  D0 FB     BNE $872F                       A:01 X:05 Y:00 P:25 SP:F9
872F  EA        NOP                             A:01 X:05 Y:00 P:25 SP:F9
8730  EA        NOP                             A:01 X:05 Y:00 P:25 SP:F9
8731  CA        DEX                             A:01 X:05 Y:00 P:25 SP:F9
8732  D0 FB     BNE $872F                       A:01 X:04 Y:00 P:25 SP:F9
872F  EA        NOP                             A:01 X:04 Y:00 P:25 SP:F9
8730  EA        NOP                             A:01 X:04 Y:00 P:25 SP:F9
8731  CA        DEX                             A:01 X:04 Y:00 P:25 SP:F9
8732  D0 FB     BNE $872F                       A:01 X:03 Y:00 P:25 SP:F9
872F  EA        NOP                             A:01 X:03 Y:00 P:25 SP:F9
8730  EA        NOP                             A:01 X:03 Y:00 P:25 SP:F9
8731  CA        DEX                             A:01 X:03 Y:00 P:25 SP:F9
8732  D0 FB     BNE $872F                       A:01 X:02 Y:00 P:25 SP:F9
872F  EA        NOP                             A:01 X:02 Y:00 P:25 SP:F9
8730  EA        NOP                             A:01 X:02 Y:00 P:25 SP:F9
8731  CA        DEX                             A:01 X:02 Y:00 P:25 SP:F9
8732  D0 FB     BNE $872F                       A:01 X:01 Y:00 P:25 SP:F9
872F  EA        NOP                             A:01 X:01 Y:00 P:25 SP:F9
8730  EA        NOP                             A:01 X:01 Y:00 P:25 SP:F9
8731  CA        DEX                             A:01 X:01 Y:00 P:25 SP:F9
8732  D0 FB     BNE $872F                       A:01 X:00 Y:00 P:27 SP:F9
8734  60        RTS                             A:01 X:00 Y:00 P:27 SP:F9
864A  4C 38 86  JMP $8638                       A:01 X:00 Y:00 P:27 SP:FB
8638  20 4D 86  JSR $864D                       A:01 X:00 Y:00 P:27 SP:FB
864D  A5 FF     LDA $FF = 00                    A:01 X:00 Y:00 P:27 SP:F9
864F  C9 77     CMP #$77                        A:00 X:00 Y:00 P:27 SP:F9
8651  F0 0D     BEQ $8660                       A:00 X:00 Y:00 P:A4 SP:F9
8653  C9 64     CMP #$64                        A:00 X:00 Y:00 P:A4 SP:F9
8655  F0 14     BEQ $866B                       A:00 X:00 Y:00 P:A4 SP:F9
8657  C9 73     CMP #$73                        A:00 X:00 Y:00 P:A4 SP:F9
8659  F0 1B     BEQ $8676                       A:00 X:00 Y:00 P:A4 SP:F9
865B  C9 61     CMP #$61                        A:00 X:00 Y:00 P:A4 SP:F9
865D  F0 22     BEQ $8681                       A:00 X:00 Y:00 P:A4 SP:F9
865F  60        RTS                             A:00 X:00 Y:00 P:A4 SP:F9
863B  20 8D 86  JSR $868D                       A:00 X:00 Y:00 P:A4 SP:FB
868D  20 94 86  JSR $8694                       A:00 X:00 Y:00 P:A4 SP:F9
8694  A5 00     LDA $00 = 00                    A:00 X:00 Y:00 P:A4 SP:F7
8696  C5 10     CMP $10 = 1C                    A:00 X:00 Y:00 P:26 SP:F7
8698  D0 0D     BNE $86A7                       A:00 X:00 Y:00 P:A4 SP:F7
86A7  60        RTS                             A:00 X:00 Y:00 P:A4 SP:F7
8690  20 A8 86  JSR $86A8                       A:00 X:00 Y:00 P:A4 SP:F9
86A8  A2 02     LDX #$02                        A:00 X:00 Y:00 P:A4 SP:F7
86AA  B5 10     LDA $10,X @ 12 = 1B             A:00 X:02 Y:00 P:24 SP:F7
86AC  C5 10     CMP $10 = 1C                    A:1B X:02 Y:00 P:24 SP:F7
86AE  D0 06     BNE $86B6                       A:1B X:02 Y:00 P:A4 SP:F7
86B6  E8        INX                             A:1B X:02 Y:00 P:A4 SP:F7
86B7  E8        INX                             A:1B X:03 Y:00 P:24 SP:F7
86B8  E4 03     CPX $03 = 06                    A:1B X:04 Y:00 P:24 SP:F7
86BA  F0 06     BEQ $86C2                       A:1B X:04 Y:00 P:A4 SP:F7
86BC  4C AA 86  JMP $86AA                       A:1B X:04 Y:00 P:A4 SP:F7
86AA  B5 10     LDA $10,X @ 14 = 1A             A:1B X:04 Y:00 P:A4 SP:F7
86AC  C5 10     CMP $10 = 1C                    A:1A X:04 Y:00 P:24 SP:F7
86AE  D0 06     BNE $86B6                       A:1A X:04 Y:00 P:A4 SP:F7
86B6  E8        INX                             A:1A X:04 Y:00 P:A4 SP:F7
86B7  E8        INX                             A:1A X:05 Y:00 P:24 SP:F7
86B8  E4 03     CPX $03 = 06                    A:1A X:06 Y:00 P:24 SP:F7
86BA  F0 06     BEQ $86C2                       A:1A X:06 Y:00 P:27 SP:F7
86C2  60        RTS                             A:1A X:06 Y:00 P:27 SP:F7
8693  60        RTS                             A:1A X:06 Y:00 P:27 SP:F9
863E  20 C3 86  JSR $86C3                       A:1A X:06 Y:00 P:27 SP:FB
86C3  A6 03     LDX $03 = 06                    A:1A X:06 Y:00 P:27 SP:F9
86C5  CA        DEX                             A:1A X:06 Y:00 P:25 SP:F9
86C6  8A        TXA                             A:1A X:05 Y:00 P:25 SP:F9
86C7  B5 10     LDA $10,X @ 15 = 04             A:05 X:05 Y:00 P:25 SP:F9
86C9  95 12     STA $12,X @ 17 = 04             A:04 X:05 Y:00 P:25 SP:F9
86CB  CA        DEX                             A:04 X:05 Y:00 P:25 SP:F9
86CC  10 F9     BPL $86C7                       A:04 X:04 Y:00 P:25 SP:F9
86C7  B5 10     LDA $10,X @ 14 = 1A             A:04 X:04 Y:00 P:25 SP:F9
86C9  95 12     STA $12,X @ 16 = 19             A:1A X:04 Y:00 P:25 SP:F9
86CB  CA        DEX                             A:1A X:04 Y:00 P:25 SP:F9
86CC  10 F9     BPL $86C7                       A:1A X:03 Y:00 P:25 SP:F9
86C7  B5 10     LDA $10,X @ 13 = 04             A:1A X:03 Y:00 P:25 SP:F9
86C9  95 12     STA $12,X @ 15 = 04             A:04 X:03 Y:00 P:25 SP:F9
86CB  CA        DEX                             A:04 X:03 Y:00 P:25 SP:F9
86CC  10 F9     BPL $86C7                       A:04 X:02 Y:00 P:25 SP:F9
86C7  B5 10     LDA $10,X @ 12 = 1B             A:04 X:02 Y:00 P:25 SP:F9
86C9  95 12     STA $12,X @ 14 = 1A             A:1B X:02 Y:00 P:25 SP:F9
86CB  CA        DEX                             A:1B X:02 Y:00 P:25 SP:F9
86CC  10 F9     BPL $86C7                       A:1B X:01 Y:00 P:25 SP:F9
86C7  B5 10     LDA $10,X @ 11 = 04             A:1B X:01 Y:00 P:25 SP:F9
86C9  95 12     STA $12,X @ 13 = 04             A:04 X:01 Y:00 P:25 SP:F9
86CB  CA        DEX                             A:04 X:01 Y:00 P:25 SP:F9
86CC  10 F9     BPL $86C7                       A:04 X:00 Y:00 P:27 SP:F9
86C7  B5 10     LDA $10,X @ 10 = 1C             A:04 X:00 Y:00 P:27 SP:F9
86C9  95 12     STA $12,X @ 12 = 1B             A:1C X:00 Y:00 P:25 SP:F9
86CB  CA        DEX                             A:1C X:00 Y:00 P:25 SP:F9
86CC  10 F9     BPL $86C7                       A:1C X:FF Y:00 P:A5 SP:F9
86CE  A5 02     LDA $02 = 02                    A:1C X:FF Y:00 P:A5 SP:F9
86D0  4A        LSR A                           A:02 X:FF Y:00 P:25 SP:F9
86D1  B0 09     BCS $86DC                       A:01 X:FF Y:00 P:24 SP:F9
86D3  4A        LSR A                           A:01 X:FF Y:00 P:24 SP:F9
86D4  B0 19     BCS $86EF                       A:00 X:FF Y:00 P:27 SP:F9
86EF  E6 10     INC $10 = 1C                    A:00 X:FF Y:00 P:27 SP:F9
86F1  A9 1F     LDA #$1F                        A:00 X:FF Y:00 P:25 SP:F9
86F3  24 10     BIT $10 = 1D                    A:1F X:FF Y:00 P:25 SP:F9
86F5  F0 1F     BEQ $8716                       A:1F X:FF Y:00 P:25 SP:F9
86F7  60        RTS                             A:1F X:FF Y:00 P:25 SP:F9
8641  20 19 87  JSR $8719                       A:1F X:FF Y:00 P:25 SP:FB
8719  A0 00     LDY #$00                        A:1F X:FF Y:00 P:25 SP:F9
871B  A5 FE     LDA $FE = 00                    A:1F X:FF Y:00 P:27 SP:F9
871D  91 00     STA ($00),Y = 0200 @ 0200 = 00  A:00 X:FF Y:00 P:27 SP:F9
871F  60        RTS                             A:00 X:FF Y:00 P:27 SP:F9
8644  20 20 87  JSR $8720                       A:00 X:FF Y:00 P:27 SP:FB
8720  A6 03     LDX $03 = 06                    A:00 X:FF Y:00 P:27 SP:F9
8722  A9 00     LDA #$00                        A:00 X:06 Y:00 P:25 SP:F9
8724  81 10     STA ($10,X) @ 16 = 041A = 01    A:00 X:06 Y:00 P:27 SP:F9
8726  A2 00     LDX #$00                        A:00 X:06 Y:00 P:27 SP:F9
8728  A9 01     LDA #$01                        A:00 X:00 Y:00 P:27 SP:F9
872A  81 10     STA ($10,X) @ 10 = 041D = 00    A:01 X:00 Y:00 P:25 SP:F9
872C  60        RTS                             A:01 X:00 Y:00 P:25 SP:F9
8647  20 2D 87  JSR $872D                       A:01 X:00 Y:00 P:25 SP:FB
872D  A2 00     LDX #$00                        A:01 X:00 Y:00 P:25 SP:F9
872F  EA        NOP                             A:01 X:00 Y:00 P:27 SP:F9
8730  EA        NOP                             A:01 X:00 Y:00 P:27 SP:F9
8731  CA        DEX                             A:01 X:00 Y:00 P:27 SP:F9
8732  D0 FB     BNE $872F                       A:01 X:FF Y:00 P:A5 SP:F9
872F  EA        NOP                             A:01 X:FF Y:00 P:A5 SP:F9
8730  EA        NOP                             A:01 X:FF Y:00 P:A5 SP:F9
8731  CA        DEX                             A:01 X:FF Y:00 P:A5 SP:F9
8732  D0 FB     BNE $872F                       A:01 X:FE Y:00 P:A5 SP:F9
872F  EA        NOP                             A:01 X:FE Y:00 P:A5 SP:F9
8730  EA        NOP                             A:01 X:FE Y:00 P:A5 SP:F9
8731  CA        DEX                             A:01 X:FE Y:00 P:A5 SP:F9
8732  D0 FB     BNE $872F                       A:01 X:FD Y:00 P:A5 SP:F9
872F  EA        NOP                             A:01 X:FD Y:00 P:A5 SP:F9
8730  EA        NOP                             A:01 X:FD Y:00 P:A5 SP:F9
8731  CA        DEX                             A:01 X:FD Y:00 P:A5 SP:F9
8732  D0 FB     BNE $872F                       A:01 X:FC Y:00 P:A5 SP:F9
872F  EA        NOP                             A:01 X:FC Y:00 P:A5 SP:F9
8730  EA        NOP                             A:01 X:FC Y:00 P:A5 SP:F9
8731  CA        DEX                             A:01 X:FC Y:00 P:A5 SP:F9
8732  D0 FB     BNE $872F                       A:01 X:FB Y:00 P:A5 SP:F9
872F  EA        NOP                             A:01 X:FB Y:00 P:A5 SP:F9
8730  EA        NOP                             A:01 X:FB Y:00 P:A5 SP:F9
8731  CA        DEX                             A:01 X:FB Y:00 P:A5 SP:F9
8732  D0 FB     BNE $872F                       A:01 X:FA Y:00 P:A5 SP:F9
872F  EA        NOP                             A:01 X:FA Y:00 P:A5 SP:F9
8730  EA        NOP                             A:01 X:FA Y:00 P:A5 SP:F9
8731  CA        DEX                             A:01 X:FA Y:00 P:A5 SP:F9
8732  D0 FB     BNE $872F                       A:01 X:F9 Y:00 P:A5 SP:F9
872F  EA        NOP                             A:01 X:F9 Y:00 P:A5 SP:F9
8730  EA        NOP                             A:01 X:F9 Y:00 P:A5 SP:F9
8731  CA        DEX                             A:01 X:F9 Y:00 P:A5 SP:F9
8732  D0 FB     BNE $872F                       A:01 X:F8 Y:00 P:A5 SP:F9
872F  EA        NOP                             A:01 X:F8 Y:00 P:A5 SP:F9
8730  EA        NOP                             A:01 X:F8 Y:00 P:A5 SP:F9
8731  CA        DEX                             A:01 X:F8 Y:00 P:A5 SP:F9
8732  D0 FB     BNE $872F                       A:01 X:F7 Y:00 P:A5 SP:F9
872F  EA        NOP                             A:01 X:F7 Y:00 P:A5 SP:F9
8730  EA        NOP                             A:01 X:F7 Y:00 P:A5 SP:F9
8731  CA        DEX                             A:01 X:F7 Y:00 P:A5 SP:F9
8732  D0 FB     BNE $872F                       A:01 X:F6 Y:00 P:A5 SP:F9
872F  EA        NOP                             A:01 X:F6 Y:00 P:A5 SP:F9
8730  EA        NOP                             A:01 X:F6 Y:00 P:A5 SP:F9
8731  CA        DEX                             A:01 X:F6 Y:00 P:A5 SP:F9
8732  D0 FB     BNE $872F                       A:01 X:F5 Y:00 P:A5 SP:F9
872F  EA        NOP                             A:01 X:F5 Y:00 P:A5 SP:F9
8730  EA        NOP                             A:01 X:F5 Y:00 P:A5 SP:F9
8731  CA        DEX                             A:01 X:F5 Y:00 P:A5 SP:F9
8732  D0 FB     BNE $872F                       A:01 X:F4 Y:00 P:A5 SP:F9
872F  EA        NOP                             A:01 X:F4 Y:00 P:A5 SP:F9
8730  EA        NOP                             A:01 X:F4 Y:00 P:A5 SP:F9
8731  CA        DEX                             A:01 X:F4 Y:00 P:A5 SP:F9
8732  D0 FB     BNE $872F                       A:01 X:F3 Y:00 P:A5 SP:F9
872F  EA        NOP                             A:01 X:F3 Y:00 P:A5 SP:F9
8730  EA        NOP                             A:01 X:F3 Y:00 P:A5 SP:F9
8731  CA        DEX                             A:01 X:F3 Y:00 P:A5 SP:F9
8732  D0 FB     BNE $872F                       A:01 X:F2 Y:00 P:A5 SP:F9
872F  EA        NOP                             A:01 X:F2 Y:00 P:A5 SP:F9
8730  EA        NOP                             A:01 X:F2 Y:00 P:A5 SP:F9
8731  CA        DEX                             A:01 X:F2 Y:00 P:A5 SP:F9
8732  D0 FB     BNE $872F                       A:01 X:F1 Y:00 P:A5 SP:F9
872F  EA        NOP                             A:01 X:F1 Y:00 P:A5 SP:F9
8730  EA        NOP                             A:01 X:F1 Y:00 P:A5 SP:F9
8731  CA        DEX                             A:01 X:F1 Y:00 P:A5 SP:F9
8732  D0 FB     BNE $872F                       A:01 X:F0 Y:00 P:A5 SP:F9
872F  EA        NOP                             A:01 X:F0 Y:00 P:A5 SP:F9
8730  EA        NOP                             A:01 X:F0 Y:00 P:A5 SP:F9
8731  CA        DEX                             A:01 X:F0 Y:00 P:A5 SP:F9
8732  D0 FB     BNE $872F                       A:01 X:EF Y:00 P:A5 SP:F9
872F  EA        NOP                             A:01 X:EF Y:00 P:A5 SP:F9
8730  EA        NOP                             A:01 X:EF Y:00 P:A5 SP:F9
8731  CA        DEX                             A:01 X:EF Y:00 P:A5 SP:F9
8732  D0 FB     BNE $872F                       A:01 X:EE Y:00 P:A5 SP:F9
872F  EA        NOP                             A:01 X:EE Y:00 P:A5 SP:F9
8730  EA        NOP                             A:01 X:EE Y:00 P:A5 SP:F9
8731  CA        DEX                             A:01 X:EE Y:00 P:A5 SP:F9
8732  D0 FB     BNE $872F                       A:01 X:ED Y:00 P:A5 SP:F9
872F  EA        NOP                             A:01 X:ED Y:00 P:A5 SP:F9
8730  EA        NOP                             A:01 X:ED Y:00 P:A5 SP:F9
8731  CA        DEX                             A:01 X:ED Y:00 P:A5 SP:F9
8732  D0 FB     BNE $872F                       A:01 X:EC Y:00 P:A5 SP:F9
872F  EA        NOP                             A:01 X:EC Y:00 P:A5 SP:F9
8730  EA        NOP                             A:01 X:EC Y:00 P:A5 SP:F9
8731  CA        DEX                             A:01 X:EC Y:00 P:A5 SP:F9
8732  D0 FB     BNE $872F                       A:01 X:EB Y:00 P:A5 SP:F9
872F  EA        NOP                             A:01 X:EB Y:00 P:A5 SP:F9
8730  EA        NOP                             A:01 X:EB Y:00 P:A5 SP:F9
8731  CA        DEX                             A:01 X:EB Y:00 P:A5 SP:F9
8732  D0 FB     BNE $872F                       A:01 X:EA Y:00 P:A5 SP:F9
872F  EA        NOP                             A:01 X:EA Y:00 P:A5 SP:F9
8730  EA        NOP                             A:01 X:EA Y:00 P:A5 SP:F9
8731  CA        DEX                             A:01 X:EA Y:00 P:A5 SP:F9
8732  D0 FB     BNE $872F                       A:01 X:E9 Y:00 P:A5 SP:F9
872F  EA        NOP                             A:01 X:E9 Y:00 P:A5 SP:F9
8730  EA        NOP                             A:01 X:E9 Y:00 P:A5 SP:F9
8731  CA        DEX                             A:01 X:E9 Y:00 P:A5 SP:F9
8732  D0 FB     BNE $872F                       A:01 X:E8 Y:00 P:A5 SP:F9
872F  EA        NOP                             A:01 X:E8 Y:00 P:A5 SP:F9
8730  EA        NOP                             A:01 X:E8 Y:00 P:A5 SP:F9
8731  CA        DEX                             A:01 X:E8 Y:00 P:A5 SP:F9
8732  D0 FB     BNE $872F                       A:01 X:E7 Y:00 P:A5 SP:F9
872F  EA        NOP                             A:01 X:E7 Y:00 P:A5 SP:F9
8730  EA        NOP                             A:01 X:E7 Y:00 P:A5 SP:F9
8731  CA        DEX                             A:01 X:E7 Y:00 P:A5 SP:F9
8732  D0 FB     BNE $872F                       A:01 X:E6 Y:00 P:A5 SP:F9
872F  EA        NOP                             A:01 X:E6 Y:00 P:A5 SP:F9
8730  EA        NOP                             A:01 X:E6 Y:00 P:A5 SP:F9
8731  CA        DEX                             A:01 X:E6 Y:00 P:A5 SP:F9
8732  D0 FB     BNE $872F                       A:01 X:E5 Y:00 P:A5 SP:F9
872F  EA        NOP                             A:01 X:E5 Y:00 P:A5 SP:F9
8730  EA        NOP                             A:01 X:E5 Y:00 P:A5 SP:F9
8731  CA        DEX                             A:01 X:E5 Y:00 P:A5 SP:F9
8732  D0 FB     BNE $872F                       A:01 X:E4 Y:00 P:A5 SP:F9
872F  EA        NOP                             A:01 X:E4 Y:00 P:A5 SP:F9
8730  EA        NOP                             A:01 X:E4 Y:00 P:A5 SP:F9
8731  CA        DEX                             A:01 X:E4 Y:00 P:A5 SP:F9
8732  D0 FB     BNE $872F                       A:01 X:E3 Y:00 P:A5 SP:F9
872F  EA        NOP                             A:01 X:E3 Y:00 P:A5 SP:F9
8730  EA        NOP                             A:01 X:E3 Y:00 P:A5 SP:F9
8731  CA        DEX                             A:01 X:E3 Y:00 P:A5 SP:F9
8732  D0 FB     BNE $872F                       A:01 X:E2 Y:00 P:A5 SP:F9
872F  EA        NOP                             A:01 X:E2 Y:00 P:A5 SP:F9
8730  EA        NOP                             A:01 X:E2 Y:00 P:A5 SP:F9
8731  CA        DEX                             A:01 X:E2 Y:00 P:A5 SP:F9
8732  D0 FB     BNE $872F                       A:01 X:E1 Y:00 P:A5 SP:F9
872F  EA        NOP                             A:01 X:E1 Y:00 P:A5 SP:F9
8730  EA        NOP                             A:01 X:E1 Y:00 P:A5 SP:F9
8731  CA        DEX                             A:01 X:E1 Y:00 P:A5 SP:F9
8732  D0 FB     BNE $872F                       A:01 X:E0 Y:00 P:A5 SP:F9
872F  EA        NOP                             A:01 X:E0 Y:00 P:A5 SP:F9
8730  EA        NOP                             A:01 X:E0 Y:00 P:A5 SP:F9
8731  CA        DEX                             A:01 X:E0 Y:00 P:A5 SP:F9
8732  D0 FB     BNE $872F                       A:01 X:DF Y:00 P:A5 SP:F9
872F  EA        NOP                             A:01 X:DF Y:00 P:A5 SP:F9
8730  EA        NOP                             A:01 X:DF Y:00 P:A5 SP:F9
8731  CA        DEX                             A:01 X:DF Y:00 P:A5 SP:F9
8732  D0 FB     BNE $872F                       A:01 X:DE Y:00 P:A5 SP:F9
872F  EA        NOP                             A:01 X:DE Y:00 P:A5 SP:F9
8730  EA        NOP                             A:01 X:DE Y:00 P:A5 SP:F9
8731  CA        DEX                             A:01 X:DE Y:00 P:A5 SP:F9
8732  D0 FB     BNE $872F                       A:01 X:DD Y:00 P:A5 SP:F9
872F  EA        NOP                             A:01 X:DD Y:00 P:A5 SP:F9
8730  EA        NOP                             A:01 X:DD Y:00 P:A5 SP:F9
8731  CA        DEX                             A:01 X:DD Y:00 P:A5 SP:F9
8732  D0 FB     BNE $872F                       A:01 X:DC Y:00 P:A5 SP:F9
872F  EA        NOP                             A:01 X:DC Y:00 P:A5 SP:F9
8730  EA        NOP                             A:01 X:DC Y:00 P:A5 SP:F9
8731  CA        DEX                             A:01 X:DC Y:00 P:A5 SP:F9
8732  D0 FB     BNE $872F                       A:01 X:DB Y:00 P:A5 SP:F9
872F  EA        NOP                             A:01 X:DB Y:00 P:A5 SP:F9
8730  EA        NOP                             A:01 X:DB Y:00 P:A5 SP:F9
8731  CA        DEX                             A:01 X:DB Y:00 P:A5 SP:F9
8732  D0 FB     BNE $872F                       A:01 X:DA Y:00 P:A5 SP:F9
872F  EA        NOP                             A:01 X:DA Y:00 P:A5 SP:F9
8730  EA        NOP                             A:01 X:DA Y:00 P:A5 SP:F9
8731  CA        DEX                             A:01 X:DA Y:00 P:A5 SP:F9
8732  D0 FB     BNE $872F                       A:01 X:D9 Y:00 P:A5 SP:F9
872F  EA        NOP                             A:01 X:D9 Y:00 P:A5 SP:F9
8730  EA        NOP                             A:01 X:D9 Y:00 P:A5 SP:F9
8731  CA        DEX                             A:01 X:D9 Y:00 P:A5 SP:F9
8732  D0 FB     BNE $872F                       A:01 X:D8 Y:00 P:A5 SP:F9
872F  EA        NOP                             A:01 X:D8 Y:00 P:A5 SP:F9
8730  EA        NOP                             A:01 X:D8 Y:00 P:A5 SP:F9
8731  CA        DEX                             A:01 X:D8 Y:00 P:A5 SP:F9
8732  D0 FB     BNE $872F                       A:01 X:D7 Y:00 P:A5 SP:F9
872F  EA        NOP                             A:01 X:D7 Y:00 P:A5 SP:F9
8730  EA        NOP                             A:01 X:D7 Y:00 P:A5 SP:F9
8731  CA        DEX                             A:01 X:D7 Y:00 P:A5 SP:F9
8732  D0 FB     BNE $872F                       A:01 X:D6 Y:00 P:A5 SP:F9
872F  EA        NOP                             A:01 X:D6 Y:00 P:A5 SP:F9
8730  EA        NOP                             A:01 X:D6 Y:00 P:A5 SP:F9
8731  CA        DEX                             A:01 X:D6 Y:00 P:A5 SP:F9
8732  D0 FB     BNE $872F                       A:01 X:D5 Y:00 P:A5 SP:F9
872F  EA        NOP                             A:01 X:D5 Y:00 P:A5 SP:F9
8730  EA        NOP                             A:01 X:D5 Y:00 P:A5 SP:F9
8731  CA        DEX                             A:01 X:D5 Y:00 P:A5 SP:F9
8732  D0 FB     BNE $872F                       A:01 X:D4 Y:00 P:A5 SP:F9
872F  EA        NOP                             A:01 X:D4 Y:00 P:A5 SP:F9
8730  EA        NOP                             A:01 X:D4 Y:00 P:A5 SP:F9
8731  CA        DEX                             A:01 X:D4 Y:00 P:A5 SP:F9
8732  D0 FB     BNE $872F                       A:01 X:D3 Y:00 P:A5 SP:F9
872F  EA        NOP                             A:01 X:D3 Y:00 P:A5 SP:F9
8730  EA        NOP                             A:01 X:D3 Y:00 P:A5 SP:F9
8731  CA        DEX                             A:01 X:D3 Y:00 P:A5 SP:F9
8732  D0 FB     BNE $872F                       A:01 X:D2 Y:00 P:A5 SP:F9
872F  EA        NOP                             A:01 X:D2 Y:00 P:A5 SP:F9
8730  EA        NOP                             A:01 X:D2 Y:00 P:A5 SP:F9
8731  CA        DEX                             A:01 X:D2 Y:00 P:A5 SP:F9
8732  D0 FB     BNE $872F                       A:01 X:D1 Y:00 P:A5 SP:F9
872F  EA        NOP                             A:01 X:D1 Y:00 P:A5 SP:F9
8730  EA        NOP                             A:01 X:D1 Y:00 P:A5 SP:F9
8731  CA        DEX                             A:01 X:D1 Y:00 P:A5 SP:F9
8732  D0 FB     BNE $872F                       A:01 X:D0 Y:00 P:A5 SP:F9
872F  EA        NOP                             A:01 X:D0 Y:00 P:A5 SP:F9
8730  EA        NOP                             A:01 X:D0 Y:00 P:A5 SP:F9
8731  CA        DEX                             A:01 X:D0 Y:00 P:A5 SP:F9
8732  D0 FB     BNE $872F                       A:01 X:CF Y:00 P:A5 SP:F9
872F  EA        NOP                             A:01 X:CF Y:00 P:A5 SP:F9
8730  EA        NOP                             A:01 X:CF Y:00 P:A5 SP:F9
8731  CA        DEX                             A:01 X:CF Y:00 P:A5 SP:F9
8732  D0 FB     BNE $872F                       A:01 X:CE Y:00 P:A5 SP:F9
872F  EA        NOP                             A:01 X:CE Y:00 P:A5 SP:F9
8730  EA        NOP                             A:01 X:CE Y:00 P:A5 SP:F9
8731  CA        DEX                             A:01 X:CE Y:00 P:A5 SP:F9
8732  D0 FB     BNE $872F                       A:01 X:CD Y:00 P:A5 SP:F9
872F  EA        NOP                             A:01 X:CD Y:00 P:A5 SP:F9
8730  EA        NOP                             A:01 X:CD Y:00 P:A5 SP:F9
8731  CA        DEX                             A:01 X:CD Y:00 P:A5 SP:F9
8732  D0 FB     BNE $872F                       A:01 X:CC Y:00 P:A5 SP:F9
872F  EA        NOP                             A:01 X:CC Y:00 P:A5 SP:F9
8730  EA        NOP                             A:01 X:CC Y:00 P:A5 SP:F9
8731  CA        DEX                             A:01 X:CC Y:00 P:A5 SP:F9
8732  D0 FB     BNE $872F                       A:01 X:CB Y:00 P:A5 SP:F9
872F  EA        NOP                             A:01 X:CB Y:00 P:A5 SP:F9
8730  EA        NOP                             A:01 X:CB Y:00 P:A5 SP:F9
8731  CA        DEX                             A:01 X:CB Y:00 P:A5 SP:F9
8732  D0 FB     BNE $872F                       A:01 X:CA Y:00 P:A5 SP:F9
872F  EA        NOP                             A:01 X:CA Y:00 P:A5 SP:F9
8730  EA        NOP                             A:01 X:CA Y:00 P:A5 SP:F9
8731  CA        DEX                             A:01 X:CA Y:00 P:A5 SP:F9
8732  D0 FB     BNE $872F                       A:01 X:C9 Y:00 P:A5 SP:F9
872F  EA        NOP                             A:01 X:C9 Y:00 P:A5 SP:F9
8730  EA        NOP                             A:01 X:C9 Y:00 P:A5 SP:F9
8731  CA        DEX                             A:01 X:C9 Y:00 P:A5 SP:F9
8732  D0 FB     BNE $872F                       A:01 X:C8 Y:00 P:A5 SP:F9
872F  EA        NOP                             A:01 X:C8 Y:00 P:A5 SP:F9
8730  EA        NOP                             A:01 X:C8 Y:00 P:A5 SP:F9
8731  CA        DEX                             A:01 X:C8 Y:00 P:A5 SP:F9
8732  D0 FB     BNE $872F                       A:01 X:C7 Y:00 P:A5 SP:F9
872F  EA        NOP                             A:01 X:C7 Y:00 P:A5 SP:F9
8730  EA        NOP                             A:01 X:C7 Y:00 P:A5 SP:F9
8731  CA        DEX                             A:01 X:C7 Y:00 P:A5 SP:F9
8732  D0 FB     BNE $872F                       A:01 X:C6 Y:00 P:A5 SP:F9
872F  EA        NOP                             A:01 X:C6 Y:00 P:A5 SP:F9
8730  EA        NOP                             A:01 X:C6 Y:00 P:A5 SP:F9
8731  CA        DEX                             A:01 X:C6 Y:00 P:A5 SP:F9
8732  D0 FB     BNE $872F                       A:01 X:C5 Y:00 P:A5 SP:F9
872F  EA        NOP                             A:01 X:C5 Y:00 P:A5 SP:F9
8730  EA        NOP                             A:01 X:C5 Y:00 P:A5 SP:F9
8731  CA        DEX                             A:01 X:C5 Y:00 P:A5 SP:F9
8732  D0 FB     BNE $872F                       A:01 X:C4 Y:00 P:A5 SP:F9
872F  EA        NOP                             A:01 X:C4 Y:00 P:A5 SP:F9
8730  EA        NOP                             A:01 X:C4 Y:00 P:A5 SP:F9
8731  CA        DEX                             A:01 X:C4 Y:00 P:A5 SP:F9
8732  D0 FB     BNE $872F                       A:01 X:C3 Y:00 P:A5 SP:F9
872F  EA        NOP                             A:01 X:C3 Y:00 P:A5 SP:F9
8730  EA        NOP                             A:01 X:C3 Y:00 P:A5 SP:F9
8731  CA        DEX                             A:01 X:C3 Y:00 P:A5 SP:F9
8732  D0 FB     BNE $872F                       A:01 X:C2 Y:00 P:A5 SP:F9
872F  EA        NOP                             A:01 X:C2 Y:00 P:A5 SP:F9
8730  EA        NOP                             A:01 X:C2 Y:00 P:A5 SP:F9
8731  CA        DEX                             A:01 X:C2 Y:00 P:A5 SP:F9
8732  D0 FB     BNE $872F                       A:01 X:C1 Y:00 P:A5 SP:F9
872F  EA        NOP                             A:01 X:C1 Y:00 P:A5 SP:F9
8730  EA        NOP                             A:01 X:C1 Y:00 P:A5 SP:F9
8731  CA        DEX                             A:01 X:C1 Y:00 P:A5 SP:F9
8732  D0 FB     BNE $872F                       A:01 X:C0 Y:00 P:A5 SP:F9
872F  EA        NOP                             A:01 X:C0 Y:00 P:A5 SP:F9
8730  EA        NOP                             A:01 X:C0 Y:00 P:A5 SP:F9
8731  CA        DEX                             A:01 X:C0 Y:00 P:A5 SP:F9
8732  D0 FB     BNE $872F                       A:01 X:BF Y:00 P:A5 SP:F9
872F  EA        NOP                             A:01 X:BF Y:00 P:A5 SP:F9
8730  EA        NOP                             A:01 X:BF Y:00 P:A5 SP:F9
8731  CA        DEX                             A:01 X:BF Y:00 P:A5 SP:F9
8732  D0 FB     BNE $872F                       A:01 X:BE Y:00 P:A5 SP:F9
872F  EA        NOP                             A:01 X:BE Y:00 P:A5 SP:F9
8730  EA        NOP                             A:01 X:BE Y:00 P:A5 SP:F9
8731  CA        DEX                             A:01 X:BE Y:00 P:A5 SP:F9
8732  D0 FB     BNE $872F                       A:01 X:BD Y:00 P:A5 SP:F9
872F  EA        NOP                             A:01 X:BD Y:00 P:A5 SP:F9
8730  EA        NOP                             A:01 X:BD Y:00 P:A5 SP:F9
8731  CA        DEX                             A:01 X:BD Y:00 P:A5 SP:F9
8732  D0 FB     BNE $872F                       A:01 X:BC Y:00 P:A5 SP:F9
872F  EA        NOP                             A:01 X:BC Y:00 P:A5 SP:F9
8730  EA        NOP                             A:01 X:BC Y:00 P:A5 SP:F9
8731  CA        DEX                             A:01 X:BC Y:00 P:A5 SP:F9
8732  D0 FB     BNE $872F                       A:01 X:BB Y:00 P:A5 SP:F9
872F  EA        NOP                             A:01 X:BB Y:00 P:A5 SP:F9
8730  EA        NOP                             A:01 X:BB Y:00 P:A5 SP:F9
8731  CA        DEX                             A:01 X:BB Y:00 P:A5 SP:F9
8732  D0 FB     BNE $872F                       A:01 X:BA Y:00 P:A5 SP:F9
872F  EA        NOP                             A:01 X:BA Y:00 P:A5 SP:F9
8730  EA        NOP                             A:01 X:BA Y:00 P:A5 SP:F9
8731  CA        DEX                             A:01 X:BA Y:00 P:A5 SP:F9
8732  D0 FB     BNE $872F                       A:01 X:B9 Y:00 P:A5 SP:F9
872F  EA        NOP                             A:01 X:B9 Y:00 P:A5 SP:F9
8730  EA        NOP                             A:01 X:B9 Y:00 P:A5 SP:F9
8731  CA        DEX                             A:01 X:B9 Y:00 P:A5 SP:F9
8732  D0 FB     BNE $872F                       A:01 X:B8 Y:00 P:A5 SP:F9
872F  EA        NOP                             A:01 X:B8 Y:00 P:A5 SP:F9
8730  EA        NOP                             A:01 X:B8 Y:00 P:A5 SP:F9
8731  CA        DEX                             A:01 X:B8 Y:00 P:A5 SP:F9
8732  D0 FB     BNE $872F                       A:01 X:B7 Y:00 P:A5 SP:F9
872F  EA        NOP                             A:01 X:B7 Y:00 P:A5 SP:F9
8730  EA        NOP                             A:01 X:B7 Y:00 P:A5 SP:F9
8731  CA        DEX                             A:01 X:B7 Y:00 P:A5 SP:F9
8732  D0 FB     BNE $872F                       A:01 X:B6 Y:00 P:A5 SP:F9
872F  EA        NOP                             A:01 X:B6 Y:00 P:A5 SP:F9
8730  EA        NOP                             A:01 X:B6 Y:00 P:A5 SP:F9
8731  CA        DEX                             A:01 X:B6 Y:00 P:A5 SP:F9
8732  D0 FB     BNE $872F                       A:01 X:B5 Y:00 P:A5 SP:F9
872F  EA        NOP                             A:01 X:B5 Y:00 P:A5 SP:F9
8730  EA        NOP                             A:01 X:B5 Y:00 P:A5 SP:F9
8731  CA        DEX                             A:01 X:B5 Y:00 P:A5 SP:F9
8732  D0 FB     BNE $872F                       A:01 X:B4 Y:00 P:A5 SP:F9
872F  EA        NOP                             A:01 X:B4 Y:00 P:A5 SP:F9
8730  EA        NOP                             A:01 X:B4 Y:00 P:A5 SP:F9
8731  CA        DEX                             A:01 X:B4 Y:00 P:A5 SP:F9
8732  D0 FB     BNE $872F                       A:01 X:B3 Y:00 P:A5 SP:F9
872F  EA        NOP                             A:01 X:B3 Y:00 P:A5 SP:F9
8730  EA        NOP                             A:01 X:B3 Y:00 P:A5 SP:F9
8731  CA        DEX                             A:01 X:B3 Y:00 P:A5 SP:F9
8732  D0 FB     BNE $872F                       A:01 X:B2 Y:00 P:A5 SP:F9
872F  EA        NOP                             A:01 X:B2 Y:00 P:A5 SP:F9
8730  EA        NOP                             A:01 X:B2 Y:00 P:A5 SP:F9
8731  CA        DEX                             A:01 X:B2 Y:00 P:A5 SP:F9
8732  D0 FB     BNE $872F                       A:01 X:B1 Y:00 P:A5 SP:F9
872F  EA        NOP                             A:01 X:B1 Y:00 P:A5 SP:F9
8730  EA        NOP                             A:01 X:B1 Y:00 P:A5 SP:F9
8731  CA        DEX                             A:01 X:B1 Y:00 P:A5 SP:F9
8732  D0 FB     BNE $872F                       A:01 X:B0 Y:00 P:A5 SP:F9
872F  EA        NOP                             A:01 X:B0 Y:00 P:A5 SP:F9
8730  EA        NOP                             A:01 X:B0 Y:00 P:A5 SP:F9
8731  CA        DEX                             A:01 X:B0 Y:00 P:A5 SP:F9
8732  D0 FB     BNE $872F                       A:01 X:AF Y:00 P:A5 SP:F9
872F  EA        NOP                             A:01 X:AF Y:00 P:A5 SP:F9
8730  EA        NOP                             A:01 X:AF Y:00 P:A5 SP:F9
8731  CA        DEX                             A:01 X:AF Y:00 P:A5 SP:F9
8732  D0 FB     BNE $872F                       A:01 X:AE Y:00 P:A5 SP:F9
872F  EA        NOP                             A:01 X:AE Y:00 P:A5 SP:F9
8730  EA        NOP                             A:01 X:AE Y:00 P:A5 SP:F9
8731  CA        DEX                             A:01 X:AE Y:00 P:A5 SP:F9
8732  D0 FB     BNE $872F                       A:01 X:AD Y:00 P:A5 SP:F9
872F  EA        NOP                             A:01 X:AD Y:00 P:A5 SP:F9
8730  EA        NOP                             A:01 X:AD Y:00 P:A5 SP:F9
8731  CA        DEX                             A:01 X:AD Y:00 P:A5 SP:F9
8732  D0 FB     BNE $872F                       A:01 X:AC Y:00 P:A5 SP:F9
872F  EA        NOP                             A:01 X:AC Y:00 P:A5 SP:F9
8730  EA        NOP                             A:01 X:AC Y:00 P:A5 SP:F9
8731  CA        DEX                             A:01 X:AC Y:00 P:A5 SP:F9
8732  D0 FB     BNE $872F                       A:01 X:AB Y:00 P:A5 SP:F9
872F  EA        NOP                             A:01 X:AB Y:00 P:A5 SP:F9
8730  EA        NOP                             A:01 X:AB Y:00 P:A5 SP:F9
8731  CA        DEX                             A:01 X:AB Y:00 P:A5 SP:F9
8732  D0 FB     BNE $872F                       A:01 X:AA Y:00 P:A5 SP:F9
872F  EA        NOP                             A:01 X:AA Y:00 P:A5 SP:F9
8730  EA        NOP                             A:01 X:AA Y:00 P:A5 SP:F9
8731  CA        DEX                             A:01 X:AA Y:00 P:A5 SP:F9
8732  D0 FB     BNE $872F                       A:01 X:A9 Y:00 P:A5 SP:F9
872F  EA        NOP                             A:01 X:A9 Y:00 P:A5 SP:F9
8730  EA        NOP                             A:01 X:A9 Y:00 P:A5 SP:F9
8731  CA        DEX                             A:01 X:A9 Y:00 P:A5 SP:F9
8732  D0 FB     BNE $872F                       A:01 X:A8 Y:00 P:A5 SP:F9
872F  EA        NOP                             A:01 X:A8 Y:00 P:A5 SP:F9
8730  EA        NOP                             A:01 X:A8 Y:00 P:A5 SP:F9
8731  CA        DEX                             A:01 X:A8 Y:00 P:A5 SP:F9
8732  D0 FB     BNE $872F                       A:01 X:A7 Y:00 P:A5 SP:F9
872F  EA        NOP                             A:01 X:A7 Y:00 P:A5 SP:F9
8730  EA        NOP                             A:01 X:A7 Y:00 P:A5 SP:F9
8731  CA        DEX                             A:01 X:A7 Y:00 P:A5 SP:F9
8732  D0 FB     BNE $872F                       A:01 X:A6 Y:00 P:A5 SP:F9
872F  EA        NOP                             A:01 X:A6 Y:00 P:A5 SP:F9
8730  EA        NOP                             A:01 X:A6 Y:00 P:A5 SP:F9
8731  CA        DEX                             A:01 X:A6 Y:00 P:A5 SP:F9
8732  D0 FB     BNE $872F                       A:01 X:A5 Y:00 P:A5 SP:F9
872F  EA        NOP                             A:01 X:A5 Y:00 P:A5 SP:F9
8730  EA        NOP                             A:01 X:A5 Y:00 P:A5 SP:F9
8731  CA        DEX                             A:01 X:A5 Y:00 P:A5 SP:F9
8732  D0 FB     BNE $872F                       A:01 X:A4 Y:00 P:A5 SP:F9
872F  EA        NOP                             A:01 X:A4 Y:00 P:A5 SP:F9
8730  EA        NOP                             A:01 X:A4 Y:00 P:A5 SP:F9
8731  CA        DEX                             A:01 X:A4 Y:00 P:A5 SP:F9
8732  D0 FB     BNE $872F                       A:01 X:A3 Y:00 P:A5 SP:F9
872F  EA        NOP                             A:01 X:A3 Y:00 P:A5 SP:F9
8730  EA        NOP                             A:01 X:A3 Y:00 P:A5 SP:F9
8731  CA        DEX                             A:01 X:A3 Y:00 P:A5 SP:F9
8732  D0 FB     BNE $872F                       A:01 X:A2 Y:00 P:A5 SP:F9
872F  EA        NOP                             A:01 X:A2 Y:00 P:A5 SP:F9
8730  EA        NOP                             A:01 X:A2 Y:00 P:A5 SP:F9
8731  CA        DEX                             A:01 X:A2 Y:00 P:A5 SP:F9
8732  D0 FB     BNE $872F                       A:01 X:A1 Y:00 P:A5 SP:F9
872F  EA        NOP                             A:01 X:A1 Y:00 P:A5 SP:F9
8730  EA        NOP                             A:01 X:A1 Y:00 P:A5 SP:F9
8731  CA        DEX                             A:01 X:A1 Y:00 P:A5 SP:F9
8732  D0 FB     BNE $872F                       A:01 X:A0 Y:00 P:A5 SP:F9
872F  EA        NOP                             A:01 X:A0 Y:00 P:A5 SP:F9
8730  EA        NOP                             A:01 X:A0 Y:00 P:A5 SP:F9
8731  CA        DEX                             A:01 X:A0 Y:00 P:A5 SP:F9
8732  D0 FB     BNE $872F                       A:01 X:9F Y:00 P:A5 SP:F9
872F  EA        NOP                             A:01 X:9F Y:00 P:A5 SP:F9
8730  EA        NOP                             A:01 X:9F Y:00 P:A5 SP:F9
8731  CA        DEX                             A:01 X:9F Y:00 P:A5 SP:F9
8732  D0 FB     BNE $872F                       A:01 X:9E Y:00 P:A5 SP:F9
872F  EA        NOP                             A:01 X:9E Y:00 P:A5 SP:F9
8730  EA        NOP                             A:01 X:9E Y:00 P:A5 SP:F9
8731  CA        DEX                             A:01 X:9E Y:00 P:A5 SP:F9
8732  D0 FB     BNE $872F                       A:01 X:9D Y:00 P:A5 SP:F9
872F  EA        NOP                             A:01 X:9D Y:00 P:A5 SP:F9
8730  EA        NOP                             A:01 X:9D Y:00 P:A5 SP:F9
8731  CA        DEX                             A:01 X:9D Y:00 P:A5 SP:F9
8732  D0 FB     BNE $872F                       A:01 X:9C Y:00 P:A5 SP:F9
872F  EA        NOP                             A:01 X:9C Y:00 P:A5 SP:F9
8730  EA        NOP                             A:01 X:9C Y:00 P:A5 SP:F9
8731  CA        DEX                             A:01 X:9C Y:00 P:A5 SP:F9
8732  D0 FB     BNE $872F                       A:01 X:9B Y:00 P:A5 SP:F9
872F  EA        NOP                             A:01 X:9B Y:00 P:A5 SP:F9
8730  EA        NOP                             A:01 X:9B Y:00 P:A5 SP:F9
8731  CA        DEX                             A:01 X:9B Y:00 P:A5 SP:F9
8732  D0 FB     BNE $872F                       A:01 X:9A Y:00 P:A5 SP:F9
872F  EA        NOP                             A:01 X:9A Y:00 P:A5 SP:F9
8730  EA        NOP                             A:01 X:9A Y:00 P:A5 SP:F9
8731  CA        DEX                             A:01 X:9A Y:00 P:A5 SP:F9
8732  D0 FB     BNE $872F                       A:01 X:99 Y:00 P:A5 SP:F9
872F  EA        NOP                             A:01 X:99 Y:00 P:A5 SP:F9
8730  EA        NOP                             A:01 X:99 Y:00 P:A5 SP:F9
8731  CA        DEX                             A:01 X:99 Y:00 P:A5 SP:F9
8732  D0 FB     BNE $872F                       A:01 X:98 Y:00 P:A5 SP:F9
872F  EA        NOP                             A:01 X:98 Y:00 P:A5 SP:F9
8730  EA        NOP                             A:01 X:98 Y:00 P:A5 SP:F9
8731  CA        DEX                             A:01 X:98 Y:00 P:A5 SP:F9
8732  D0 FB     BNE $872F                       A:01 X:97 Y:00 P:A5 SP:F9
872F  EA        NOP                             A:01 X:97 Y:00 P:A5 SP:F9
8730  EA        NOP                             A:01 X:97 Y:00 P:A5 SP:F9
8731  CA        DEX                             A:01 X:97 Y:00 P:A5 SP:F9
8732  D0 FB     BNE $872F                       A:01 X:96 Y:00 P:A5 SP:F9
872F  EA        NOP                             A:01 X:96 Y:00 P:A5 SP:F9
8730  EA        NOP                             A:01 X:96 Y:00 P:A5 SP:F9
8731  CA        DEX                             A:01 X:96 Y:00 P:A5 SP:F9
8732  D0 FB     BNE $872F                       A:01 X:95 Y:00 P:A5 SP:F9
872F  EA        NOP                             A:01 X:95 Y:00 P:A5 SP:F9
8730  EA        NOP                             A:01 X:95 Y:00 P:A5 SP:F9
8731  CA        DEX                             A:01 X:95 Y:00 P:A5 SP:F9
8732  D0 FB     BNE $872F                       A:01 X:94 Y:00 P:A5 SP:F9
872F  EA        NOP                             A:01 X:94 Y:00 P:A5 SP:F9
8730  EA        NOP                             A:01 X:94 Y:00 P:A5 SP:F9
8731  CA        DEX                             A:01 X:94 Y:00 P:A5 SP:F9
8732  D0 FB     BNE $872F                       A:01 X:93 Y:00 P:A5 SP:F9
872F  EA        NOP                             A:01 X:93 Y:00 P:A5 SP:F9
8730  EA        NOP                             A:01 X:93 Y:00 P:A5 SP:F9
8731  CA        DEX                             A:01 X:93 Y:00 P:A5 SP:F9
8732  D0 FB     BNE $872F                       A:01 X:92 Y:00 P:A5 SP:F9
872F  EA        NOP                             A:01 X:92 Y:00 P:A5 SP:F9
8730  EA        NOP                             A:01 X:92 Y:00 P:A5 SP:F9
8731  CA        DEX                             A:01 X:92 Y:00 P:A5 SP:F9
8732  D0 FB     BNE $872F                       A:01 X:91 Y:00 P:A5 SP:F9
872F  EA        NOP                             A:01 X:91 Y:00 P:A5 SP:F9
8730  EA        NOP                             A:01 X:91 Y:00 P:A5 SP:F9
8731  CA        DEX                             A:01 X:91 Y:00 P:A5 SP:F9
8732  D0 FB     BNE $872F                       A:01 X:90 Y:00 P:A5 SP:F9
872F  EA        NOP                             A:01 X:90 Y:00 P:A5 SP:F9
8730  EA        NOP                             A:01 X:90 Y:00 P:A5 SP:F9
8731  CA        DEX                             A:01 X:90 Y:00 P:A5 SP:F9
8732  D0 FB     BNE $872F                       A:01 X:8F Y:00 P:A5 SP:F9
872F  EA        NOP                             A:01 X:8F Y:00 P:A5 SP:F9
8730  EA        NOP                             A:01 X:8F Y:00 P:A5 SP:F9
8731  CA        DEX                             A:01 X:8F Y:00 P:A5 SP:F9
8732  D0 FB     BNE $872F                       A:01 X:8E Y:00 P:A5 SP:F9
872F  EA        NOP                             A:01 X:8E Y:00 P:A5 SP:F9
8730  EA        NOP                             A:01 X:8E Y:00 P:A5 SP:F9
8731  CA        DEX                             A:01 X:8E Y:00 P:A5 SP:F9
8732  D0 FB     BNE $872F                       A:01 X:8D Y:00 P:A5 SP:F9
872F  EA        NOP                             A:01 X:8D Y:00 P:A5 SP:F9
8730  EA        NOP                             A:01 X:8D Y:00 P:A5 SP:F9
8731  CA        DEX                             A:01 X:8D Y:00 P:A5 SP:F9
8732  D0 FB     BNE $872F                       A:01 X:8C Y:00 P:A5 SP:F9
872F  EA        NOP                             A:01 X:8C Y:00 P:A5 SP:F9
8730  EA        NOP                             A:01 X:8C Y:00 P:A5 SP:F9
8731  CA        DEX                             A:01 X:8C Y:00 P:A5 SP:F9
8732  D0 FB     BNE $872F                       A:01 X:8B Y:00 P:A5 SP:F9
872F  EA        NOP                             A:01 X:8B Y:00 P:A5 SP:F9
8730  EA        NOP                             A:01 X:8B Y:00 P:A5 SP:F9
8731  CA        DEX                             A:01 X:8B Y:00 P:A5 SP:F9
8732  D0 FB     BNE $872F                       A:01 X:8A Y:00 P:A5 SP:F9
872F  EA        NOP                             A:01 X:8A Y:00 P:A5 SP:F9
8730  EA        NOP                             A:01 X:8A Y:00 P:A5 SP:F9
8731  CA        DEX                             A:01 X:8A Y:00 P:A5 SP:F9
8732  D0 FB     BNE $872F                       A:01 X:89 Y:00 P:A5 SP:F9
872F  EA        NOP                             A:01 X:89 Y:00 P:A5 SP:F9
8730  EA        NOP                             A:01 X:89 Y:00 P:A5 SP:F9
8731  CA        DEX                             A:01 X:89 Y:00 P:A5 SP:F9
8732  D0 FB     BNE $872F                       A:01 X:88 Y:00 P:A5 SP:F9
872F  EA        NOP                             A:01 X:88 Y:00 P:A5 SP:F9
8730  EA        NOP                             A:01 X:88 Y:00 P:A5 SP:F9
8731  CA        DEX                             A:01 X:88 Y:00 P:A5 SP:F9
8732  D0 FB     BNE $872F                       A:01 X:87 Y:00 P:A5 SP:F9
872F  EA        NOP                             A:01 X:87 Y:00 P:A5 SP:F9
8730  EA        NOP                             A:01 X:87 Y:00 P:A5 SP:F9
8731  CA        DEX                             A:01 X:87 Y:00 P:A5 SP:F9
8732  D0 FB     BNE $872F                       A:01 X:86 Y:00 P:A5 SP:F9
872F  EA        NOP                             A:01 X:86 Y:00 P:A5 SP:F9
8730  EA        NOP                             A:01 X:86 Y:00 P:A5 SP:F9
8731  CA        DEX                             A:01 X:86 Y:00 P:A5 SP:F9
8732  D0 FB     BNE $872F                       A:01 X:85 Y:00 P:A5 SP:F9
872F  EA        NOP                             A:01 X:85 Y:00 P:A5 SP:F9
8730  EA        NOP                             A:01 X:85 Y:00 P:A5 SP:F9
8731  CA        DEX                             A:01 X:85 Y:00 P:A5 SP:F9
8732  D0 FB     BNE $872F                       A:01 X:84 Y:00 P:A5 SP:F9
872F  EA        NOP                             A:01 X:84 Y:00 P:A5 SP:F9
8730  EA        NOP                             A:01 X:84 Y:00 P:A5 SP:F9
8731  CA        DEX                             A:01 X:84 Y:00 P:A5 SP:F9
8732  D0 FB     BNE $872F                       A:01 X:83 Y:00 P:A5 SP:F9
872F  EA        NOP                             A:01 X:83 Y:00 P:A5 SP:F9
8730  EA        NOP                             A:01 X:83 Y:00 P:A5 SP:F9
8731  CA        DEX                             A:01 X:83 Y:00 P:A5 SP:F9
8732  D0 FB     BNE $872F                       A:01 X:82 Y:00 P:A5 SP:F9
872F  EA        NOP                             A:01 X:82 Y:00 P:A5 SP:F9
8730  EA        NOP                             A:01 X:82 Y:00 P:A5 SP:F9
8731  CA        DEX                             A:01 X:82 Y:00 P:A5 SP:F9
8732  D0 FB     BNE $872F                       A:01 X:81 Y:00 P:A5 SP:F9
872F  EA        NOP                             A:01 X:81 Y:00 P:A5 SP:F9
8730  EA        NOP                             A:01 X:81 Y:00 P:A5 SP:F9
8731  CA        DEX                             A:01 X:81 Y:00 P:A5 SP:F9
8732  D0 FB     BNE $872F                       A:01 X:80 Y:00 P:A5 SP:F9
872F  EA        NOP                             A:01 X:80 Y:00 P:A5 SP:F9
8730  EA        NOP                             A:01 X:80 Y:00 P:A5 SP:F9
8731  CA        DEX                             A:01 X:80 Y:00 P:A5 SP:F9
8732  D0 FB     BNE $872F                       A:01 X:7F Y:00 P:25 SP:F9
872F  EA        NOP                             A:01 X:7F Y:00 P:25 SP:F9
8730  EA        NOP                             A:01 X:7F Y:00 P:25 SP:F9
8731  CA        DEX                             A:01 X:7F Y:00 P:25 SP:F9
8732  D0 FB     BNE $872F                       A:01 X:7E Y:00 P:25 SP:F9
872F  EA        NOP                             A:01 X:7E Y:00 P:25 SP:F9
8730  EA        NOP                             A:01 X:7E Y:00 P:25 SP:F9
8731  CA        DEX                             A:01 X:7E Y:00 P:25 SP:F9
8732  D0 FB     BNE $872F                       A:01 X:7D Y:00 P:25 SP:F9
872F  EA        NOP                             A:01 X:7D Y:00 P:25 SP:F9
8730  EA        NOP                             A:01 X:7D Y:00 P:25 SP:F9
8731  CA        DEX                             A:01 X:7D Y:00 P:25 SP:F9
8732  D0 FB     BNE $872F                       A:01 X:7C Y:00 P:25 SP:F9
872F  EA        NOP                             A:01 X:7C Y:00 P:25 SP:F9
8730  EA        NOP                             A:01 X:7C Y:00 P:25 SP:F9
8731  CA        DEX                             A:01 X:7C Y:00 P:25 SP:F9
8732  D0 FB     BNE $872F                       A:01 X:7B Y:00 P:25 SP:F9
872F  EA        NOP                             A:01 X:7B Y:00 P:25 SP:F9
8730  EA        NOP                             A:01 X:7B Y:00 P:25 SP:F9
8731  CA        DEX                             A:01 X:7B Y:00 P:25 SP:F9
8732  D0 FB     BNE $872F                       A:01 X:7A Y:00 P:25 SP:F9
872F  EA        NOP                             A:01 X:7A Y:00 P:25 SP:F9
8730  EA        NOP                             A:01 X:7A Y:00 P:25 SP:F9
8731  CA        DEX                             A:01 X:7A Y:00 P:25 SP:F9
8732  D0 FB     BNE $872F                       A:01 X:79 Y:00 P:25 SP:F9
872F  EA        NOP                             A:01 X:79 Y:00 P:25 SP:F9
8730  EA        NOP                             A:01 X:79 Y:00 P:25 SP:F9
8731  CA        DEX                             A:01 X:79 Y:00 P:25 SP:F9
8732  D0 FB     BNE $872F                       A:01 X:78 Y:00 P:25 SP:F9
872F  EA        NOP                             A:01 X:78 Y:00 P:25 SP:F9
8730  EA        NOP                             A:01 X:78 Y:00 P:25 SP:F9
8731  CA        DEX                             A:01 X:78 Y:00 P:25 SP:F9
8732  D0 FB     BNE $872F                       A:01 X:77 Y:00 P:25 SP:F9
872F  EA        NOP                             A:01 X:77 Y:00 P:25 SP:F9
8730  EA        NOP                             A:01 X:77 Y:00 P:25 SP:F9
8731  CA        DEX                             A:01 X:77 Y:00 P:25 SP:F9
8732  D0 FB     BNE $872F                       A:01 X:76 Y:00 P:25 SP:F9
872F  EA        NOP                             A:01 X:76 Y:00 P:25 SP:F9
8730  EA        NOP                             A:01 X:76 Y:00 P:25 SP:F9
8731  CA        DEX                             A:01 X:76 Y:00 P:25 SP:F9
8732  D0 FB     BNE $872F                       A:01 X:75 Y:00 P:25 SP:F9
872F  EA        NOP                             A:01 X:75 Y:00 P:25 SP:F9
8730  EA        NOP                             A:01 X:75 Y:00 P:25 SP:F9
8731  CA        DEX                             A:01 X:75 Y:00 P:25 SP:F9
8732  D0 FB     BNE $872F                       A:01 X:74 Y:00 P:25 SP:F9
872F  EA        NOP                             A:01 X:74 Y:00 P:25 SP:F9
8730  EA        NOP                             A:01 X:74 Y:00 P:25 SP:F9
8731  CA        DEX                             A:01 X:74 Y:00 P:25 SP:F9
8732  D0 FB     BNE $872F                       A:01 X:73 Y:00 P:25 SP:F9
872F  EA        NOP                             A:01 X:73 Y:00 P:25 SP:F9
8730  EA        NOP                             A:01 X:73 Y:00 P:25 SP:F9
8731  CA        DEX                             A:01 X:73 Y:00 P:25 SP:F9
8732  D0 FB     BNE $872F                       A:01 X:72 Y:00 P:25 SP:F9
872F  EA        NOP                             A:01 X:72 Y:00 P:25 SP:F9
8730  EA        NOP                             A:01 X:72 Y:00 P:25 SP:F9
8731  CA        DEX                             A:01 X:72 Y:00 P:25 SP:F9
8732  D0 FB     BNE $872F                       A:01 X:71 Y:00 P:25 SP:F9
872F  EA        NOP                             A:01 X:71 Y:00 P:25 SP:F9
8730  EA        NOP                             A:01 X:71 Y:00 P:25 SP:F9
8731  CA        DEX                             A:01 X:71 Y:00 P:25 SP:F9
8732  D0 FB     BNE $872F                       A:01 X:70 Y:00 P:25 SP:F9
872F  EA        NOP                             A:01 X:70 Y:00 P:25 SP:F9
8730  EA        NOP                             A:01 X:70 Y:00 P:25 SP:F9
8731  CA        DEX                             A:01 X:70 Y:00 P:25 SP:F9
8732  D0 FB     BNE $872F                       A:01 X:6F Y:00 P:25 SP:F9
872F  EA        NOP                             A:01 X:6F Y:00 P:25 SP:F9
8730  EA        NOP                             A:01 X:6F Y:00 P:25 SP:F9
8731  CA        DEX                             A:01 X:6F Y:00 P:25 SP:F9
8732  D0 FB     BNE $872F                       A:01 X:6E Y:00 P:25 SP:F9
872F  EA        NOP                             A:01 X:6E Y:00 P:25 SP:F9
8730  EA        NOP                             A:01 X:6E Y:00 P:25 SP:F9
8731  CA        DEX                             A:01 X:6E Y:00 P:25 SP:F9
8732  D0 FB     BNE $872F                       A:01 X:6D Y:00 P:25 SP:F9
872F  EA        NOP                             A:01 X:6D Y:00 P:25 SP:F9
8730  EA        NOP                             A:01 X:6D Y:00 P:25 SP:F9
8731  CA        DEX                             A:01 X:6D Y:00 P:25 SP:F9
8732  D0 FB     BNE $872F                       A:01 X:6C Y:00 P:25 SP:F9
872F  EA        NOP                             A:01 X:6C Y:00 P:25 SP:F9
8730  EA        NOP                             A:01 X:6C Y:00 P:25 SP:F9
8731  CA        DEX                             A:01 X:6C Y:00 P:25 SP:F9
8732  D0 FB     BNE $872F                       A:01 X:6B Y:00 P:25 SP:F9
872F  EA        NOP                             A:01 X:6B Y:00 P:25 SP:F9
8730  EA        NOP                             A:01 X:6B Y:00 P:25 SP:F9
8731  CA        DEX                             A:01 X:6B Y:00 P:25 SP:F9
8732  D0 FB     BNE $872F                       A:01 X:6A Y:00 P:25 SP:F9
872F  EA        NOP                             A:01 X:6A Y:00 P:25 SP:F9
8730  EA        NOP                             A:01 X:6A Y:00 P:25 SP:F9
8731  CA        DEX                             A:01 X:6A Y:00 P:25 SP:F9
8732  D0 FB     BNE $872F                       A:01 X:69 Y:00 P:25 SP:F9
872F  EA        NOP                             A:01 X:69 Y:00 P:25 SP:F9
8730  EA        NOP                             A:01 X:69 Y:00 P:25 SP:F9
8731  CA        DEX                             A:01 X:69 Y:00 P:25 SP:F9
8732  D0 FB     BNE $872F                       A:01 X:68 Y:00 P:25 SP:F9
872F  EA        NOP                             A:01 X:68 Y:00 P:25 SP:F9
8730  EA        NOP                             A:01 X:68 Y:00 P:25 SP:F9
8731  CA        DEX                             A:01 X:68 Y:00 P:25 SP:F9
8732  D0 FB     BNE $872F                       A:01 X:67 Y:00 P:25 SP:F9
872F  EA        NOP                             A:01 X:67 Y:00 P:25 SP:F9
8730  EA        NOP                             A:01 X:67 Y:00 P:25 SP:F9
8731  CA        DEX                             A:01 X:67 Y:00 P:25 SP:F9
8732  D0 FB     BNE $872F                       A:01 X:66 Y:00 P:25 SP:F9
872F  EA        NOP                             A:01 X:66 Y:00 P:25 SP:F9
8730  EA        NOP                             A:01 X:66 Y:00 P:25 SP:F9
8731  CA        DEX                             A:01 X:66 Y:00 P:25 SP:F9
8732  D0 FB     BNE $872F                       A:01 X:65 Y:00 P:25 SP:F9
872F  EA        NOP                             A:01 X:65 Y:00 P:25 SP:F9
8730  EA        NOP                             A:01 X:65 Y:00 P:25 SP:F9
8731  CA        DEX                             A:01 X:65 Y:00 P:25 SP:F9
8732  D0 FB     BNE $872F                       A:01 X:64 Y:00 P:25 SP:F9
872F  EA        NOP                             A:01 X:64 Y:00 P:25 SP:F9
8730  EA        NOP                             A:01 X:64 Y:00 P:25 SP:F9
8731  CA        DEX                             A:01 X:64 Y:00 P:25 SP:F9
8732  D0 FB     BNE $872F                       A:01 X:63 Y:00 P:25 SP:F9
872F  EA        NOP                             A:01 X:63 Y:00 P:25 SP:F9
8730  EA        NOP                             A:01 X:63 Y:00 P:25 SP:F9
8731  CA        DEX                             A:01 X:63 Y:00 P:25 SP:F9
8732  D0 FB     BNE $872F                       A:01 X:62 Y:00 P:25 SP:F9
872F  EA        NOP                             A:01 X:62 Y:00 P:25 SP:F9
8730  EA        NOP                             A:01 X:62 Y:00 P:25 SP:F9
8731  CA        DEX                             A:01 X:62 Y:00 P:25 SP:F9
8732  D0 FB     BNE $872F                       A:01 X:61 Y:00 P:25 SP:F9
872F  EA        NOP                             A:01 X:61 Y:00 P:25 SP:F9
8730  EA        NOP                             A:01 X:61 Y:00 P:25 SP:F9
8731  CA        DEX                             A:01 X:61 Y:00 P:25 SP:F9
8732  D0 FB     BNE $872F                       A:01 X:60 Y:00 P:25 SP:F9
872F  EA        NOP                             A:01 X:60 Y:00 P:25 SP:F9
8730  EA        NOP                             A:01 X:60 Y:00 P:25 SP:F9
8731  CA        DEX                             A:01 X:60 Y:00 P:25 SP:F9
8732  D0 FB     BNE $872F                       A:01 X:5F Y:00 P:25 SP:F9
872F  EA        NOP                             A:01 X:5F Y:00 P:25 SP:F9
8730  EA        NOP                             A:01 X:5F Y:00 P:25 SP:F9
8731  CA        DEX                             A:01 X:5F Y:00 P:25 SP:F9
8732  D0 FB     BNE $872F                       A:01 X:5E Y:00 P:25 SP:F9
872F  EA        NOP                             A:01 X:5E Y:00 P:25 SP:F9
8730  EA        NOP                             A:01 X:5E Y:00 P:25 SP:F9
8731  CA        DEX                             A:01 X:5E Y:00 P:25 SP:F9
8732  D0 FB     BNE $872F                       A:01 X:5D Y:00 P:25 SP:F9
872F  EA        NOP                             A:01 X:5D Y:00 P:25 SP:F9
8730  EA        NOP                             A:01 X:5D Y:00 P:25 SP:F9
8731  CA        DEX                             A:01 X:5D Y:00 P:25 SP:F9
8732  D0 FB     BNE $872F                       A:01 X:5C Y:00 P:25 SP:F9
872F  EA        NOP                             A:01 X:5C Y:00 P:25 SP:F9
8730  EA        NOP                             A:01 X:5C Y:00 P:25 SP:F9
8731  CA        DEX                             A:01 X:5C Y:00 P:25 SP:F9
8732  D0 FB     BNE $872F                       A:01 X:5B Y:00 P:25 SP:F9
872F  EA        NOP                             A:01 X:5B Y:00 P:25 SP:F9
8730  EA        NOP                             A:01 X:5B Y:00 P:25 SP:F9
8731  CA        DEX                             A:01 X:5B Y:00 P:25 SP:F9
8732  D0 FB     BNE $872F                       A:01 X:5A Y:00 P:25 SP:F9
872F  EA        NOP                             A:01 X:5A Y:00 P:25 SP:F9
8730  EA        NOP                             A:01 X:5A Y:00 P:25 SP:F9
8731  CA        DEX                             A:01 X:5A Y:00 P:25 SP:F9
8732  D0 FB     BNE $872F                       A:01 X:59 Y:00 P:25 SP:F9
872F  EA        NOP                             A:01 X:59 Y:00 P:25 SP:F9
8730  EA        NOP                             A:01 X:59 Y:00 P:25 SP:F9
8731  CA        DEX                             A:01 X:59 Y:00 P:25 SP:F9
8732  D0 FB     BNE $872F                       A:01 X:58 Y:00 P:25 SP:F9
872F  EA        NOP                             A:01 X:58 Y:00 P:25 SP:F9
8730  EA        NOP                             A:01 X:58 Y:00 P:25 SP:F9
8731  CA        DEX                             A:01 X:58 Y:00 P:25 SP:F9
8732  D0 FB     BNE $872F                       A:01 X:57 Y:00 P:25 SP:F9
872F  EA        NOP                             A:01 X:57 Y:00 P:25 SP:F9
8730  EA        NOP                             A:01 X:57 Y:00 P:25 SP:F9
8731  CA        DEX                             A:01 X:57 Y:00 P:25 SP:F9
8732  D0 FB     BNE $872F                       A:01 X:56 Y:00 P:25 SP:F9
872F  EA        NOP                             A:01 X:56 Y:00 P:25 SP:F9
8730  EA        NOP                             A:01 X:56 Y:00 P:25 SP:F9
8731  CA        DEX                             A:01 X:56 Y:00 P:25 SP:F9
8732  D0 FB     BNE $872F                       A:01 X:55 Y:00 P:25 SP:F9
872F  EA        NOP                             A:01 X:55 Y:00 P:25 SP:F9
8730  EA        NOP                             A:01 X:55 Y:00 P:25 SP:F9
8731  CA        DEX                             A:01 X:55 Y:00 P:25 SP:F9
8732  D0 FB     BNE $872F                       A:01 X:54 Y:00 P:25 SP:F9
872F  EA        NOP                             A:01 X:54 Y:00 P:25 SP:F9
8730  EA        NOP                             A:01 X:54 Y:00 P:25 SP:F9
8731  CA        DEX                             A:01 X:54 Y:00 P:25 SP:F9
8732  D0 FB     BNE $872F                       A:01 X:53 Y:00 P:25 SP:F9
872F  EA        NOP                             A:01 X:53 Y:00 P:25 SP:F9
8730  EA        NOP                             A:01 X:53 Y:00 P:25 SP:F9
8731  CA        DEX                             A:01 X:53 Y:00 P:25 SP:F9
8732  D0 FB     BNE $872F                       A:01 X:52 Y:00 P:25 SP:F9
872F  EA        NOP                             A:01 X:52 Y:00 P:25 SP:F9
8730  EA        NOP                             A:01 X:52 Y:00 P:25 SP:F9
8731  CA        DEX                             A:01 X:52 Y:00 P:25 SP:F9
8732  D0 FB     BNE $872F                       A:01 X:51 Y:00 P:25 SP:F9
872F  EA        NOP                             A:01 X:51 Y:00 P:25 SP:F9
8730  EA        NOP                             A:01 X:51 Y:00 P:25 SP:F9
8731  CA        DEX                             A:01 X:51 Y:00 P:25 SP:F9
8732  D0 FB     BNE $872F                       A:01 X:50 Y:00 P:25 SP:F9
872F  EA        NOP                             A:01 X:50 Y:00 P:25 SP:F9
8730  EA        NOP                             A:01 X:50 Y:00 P:25 SP:F9
8731  CA        DEX                             A:01 X:50 Y:00 P:25 SP:F9
8732  D0 FB     BNE $872F                       A:01 X:4F Y:00 P:25 SP:F9
872F  EA        NOP                             A:01 X:4F Y:00 P:25 SP:F9
8730  EA        NOP                             A:01 X:4F Y:00 P:25 SP:F9
8731  CA        DEX                             A:01 X:4F Y:00 P:25 SP:F9
8732  D0 FB     BNE $872F                       A:01 X:4E Y:00 P:25 SP:F9
872F  EA        NOP                             A:01 X:4E Y:00 P:25 SP:F9
8730  EA        NOP                             A:01 X:4E Y:00 P:25 SP:F9
8731  CA        DEX                             A:01 X:4E Y:00 P:25 SP:F9
8732  D0 FB     BNE $872F                       A:01 X:4D Y:00 P:25 SP:F9
872F  EA        NOP                             A:01 X:4D Y:00 P:25 SP:F9
8730  EA        NOP                             A:01 X:4D Y:00 P:25 SP:F9
8731  CA        DEX                             A:01 X:4D Y:00 P:25 SP:F9
8732  D0 FB     BNE $872F                       A:01 X:4C Y:00 P:25 SP:F9
872F  EA        NOP                             A:01 X:4C Y:00 P:25 SP:F9
8730  EA        NOP                             A:01 X:4C Y:00 P:25 SP:F9
8731  CA        DEX                             A:01 X:4C Y:00 P:25 SP:F9
8732  D0 FB     BNE $872F                       A:01 X:4B Y:00 P:25 SP:F9
872F  EA        NOP                             A:01 X:4B Y:00 P:25 SP:F9
8730  EA        NOP                             A:01 X:4B Y:00 P:25 SP:F9
8731  CA        DEX                             A:01 X:4B Y:00 P:25 SP:F9
8732  D0 FB     BNE $872F                       A:01 X:4A Y:00 P:25 SP:F9
872F  EA        NOP                             A:01 X:4A Y:00 P:25 SP:F9
8730  EA        NOP                             A:01 X:4A Y:00 P:25 SP:F9
8731  CA        DEX                             A:01 X:4A Y:00 P:25 SP:F9
8732  D0 FB     BNE $872F                       A:01 X:49 Y:00 P:25 SP:F9
872F  EA        NOP                             A:01 X:49 Y:00 P:25 SP:F9
8730  EA        NOP                             A:01 X:49 Y:00 P:25 SP:F9
8731  CA        DEX                             A:01 X:49 Y:00 P:25 SP:F9
8732  D0 FB     BNE $872F                       A:01 X:48 Y:00 P:25 SP:F9
872F  EA        NOP                             A:01 X:48 Y:00 P:25 SP:F9
8730  EA        NOP                             A:01 X:48 Y:00 P:25 SP:F9
8731  CA        DEX                             A:01 X:48 Y:00 P:25 SP:F9
8732  D0 FB     BNE $872F                       A:01 X:47 Y:00 P:25 SP:F9
872F  EA        NOP                             A:01 X:47 Y:00 P:25 SP:F9
8730  EA        NOP                             A:01 X:47 Y:00 P:25 SP:F9
8731  CA        DEX                             A:01 X:47 Y:00 P:25 SP:F9
8732  D0 FB     BNE $872F                       A:01 X:46 Y:00 P:25 SP:F9
872F  EA        NOP                             A:01 X:46 Y:00 P:25 SP:F9
8730  EA        NOP                             A:01 X:46 Y:00 P:25 SP:F9
8731  CA        DEX                             A:01 X:46 Y:00 P:25 SP:F9
8732  D0 FB     BNE $872F                       A:01 X:45 Y:00 P:25 SP:F9
872F  EA        NOP                             A:01 X:45 Y:00 P:25 SP:F9
8730  EA        NOP                             A:01 X:45 Y:00 P:25 SP:F9
8731  CA        DEX                             A:01 X:45 Y:00 P:25 SP:F9
8732  D0 FB     BNE $872F                       A:01 X:44 Y:00 P:25 SP:F9
872F  EA        NOP                             A:01 X:44 Y:00 P:25 SP:F9
8730  EA        NOP                             A:01 X:44 Y:00 P:25 SP:F9
8731  CA        DEX                             A:01 X:44 Y:00 P:25 SP:F9
8732  D0 FB     BNE $872F                       A:01 X:43 Y:00 P:25 SP:F9
872F  EA        NOP                             A:01 X:43 Y:00 P:25 SP:F9
8730  EA        NOP                             A:01 X:43 Y:00 P:25 SP:F9
8731  CA        DEX                             A:01 X:43 Y:00 P:25 SP:F9
8732  D0 FB     BNE $872F                       A:01 X:42 Y:00 P:25 SP:F9
872F  EA        NOP                             A:01 X:42 Y:00 P:25 SP:F9
8730  EA        NOP                             A:01 X:42 Y:00 P:25 SP:F9
8731  CA        DEX                             A:01 X:42 Y:00 P:25 SP:F9
8732  D0 FB     BNE $872F                       A:01 X:41 Y:00 P:25 SP:F9
872F  EA        NOP                             A:01 X:41 Y:00 P:25 SP:F9
8730  EA        NOP                             A:01 X:41 Y:00 P:25 SP:F9
8731  CA        DEX                             A:01 X:41 Y:00 P:25 SP:F9
8732  D0 FB     BNE $872F                       A:01 X:40 Y:00 P:25 SP:F9
872F  EA        NOP                             A:01 X:40 Y:00 P:25 SP:F9
8730  EA        NOP                             A:01 X:40 Y:00 P:25 SP:F9
8731  CA        DEX                             A:01 X:40 Y:00 P:25 SP:F9
8732  D0 FB     BNE $872F                       A:01 X:3F Y:00 P:25 SP:F9
872F  EA        NOP                             A:01 X:3F Y:00 P:25 SP:F9
8730  EA        NOP                             A:01 X:3F Y:00 P:25 SP:F9
8731  CA        DEX                             A:01 X:3F Y:00 P:25 SP:F9
8732  D0 FB     BNE $872F                       A:01 X:3E Y:00 P:25 SP:F9
872F  EA        NOP                             A:01 X:3E Y:00 P:25 SP:F9
8730  EA        NOP                             A:01 X:3E Y:00 P:25 SP:F9
8731  CA        DEX                             A:01 X:3E Y:00 P:25 SP:F9
8732  D0 FB     BNE $872F                       A:01 X:3D Y:00 P:25 SP:F9
872F  EA        NOP                             A:01 X:3D Y:00 P:25 SP:F9
8730  EA        NOP                             A:01 X:3D Y:00 P:25 SP:F9
8731  CA        DEX                             A:01 X:3D Y:00 P:25 SP:F9
8732  D0 FB     BNE $872F                       A:01 X:3C Y:00 P:25 SP:F9
872F  EA        NOP                             A:01 X:3C Y:00 P:25 SP:F9
8730  EA        NOP                             A:01 X:3C Y:00 P:25 SP:F9
8731  CA        DEX                             A:01 X:3C Y:00 P:25 SP:F9
8732  D0 FB     BNE $872F                       A:01 X:3B Y:00 P:25 SP:F9
872F  EA        NOP                             A:01 X:3B Y:00 P:25 SP:F9
8730  EA        NOP                             A:01 X:3B Y:00 P:25 SP:F9
8731  CA        DEX                             A:01 X:3B Y:00 P:25 SP:F9
8732  D0 FB     BNE $872F                       A:01 X:3A Y:00 P:25 SP:F9
872F  EA        NOP                             A:01 X:3A Y:00 P:25 SP:F9
8730  EA        NOP                             A:01 X:3A Y:00 P:25 SP:F9
8731  CA        DEX                             A:01 X:3A Y:00 P:25 SP:F9
8732  D0 FB     BNE $872F                       A:01 X:39 Y:00 P:25 SP:F9
872F  EA        NOP                             A:01 X:39 Y:00 P:25 SP:F9
8730  EA        NOP                             A:01 X:39 Y:00 P:25 SP:F9
8731  CA        DEX                             A:01 X:39 Y:00 P:25 SP:F9
8732  D0 FB     BNE $872F                       A:01 X:38 Y:00 P:25 SP:F9
872F  EA        NOP                             A:01 X:38 Y:00 P:25 SP:F9
8730  EA        NOP                             A:01 X:38 Y:00 P:25 SP:F9
8731  CA        DEX                             A:01 X:38 Y:00 P:25 SP:F9
8732  D0 FB     BNE $872F                       A:01 X:37 Y:00 P:25 SP:F9
872F  EA        NOP                             A:01 X:37 Y:00 P:25 SP:F9
8730  EA        NOP                             A:01 X:37 Y:00 P:25 SP:F9
8731  CA        DEX                             A:01 X:37 Y:00 P:25 SP:F9
8732  D0 FB     BNE $872F                       A:01 X:36 Y:00 P:25 SP:F9
872F  EA        NOP                             A:01 X:36 Y:00 P:25 SP:F9
8730  EA        NOP                             A:01 X:36 Y:00 P:25 SP:F9
8731  CA        DEX                             A:01 X:36 Y:00 P:25 SP:F9
8732  D0 FB     BNE $872F                       A:01 X:35 Y:00 P:25 SP:F9
872F  EA        NOP                             A:01 X:35 Y:00 P:25 SP:F9
8730  EA        NOP                             A:01 X:35 Y:00 P:25 SP:F9
8731  CA        DEX                             A:01 X:35 Y:00 P:25 SP:F9
8732  D0 FB     BNE $872F                       A:01 X:34 Y:00 P:25 SP:F9
872F  EA        NOP                             A:01 X:34 Y:00 P:25 SP:F9
8730  EA        NOP                             A:01 X:34 Y:00 P:25 SP:F9
8731  CA        DEX                             A:01 X:34 Y:00 P:25 SP:F9
8732  D0 FB     BNE $872F                       A:01 X:33 Y:00 P:25 SP:F9
872F  EA        NOP                             A:01 X:33 Y:00 P:25 SP:F9
8730  EA        NOP                             A:01 X:33 Y:00 P:25 SP:F9
8731  CA        DEX                             A:01 X:33 Y:00 P:25 SP:F9
8732  D0 FB     BNE $872F                       A:01 X:32 Y:00 P:25 SP:F9
872F  EA        NOP                             A:01 X:32 Y:00 P:25 SP:F9
8730  EA        NOP                             A:01 X:32 Y:00 P:25 SP:F9
8731  CA        DEX                             A:01 X:32 Y:00 P:25 SP:F9
8732  D0 FB     BNE $872F                       A:01 X:31 Y:00 P:25 SP:F9
872F  EA        NOP                             A:01 X:31 Y:00 P:25 SP:F9
8730  EA        NOP                             A:01 X:31 Y:00 P:25 SP:F9
8731  CA        DEX                             A:01 X:31 Y:00 P:25 SP:F9
8732  D0 FB     BNE $872F                       A:01 X:30 Y:00 P:25 SP:F9
872F  EA        NOP                             A:01 X:30 Y:00 P:25 SP:F9
8730  EA        NOP                             A:01 X:30 Y:00 P:25 SP:F9
8731  CA        DEX                             A:01 X:30 Y:00 P:25 SP:F9
8732  D0 FB     BNE $872F                       A:01 X:2F Y:00 P:25 SP:F9
872F  EA        NOP                             A:01 X:2F Y:00 P:25 SP:F9
8730  EA        NOP                             A:01 X:2F Y:00 P:25 SP:F9
8731  CA        DEX                             A:01 X:2F Y:00 P:25 SP:F9
8732  D0 FB     BNE $872F                       A:01 X:2E Y:00 P:25 SP:F9
872F  EA        NOP                             A:01 X:2E Y:00 P:25 SP:F9
8730  EA        NOP                             A:01 X:2E Y:00 P:25 SP:F9
8731  CA        DEX                             A:01 X:2E Y:00 P:25 SP:F9
8732  D0 FB     BNE $872F                       A:01 X:2D Y:00 P:25 SP:F9
872F  EA        NOP                             A:01 X:2D Y:00 P:25 SP:F9
8730  EA        NOP                             A:01 X:2D Y:00 P:25 SP:F9
8731  CA        DEX                             A:01 X:2D Y:00 P:25 SP:F9
8732  D0 FB     BNE $872F                       A:01 X:2C Y:00 P:25 SP:F9
872F  EA        NOP                             A:01 X:2C Y:00 P:25 SP:F9
8730  EA        NOP                             A:01 X:2C Y:00 P:25 SP:F9
8731  CA        DEX                             A:01 X:2C Y:00 P:25 SP:F9
8732  D0 FB     BNE $872F                       A:01 X:2B Y:00 P:25 SP:F9
872F  EA        NOP                             A:01 X:2B Y:00 P:25 SP:F9
8730  EA        NOP                             A:01 X:2B Y:00 P:25 SP:F9
8731  CA        DEX                             A:01 X:2B Y:00 P:25 SP:F9
8732  D0 FB     BNE $872F                       A:01 X:2A Y:00 P:25 SP:F9
872F  EA        NOP                             A:01 X:2A Y:00 P:25 SP:F9
8730  EA        NOP                             A:01 X:2A Y:00 P:25 SP:F9
8731  CA        DEX                             A:01 X:2A Y:00 P:25 SP:F9
8732  D0 FB     BNE $872F                       A:01 X:29 Y:00 P:25 SP:F9
872F  EA        NOP                             A:01 X:29 Y:00 P:25 SP:F9
8730  EA        NOP                             A:01 X:29 Y:00 P:25 SP:F9
8731  CA        DEX                             A:01 X:29 Y:00 P:25 SP:F9
8732  D0 FB     BNE $872F                       A:01 X:28 Y:00 P:25 SP:F9
872F  EA        NOP                             A:01 X:28 Y:00 P:25 SP:F9
8730  EA        NOP                             A:01 X:28 Y:00 P:25 SP:F9
8731  CA        DEX                             A:01 X:28 Y:00 P:25 SP:F9
8732  D0 FB     BNE $872F                       A:01 X:27 Y:00 P:25 SP:F9
872F  EA        NOP                             A:01 X:27 Y:00 P:25 SP:F9
8730  EA        NOP                             A:01 X:27 Y:00 P:25 SP:F9
8731  CA        DEX                             A:01 X:27 Y:00 P:25 SP:F9
8732  D0 FB     BNE $872F                       A:01 X:26 Y:00 P:25 SP:F9
872F  EA        NOP                             A:01 X:26 Y:00 P:25 SP:F9
8730  EA        NOP                             A:01 X:26 Y:00 P:25 SP:F9
8731  CA        DEX                             A:01 X:26 Y:00 P:25 SP:F9
8732  D0 FB     BNE $872F                       A:01 X:25 Y:00 P:25 SP:F9
872F  EA        NOP                             A:01 X:25 Y:00 P:25 SP:F9
8730  EA        NOP                             A:01 X:25 Y:00 P:25 SP:F9
8731  CA        DEX                             A:01 X:25 Y:00 P:25 SP:F9
8732  D0 FB     BNE $872F                       A:01 X:24 Y:00 P:25 SP:F9
872F  EA        NOP                             A:01 X:24 Y:00 P:25 SP:F9
8730  EA        NOP                             A:01 X:24 Y:00 P:25 SP:F9
8731  CA        DEX                             A:01 X:24 Y:00 P:25 SP:F9
8732  D0 FB     BNE $872F                       A:01 X:23 Y:00 P:25 SP:F9
872F  EA        NOP                             A:01 X:23 Y:00 P:25 SP:F9
8730  EA        NOP                             A:01 X:23 Y:00 P:25 SP:F9
8731  CA        DEX                             A:01 X:23 Y:00 P:25 SP:F9
8732  D0 FB     BNE $872F                       A:01 X:22 Y:00 P:25 SP:F9
872F  EA        NOP                             A:01 X:22 Y:00 P:25 SP:F9
8730  EA        NOP                             A:01 X:22 Y:00 P:25 SP:F9
8731  CA        DEX                             A:01 X:22 Y:00 P:25 SP:F9
8732  D0 FB     BNE $872F                       A:01 X:21 Y:00 P:25 SP:F9
872F  EA        NOP                             A:01 X:21 Y:00 P:25 SP:F9
8730  EA        NOP                             A:01 X:21 Y:00 P:25 SP:F9
8731  CA        DEX                             A:01 X:21 Y:00 P:25 SP:F9
8732  D0 FB     BNE $872F                       A:01 X:20 Y:00 P:25 SP:F9
872F  EA        NOP                             A:01 X:20 Y:00 P:25 SP:F9
8730  EA        NOP                             A:01 X:20 Y:00 P:25 SP:F9
8731  CA        DEX                             A:01 X:20 Y:00 P:25 SP:F9
8732  D0 FB     BNE $872F                       A:01 X:1F Y:00 P:25 SP:F9
872F  EA        NOP                             A:01 X:1F Y:00 P:25 SP:F9
8730  EA        NOP                             A:01 X:1F Y:00 P:25 SP:F9
8731  CA        DEX                             A:01 X:1F Y:00 P:25 SP:F9
8732  D0 FB     BNE $872F                       A:01 X:1E Y:00 P:25 SP:F9
872F  EA        NOP                             A:01 X:1E Y:00 P:25 SP:F9
8730  EA        NOP                             A:01 X:1E Y:00 P:25 SP:F9
8731  CA        DEX                             A:01 X:1E Y:00 P:25 SP:F9
8732  D0 FB     BNE $872F                       A:01 X:1D Y:00 P:25 SP:F9
872F  EA        NOP                             A:01 X:1D Y:00 P:25 SP:F9
8730  EA        NOP                             A:01 X:1D Y:00 P:25 SP:F9
8731  CA        DEX                             A:01 X:1D Y:00 P:25 SP:F9
8732  D0 FB     BNE $872F                       A:01 X:1C Y:00 P:25 SP:F9
872F  EA        NOP                             A:01 X:1C Y:00 P:25 SP:F9
8730  EA        NOP                             A:01 X:1C Y:00 P:25 SP:F9
8731  CA        DEX                             A:01 X:1C Y:00 P:25 SP:F9
8732  D0 FB     BNE $872F                       A:01 X:1B Y:00 P:25 SP:F9
872F  EA        NOP                             A:01 X:1B Y:00 P:25 SP:F9
8730  EA        NOP                             A:01 X:1B Y:00 P:25 SP:F9
8731  CA        DEX                             A:01 X:1B Y:00 P:25 SP:F9
8732  D0 FB     BNE $872F                       A:01 X:1A Y:00 P:25 SP:F9
872F  EA        NOP                             A:01 X:1A Y:00 P:25 SP:F9
8730  EA        NOP                             A:01 X:1A Y:00 P:25 SP:F9
8731  CA        DEX                             A:01 X:1A Y:00 P:25 SP:F9
8732  D0 FB     BNE $872F                       A:01 X:19 Y:00 P:25 SP:F9
872F  EA        NOP                             A:01 X:19 Y:00 P:25 SP:F9
8730  EA        NOP                             A:01 X:19 Y:00 P:25 SP:F9
8731  CA        DEX                             A:01 X:19 Y:00 P:25 SP:F9
8732  D0 FB     BNE $872F                       A:01 X:18 Y:00 P:25 SP:F9
872F  EA        NOP                             A:01 X:18 Y:00 P:25 SP:F9
8730  EA        NOP                             A:01 X:18 Y:00 P:25 SP:F9
8731  CA        DEX                             A:01 X:18 Y:00 P:25 SP:F9
8732  D0 FB     BNE $872F                       A:01 X:17 Y:00 P:25 SP:F9
872F  EA        NOP                             A:01 X:17 Y:00 P:25 SP:F9
8730  EA        NOP                             A:01 X:17 Y:00 P:25 SP:F9
8731  CA        DEX                             A:01 X:17 Y:00 P:25 SP:F9
8732  D0 FB     BNE $872F                       A:01 X:16 Y:00 P:25 SP:F9
872F  EA        NOP                             A:01 X:16 Y:00 P:25 SP:F9
8730  EA        NOP                             A:01 X:16 Y:00 P:25 SP:F9
8731  CA        DEX                             A:01 X:16 Y:00 P:25 SP:F9
8732  D0 FB     BNE $872F                       A:01 X:15 Y:00 P:25 SP:F9
872F  EA        NOP                             A:01 X:15 Y:00 P:25 SP:F9
8730  EA        NOP                             A:01 X:15 Y:00 P:25 SP:F9
8731  CA        DEX                             A:01 X:15 Y:00 P:25 SP:F9
8732  D0 FB     BNE $872F                       A:01 X:14 Y:00 P:25 SP:F9
872F  EA        NOP                             A:01 X:14 Y:00 P:25 SP:F9
8730  EA        NOP                             A:01 X:14 Y:00 P:25 SP:F9
8731  CA        DEX                             A:01 X:14 Y:00 P:25 SP:F9
8732  D0 FB     BNE $872F                       A:01 X:13 Y:00 P:25 SP:F9
872F  EA        NOP                             A:01 X:13 Y:00 P:25 SP:F9
8730  EA        NOP                             A:01 X:13 Y:00 P:25 SP:F9
8731  CA        DEX                             A:01 X:13 Y:00 P:25 SP:F9
8732  D0 FB     BNE $872F                       A:01 X:12 Y:00 P:25 SP:F9
872F  EA        NOP                             A:01 X:12 Y:00 P:25 SP:F9
8730  EA        NOP                             A:01 X:12 Y:00 P:25 SP:F9
8731  CA        DEX                             A:01 X:12 Y:00 P:25 SP:F9
8732  D0 FB     BNE $872F                       A:01 X:11 Y:00 P:25 SP:F9
872F  EA        NOP                             A:01 X:11 Y:00 P:25 SP:F9
8730  EA        NOP                             A:01 X:11 Y:00 P:25 SP:F9
8731  CA        DEX                             A:01 X:11 Y:00 P:25 SP:F9
8732  D0 FB     BNE $872F                       A:01 X:10 Y:00 P:25 SP:F9
872F  EA        NOP                             A:01 X:10 Y:00 P:25 SP:F9
8730  EA        NOP                             A:01 X:10 Y:00 P:25 SP:F9
8731  CA        DEX                             A:01 X:10 Y:00 P:25 SP:F9
8732  D0 FB     BNE $872F                       A:01 X:0F Y:00 P:25 SP:F9
872F  EA        NOP                             A:01 X:0F Y:00 P:25 SP:F9
8730  EA        NOP                             A:01 X:0F Y:00 P:25 SP:F9
8731  CA        DEX                             A:01 X:0F Y:00 P:25 SP:F9
8732  D0 FB     BNE $872F                       A:01 X:0E Y:00 P:25 SP:F9
872F  EA        NOP                             A:01 X:0E Y:00 P:25 SP:F9
8730  EA        NOP                             A:01 X:0E Y:00 P:25 SP:F9
8731  CA        DEX                             A:01 X:0E Y:00 P:25 SP:F9
8732  D0 FB     BNE $872F                       A:01 X:0D Y:00 P:25 SP:F9
872F  EA        NOP                             A:01 X:0D Y:00 P:25 SP:F9
8730  EA        NOP                             A:01 X:0D Y:00 P:25 SP:F9
8731  CA        DEX                             A:01 X:0D Y:00 P:25 SP:F9
8732  D0 FB     BNE $872F                       A:01 X:0C Y:00 P:25 SP:F9
872F  EA        NOP                             A:01 X:0C Y:00 P:25 SP:F9
8730  EA        NOP                             A:01 X:0C Y:00 P:25 SP:F9
8731  CA        DEX                             A:01 X:0C Y:00 P:25 SP:F9
8732  D0 FB     BNE $872F                       A:01 X:0B Y:00 P:25 SP:F9
872F  EA        NOP                             A:01 X:0B Y:00 P:25 SP:F9
8730  EA        NOP                             A:01 X:0B Y:00 P:25 SP:F9
8731  CA        DEX                             A:01 X:0B Y:00 P:25 SP:F9
8732  D0 FB     BNE $872F                       A:01 X:0A Y:00 P:25 SP:F9
872F  EA        NOP                             A:01 X:0A Y:00 P:25 SP:F9
8730  EA        NOP                             A:01 X:0A Y:00 P:25 SP:F9
8731  CA        DEX                             A:01 X:0A Y:00 P:25 SP:F9
8732  D0 FB     BNE $872F                       A:01 X:09 Y:00 P:25 SP:F9
872F  EA        NOP                             A:01 X:09 Y:00 P:25 SP:F9
8730  EA        NOP                             A:01 X:09 Y:00 P:25 SP:F9
8731  CA        DEX                             A:01 X:09 Y:00 P:25 SP:F9
8732  D0 FB     BNE $872F                       A:01 X:08 Y:00 P:25 SP:F9
872F  EA        NOP                             A:01 X:08 Y:00 P:25 SP:F9
8730  EA        NOP                             A:01 X:08 Y:00 P:25 SP:F9
8731  CA        DEX                             A:01 X:08 Y:00 P:25 SP:F9
8732  D0 FB     BNE $872F                       A:01 X:07 Y:00 P:25 SP:F9
872F  EA        NOP                             A:01 X:07 Y:00 P:25 SP:F9
8730  EA        NOP                             A:01 X:07 Y:00 P:25 SP:F9
8731  CA        DEX                             A:01 X:07 Y:00 P:25 SP:F9
8732  D0 FB     BNE $872F                       A:01 X:06 Y:00 P:25 SP:F9
872F  EA        NOP                             A:01 X:06 Y:00 P:25 SP:F9
8730  EA        NOP                             A:01 X:06 Y:00 P:25 SP:F9
8731  CA        DEX                             A:01 X:06 Y:00 P:25 SP:F9
8732  D0 FB     BNE $872F                       A:01 X:05 Y:00 P:25 SP:F9
872F  EA        NOP                             A:01 X:05 Y:00 P:25 SP:F9
8730  EA        NOP                             A:01 X:05 Y:00 P:25 SP:F9
8731  CA        DEX                             A:01 X:05 Y:00 P:25 SP:F9
8732  D0 FB     BNE $872F                       A:01 X:04 Y:00 P:25 SP:F9
872F  EA        NOP                             A:01 X:04 Y:00 P:25 SP:F9
8730  EA        NOP                             A:01 X:04 Y:00 P:25 SP:F9
8731  CA        DEX                             A:01 X:04 Y:00 P:25 SP:F9
8732  D0 FB     BNE $872F                       A:01 X:03 Y:00 P:25 SP:F9
872F  EA        NOP                             A:01 X:03 Y:00 P:25 SP:F9
8730  EA        NOP                             A:01 X:03 Y:00 P:25 SP:F9
8731  CA        DEX                             A:01 X:03 Y:00 P:25 SP:F9
8732  D0 FB     BNE $872F                       A:01 X:02 Y:00 P:25 SP:F9
872F  EA        NOP                             A:01 X:02 Y:00 P:25 SP:F9
8730  EA        NOP                             A:01 X:02 Y:00 P:25 SP:F9
8731  CA        DEX                             A:01 X:02 Y:00 P:25 SP:F9
8732  D0 FB     BNE $872F                       A:01 X:01 Y:00 P:25 SP:F9
872F  EA        NOP                             A:01 X:01 Y:00 P:25 SP:F9
8730  EA        NOP                             A:01 X:01 Y:00 P:25 SP:F9
8731  CA        DEX                             A:01 X:01 Y:00 P:25 SP:F9
8732  D0 FB     BNE $872F                       A:01 X:00 Y:00 P:27 SP:F9
8734  60        RTS                             A:01 X:00 Y:00 P:27 SP:F9
864A  4C 38 86  JMP $8638                       A:01 X:00 Y:00 P:27 SP:FB
8638  20 4D 86  JSR $864D                       A:01 X:00 Y:00 P:27 SP:FB
864D  A5 FF     LDA $FF = 00                    A:01 X:00 Y:00 P:27 SP:F9
864F  C9 77     CMP #$77                        A:00 X:00 Y:00 P:27 SP:F9
8651  F0 0D     BEQ $8660                       A:00 X:00 Y:00 P:A4 SP:F9
8653  C9 64     CMP #$64                        A:00 X:00 Y:00 P:A4 SP:F9
8655  F0 14     BEQ $866B                       A:00 X:00 Y:00 P:A4 SP:F9
8657  C9 73     CMP #$73                        A:00 X:00 Y:00 P:A4 SP:F9
8659  F0 1B     BEQ $8676                       A:00 X:00 Y:00 P:A4 SP:F9
865B  C9 61     CMP #$61                        A:00 X:00 Y:00 P:A4 SP:F9
865D  F0 22     BEQ $8681                       A:00 X:00 Y:00 P:A4 SP:F9
865F  60        RTS                             A:00 X:00 Y:00 P:A4 SP:F9
863B  20 8D 86  JSR $868D                       A:00 X:00 Y:00 P:A4 SP:FB
868D  20 94 86  JSR $8694                       A:00 X:00 Y:00 P:A4 SP:F9
8694  A5 00     LDA $00 = 00                    A:00 X:00 Y:00 P:A4 SP:F7
8696  C5 10     CMP $10 = 1D                    A:00 X:00 Y:00 P:26 SP:F7
8698  D0 0D     BNE $86A7                       A:00 X:00 Y:00 P:A4 SP:F7
86A7  60        RTS                             A:00 X:00 Y:00 P:A4 SP:F7
8690  20 A8 86  JSR $86A8                       A:00 X:00 Y:00 P:A4 SP:F9
86A8  A2 02     LDX #$02                        A:00 X:00 Y:00 P:A4 SP:F7
86AA  B5 10     LDA $10,X @ 12 = 1C             A:00 X:02 Y:00 P:24 SP:F7
86AC  C5 10     CMP $10 = 1D                    A:1C X:02 Y:00 P:24 SP:F7
86AE  D0 06     BNE $86B6                       A:1C X:02 Y:00 P:A4 SP:F7
86B6  E8        INX                             A:1C X:02 Y:00 P:A4 SP:F7
86B7  E8        INX                             A:1C X:03 Y:00 P:24 SP:F7
86B8  E4 03     CPX $03 = 06                    A:1C X:04 Y:00 P:24 SP:F7
86BA  F0 06     BEQ $86C2                       A:1C X:04 Y:00 P:A4 SP:F7
86BC  4C AA 86  JMP $86AA                       A:1C X:04 Y:00 P:A4 SP:F7
86AA  B5 10     LDA $10,X @ 14 = 1B             A:1C X:04 Y:00 P:A4 SP:F7
86AC  C5 10     CMP $10 = 1D                    A:1B X:04 Y:00 P:24 SP:F7
86AE  D0 06     BNE $86B6                       A:1B X:04 Y:00 P:A4 SP:F7
86B6  E8        INX                             A:1B X:04 Y:00 P:A4 SP:F7
86B7  E8        INX                             A:1B X:05 Y:00 P:24 SP:F7
86B8  E4 03     CPX $03 = 06                    A:1B X:06 Y:00 P:24 SP:F7
86BA  F0 06     BEQ $86C2                       A:1B X:06 Y:00 P:27 SP:F7
86C2  60        RTS                             A:1B X:06 Y:00 P:27 SP:F7
8693  60        RTS                             A:1B X:06 Y:00 P:27 SP:F9
863E  20 C3 86  JSR $86C3                       A:1B X:06 Y:00 P:27 SP:FB
86C3  A6 03     LDX $03 = 06                    A:1B X:06 Y:00 P:27 SP:F9
86C5  CA        DEX                             A:1B X:06 Y:00 P:25 SP:F9
86C6  8A        TXA                             A:1B X:05 Y:00 P:25 SP:F9
86C7  B5 10     LDA $10,X @ 15 = 04             A:05 X:05 Y:00 P:25 SP:F9
86C9  95 12     STA $12,X @ 17 = 04             A:04 X:05 Y:00 P:25 SP:F9
86CB  CA        DEX                             A:04 X:05 Y:00 P:25 SP:F9
86CC  10 F9     BPL $86C7                       A:04 X:04 Y:00 P:25 SP:F9
86C7  B5 10     LDA $10,X @ 14 = 1B             A:04 X:04 Y:00 P:25 SP:F9
86C9  95 12     STA $12,X @ 16 = 1A             A:1B X:04 Y:00 P:25 SP:F9
86CB  CA        DEX                             A:1B X:04 Y:00 P:25 SP:F9
86CC  10 F9     BPL $86C7                       A:1B X:03 Y:00 P:25 SP:F9
86C7  B5 10     LDA $10,X @ 13 = 04             A:1B X:03 Y:00 P:25 SP:F9
86C9  95 12     STA $12,X @ 15 = 04             A:04 X:03 Y:00 P:25 SP:F9
86CB  CA        DEX                             A:04 X:03 Y:00 P:25 SP:F9
86CC  10 F9     BPL $86C7                       A:04 X:02 Y:00 P:25 SP:F9
86C7  B5 10     LDA $10,X @ 12 = 1C             A:04 X:02 Y:00 P:25 SP:F9
86C9  95 12     STA $12,X @ 14 = 1B             A:1C X:02 Y:00 P:25 SP:F9
86CB  CA        DEX                             A:1C X:02 Y:00 P:25 SP:F9
86CC  10 F9     BPL $86C7                       A:1C X:01 Y:00 P:25 SP:F9
86C7  B5 10     LDA $10,X @ 11 = 04             A:1C X:01 Y:00 P:25 SP:F9
86C9  95 12     STA $12,X @ 13 = 04             A:04 X:01 Y:00 P:25 SP:F9
86CB  CA        DEX                             A:04 X:01 Y:00 P:25 SP:F9
86CC  10 F9     BPL $86C7                       A:04 X:00 Y:00 P:27 SP:F9
86C7  B5 10     LDA $10,X @ 10 = 1D             A:04 X:00 Y:00 P:27 SP:F9
86C9  95 12     STA $12,X @ 12 = 1C             A:1D X:00 Y:00 P:25 SP:F9
86CB  CA        DEX                             A:1D X:00 Y:00 P:25 SP:F9
86CC  10 F9     BPL $86C7                       A:1D X:FF Y:00 P:A5 SP:F9
86CE  A5 02     LDA $02 = 02                    A:1D X:FF Y:00 P:A5 SP:F9
86D0  4A        LSR A                           A:02 X:FF Y:00 P:25 SP:F9
86D1  B0 09     BCS $86DC                       A:01 X:FF Y:00 P:24 SP:F9
86D3  4A        LSR A                           A:01 X:FF Y:00 P:24 SP:F9
86D4  B0 19     BCS $86EF                       A:00 X:FF Y:00 P:27 SP:F9
86EF  E6 10     INC $10 = 1D                    A:00 X:FF Y:00 P:27 SP:F9
86F1  A9 1F     LDA #$1F                        A:00 X:FF Y:00 P:25 SP:F9
86F3  24 10     BIT $10 = 1E                    A:1F X:FF Y:00 P:25 SP:F9
86F5  F0 1F     BEQ $8716                       A:1F X:FF Y:00 P:25 SP:F9
86F7  60        RTS                             A:1F X:FF Y:00 P:25 SP:F9
8641  20 19 87  JSR $8719                       A:1F X:FF Y:00 P:25 SP:FB
8719  A0 00     LDY #$00                        A:1F X:FF Y:00 P:25 SP:F9
871B  A5 FE     LDA $FE = 00                    A:1F X:FF Y:00 P:27 SP:F9
871D  91 00     STA ($00),Y = 0200 @ 0200 = 00  A:00 X:FF Y:00 P:27 SP:F9
871F  60        RTS                             A:00 X:FF Y:00 P:27 SP:F9
8644  20 20 87  JSR $8720                       A:00 X:FF Y:00 P:27 SP:FB
8720  A6 03     LDX $03 = 06                    A:00 X:FF Y:00 P:27 SP:F9
8722  A9 00     LDA #$00                        A:00 X:06 Y:00 P:25 SP:F9
8724  81 10     STA ($10,X) @ 16 = 041B = 01    A:00 X:06 Y:00 P:27 SP:F9
8726  A2 00     LDX #$00                        A:00 X:06 Y:00 P:27 SP:F9
8728  A9 01     LDA #$01                        A:00 X:00 Y:00 P:27 SP:F9
872A  81 10     STA ($10,X) @ 10 = 041E = 00    A:01 X:00 Y:00 P:25 SP:F9
872C  60        RTS                             A:01 X:00 Y:00 P:25 SP:F9
8647  20 2D 87  JSR $872D                       A:01 X:00 Y:00 P:25 SP:FB
872D  A2 00     LDX #$00                        A:01 X:00 Y:00 P:25 SP:F9
872F  EA        NOP                             A:01 X:00 Y:00 P:27 SP:F9
8730  EA        NOP                             A:01 X:00 Y:00 P:27 SP:F9
8731  CA        DEX                             A:01 X:00 Y:00 P:27 SP:F9
8732  D0 FB     BNE $872F                       A:01 X:FF Y:00 P:A5 SP:F9
872F  EA        NOP                             A:01 X:FF Y:00 P:A5 SP:F9
8730  EA        NOP                             A:01 X:FF Y:00 P:A5 SP:F9
8731  CA        DEX                             A:01 X:FF Y:00 P:A5 SP:F9
8732  D0 FB     BNE $872F                       A:01 X:FE Y:00 P:A5 SP:F9
872F  EA        NOP                             A:01 X:FE Y:00 P:A5 SP:F9
8730  EA        NOP                             A:01 X:FE Y:00 P:A5 SP:F9
8731  CA        DEX                             A:01 X:FE Y:00 P:A5 SP:F9
8732  D0 FB     BNE $872F                       A:01 X:FD Y:00 P:A5 SP:F9
872F  EA        NOP                             A:01 X:FD Y:00 P:A5 SP:F9
8730  EA        NOP                             A:01 X:FD Y:00 P:A5 SP:F9
8731  CA        DEX                             A:01 X:FD Y:00 P:A5 SP:F9
8732  D0 FB     BNE $872F                       A:01 X:FC Y:00 P:A5 SP:F9
872F  EA        NOP                             A:01 X:FC Y:00 P:A5 SP:F9
8730  EA        NOP                             A:01 X:FC Y:00 P:A5 SP:F9
8731  CA        DEX                             A:01 X:FC Y:00 P:A5 SP:F9
8732  D0 FB     BNE $872F                       A:01 X:FB Y:00 P:A5 SP:F9
872F  EA        NOP                             A:01 X:FB Y:00 P:A5 SP:F9
8730  EA        NOP                             A:01 X:FB Y:00 P:A5 SP:F9
8731  CA        DEX                             A:01 X:FB Y:00 P:A5 SP:F9
8732  D0 FB     BNE $872F                       A:01 X:FA Y:00 P:A5 SP:F9
872F  EA        NOP                             A:01 X:FA Y:00 P:A5 SP:F9
8730  EA        NOP                             A:01 X:FA Y:00 P:A5 SP:F9
8731  CA        DEX                             A:01 X:FA Y:00 P:A5 SP:F9
8732  D0 FB     BNE $872F                       A:01 X:F9 Y:00 P:A5 SP:F9
872F  EA        NOP                             A:01 X:F9 Y:00 P:A5 SP:F9
8730  EA        NOP                             A:01 X:F9 Y:00 P:A5 SP:F9
8731  CA        DEX                             A:01 X:F9 Y:00 P:A5 SP:F9
8732  D0 FB     BNE $872F                       A:01 X:F8 Y:00 P:A5 SP:F9
872F  EA        NOP                             A:01 X:F8 Y:00 P:A5 SP:F9
8730  EA        NOP                             A:01 X:F8 Y:00 P:A5 SP:F9
8731  CA        DEX                             A:01 X:F8 Y:00 P:A5 SP:F9
8732  D0 FB     BNE $872F                       A:01 X:F7 Y:00 P:A5 SP:F9
872F  EA        NOP                             A:01 X:F7 Y:00 P:A5 SP:F9
8730  EA        NOP                             A:01 X:F7 Y:00 P:A5 SP:F9
8731  CA        DEX                             A:01 X:F7 Y:00 P:A5 SP:F9
8732  D0 FB     BNE $872F                       A:01 X:F6 Y:00 P:A5 SP:F9
872F  EA        NOP                             A:01 X:F6 Y:00 P:A5 SP:F9
8730  EA        NOP                             A:01 X:F6 Y:00 P:A5 SP:F9
8731  CA        DEX                             A:01 X:F6 Y:00 P:A5 SP:F9
8732  D0 FB     BNE $872F                       A:01 X:F5 Y:00 P:A5 SP:F9
872F  EA        NOP                             A:01 X:F5 Y:00 P:A5 SP:F9
8730  EA        NOP                             A:01 X:F5 Y:00 P:A5 SP:F9
8731  CA        DEX                             A:01 X:F5 Y:00 P:A5 SP:F9
8732  D0 FB     BNE $872F                       A:01 X:F4 Y:00 P:A5 SP:F9
872F  EA        NOP                             A:01 X:F4 Y:00 P:A5 SP:F9
8730  EA        NOP                             A:01 X:F4 Y:00 P:A5 SP:F9
8731  CA        DEX                             A:01 X:F4 Y:00 P:A5 SP:F9
8732  D0 FB     BNE $872F                       A:01 X:F3 Y:00 P:A5 SP:F9
872F  EA        NOP                             A:01 X:F3 Y:00 P:A5 SP:F9
8730  EA        NOP                             A:01 X:F3 Y:00 P:A5 SP:F9
8731  CA        DEX                             A:01 X:F3 Y:00 P:A5 SP:F9
8732  D0 FB     BNE $872F                       A:01 X:F2 Y:00 P:A5 SP:F9
872F  EA        NOP                             A:01 X:F2 Y:00 P:A5 SP:F9
8730  EA        NOP                             A:01 X:F2 Y:00 P:A5 SP:F9
8731  CA        DEX                             A:01 X:F2 Y:00 P:A5 SP:F9
8732  D0 FB     BNE $872F                       A:01 X:F1 Y:00 P:A5 SP:F9
872F  EA        NOP                             A:01 X:F1 Y:00 P:A5 SP:F9
8730  EA        NOP                             A:01 X:F1 Y:00 P:A5 SP:F9
8731  CA        DEX                             A:01 X:F1 Y:00 P:A5 SP:F9
8732  D0 FB     BNE $872F                       A:01 X:F0 Y:00 P:A5 SP:F9
872F  EA        NOP                             A:01 X:F0 Y:00 P:A5 SP:F9
8730  EA        NOP                             A:01 X:F0 Y:00 P:A5 SP:F9
8731  CA        DEX                             A:01 X:F0 Y:00 P:A5 SP:F9
8732  D0 FB     BNE $872F                       A:01 X:EF Y:00 P:A5 SP:F9
872F  EA        NOP                             A:01 X:EF Y:00 P:A5 SP:F9
8730  EA        NOP                             A:01 X:EF Y:00 P:A5 SP:F9
8731  CA        DEX                             A:01 X:EF Y:00 P:A5 SP:F9
8732  D0 FB     BNE $872F                       A:01 X:EE Y:00 P:A5 SP:F9
872F  EA        NOP                             A:01 X:EE Y:00 P:A5 SP:F9
8730  EA        NOP                             A:01 X:EE Y:00 P:A5 SP:F9
8731  CA        DEX                             A:01 X:EE Y:00 P:A5 SP:F9
8732  D0 FB     BNE $872F                       A:01 X:ED Y:00 P:A5 SP:F9
872F  EA        NOP                             A:01 X:ED Y:00 P:A5 SP:F9
8730  EA        NOP                             A:01 X:ED Y:00 P:A5 SP:F9
8731  CA        DEX                             A:01 X:ED Y:00 P:A5 SP:F9
8732  D0 FB     BNE $872F                       A:01 X:EC Y:00 P:A5 SP:F9
872F  EA        NOP                             A:01 X:EC Y:00 P:A5 SP:F9
8730  EA        NOP                             A:01 X:EC Y:00 P:A5 SP:F9
8731  CA        DEX                             A:01 X:EC Y:00 P:A5 SP:F9
8732  D0 FB     BNE $872F                       A:01 X:EB Y:00 P:A5 SP:F9
872F  EA        NOP                             A:01 X:EB Y:00 P:A5 SP:F9
8730  EA        NOP                             A:01 X:EB Y:00 P:A5 SP:F9
8731  CA        DEX                             A:01 X:EB Y:00 P:A5 SP:F9
8732  D0 FB     BNE $872F                       A:01 X:EA Y:00 P:A5 SP:F9
872F  EA        NOP                             A:01 X:EA Y:00 P:A5 SP:F9
8730  EA        NOP                             A:01 X:EA Y:00 P:A5 SP:F9
8731  CA        DEX                             A:01 X:EA Y:00 P:A5 SP:F9
8732  D0 FB     BNE $872F                       A:01 X:E9 Y:00 P:A5 SP:F9
872F  EA        NOP                             A:01 X:E9 Y:00 P:A5 SP:F9
8730  EA        NOP                             A:01 X:E9 Y:00 P:A5 SP:F9
8731  CA        DEX                             A:01 X:E9 Y:00 P:A5 SP:F9
8732  D0 FB     BNE $872F                       A:01 X:E8 Y:00 P:A5 SP:F9
872F  EA        NOP                             A:01 X:E8 Y:00 P:A5 SP:F9
8730  EA        NOP                             A:01 X:E8 Y:00 P:A5 SP:F9
8731  CA        DEX                             A:01 X:E8 Y:00 P:A5 SP:F9
8732  D0 FB     BNE $872F                       A:01 X:E7 Y:00 P:A5 SP:F9
872F  EA        NOP                             A:01 X:E7 Y:00 P:A5 SP:F9
8730  EA        NOP                             A:01 X:E7 Y:00 P:A5 SP:F9
8731  CA        DEX                             A:01 X:E7 Y:00 P:A5 SP:F9
8732  D0 FB     BNE $872F                       A:01 X:E6 Y:00 P:A5 SP:F9
872F  EA        NOP                             A:01 X:E6 Y:00 P:A5 SP:F9
8730  EA        NOP                             A:01 X:E6 Y:00 P:A5 SP:F9
8731  CA        DEX                             A:01 X:E6 Y:00 P:A5 SP:F9
8732  D0 FB     BNE $872F                       A:01 X:E5 Y:00 P:A5 SP:F9
872F  EA        NOP                             A:01 X:E5 Y:00 P:A5 SP:F9
8730  EA        NOP                             A:01 X:E5 Y:00 P:A5 SP:F9
8731  CA        DEX                             A:01 X:E5 Y:00 P:A5 SP:F9
8732  D0 FB     BNE $872F                       A:01 X:E4 Y:00 P:A5 SP:F9
872F  EA        NOP                             A:01 X:E4 Y:00 P:A5 SP:F9
8730  EA        NOP                             A:01 X:E4 Y:00 P:A5 SP:F9
8731  CA        DEX                             A:01 X:E4 Y:00 P:A5 SP:F9
8732  D0 FB     BNE $872F                       A:01 X:E3 Y:00 P:A5 SP:F9
872F  EA        NOP                             A:01 X:E3 Y:00 P:A5 SP:F9
8730  EA        NOP                             A:01 X:E3 Y:00 P:A5 SP:F9
8731  CA        DEX                             A:01 X:E3 Y:00 P:A5 SP:F9
8732  D0 FB     BNE $872F                       A:01 X:E2 Y:00 P:A5 SP:F9
872F  EA        NOP                             A:01 X:E2 Y:00 P:A5 SP:F9
8730  EA        NOP                             A:01 X:E2 Y:00 P:A5 SP:F9
8731  CA        DEX                             A:01 X:E2 Y:00 P:A5 SP:F9
8732  D0 FB     BNE $872F                       A:01 X:E1 Y:00 P:A5 SP:F9
872F  EA        NOP                             A:01 X:E1 Y:00 P:A5 SP:F9
8730  EA        NOP                             A:01 X:E1 Y:00 P:A5 SP:F9
8731  CA        DEX                             A:01 X:E1 Y:00 P:A5 SP:F9
8732  D0 FB     BNE $872F                       A:01 X:E0 Y:00 P:A5 SP:F9
872F  EA        NOP                             A:01 X:E0 Y:00 P:A5 SP:F9
8730  EA        NOP                             A:01 X:E0 Y:00 P:A5 SP:F9
8731  CA        DEX                             A:01 X:E0 Y:00 P:A5 SP:F9
8732  D0 FB     BNE $872F                       A:01 X:DF Y:00 P:A5 SP:F9
872F  EA        NOP                             A:01 X:DF Y:00 P:A5 SP:F9
8730  EA        NOP                             A:01 X:DF Y:00 P:A5 SP:F9
8731  CA        DEX                             A:01 X:DF Y:00 P:A5 SP:F9
8732  D0 FB     BNE $872F                       A:01 X:DE Y:00 P:A5 SP:F9
872F  EA        NOP                             A:01 X:DE Y:00 P:A5 SP:F9
8730  EA        NOP                             A:01 X:DE Y:00 P:A5 SP:F9
8731  CA        DEX                             A:01 X:DE Y:00 P:A5 SP:F9
8732  D0 FB     BNE $872F                       A:01 X:DD Y:00 P:A5 SP:F9
872F  EA        NOP                             A:01 X:DD Y:00 P:A5 SP:F9
8730  EA        NOP                             A:01 X:DD Y:00 P:A5 SP:F9
8731  CA        DEX                             A:01 X:DD Y:00 P:A5 SP:F9
8732  D0 FB     BNE $872F                       A:01 X:DC Y:00 P:A5 SP:F9
872F  EA        NOP                             A:01 X:DC Y:00 P:A5 SP:F9
8730  EA        NOP                             A:01 X:DC Y:00 P:A5 SP:F9
8731  CA        DEX                             A:01 X:DC Y:00 P:A5 SP:F9
8732  D0 FB     BNE $872F                       A:01 X:DB Y:00 P:A5 SP:F9
872F  EA        NOP                             A:01 X:DB Y:00 P:A5 SP:F9
8730  EA        NOP                             A:01 X:DB Y:00 P:A5 SP:F9
8731  CA        DEX                             A:01 X:DB Y:00 P:A5 SP:F9
8732  D0 FB     BNE $872F                       A:01 X:DA Y:00 P:A5 SP:F9
872F  EA        NOP                             A:01 X:DA Y:00 P:A5 SP:F9
8730  EA        NOP                             A:01 X:DA Y:00 P:A5 SP:F9
8731  CA        DEX                             A:01 X:DA Y:00 P:A5 SP:F9
8732  D0 FB     BNE $872F                       A:01 X:D9 Y:00 P:A5 SP:F9
872F  EA        NOP                             A:01 X:D9 Y:00 P:A5 SP:F9
8730  EA        NOP                             A:01 X:D9 Y:00 P:A5 SP:F9
8731  CA        DEX                             A:01 X:D9 Y:00 P:A5 SP:F9
8732  D0 FB     BNE $872F                       A:01 X:D8 Y:00 P:A5 SP:F9
872F  EA        NOP                             A:01 X:D8 Y:00 P:A5 SP:F9
8730  EA        NOP                             A:01 X:D8 Y:00 P:A5 SP:F9
8731  CA        DEX                             A:01 X:D8 Y:00 P:A5 SP:F9
8732  D0 FB     BNE $872F                       A:01 X:D7 Y:00 P:A5 SP:F9
872F  EA        NOP                             A:01 X:D7 Y:00 P:A5 SP:F9
8730  EA        NOP                             A:01 X:D7 Y:00 P:A5 SP:F9
8731  CA        DEX                             A:01 X:D7 Y:00 P:A5 SP:F9
8732  D0 FB     BNE $872F                       A:01 X:D6 Y:00 P:A5 SP:F9
872F  EA        NOP                             A:01 X:D6 Y:00 P:A5 SP:F9
8730  EA        NOP                             A:01 X:D6 Y:00 P:A5 SP:F9
8731  CA        DEX                             A:01 X:D6 Y:00 P:A5 SP:F9
8732  D0 FB     BNE $872F                       A:01 X:D5 Y:00 P:A5 SP:F9
872F  EA        NOP                             A:01 X:D5 Y:00 P:A5 SP:F9
8730  EA        NOP                             A:01 X:D5 Y:00 P:A5 SP:F9
8731  CA        DEX                             A:01 X:D5 Y:00 P:A5 SP:F9
8732  D0 FB     BNE $872F                       A:01 X:D4 Y:00 P:A5 SP:F9
872F  EA        NOP                             A:01 X:D4 Y:00 P:A5 SP:F9
8730  EA        NOP                             A:01 X:D4 Y:00 P:A5 SP:F9
8731  CA        DEX                             A:01 X:D4 Y:00 P:A5 SP:F9
8732  D0 FB     BNE $872F                       A:01 X:D3 Y:00 P:A5 SP:F9
872F  EA        NOP                             A:01 X:D3 Y:00 P:A5 SP:F9
8730  EA        NOP                             A:01 X:D3 Y:00 P:A5 SP:F9
8731  CA        DEX                             A:01 X:D3 Y:00 P:A5 SP:F9
8732  D0 FB     BNE $872F                       A:01 X:D2 Y:00 P:A5 SP:F9
872F  EA        NOP                             A:01 X:D2 Y:00 P:A5 SP:F9
8730  EA        NOP                             A:01 X:D2 Y:00 P:A5 SP:F9
8731  CA        DEX                             A:01 X:D2 Y:00 P:A5 SP:F9
8732  D0 FB     BNE $872F                       A:01 X:D1 Y:00 P:A5 SP:F9
872F  EA        NOP                             A:01 X:D1 Y:00 P:A5 SP:F9
8730  EA        NOP                             A:01 X:D1 Y:00 P:A5 SP:F9
8731  CA        DEX                             A:01 X:D1 Y:00 P:A5 SP:F9
8732  D0 FB     BNE $872F                       A:01 X:D0 Y:00 P:A5 SP:F9
872F  EA        NOP                             A:01 X:D0 Y:00 P:A5 SP:F9
8730  EA        NOP                             A:01 X:D0 Y:00 P:A5 SP:F9
8731  CA        DEX                             A:01 X:D0 Y:00 P:A5 SP:F9
8732  D0 FB     BNE $872F                       A:01 X:CF Y:00 P:A5 SP:F9
872F  EA        NOP                             A:01 X:CF Y:00 P:A5 SP:F9
8730  EA        NOP                             A:01 X:CF Y:00 P:A5 SP:F9
8731  CA        DEX                             A:01 X:CF Y:00 P:A5 SP:F9
8732  D0 FB     BNE $872F                       A:01 X:CE Y:00 P:A5 SP:F9
872F  EA        NOP                             A:01 X:CE Y:00 P:A5 SP:F9
8730  EA        NOP                             A:01 X:CE Y:00 P:A5 SP:F9
8731  CA        DEX                             A:01 X:CE Y:00 P:A5 SP:F9
8732  D0 FB     BNE $872F                       A:01 X:CD Y:00 P:A5 SP:F9
872F  EA        NOP                             A:01 X:CD Y:00 P:A5 SP:F9
8730  EA        NOP                             A:01 X:CD Y:00 P:A5 SP:F9
8731  CA        DEX                             A:01 X:CD Y:00 P:A5 SP:F9
8732  D0 FB     BNE $872F                       A:01 X:CC Y:00 P:A5 SP:F9
872F  EA        NOP                             A:01 X:CC Y:00 P:A5 SP:F9
8730  EA        NOP                             A:01 X:CC Y:00 P:A5 SP:F9
8731  CA        DEX                             A:01 X:CC Y:00 P:A5 SP:F9
8732  D0 FB     BNE $872F                       A:01 X:CB Y:00 P:A5 SP:F9
872F  EA        NOP                             A:01 X:CB Y:00 P:A5 SP:F9
8730  EA        NOP                             A:01 X:CB Y:00 P:A5 SP:F9
8731  CA        DEX                             A:01 X:CB Y:00 P:A5 SP:F9
8732  D0 FB     BNE $872F                       A:01 X:CA Y:00 P:A5 SP:F9
872F  EA        NOP                             A:01 X:CA Y:00 P:A5 SP:F9
8730  EA        NOP                             A:01 X:CA Y:00 P:A5 SP:F9
8731  CA        DEX                             A:01 X:CA Y:00 P:A5 SP:F9
8732  D0 FB     BNE $872F                       A:01 X:C9 Y:00 P:A5 SP:F9
872F  EA        NOP                             A:01 X:C9 Y:00 P:A5 SP:F9
8730  EA        NOP                             A:01 X:C9 Y:00 P:A5 SP:F9
8731  CA        DEX                             A:01 X:C9 Y:00 P:A5 SP:F9
8732  D0 FB     BNE $872F                       A:01 X:C8 Y:00 P:A5 SP:F9
872F  EA        NOP                             A:01 X:C8 Y:00 P:A5 SP:F9
8730  EA        NOP                             A:01 X:C8 Y:00 P:A5 SP:F9
8731  CA        DEX                             A:01 X:C8 Y:00 P:A5 SP:F9
8732  D0 FB     BNE $872F                       A:01 X:C7 Y:00 P:A5 SP:F9
872F  EA        NOP                             A:01 X:C7 Y:00 P:A5 SP:F9
8730  EA        NOP                             A:01 X:C7 Y:00 P:A5 SP:F9
8731  CA        DEX                             A:01 X:C7 Y:00 P:A5 SP:F9
8732  D0 FB     BNE $872F                       A:01 X:C6 Y:00 P:A5 SP:F9
872F  EA        NOP                             A:01 X:C6 Y:00 P:A5 SP:F9
8730  EA        NOP                             A:01 X:C6 Y:00 P:A5 SP:F9
8731  CA        DEX                             A:01 X:C6 Y:00 P:A5 SP:F9
8732  D0 FB     BNE $872F                       A:01 X:C5 Y:00 P:A5 SP:F9
872F  EA        NOP                             A:01 X:C5 Y:00 P:A5 SP:F9
8730  EA        NOP                             A:01 X:C5 Y:00 P:A5 SP:F9
8731  CA        DEX                             A:01 X:C5 Y:00 P:A5 SP:F9
8732  D0 FB     BNE $872F                       A:01 X:C4 Y:00 P:A5 SP:F9
872F  EA        NOP                             A:01 X:C4 Y:00 P:A5 SP:F9
8730  EA        NOP                             A:01 X:C4 Y:00 P:A5 SP:F9
8731  CA        DEX                             A:01 X:C4 Y:00 P:A5 SP:F9
8732  D0 FB     BNE $872F                       A:01 X:C3 Y:00 P:A5 SP:F9
872F  EA        NOP                             A:01 X:C3 Y:00 P:A5 SP:F9
8730  EA        NOP                             A:01 X:C3 Y:00 P:A5 SP:F9
8731  CA        DEX                             A:01 X:C3 Y:00 P:A5 SP:F9
8732  D0 FB     BNE $872F                       A:01 X:C2 Y:00 P:A5 SP:F9
872F  EA        NOP                             A:01 X:C2 Y:00 P:A5 SP:F9
8730  EA        NOP                             A:01 X:C2 Y:00 P:A5 SP:F9
8731  CA        DEX                             A:01 X:C2 Y:00 P:A5 SP:F9
8732  D0 FB     BNE $872F                       A:01 X:C1 Y:00 P:A5 SP:F9
872F  EA        NOP                             A:01 X:C1 Y:00 P:A5 SP:F9
8730  EA        NOP                             A:01 X:C1 Y:00 P:A5 SP:F9
8731  CA        DEX                             A:01 X:C1 Y:00 P:A5 SP:F9
8732  D0 FB     BNE $872F                       A:01 X:C0 Y:00 P:A5 SP:F9
872F  EA        NOP                             A:01 X:C0 Y:00 P:A5 SP:F9
8730  EA        NOP                             A:01 X:C0 Y:00 P:A5 SP:F9
8731  CA        DEX                             A:01 X:C0 Y:00 P:A5 SP:F9
8732  D0 FB     BNE $872F                       A:01 X:BF Y:00 P:A5 SP:F9
872F  EA        NOP                             A:01 X:BF Y:00 P:A5 SP:F9
8730  EA        NOP                             A:01 X:BF Y:00 P:A5 SP:F9
8731  CA        DEX                             A:01 X:BF Y:00 P:A5 SP:F9
8732  D0 FB     BNE $872F                       A:01 X:BE Y:00 P:A5 SP:F9
872F  EA        NOP                             A:01 X:BE Y:00 P:A5 SP:F9
8730  EA        NOP                             A:01 X:BE Y:00 P:A5 SP:F9
8731  CA        DEX                             A:01 X:BE Y:00 P:A5 SP:F9
8732  D0 FB     BNE $872F                       A:01 X:BD Y:00 P:A5 SP:F9
872F  EA        NOP                             A:01 X:BD Y:00 P:A5 SP:F9
8730  EA        NOP                             A:01 X:BD Y:00 P:A5 SP:F9
8731  CA        DEX                             A:01 X:BD Y:00 P:A5 SP:F9
8732  D0 FB     BNE $872F                       A:01 X:BC Y:00 P:A5 SP:F9
872F  EA        NOP                             A:01 X:BC Y:00 P:A5 SP:F9
8730  EA        NOP                             A:01 X:BC Y:00 P:A5 SP:F9
8731  CA        DEX                             A:01 X:BC Y:00 P:A5 SP:F9
8732  D0 FB     BNE $872F                       A:01 X:BB Y:00 P:A5 SP:F9
872F  EA        NOP                             A:01 X:BB Y:00 P:A5 SP:F9
8730  EA        NOP                             A:01 X:BB Y:00 P:A5 SP:F9
8731  CA        DEX                             A:01 X:BB Y:00 P:A5 SP:F9
8732  D0 FB     BNE $872F                       A:01 X:BA Y:00 P:A5 SP:F9
872F  EA        NOP                             A:01 X:BA Y:00 P:A5 SP:F9
8730  EA        NOP                             A:01 X:BA Y:00 P:A5 SP:F9
8731  CA        DEX                             A:01 X:BA Y:00 P:A5 SP:F9
8732  D0 FB     BNE $872F                       A:01 X:B9 Y:00 P:A5 SP:F9
872F  EA        NOP                             A:01 X:B9 Y:00 P:A5 SP:F9
8730  EA        NOP                             A:01 X:B9 Y:00 P:A5 SP:F9
8731  CA        DEX                             A:01 X:B9 Y:00 P:A5 SP:F9
8732  D0 FB     BNE $872F                       A:01 X:B8 Y:00 P:A5 SP:F9
872F  EA        NOP                             A:01 X:B8 Y:00 P:A5 SP:F9
8730  EA        NOP                             A:01 X:B8 Y:00 P:A5 SP:F9
8731  CA        DEX                             A:01 X:B8 Y:00 P:A5 SP:F9
8732  D0 FB     BNE $872F                       A:01 X:B7 Y:00 P:A5 SP:F9
872F  EA        NOP                             A:01 X:B7 Y:00 P:A5 SP:F9
8730  EA        NOP                             A:01 X:B7 Y:00 P:A5 SP:F9
8731  CA        DEX                             A:01 X:B7 Y:00 P:A5 SP:F9
8732  D0 FB     BNE $872F                       A:01 X:B6 Y:00 P:A5 SP:F9
872F  EA        NOP                             A:01 X:B6 Y:00 P:A5 SP:F9
8730  EA        NOP                             A:01 X:B6 Y:00 P:A5 SP:F9
8731  CA        DEX                             A:01 X:B6 Y:00 P:A5 SP:F9
8732  D0 FB     BNE $872F                       A:01 X:B5 Y:00 P:A5 SP:F9
872F  EA        NOP                             A:01 X:B5 Y:00 P:A5 SP:F9
8730  EA        NOP                             A:01 X:B5 Y:00 P:A5 SP:F9
8731  CA        DEX                             A:01 X:B5 Y:00 P:A5 SP:F9
8732  D0 FB     BNE $872F                       A:01 X:B4 Y:00 P:A5 SP:F9
872F  EA        NOP                             A:01 X:B4 Y:00 P:A5 SP:F9
8730  EA        NOP                             A:01 X:B4 Y:00 P:A5 SP:F9
8731  CA        DEX                             A:01 X:B4 Y:00 P:A5 SP:F9
8732  D0 FB     BNE $872F                       A:01 X:B3 Y:00 P:A5 SP:F9
872F  EA        NOP                             A:01 X:B3 Y:00 P:A5 SP:F9
8730  EA        NOP                             A:01 X:B3 Y:00 P:A5 SP:F9
8731  CA        DEX                             A:01 X:B3 Y:00 P:A5 SP:F9
8732  D0 FB     BNE $872F                       A:01 X:B2 Y:00 P:A5 SP:F9
872F  EA        NOP                             A:01 X:B2 Y:00 P:A5 SP:F9
8730  EA        NOP                             A:01 X:B2 Y:00 P:A5 SP:F9
8731  CA        DEX                             A:01 X:B2 Y:00 P:A5 SP:F9
8732  D0 FB     BNE $872F                       A:01 X:B1 Y:00 P:A5 SP:F9
872F  EA        NOP                             A:01 X:B1 Y:00 P:A5 SP:F9
8730  EA        NOP                             A:01 X:B1 Y:00 P:A5 SP:F9
8731  CA        DEX                             A:01 X:B1 Y:00 P:A5 SP:F9
8732  D0 FB     BNE $872F                       A:01 X:B0 Y:00 P:A5 SP:F9
872F  EA        NOP                             A:01 X:B0 Y:00 P:A5 SP:F9
8730  EA        NOP                             A:01 X:B0 Y:00 P:A5 SP:F9
8731  CA        DEX                             A:01 X:B0 Y:00 P:A5 SP:F9
8732  D0 FB     BNE $872F                       A:01 X:AF Y:00 P:A5 SP:F9
872F  EA        NOP                             A:01 X:AF Y:00 P:A5 SP:F9
8730  EA        NOP                             A:01 X:AF Y:00 P:A5 SP:F9
8731  CA        DEX                             A:01 X:AF Y:00 P:A5 SP:F9
8732  D0 FB     BNE $872F                       A:01 X:AE Y:00 P:A5 SP:F9
872F  EA        NOP                             A:01 X:AE Y:00 P:A5 SP:F9
8730  EA        NOP                             A:01 X:AE Y:00 P:A5 SP:F9
8731  CA        DEX                             A:01 X:AE Y:00 P:A5 SP:F9
8732  D0 FB     BNE $872F                       A:01 X:AD Y:00 P:A5 SP:F9
872F  EA        NOP                             A:01 X:AD Y:00 P:A5 SP:F9
8730  EA        NOP                             A:01 X:AD Y:00 P:A5 SP:F9
8731  CA        DEX                             A:01 X:AD Y:00 P:A5 SP:F9
8732  D0 FB     BNE $872F                       A:01 X:AC Y:00 P:A5 SP:F9
872F  EA        NOP                             A:01 X:AC Y:00 P:A5 SP:F9
8730  EA        NOP                             A:01 X:AC Y:00 P:A5 SP:F9
8731  CA        DEX                             A:01 X:AC Y:00 P:A5 SP:F9
8732  D0 FB     BNE $872F                       A:01 X:AB Y:00 P:A5 SP:F9
872F  EA        NOP                             A:01 X:AB Y:00 P:A5 SP:F9
8730  EA        NOP                             A:01 X:AB Y:00 P:A5 SP:F9
8731  CA        DEX                             A:01 X:AB Y:00 P:A5 SP:F9
8732  D0 FB     BNE $872F                       A:01 X:AA Y:00 P:A5 SP:F9
872F  EA        NOP                             A:01 X:AA Y:00 P:A5 SP:F9
8730  EA        NOP                             A:01 X:AA Y:00 P:A5 SP:F9
8731  CA        DEX                             A:01 X:AA Y:00 P:A5 SP:F9
8732  D0 FB     BNE $872F                       A:01 X:A9 Y:00 P:A5 SP:F9
872F  EA        NOP                             A:01 X:A9 Y:00 P:A5 SP:F9
8730  EA        NOP                             A:01 X:A9 Y:00 P:A5 SP:F9
8731  CA        DEX                             A:01 X:A9 Y:00 P:A5 SP:F9
8732  D0 FB     BNE $872F                       A:01 X:A8 Y:00 P:A5 SP:F9
872F  EA        NOP                             A:01 X:A8 Y:00 P:A5 SP:F9
8730  EA        NOP                             A:01 X:A8 Y:00 P:A5 SP:F9
8731  CA        DEX                             A:01 X:A8 Y:00 P:A5 SP:F9
8732  D0 FB     BNE $872F                       A:01 X:A7 Y:00 P:A5 SP:F9
872F  EA        NOP                             A:01 X:A7 Y:00 P:A5 SP:F9
8730  EA        NOP                             A:01 X:A7 Y:00 P:A5 SP:F9
8731  CA        DEX                             A:01 X:A7 Y:00 P:A5 SP:F9
8732  D0 FB     BNE $872F                       A:01 X:A6 Y:00 P:A5 SP:F9
872F  EA        NOP                             A:01 X:A6 Y:00 P:A5 SP:F9
8730  EA        NOP                             A:01 X:A6 Y:00 P:A5 SP:F9
8731  CA        DEX                             A:01 X:A6 Y:00 P:A5 SP:F9
8732  D0 FB     BNE $872F                       A:01 X:A5 Y:00 P:A5 SP:F9
872F  EA        NOP                             A:01 X:A5 Y:00 P:A5 SP:F9
8730  EA        NOP                             A:01 X:A5 Y:00 P:A5 SP:F9
8731  CA        DEX                             A:01 X:A5 Y:00 P:A5 SP:F9
8732  D0 FB     BNE $872F                       A:01 X:A4 Y:00 P:A5 SP:F9
872F  EA        NOP                             A:01 X:A4 Y:00 P:A5 SP:F9
8730  EA        NOP                             A:01 X:A4 Y:00 P:A5 SP:F9
8731  CA        DEX                             A:01 X:A4 Y:00 P:A5 SP:F9
8732  D0 FB     BNE $872F                       A:01 X:A3 Y:00 P:A5 SP:F9
872F  EA        NOP                             A:01 X:A3 Y:00 P:A5 SP:F9
8730  EA        NOP                             A:01 X:A3 Y:00 P:A5 SP:F9
8731  CA        DEX                             A:01 X:A3 Y:00 P:A5 SP:F9
8732  D0 FB     BNE $872F                       A:01 X:A2 Y:00 P:A5 SP:F9
872F  EA        NOP                             A:01 X:A2 Y:00 P:A5 SP:F9
8730  EA        NOP                             A:01 X:A2 Y:00 P:A5 SP:F9
8731  CA        DEX                             A:01 X:A2 Y:00 P:A5 SP:F9
8732  D0 FB     BNE $872F                       A:01 X:A1 Y:00 P:A5 SP:F9
872F  EA        NOP                             A:01 X:A1 Y:00 P:A5 SP:F9
8730  EA        NOP                             A:01 X:A1 Y:00 P:A5 SP:F9
8731  CA        DEX                             A:01 X:A1 Y:00 P:A5 SP:F9
8732  D0 FB     BNE $872F                       A:01 X:A0 Y:00 P:A5 SP:F9
872F  EA        NOP                             A:01 X:A0 Y:00 P:A5 SP:F9
8730  EA        NOP                             A:01 X:A0 Y:00 P:A5 SP:F9
8731  CA        DEX                             A:01 X:A0 Y:00 P:A5 SP:F9
8732  D0 FB     BNE $872F                       A:01 X:9F Y:00 P:A5 SP:F9
872F  EA        NOP                             A:01 X:9F Y:00 P:A5 SP:F9
8730  EA        NOP                             A:01 X:9F Y:00 P:A5 SP:F9
8731  CA        DEX                             A:01 X:9F Y:00 P:A5 SP:F9
8732  D0 FB     BNE $872F                       A:01 X:9E Y:00 P:A5 SP:F9
872F  EA        NOP                             A:01 X:9E Y:00 P:A5 SP:F9
8730  EA        NOP                             A:01 X:9E Y:00 P:A5 SP:F9
8731  CA        DEX                             A:01 X:9E Y:00 P:A5 SP:F9
8732  D0 FB     BNE $872F                       A:01 X:9D Y:00 P:A5 SP:F9
872F  EA        NOP                             A:01 X:9D Y:00 P:A5 SP:F9
8730  EA        NOP                             A:01 X:9D Y:00 P:A5 SP:F9
8731  CA        DEX                             A:01 X:9D Y:00 P:A5 SP:F9
8732  D0 FB     BNE $872F                       A:01 X:9C Y:00 P:A5 SP:F9
872F  EA        NOP                             A:01 X:9C Y:00 P:A5 SP:F9
8730  EA        NOP                             A:01 X:9C Y:00 P:A5 SP:F9
8731  CA        DEX                             A:01 X:9C Y:00 P:A5 SP:F9
8732  D0 FB     BNE $872F                       A:01 X:9B Y:00 P:A5 SP:F9
872F  EA        NOP                             A:01 X:9B Y:00 P:A5 SP:F9
8730  EA        NOP                             A:01 X:9B Y:00 P:A5 SP:F9
8731  CA        DEX                             A:01 X:9B Y:00 P:A5 SP:F9
8732  D0 FB     BNE $872F                       A:01 X:9A Y:00 P:A5 SP:F9
872F  EA        NOP                             A:01 X:9A Y:00 P:A5 SP:F9
8730  EA        NOP                             A:01 X:9A Y:00 P:A5 SP:F9
8731  CA        DEX                             A:01 X:9A Y:00 P:A5 SP:F9
8732  D0 FB     BNE $872F                       A:01 X:99 Y:00 P:A5 SP:F9
872F  EA        NOP                             A:01 X:99 Y:00 P:A5 SP:F9
8730  EA        NOP                             A:01 X:99 Y:00 P:A5 SP:F9
8731  CA        DEX                             A:01 X:99 Y:00 P:A5 SP:F9
8732  D0 FB     BNE $872F                       A:01 X:98 Y:00 P:A5 SP:F9
872F  EA        NOP                             A:01 X:98 Y:00 P:A5 SP:F9
8730  EA        NOP                             A:01 X:98 Y:00 P:A5 SP:F9
8731  CA        DEX                             A:01 X:98 Y:00 P:A5 SP:F9
8732  D0 FB     BNE $872F                       A:01 X:97 Y:00 P:A5 SP:F9
872F  EA        NOP                             A:01 X:97 Y:00 P:A5 SP:F9
8730  EA        NOP                             A:01 X:97 Y:00 P:A5 SP:F9
8731  CA        DEX                             A:01 X:97 Y:00 P:A5 SP:F9
8732  D0 FB     BNE $872F                       A:01 X:96 Y:00 P:A5 SP:F9
872F  EA        NOP                             A:01 X:96 Y:00 P:A5 SP:F9
8730  EA        NOP                             A:01 X:96 Y:00 P:A5 SP:F9
8731  CA        DEX                             A:01 X:96 Y:00 P:A5 SP:F9
8732  D0 FB     BNE $872F                       A:01 X:95 Y:00 P:A5 SP:F9
872F  EA        NOP                             A:01 X:95 Y:00 P:A5 SP:F9
8730  EA        NOP                             A:01 X:95 Y:00 P:A5 SP:F9
8731  CA        DEX                             A:01 X:95 Y:00 P:A5 SP:F9
8732  D0 FB     BNE $872F                       A:01 X:94 Y:00 P:A5 SP:F9
872F  EA        NOP                             A:01 X:94 Y:00 P:A5 SP:F9
8730  EA        NOP                             A:01 X:94 Y:00 P:A5 SP:F9
8731  CA        DEX                             A:01 X:94 Y:00 P:A5 SP:F9
8732  D0 FB     BNE $872F                       A:01 X:93 Y:00 P:A5 SP:F9
872F  EA        NOP                             A:01 X:93 Y:00 P:A5 SP:F9
8730  EA        NOP                             A:01 X:93 Y:00 P:A5 SP:F9
8731  CA        DEX                             A:01 X:93 Y:00 P:A5 SP:F9
8732  D0 FB     BNE $872F                       A:01 X:92 Y:00 P:A5 SP:F9
872F  EA        NOP                             A:01 X:92 Y:00 P:A5 SP:F9
8730  EA        NOP                             A:01 X:92 Y:00 P:A5 SP:F9
8731  CA        DEX                             A:01 X:92 Y:00 P:A5 SP:F9
8732  D0 FB     BNE $872F                       A:01 X:91 Y:00 P:A5 SP:F9
872F  EA        NOP                             A:01 X:91 Y:00 P:A5 SP:F9
8730  EA        NOP                             A:01 X:91 Y:00 P:A5 SP:F9
8731  CA        DEX                             A:01 X:91 Y:00 P:A5 SP:F9
8732  D0 FB     BNE $872F                       A:01 X:90 Y:00 P:A5 SP:F9
872F  EA        NOP                             A:01 X:90 Y:00 P:A5 SP:F9
8730  EA        NOP                             A:01 X:90 Y:00 P:A5 SP:F9
8731  CA        DEX                             A:01 X:90 Y:00 P:A5 SP:F9
8732  D0 FB     BNE $872F                       A:01 X:8F Y:00 P:A5 SP:F9
872F  EA        NOP                             A:01 X:8F Y:00 P:A5 SP:F9
8730  EA        NOP                             A:01 X:8F Y:00 P:A5 SP:F9
8731  CA        DEX                             A:01 X:8F Y:00 P:A5 SP:F9
8732  D0 FB     BNE $872F                       A:01 X:8E Y:00 P:A5 SP:F9
872F  EA        NOP                             A:01 X:8E Y:00 P:A5 SP:F9
8730  EA        NOP                             A:01 X:8E Y:00 P:A5 SP:F9
8731  CA        DEX                             A:01 X:8E Y:00 P:A5 SP:F9
8732  D0 FB     BNE $872F                       A:01 X:8D Y:00 P:A5 SP:F9
872F  EA        NOP                             A:01 X:8D Y:00 P:A5 SP:F9
8730  EA        NOP                             A:01 X:8D Y:00 P:A5 SP:F9
8731  CA        DEX                             A:01 X:8D Y:00 P:A5 SP:F9
8732  D0 FB     BNE $872F                       A:01 X:8C Y:00 P:A5 SP:F9
872F  EA        NOP                             A:01 X:8C Y:00 P:A5 SP:F9
8730  EA        NOP                             A:01 X:8C Y:00 P:A5 SP:F9
8731  CA        DEX                             A:01 X:8C Y:00 P:A5 SP:F9
8732  D0 FB     BNE $872F                       A:01 X:8B Y:00 P:A5 SP:F9
872F  EA        NOP                             A:01 X:8B Y:00 P:A5 SP:F9
8730  EA        NOP                             A:01 X:8B Y:00 P:A5 SP:F9
8731  CA        DEX                             A:01 X:8B Y:00 P:A5 SP:F9
8732  D0 FB     BNE $872F                       A:01 X:8A Y:00 P:A5 SP:F9
872F  EA        NOP                             A:01 X:8A Y:00 P:A5 SP:F9
8730  EA        NOP                             A:01 X:8A Y:00 P:A5 SP:F9
8731  CA        DEX                             A:01 X:8A Y:00 P:A5 SP:F9
8732  D0 FB     BNE $872F                       A:01 X:89 Y:00 P:A5 SP:F9
872F  EA        NOP                             A:01 X:89 Y:00 P:A5 SP:F9
8730  EA        NOP                             A:01 X:89 Y:00 P:A5 SP:F9
8731  CA        DEX                             A:01 X:89 Y:00 P:A5 SP:F9
8732  D0 FB     BNE $872F                       A:01 X:88 Y:00 P:A5 SP:F9
872F  EA        NOP                             A:01 X:88 Y:00 P:A5 SP:F9
8730  EA        NOP                             A:01 X:88 Y:00 P:A5 SP:F9
8731  CA        DEX                             A:01 X:88 Y:00 P:A5 SP:F9
8732  D0 FB     BNE $872F                       A:01 X:87 Y:00 P:A5 SP:F9
872F  EA        NOP                             A:01 X:87 Y:00 P:A5 SP:F9
8730  EA        NOP                             A:01 X:87 Y:00 P:A5 SP:F9
8731  CA        DEX                             A:01 X:87 Y:00 P:A5 SP:F9
8732  D0 FB     BNE $872F                       A:01 X:86 Y:00 P:A5 SP:F9
872F  EA        NOP                             A:01 X:86 Y:00 P:A5 SP:F9
8730  EA        NOP                             A:01 X:86 Y:00 P:A5 SP:F9
8731  CA        DEX                             A:01 X:86 Y:00 P:A5 SP:F9
8732  D0 FB     BNE $872F                       A:01 X:85 Y:00 P:A5 SP:F9
872F  EA        NOP                             A:01 X:85 Y:00 P:A5 SP:F9
8730  EA        NOP                             A:01 X:85 Y:00 P:A5 SP:F9
8731  CA        DEX                             A:01 X:85 Y:00 P:A5 SP:F9
8732  D0 FB     BNE $872F                       A:01 X:84 Y:00 P:A5 SP:F9
872F  EA        NOP                             A:01 X:84 Y:00 P:A5 SP:F9
8730  EA        NOP                             A:01 X:84 Y:00 P:A5 SP:F9
8731  CA        DEX                             A:01 X:84 Y:00 P:A5 SP:F9
8732  D0 FB     BNE $872F                       A:01 X:83 Y:00 P:A5 SP:F9
872F  EA        NOP                             A:01 X:83 Y:00 P:A5 SP:F9
8730  EA        NOP                             A:01 X:83 Y:00 P:A5 SP:F9
8731  CA        DEX                             A:01 X:83 Y:00 P:A5 SP:F9
8732  D0 FB     BNE $872F                       A:01 X:82 Y:00 P:A5 SP:F9
872F  EA        NOP                             A:01 X:82 Y:00 P:A5 SP:F9
8730  EA        NOP                             A:01 X:82 Y:00 P:A5 SP:F9
8731  CA        DEX                             A:01 X:82 Y:00 P:A5 SP:F9
8732  D0 FB     BNE $872F                       A:01 X:81 Y:00 P:A5 SP:F9
872F  EA        NOP                             A:01 X:81 Y:00 P:A5 SP:F9
8730  EA        NOP                             A:01 X:81 Y:00 P:A5 SP:F9
8731  CA        DEX                             A:01 X:81 Y:00 P:A5 SP:F9
8732  D0 FB     BNE $872F                       A:01 X:80 Y:00 P:A5 SP:F9
872F  EA        NOP                             A:01 X:80 Y:00 P:A5 SP:F9
8730  EA        NOP                             A:01 X:80 Y:00 P:A5 SP:F9
8731  CA        DEX                             A:01 X:80 Y:00 P:A5 SP:F9
8732  D0 FB     BNE $872F                       A:01 X:7F Y:00 P:25 SP:F9
872F  EA        NOP                             A:01 X:7F Y:00 P:25 SP:F9
8730  EA        NOP                             A:01 X:7F Y:00 P:25 SP:F9
8731  CA        DEX                             A:01 X:7F Y:00 P:25 SP:F9
8732  D0 FB     BNE $872F                       A:01 X:7E Y:00 P:25 SP:F9
872F  EA        NOP                             A:01 X:7E Y:00 P:25 SP:F9
8730  EA        NOP                             A:01 X:7E Y:00 P:25 SP:F9
8731  CA        DEX                             A:01 X:7E Y:00 P:25 SP:F9
8732  D0 FB     BNE $872F                       A:01 X:7D Y:00 P:25 SP:F9
872F  EA        NOP                             A:01 X:7D Y:00 P:25 SP:F9
8730  EA        NOP                             A:01 X:7D Y:00 P:25 SP:F9
8731  CA        DEX                             A:01 X:7D Y:00 P:25 SP:F9
8732  D0 FB     BNE $872F                       A:01 X:7C Y:00 P:25 SP:F9
872F  EA        NOP                             A:01 X:7C Y:00 P:25 SP:F9
8730  EA        NOP                             A:01 X:7C Y:00 P:25 SP:F9
8731  CA        DEX                             A:01 X:7C Y:00 P:25 SP:F9
8732  D0 FB     BNE $872F                       A:01 X:7B Y:00 P:25 SP:F9
872F  EA        NOP                             A:01 X:7B Y:00 P:25 SP:F9
8730  EA        NOP                             A:01 X:7B Y:00 P:25 SP:F9
8731  CA        DEX                             A:01 X:7B Y:00 P:25 SP:F9
8732  D0 FB     BNE $872F                       A:01 X:7A Y:00 P:25 SP:F9
872F  EA        NOP                             A:01 X:7A Y:00 P:25 SP:F9
8730  EA        NOP                             A:01 X:7A Y:00 P:25 SP:F9
8731  CA        DEX                             A:01 X:7A Y:00 P:25 SP:F9
8732  D0 FB     BNE $872F                       A:01 X:79 Y:00 P:25 SP:F9
872F  EA        NOP                             A:01 X:79 Y:00 P:25 SP:F9
8730  EA        NOP                             A:01 X:79 Y:00 P:25 SP:F9
8731  CA        DEX                             A:01 X:79 Y:00 P:25 SP:F9
8732  D0 FB     BNE $872F                       A:01 X:78 Y:00 P:25 SP:F9
872F  EA        NOP                             A:01 X:78 Y:00 P:25 SP:F9
8730  EA        NOP                             A:01 X:78 Y:00 P:25 SP:F9
8731  CA        DEX                             A:01 X:78 Y:00 P:25 SP:F9
8732  D0 FB     BNE $872F                       A:01 X:77 Y:00 P:25 SP:F9
872F  EA        NOP                             A:01 X:77 Y:00 P:25 SP:F9
8730  EA        NOP                             A:01 X:77 Y:00 P:25 SP:F9
8731  CA        DEX                             A:01 X:77 Y:00 P:25 SP:F9
8732  D0 FB     BNE $872F                       A:01 X:76 Y:00 P:25 SP:F9
872F  EA        NOP                             A:01 X:76 Y:00 P:25 SP:F9
8730  EA        NOP                             A:01 X:76 Y:00 P:25 SP:F9
8731  CA        DEX                             A:01 X:76 Y:00 P:25 SP:F9
8732  D0 FB     BNE $872F                       A:01 X:75 Y:00 P:25 SP:F9
872F  EA        NOP                             A:01 X:75 Y:00 P:25 SP:F9
8730  EA        NOP                             A:01 X:75 Y:00 P:25 SP:F9
8731  CA        DEX                             A:01 X:75 Y:00 P:25 SP:F9
8732  D0 FB     BNE $872F                       A:01 X:74 Y:00 P:25 SP:F9
872F  EA        NOP                             A:01 X:74 Y:00 P:25 SP:F9
8730  EA        NOP                             A:01 X:74 Y:00 P:25 SP:F9
8731  CA        DEX                             A:01 X:74 Y:00 P:25 SP:F9
8732  D0 FB     BNE $872F                       A:01 X:73 Y:00 P:25 SP:F9
872F  EA        NOP                             A:01 X:73 Y:00 P:25 SP:F9
8730  EA        NOP                             A:01 X:73 Y:00 P:25 SP:F9
8731  CA        DEX                             A:01 X:73 Y:00 P:25 SP:F9
8732  D0 FB     BNE $872F                       A:01 X:72 Y:00 P:25 SP:F9
872F  EA        NOP                             A:01 X:72 Y:00 P:25 SP:F9
8730  EA        NOP                             A:01 X:72 Y:00 P:25 SP:F9
8731  CA        DEX                             A:01 X:72 Y:00 P:25 SP:F9
8732  D0 FB     BNE $872F                       A:01 X:71 Y:00 P:25 SP:F9
872F  EA        NOP                             A:01 X:71 Y:00 P:25 SP:F9
8730  EA        NOP                             A:01 X:71 Y:00 P:25 SP:F9
8731  CA        DEX                             A:01 X:71 Y:00 P:25 SP:F9
8732  D0 FB     BNE $872F                       A:01 X:70 Y:00 P:25 SP:F9
872F  EA        NOP                             A:01 X:70 Y:00 P:25 SP:F9
8730  EA        NOP                             A:01 X:70 Y:00 P:25 SP:F9
8731  CA        DEX                             A:01 X:70 Y:00 P:25 SP:F9
8732  D0 FB     BNE $872F                       A:01 X:6F Y:00 P:25 SP:F9
872F  EA        NOP                             A:01 X:6F Y:00 P:25 SP:F9
8730  EA        NOP                             A:01 X:6F Y:00 P:25 SP:F9
8731  CA        DEX                             A:01 X:6F Y:00 P:25 SP:F9
8732  D0 FB     BNE $872F                       A:01 X:6E Y:00 P:25 SP:F9
872F  EA        NOP                             A:01 X:6E Y:00 P:25 SP:F9
8730  EA        NOP                             A:01 X:6E Y:00 P:25 SP:F9
8731  CA        DEX                             A:01 X:6E Y:00 P:25 SP:F9
8732  D0 FB     BNE $872F                       A:01 X:6D Y:00 P:25 SP:F9
872F  EA        NOP                             A:01 X:6D Y:00 P:25 SP:F9
8730  EA        NOP                             A:01 X:6D Y:00 P:25 SP:F9
8731  CA        DEX                             A:01 X:6D Y:00 P:25 SP:F9
8732  D0 FB     BNE $872F                       A:01 X:6C Y:00 P:25 SP:F9
872F  EA        NOP                             A:01 X:6C Y:00 P:25 SP:F9
8730  EA        NOP                             A:01 X:6C Y:00 P:25 SP:F9
8731  CA        DEX                             A:01 X:6C Y:00 P:25 SP:F9
8732  D0 FB     BNE $872F                       A:01 X:6B Y:00 P:25 SP:F9
872F  EA        NOP                             A:01 X:6B Y:00 P:25 SP:F9
8730  EA        NOP                             A:01 X:6B Y:00 P:25 SP:F9
8731  CA        DEX                             A:01 X:6B Y:00 P:25 SP:F9
8732  D0 FB     BNE $872F                       A:01 X:6A Y:00 P:25 SP:F9
872F  EA        NOP                             A:01 X:6A Y:00 P:25 SP:F9
8730  EA        NOP                             A:01 X:6A Y:00 P:25 SP:F9
8731  CA        DEX                             A:01 X:6A Y:00 P:25 SP:F9
8732  D0 FB     BNE $872F                       A:01 X:69 Y:00 P:25 SP:F9
872F  EA        NOP                             A:01 X:69 Y:00 P:25 SP:F9
8730  EA        NOP                             A:01 X:69 Y:00 P:25 SP:F9
8731  CA        DEX                             A:01 X:69 Y:00 P:25 SP:F9
8732  D0 FB     BNE $872F                       A:01 X:68 Y:00 P:25 SP:F9
872F  EA        NOP                             A:01 X:68 Y:00 P:25 SP:F9
8730  EA        NOP                             A:01 X:68 Y:00 P:25 SP:F9
8731  CA        DEX                             A:01 X:68 Y:00 P:25 SP:F9
8732  D0 FB     BNE $872F                       A:01 X:67 Y:00 P:25 SP:F9
872F  EA        NOP                             A:01 X:67 Y:00 P:25 SP:F9
8730  EA        NOP                             A:01 X:67 Y:00 P:25 SP:F9
8731  CA        DEX                             A:01 X:67 Y:00 P:25 SP:F9
8732  D0 FB     BNE $872F                       A:01 X:66 Y:00 P:25 SP:F9
872F  EA        NOP                             A:01 X:66 Y:00 P:25 SP:F9
8730  EA        NOP                             A:01 X:66 Y:00 P:25 SP:F9
8731  CA        DEX                             A:01 X:66 Y:00 P:25 SP:F9
8732  D0 FB     BNE $872F                       A:01 X:65 Y:00 P:25 SP:F9
872F  EA        NOP                             A:01 X:65 Y:00 P:25 SP:F9
8730  EA        NOP                             A:01 X:65 Y:00 P:25 SP:F9
8731  CA        DEX                             A:01 X:65 Y:00 P:25 SP:F9
8732  D0 FB     BNE $872F                       A:01 X:64 Y:00 P:25 SP:F9
872F  EA        NOP                             A:01 X:64 Y:00 P:25 SP:F9
8730  EA        NOP                             A:01 X:64 Y:00 P:25 SP:F9
8731  CA        DEX                             A:01 X:64 Y:00 P:25 SP:F9
8732  D0 FB     BNE $872F                       A:01 X:63 Y:00 P:25 SP:F9
872F  EA        NOP                             A:01 X:63 Y:00 P:25 SP:F9
8730  EA        NOP                             A:01 X:63 Y:00 P:25 SP:F9
8731  CA        DEX                             A:01 X:63 Y:00 P:25 SP:F9
8732  D0 FB     BNE $872F                       A:01 X:62 Y:00 P:25 SP:F9
872F  EA        NOP                             A:01 X:62 Y:00 P:25 SP:F9
8730  EA        NOP                             A:01 X:62 Y:00 P:25 SP:F9
8731  CA        DEX                             A:01 X:62 Y:00 P:25 SP:F9
8732  D0 FB     BNE $872F                       A:01 X:61 Y:00 P:25 SP:F9
872F  EA        NOP                             A:01 X:61 Y:00 P:25 SP:F9
8730  EA        NOP                             A:01 X:61 Y:00 P:25 SP:F9
8731  CA        DEX                             A:01 X:61 Y:00 P:25 SP:F9
8732  D0 FB     BNE $872F                       A:01 X:60 Y:00 P:25 SP:F9
872F  EA        NOP                             A:01 X:60 Y:00 P:25 SP:F9
8730  EA        NOP                             A:01 X:60 Y:00 P:25 SP:F9
8731  CA        DEX                             A:01 X:60 Y:00 P:25 SP:F9
8732  D0 FB     BNE $872F                       A:01 X:5F Y:00 P:25 SP:F9
872F  EA        NOP                             A:01 X:5F Y:00 P:25 SP:F9
8730  EA        NOP                             A:01 X:5F Y:00 P:25 SP:F9
8731  CA        DEX                             A:01 X:5F Y:00 P:25 SP:F9
8732  D0 FB     BNE $872F                       A:01 X:5E Y:00 P:25 SP:F9
872F  EA        NOP                             A:01 X:5E Y:00 P:25 SP:F9
8730  EA        NOP                             A:01 X:5E Y:00 P:25 SP:F9
8731  CA        DEX                             A:01 X:5E Y:00 P:25 SP:F9
8732  D0 FB     BNE $872F                       A:01 X:5D Y:00 P:25 SP:F9
872F  EA        NOP                             A:01 X:5D Y:00 P:25 SP:F9
8730  EA        NOP                             A:01 X:5D Y:00 P:25 SP:F9
8731  CA        DEX                             A:01 X:5D Y:00 P:25 SP:F9
8732  D0 FB     BNE $872F                       A:01 X:5C Y:00 P:25 SP:F9
872F  EA        NOP                             A:01 X:5C Y:00 P:25 SP:F9
8730  EA        NOP                             A:01 X:5C Y:00 P:25 SP:F9
8731  CA        DEX                             A:01 X:5C Y:00 P:25 SP:F9
8732  D0 FB     BNE $872F                       A:01 X:5B Y:00 P:25 SP:F9
872F  EA        NOP                             A:01 X:5B Y:00 P:25 SP:F9
8730  EA        NOP                             A:01 X:5B Y:00 P:25 SP:F9
8731  CA        DEX                             A:01 X:5B Y:00 P:25 SP:F9
8732  D0 FB     BNE $872F                       A:01 X:5A Y:00 P:25 SP:F9
872F  EA        NOP                             A:01 X:5A Y:00 P:25 SP:F9
8730  EA        NOP                             A:01 X:5A Y:00 P:25 SP:F9
8731  CA        DEX                             A:01 X:5A Y:00 P:25 SP:F9
8732  D0 FB     BNE $872F                       A:01 X:59 Y:00 P:25 SP:F9
872F  EA        NOP                             A:01 X:59 Y:00 P:25 SP:F9
8730  EA        NOP                             A:01 X:59 Y:00 P:25 SP:F9
8731  CA        DEX                             A:01 X:59 Y:00 P:25 SP:F9
8732  D0 FB     BNE $872F                       A:01 X:58 Y:00 P:25 SP:F9
872F  EA        NOP                             A:01 X:58 Y:00 P:25 SP:F9
8730  EA        NOP                             A:01 X:58 Y:00 P:25 SP:F9
8731  CA        DEX                             A:01 X:58 Y:00 P:25 SP:F9
8732  D0 FB     BNE $872F                       A:01 X:57 Y:00 P:25 SP:F9
872F  EA        NOP                             A:01 X:57 Y:00 P:25 SP:F9
8730  EA        NOP                             A:01 X:57 Y:00 P:25 SP:F9
8731  CA        DEX                             A:01 X:57 Y:00 P:25 SP:F9
8732  D0 FB     BNE $872F                       A:01 X:56 Y:00 P:25 SP:F9
872F  EA        NOP                             A:01 X:56 Y:00 P:25 SP:F9
8730  EA        NOP                             A:01 X:56 Y:00 P:25 SP:F9
8731  CA        DEX                             A:01 X:56 Y:00 P:25 SP:F9
8732  D0 FB     BNE $872F                       A:01 X:55 Y:00 P:25 SP:F9
872F  EA        NOP                             A:01 X:55 Y:00 P:25 SP:F9
8730  EA        NOP                             A:01 X:55 Y:00 P:25 SP:F9
8731  CA        DEX                             A:01 X:55 Y:00 P:25 SP:F9
8732  D0 FB     BNE $872F                       A:01 X:54 Y:00 P:25 SP:F9
872F  EA        NOP                             A:01 X:54 Y:00 P:25 SP:F9
8730  EA        NOP                             A:01 X:54 Y:00 P:25 SP:F9
8731  CA        DEX                             A:01 X:54 Y:00 P:25 SP:F9
8732  D0 FB     BNE $872F                       A:01 X:53 Y:00 P:25 SP:F9
872F  EA        NOP                             A:01 X:53 Y:00 P:25 SP:F9
8730  EA        NOP                             A:01 X:53 Y:00 P:25 SP:F9
8731  CA        DEX                             A:01 X:53 Y:00 P:25 SP:F9
8732  D0 FB     BNE $872F                       A:01 X:52 Y:00 P:25 SP:F9
872F  EA        NOP                             A:01 X:52 Y:00 P:25 SP:F9
8730  EA        NOP                             A:01 X:52 Y:00 P:25 SP:F9
8731  CA        DEX                             A:01 X:52 Y:00 P:25 SP:F9
8732  D0 FB     BNE $872F                       A:01 X:51 Y:00 P:25 SP:F9
872F  EA        NOP                             A:01 X:51 Y:00 P:25 SP:F9
8730  EA        NOP                             A:01 X:51 Y:00 P:25 SP:F9
8731  CA        DEX                             A:01 X:51 Y:00 P:25 SP:F9
8732  D0 FB     BNE $872F                       A:01 X:50 Y:00 P:25 SP:F9
872F  EA        NOP                             A:01 X:50 Y:00 P:25 SP:F9
8730  EA        NOP                             A:01 X:50 Y:00 P:25 SP:F9
8731  CA        DEX                             A:01 X:50 Y:00 P:25 SP:F9
8732  D0 FB     BNE $872F                       A:01 X:4F Y:00 P:25 SP:F9
872F  EA        NOP                             A:01 X:4F Y:00 P:25 SP:F9
8730  EA        NOP                             A:01 X:4F Y:00 P:25 SP:F9
8731  CA        DEX                             A:01 X:4F Y:00 P:25 SP:F9
8732  D0 FB     BNE $872F                       A:01 X:4E Y:00 P:25 SP:F9
872F  EA        NOP                             A:01 X:4E Y:00 P:25 SP:F9
8730  EA        NOP                             A:01 X:4E Y:00 P:25 SP:F9
8731  CA        DEX                             A:01 X:4E Y:00 P:25 SP:F9
8732  D0 FB     BNE $872F                       A:01 X:4D Y:00 P:25 SP:F9
872F  EA        NOP                             A:01 X:4D Y:00 P:25 SP:F9
8730  EA        NOP                             A:01 X:4D Y:00 P:25 SP:F9
8731  CA        DEX                             A:01 X:4D Y:00 P:25 SP:F9
8732  D0 FB     BNE $872F                       A:01 X:4C Y:00 P:25 SP:F9
872F  EA        NOP                             A:01 X:4C Y:00 P:25 SP:F9
8730  EA        NOP                             A:01 X:4C Y:00 P:25 SP:F9
8731  CA        DEX                             A:01 X:4C Y:00 P:25 SP:F9
8732  D0 FB     BNE $872F                       A:01 X:4B Y:00 P:25 SP:F9
872F  EA        NOP                             A:01 X:4B Y:00 P:25 SP:F9
8730  EA        NOP                             A:01 X:4B Y:00 P:25 SP:F9
8731  CA        DEX                             A:01 X:4B Y:00 P:25 SP:F9
8732  D0 FB     BNE $872F                       A:01 X:4A Y:00 P:25 SP:F9
872F  EA        NOP                             A:01 X:4A Y:00 P:25 SP:F9
8730  EA        NOP                             A:01 X:4A Y:00 P:25 SP:F9
8731  CA        DEX                             A:01 X:4A Y:00 P:25 SP:F9
8732  D0 FB     BNE $872F                       A:01 X:49 Y:00 P:25 SP:F9
872F  EA        NOP                             A:01 X:49 Y:00 P:25 SP:F9
8730  EA        NOP                             A:01 X:49 Y:00 P:25 SP:F9
8731  CA        DEX                             A:01 X:49 Y:00 P:25 SP:F9
8732  D0 FB     BNE $872F                       A:01 X:48 Y:00 P:25 SP:F9
872F  EA        NOP                             A:01 X:48 Y:00 P:25 SP:F9
8730  EA        NOP                             A:01 X:48 Y:00 P:25 SP:F9
8731  CA        DEX                             A:01 X:48 Y:00 P:25 SP:F9
8732  D0 FB     BNE $872F                       A:01 X:47 Y:00 P:25 SP:F9
872F  EA        NOP                             A:01 X:47 Y:00 P:25 SP:F9
8730  EA        NOP                             A:01 X:47 Y:00 P:25 SP:F9
8731  CA        DEX                             A:01 X:47 Y:00 P:25 SP:F9
8732  D0 FB     BNE $872F                       A:01 X:46 Y:00 P:25 SP:F9
872F  EA        NOP                             A:01 X:46 Y:00 P:25 SP:F9
8730  EA        NOP                             A:01 X:46 Y:00 P:25 SP:F9
8731  CA        DEX                             A:01 X:46 Y:00 P:25 SP:F9
8732  D0 FB     BNE $872F                       A:01 X:45 Y:00 P:25 SP:F9
872F  EA        NOP                             A:01 X:45 Y:00 P:25 SP:F9
8730  EA        NOP                             A:01 X:45 Y:00 P:25 SP:F9
8731  CA        DEX                             A:01 X:45 Y:00 P:25 SP:F9
8732  D0 FB     BNE $872F                       A:01 X:44 Y:00 P:25 SP:F9
872F  EA        NOP                             A:01 X:44 Y:00 P:25 SP:F9
8730  EA        NOP                             A:01 X:44 Y:00 P:25 SP:F9
8731  CA        DEX                             A:01 X:44 Y:00 P:25 SP:F9
8732  D0 FB     BNE $872F                       A:01 X:43 Y:00 P:25 SP:F9
872F  EA        NOP                             A:01 X:43 Y:00 P:25 SP:F9
8730  EA        NOP                             A:01 X:43 Y:00 P:25 SP:F9
8731  CA        DEX                             A:01 X:43 Y:00 P:25 SP:F9
8732  D0 FB     BNE $872F                       A:01 X:42 Y:00 P:25 SP:F9
872F  EA        NOP                             A:01 X:42 Y:00 P:25 SP:F9
8730  EA        NOP                             A:01 X:42 Y:00 P:25 SP:F9
8731  CA        DEX                             A:01 X:42 Y:00 P:25 SP:F9
8732  D0 FB     BNE $872F                       A:01 X:41 Y:00 P:25 SP:F9
872F  EA        NOP                             A:01 X:41 Y:00 P:25 SP:F9
8730  EA        NOP                             A:01 X:41 Y:00 P:25 SP:F9
8731  CA        DEX                             A:01 X:41 Y:00 P:25 SP:F9
8732  D0 FB     BNE $872F                       A:01 X:40 Y:00 P:25 SP:F9
872F  EA        NOP                             A:01 X:40 Y:00 P:25 SP:F9
8730  EA        NOP                             A:01 X:40 Y:00 P:25 SP:F9
8731  CA        DEX                             A:01 X:40 Y:00 P:25 SP:F9
8732  D0 FB     BNE $872F                       A:01 X:3F Y:00 P:25 SP:F9
872F  EA        NOP                             A:01 X:3F Y:00 P:25 SP:F9
8730  EA        NOP                             A:01 X:3F Y:00 P:25 SP:F9
8731  CA        DEX                             A:01 X:3F Y:00 P:25 SP:F9
8732  D0 FB     BNE $872F                       A:01 X:3E Y:00 P:25 SP:F9
872F  EA        NOP                             A:01 X:3E Y:00 P:25 SP:F9
8730  EA        NOP                             A:01 X:3E Y:00 P:25 SP:F9
8731  CA        DEX                             A:01 X:3E Y:00 P:25 SP:F9
8732  D0 FB     BNE $872F                       A:01 X:3D Y:00 P:25 SP:F9
872F  EA        NOP                             A:01 X:3D Y:00 P:25 SP:F9
8730  EA        NOP                             A:01 X:3D Y:00 P:25 SP:F9
8731  CA        DEX                             A:01 X:3D Y:00 P:25 SP:F9
8732  D0 FB     BNE $872F                       A:01 X:3C Y:00 P:25 SP:F9
872F  EA        NOP                             A:01 X:3C Y:00 P:25 SP:F9
8730  EA        NOP                             A:01 X:3C Y:00 P:25 SP:F9
8731  CA        DEX                             A:01 X:3C Y:00 P:25 SP:F9
8732  D0 FB     BNE $872F                       A:01 X:3B Y:00 P:25 SP:F9
872F  EA        NOP                             A:01 X:3B Y:00 P:25 SP:F9
8730  EA        NOP                             A:01 X:3B Y:00 P:25 SP:F9
8731  CA        DEX                             A:01 X:3B Y:00 P:25 SP:F9
8732  D0 FB     BNE $872F                       A:01 X:3A Y:00 P:25 SP:F9
872F  EA        NOP                             A:01 X:3A Y:00 P:25 SP:F9
8730  EA        NOP                             A:01 X:3A Y:00 P:25 SP:F9
8731  CA        DEX                             A:01 X:3A Y:00 P:25 SP:F9
8732  D0 FB     BNE $872F                       A:01 X:39 Y:00 P:25 SP:F9
872F  EA        NOP                             A:01 X:39 Y:00 P:25 SP:F9
8730  EA        NOP                             A:01 X:39 Y:00 P:25 SP:F9
8731  CA        DEX                             A:01 X:39 Y:00 P:25 SP:F9
8732  D0 FB     BNE $872F                       A:01 X:38 Y:00 P:25 SP:F9
872F  EA        NOP                             A:01 X:38 Y:00 P:25 SP:F9
8730  EA        NOP                             A:01 X:38 Y:00 P:25 SP:F9
8731  CA        DEX                             A:01 X:38 Y:00 P:25 SP:F9
8732  D0 FB     BNE $872F                       A:01 X:37 Y:00 P:25 SP:F9
872F  EA        NOP                             A:01 X:37 Y:00 P:25 SP:F9
8730  EA        NOP                             A:01 X:37 Y:00 P:25 SP:F9
8731  CA        DEX                             A:01 X:37 Y:00 P:25 SP:F9
8732  D0 FB     BNE $872F                       A:01 X:36 Y:00 P:25 SP:F9
872F  EA        NOP                             A:01 X:36 Y:00 P:25 SP:F9
8730  EA        NOP                             A:01 X:36 Y:00 P:25 SP:F9
8731  CA        DEX                             A:01 X:36 Y:00 P:25 SP:F9
8732  D0 FB     BNE $872F                       A:01 X:35 Y:00 P:25 SP:F9
872F  EA        NOP                             A:01 X:35 Y:00 P:25 SP:F9
8730  EA        NOP                             A:01 X:35 Y:00 P:25 SP:F9
8731  CA        DEX                             A:01 X:35 Y:00 P:25 SP:F9
8732  D0 FB     BNE $872F                       A:01 X:34 Y:00 P:25 SP:F9
872F  EA        NOP                             A:01 X:34 Y:00 P:25 SP:F9
8730  EA        NOP                             A:01 X:34 Y:00 P:25 SP:F9
8731  CA        DEX                             A:01 X:34 Y:00 P:25 SP:F9
8732  D0 FB     BNE $872F                       A:01 X:33 Y:00 P:25 SP:F9
872F  EA        NOP                             A:01 X:33 Y:00 P:25 SP:F9
8730  EA        NOP                             A:01 X:33 Y:00 P:25 SP:F9
8731  CA        DEX                             A:01 X:33 Y:00 P:25 SP:F9
8732  D0 FB     BNE $872F                       A:01 X:32 Y:00 P:25 SP:F9
872F  EA        NOP                             A:01 X:32 Y:00 P:25 SP:F9
8730  EA        NOP                             A:01 X:32 Y:00 P:25 SP:F9
8731  CA        DEX                             A:01 X:32 Y:00 P:25 SP:F9
8732  D0 FB     BNE $872F                       A:01 X:31 Y:00 P:25 SP:F9
872F  EA        NOP                             A:01 X:31 Y:00 P:25 SP:F9
8730  EA        NOP                             A:01 X:31 Y:00 P:25 SP:F9
8731  CA        DEX                             A:01 X:31 Y:00 P:25 SP:F9
8732  D0 FB     BNE $872F                       A:01 X:30 Y:00 P:25 SP:F9
872F  EA        NOP                             A:01 X:30 Y:00 P:25 SP:F9
8730  EA        NOP                             A:01 X:30 Y:00 P:25 SP:F9
8731  CA        DEX                             A:01 X:30 Y:00 P:25 SP:F9
8732  D0 FB     BNE $872F                       A:01 X:2F Y:00 P:25 SP:F9
872F  EA        NOP                             A:01 X:2F Y:00 P:25 SP:F9
8730  EA        NOP                             A:01 X:2F Y:00 P:25 SP:F9
8731  CA        DEX                             A:01 X:2F Y:00 P:25 SP:F9
8732  D0 FB     BNE $872F                       A:01 X:2E Y:00 P:25 SP:F9
872F  EA        NOP                             A:01 X:2E Y:00 P:25 SP:F9
8730  EA        NOP                             A:01 X:2E Y:00 P:25 SP:F9
8731  CA        DEX                             A:01 X:2E Y:00 P:25 SP:F9
8732  D0 FB     BNE $872F                       A:01 X:2D Y:00 P:25 SP:F9
872F  EA        NOP                             A:01 X:2D Y:00 P:25 SP:F9
8730  EA        NOP                             A:01 X:2D Y:00 P:25 SP:F9
8731  CA        DEX                             A:01 X:2D Y:00 P:25 SP:F9
8732  D0 FB     BNE $872F                       A:01 X:2C Y:00 P:25 SP:F9
872F  EA        NOP                             A:01 X:2C Y:00 P:25 SP:F9
8730  EA        NOP                             A:01 X:2C Y:00 P:25 SP:F9
8731  CA        DEX                             A:01 X:2C Y:00 P:25 SP:F9
8732  D0 FB     BNE $872F                       A:01 X:2B Y:00 P:25 SP:F9
872F  EA        NOP                             A:01 X:2B Y:00 P:25 SP:F9
8730  EA        NOP                             A:01 X:2B Y:00 P:25 SP:F9
8731  CA        DEX                             A:01 X:2B Y:00 P:25 SP:F9
8732  D0 FB     BNE $872F                       A:01 X:2A Y:00 P:25 SP:F9
872F  EA        NOP                             A:01 X:2A Y:00 P:25 SP:F9
8730  EA        NOP                             A:01 X:2A Y:00 P:25 SP:F9
8731  CA        DEX                             A:01 X:2A Y:00 P:25 SP:F9
8732  D0 FB     BNE $872F                       A:01 X:29 Y:00 P:25 SP:F9
872F  EA        NOP                             A:01 X:29 Y:00 P:25 SP:F9
8730  EA        NOP                             A:01 X:29 Y:00 P:25 SP:F9
8731  CA        DEX                             A:01 X:29 Y:00 P:25 SP:F9
8732  D0 FB     BNE $872F                       A:01 X:28 Y:00 P:25 SP:F9
872F  EA        NOP                             A:01 X:28 Y:00 P:25 SP:F9
8730  EA        NOP                             A:01 X:28 Y:00 P:25 SP:F9
8731  CA        DEX                             A:01 X:28 Y:00 P:25 SP:F9
8732  D0 FB     BNE $872F                       A:01 X:27 Y:00 P:25 SP:F9
872F  EA        NOP                             A:01 X:27 Y:00 P:25 SP:F9
8730  EA        NOP                             A:01 X:27 Y:00 P:25 SP:F9
8731  CA        DEX                             A:01 X:27 Y:00 P:25 SP:F9
8732  D0 FB     BNE $872F                       A:01 X:26 Y:00 P:25 SP:F9
872F  EA        NOP                             A:01 X:26 Y:00 P:25 SP:F9
8730  EA        NOP                             A:01 X:26 Y:00 P:25 SP:F9
8731  CA        DEX                             A:01 X:26 Y:00 P:25 SP:F9
8732  D0 FB     BNE $872F                       A:01 X:25 Y:00 P:25 SP:F9
872F  EA        NOP                             A:01 X:25 Y:00 P:25 SP:F9
8730  EA        NOP                             A:01 X:25 Y:00 P:25 SP:F9
8731  CA        DEX                             A:01 X:25 Y:00 P:25 SP:F9
8732  D0 FB     BNE $872F                       A:01 X:24 Y:00 P:25 SP:F9
872F  EA        NOP                             A:01 X:24 Y:00 P:25 SP:F9
8730  EA        NOP                             A:01 X:24 Y:00 P:25 SP:F9
8731  CA        DEX                             A:01 X:24 Y:00 P:25 SP:F9
8732  D0 FB     BNE $872F                       A:01 X:23 Y:00 P:25 SP:F9
872F  EA        NOP                             A:01 X:23 Y:00 P:25 SP:F9
8730  EA        NOP                             A:01 X:23 Y:00 P:25 SP:F9
8731  CA        DEX                             A:01 X:23 Y:00 P:25 SP:F9
8732  D0 FB     BNE $872F                       A:01 X:22 Y:00 P:25 SP:F9
872F  EA        NOP                             A:01 X:22 Y:00 P:25 SP:F9
8730  EA        NOP                             A:01 X:22 Y:00 P:25 SP:F9
8731  CA        DEX                             A:01 X:22 Y:00 P:25 SP:F9
8732  D0 FB     BNE $872F                       A:01 X:21 Y:00 P:25 SP:F9
872F  EA        NOP                             A:01 X:21 Y:00 P:25 SP:F9
8730  EA        NOP                             A:01 X:21 Y:00 P:25 SP:F9
8731  CA        DEX                             A:01 X:21 Y:00 P:25 SP:F9
8732  D0 FB     BNE $872F                       A:01 X:20 Y:00 P:25 SP:F9
872F  EA        NOP                             A:01 X:20 Y:00 P:25 SP:F9
8730  EA        NOP                             A:01 X:20 Y:00 P:25 SP:F9
8731  CA        DEX                             A:01 X:20 Y:00 P:25 SP:F9
8732  D0 FB     BNE $872F                       A:01 X:1F Y:00 P:25 SP:F9
872F  EA        NOP                             A:01 X:1F Y:00 P:25 SP:F9
8730  EA        NOP                             A:01 X:1F Y:00 P:25 SP:F9
8731  CA        DEX                             A:01 X:1F Y:00 P:25 SP:F9
8732  D0 FB     BNE $872F                       A:01 X:1E Y:00 P:25 SP:F9
872F  EA        NOP                             A:01 X:1E Y:00 P:25 SP:F9
8730  EA        NOP                             A:01 X:1E Y:00 P:25 SP:F9
8731  CA        DEX                             A:01 X:1E Y:00 P:25 SP:F9
8732  D0 FB     BNE $872F                       A:01 X:1D Y:00 P:25 SP:F9
872F  EA        NOP                             A:01 X:1D Y:00 P:25 SP:F9
8730  EA        NOP                             A:01 X:1D Y:00 P:25 SP:F9
8731  CA        DEX                             A:01 X:1D Y:00 P:25 SP:F9
8732  D0 FB     BNE $872F                       A:01 X:1C Y:00 P:25 SP:F9
872F  EA        NOP                             A:01 X:1C Y:00 P:25 SP:F9
8730  EA        NOP                             A:01 X:1C Y:00 P:25 SP:F9
8731  CA        DEX                             A:01 X:1C Y:00 P:25 SP:F9
8732  D0 FB     BNE $872F                       A:01 X:1B Y:00 P:25 SP:F9
872F  EA        NOP                             A:01 X:1B Y:00 P:25 SP:F9
8730  EA        NOP                             A:01 X:1B Y:00 P:25 SP:F9
8731  CA        DEX                             A:01 X:1B Y:00 P:25 SP:F9
8732  D0 FB     BNE $872F                       A:01 X:1A Y:00 P:25 SP:F9
872F  EA        NOP                             A:01 X:1A Y:00 P:25 SP:F9
8730  EA        NOP                             A:01 X:1A Y:00 P:25 SP:F9
8731  CA        DEX                             A:01 X:1A Y:00 P:25 SP:F9
8732  D0 FB     BNE $872F                       A:01 X:19 Y:00 P:25 SP:F9
872F  EA        NOP                             A:01 X:19 Y:00 P:25 SP:F9
8730  EA        NOP                             A:01 X:19 Y:00 P:25 SP:F9
8731  CA        DEX                             A:01 X:19 Y:00 P:25 SP:F9
8732  D0 FB     BNE $872F                       A:01 X:18 Y:00 P:25 SP:F9
872F  EA        NOP                             A:01 X:18 Y:00 P:25 SP:F9
8730  EA        NOP                             A:01 X:18 Y:00 P:25 SP:F9
8731  CA        DEX                             A:01 X:18 Y:00 P:25 SP:F9
8732  D0 FB     BNE $872F                       A:01 X:17 Y:00 P:25 SP:F9
872F  EA        NOP                             A:01 X:17 Y:00 P:25 SP:F9
8730  EA        NOP                             A:01 X:17 Y:00 P:25 SP:F9
8731  CA        DEX                             A:01 X:17 Y:00 P:25 SP:F9
8732  D0 FB     BNE $872F                       A:01 X:16 Y:00 P:25 SP:F9
872F  EA        NOP                             A:01 X:16 Y:00 P:25 SP:F9
8730  EA        NOP                             A:01 X:16 Y:00 P:25 SP:F9
8731  CA        DEX                             A:01 X:16 Y:00 P:25 SP:F9
8732  D0 FB     BNE $872F                       A:01 X:15 Y:00 P:25 SP:F9
872F  EA        NOP                             A:01 X:15 Y:00 P:25 SP:F9
8730  EA        NOP                             A:01 X:15 Y:00 P:25 SP:F9
8731  CA        DEX                             A:01 X:15 Y:00 P:25 SP:F9
8732  D0 FB     BNE $872F                       A:01 X:14 Y:00 P:25 SP:F9
872F  EA        NOP                             A:01 X:14 Y:00 P:25 SP:F9
8730  EA        NOP                             A:01 X:14 Y:00 P:25 SP:F9
8731  CA        DEX                             A:01 X:14 Y:00 P:25 SP:F9
8732  D0 FB     BNE $872F                       A:01 X:13 Y:00 P:25 SP:F9
872F  EA        NOP                             A:01 X:13 Y:00 P:25 SP:F9
8730  EA        NOP                             A:01 X:13 Y:00 P:25 SP:F9
8731  CA        DEX                             A:01 X:13 Y:00 P:25 SP:F9
8732  D0 FB     BNE $872F                       A:01 X:12 Y:00 P:25 SP:F9
872F  EA        NOP                             A:01 X:12 Y:00 P:25 SP:F9
8730  EA        NOP                             A:01 X:12 Y:00 P:25 SP:F9
8731  CA        DEX                             A:01 X:12 Y:00 P:25 SP:F9
8732  D0 FB     BNE $872F                       A:01 X:11 Y:00 P:25 SP:F9
872F  EA        NOP                             A:01 X:11 Y:00 P:25 SP:F9
8730  EA        NOP                             A:01 X:11 Y:00 P:25 SP:F9
8731  CA        DEX                             A:01 X:11 Y:00 P:25 SP:F9
8732  D0 FB     BNE $872F                       A:01 X:10 Y:00 P:25 SP:F9
872F  EA        NOP                             A:01 X:10 Y:00 P:25 SP:F9
8730  EA        NOP                             A:01 X:10 Y:00 P:25 SP:F9
8731  CA        DEX                             A:01 X:10 Y:00 P:25 SP:F9
8732  D0 FB     BNE $872F                       A:01 X:0F Y:00 P:25 SP:F9
872F  EA        NOP                             A:01 X:0F Y:00 P:25 SP:F9
8730  EA        NOP                             A:01 X:0F Y:00 P:25 SP:F9
8731  CA        DEX                             A:01 X:0F Y:00 P:25 SP:F9
8732  D0 FB     BNE $872F                       A:01 X:0E Y:00 P:25 SP:F9
872F  EA        NOP                             A:01 X:0E Y:00 P:25 SP:F9
8730  EA        NOP                             A:01 X:0E Y:00 P:25 SP:F9
8731  CA        DEX                             A:01 X:0E Y:00 P:25 SP:F9
8732  D0 FB     BNE $872F                       A:01 X:0D Y:00 P:25 SP:F9
872F  EA        NOP                             A:01 X:0D Y:00 P:25 SP:F9
8730  EA        NOP                             A:01 X:0D Y:00 P:25 SP:F9
8731  CA        DEX                             A:01 X:0D Y:00 P:25 SP:F9
8732  D0 FB     BNE $872F                       A:01 X:0C Y:00 P:25 SP:F9
872F  EA        NOP                             A:01 X:0C Y:00 P:25 SP:F9
8730  EA        NOP                             A:01 X:0C Y:00 P:25 SP:F9
8731  CA        DEX                             A:01 X:0C Y:00 P:25 SP:F9
8732  D0 FB     BNE $872F                       A:01 X:0B Y:00 P:25 SP:F9
872F  EA        NOP                             A:01 X:0B Y:00 P:25 SP:F9
8730  EA        NOP                             A:01 X:0B Y:00 P:25 SP:F9
8731  CA        DEX                             A:01 X:0B Y:00 P:25 SP:F9
8732  D0 FB     BNE $872F                       A:01 X:0A Y:00 P:25 SP:F9
872F  EA        NOP                             A:01 X:0A Y:00 P:25 SP:F9
8730  EA        NOP                             A:01 X:0A Y:00 P:25 SP:F9
8731  CA        DEX                             A:01 X:0A Y:00 P:25 SP:F9
8732  D0 FB     BNE $872F                       A:01 X:09 Y:00 P:25 SP:F9
872F  EA        NOP                             A:01 X:09 Y:00 P:25 SP:F9
8730  EA        NOP                             A:01 X:09 Y:00 P:25 SP:F9
8731  CA        DEX                             A:01 X:09 Y:00 P:25 SP:F9
8732  D0 FB     BNE $872F                       A:01 X:08 Y:00 P:25 SP:F9
872F  EA        NOP                             A:01 X:08 Y:00 P:25 SP:F9
8730  EA        NOP                             A:01 X:08 Y:00 P:25 SP:F9
8731  CA        DEX                             A:01 X:08 Y:00 P:25 SP:F9
8732  D0 FB     BNE $872F                       A:01 X:07 Y:00 P:25 SP:F9
872F  EA        NOP                             A:01 X:07 Y:00 P:25 SP:F9
8730  EA        NOP                             A:01 X:07 Y:00 P:25 SP:F9
8731  CA        DEX                             A:01 X:07 Y:00 P:25 SP:F9
8732  D0 FB     BNE $872F                       A:01 X:06 Y:00 P:25 SP:F9
872F  EA        NOP                             A:01 X:06 Y:00 P:25 SP:F9
8730  EA        NOP                             A:01 X:06 Y:00 P:25 SP:F9
8731  CA        DEX                             A:01 X:06 Y:00 P:25 SP:F9
8732  D0 FB     BNE $872F                       A:01 X:05 Y:00 P:25 SP:F9
872F  EA        NOP                             A:01 X:05 Y:00 P:25 SP:F9
8730  EA        NOP                             A:01 X:05 Y:00 P:25 SP:F9
8731  CA        DEX                             A:01 X:05 Y:00 P:25 SP:F9
8732  D0 FB     BNE $872F                       A:01 X:04 Y:00 P:25 SP:F9
872F  EA        NOP                             A:01 X:04 Y:00 P:25 SP:F9
8730  EA        NOP                             A:01 X:04 Y:00 P:25 SP:F9
8731  CA        DEX                             A:01 X:04 Y:00 P:25 SP:F9
8732  D0 FB     BNE $872F                       A:01 X:03 Y:00 P:25 SP:F9
872F  EA        NOP                             A:01 X:03 Y:00 P:25 SP:F9
8730  EA        NOP                             A:01 X:03 Y:00 P:25 SP:F9
8731  CA        DEX                             A:01 X:03 Y:00 P:25 SP:F9
8732  D0 FB     BNE $872F                       A:01 X:02 Y:00 P:25 SP:F9
872F  EA        NOP                             A:01 X:02 Y:00 P:25 SP:F9
8730  EA        NOP                             A:01 X:02 Y:00 P:25 SP:F9
8731  CA        DEX                             A:01 X:02 Y:00 P:25 SP:F9
8732  D0 FB     BNE $872F                       A:01 X:01 Y:00 P:25 SP:F9
872F  EA        NOP                             A:01 X:01 Y:00 P:25 SP:F9
8730  EA        NOP                             A:01 X:01 Y:00 P:25 SP:F9
8731  CA        DEX                             A:01 X:01 Y:00 P:25 SP:F9
8732  D0 FB     BNE $872F                       A:01 X:00 Y:00 P:27 SP:F9
8734  60        RTS                             A:01 X:00 Y:00 P:27 SP:F9
864A  4C 38 86  JMP $8638                       A:01 X:00 Y:00 P:27 SP:FB
8638  20 4D 86  JSR $864D                       A:01 X:00 Y:00 P:27 SP:FB
864D  A5 FF     LDA $FF = 00                    A:01 X:00 Y:00 P:27 SP:F9
864F  C9 77     CMP #$77                        A:00 X:00 Y:00 P:27 SP:F9
8651  F0 0D     BEQ $8660                       A:00 X:00 Y:00 P:A4 SP:F9
8653  C9 64     CMP #$64                        A:00 X:00 Y:00 P:A4 SP:F9
8655  F0 14     BEQ $866B                       A:00 X:00 Y:00 P:A4 SP:F9
8657  C9 73     CMP #$73                        A:00 X:00 Y:00 P:A4 SP:F9
8659  F0 1B     BEQ $8676                       A:00 X:00 Y:00 P:A4 SP:F9
865B  C9 61     CMP #$61                        A:00 X:00 Y:00 P:A4 SP:F9
865D  F0 22     BEQ $8681                       A:00 X:00 Y:00 P:A4 SP:F9
865F  60        RTS                             A:00 X:00 Y:00 P:A4 SP:F9
863B  20 8D 86  JSR $868D                       A:00 X:00 Y:00 P:A4 SP:FB
868D  20 94 86  JSR $8694                       A:00 X:00 Y:00 P:A4 SP:F9
8694  A5 00     LDA $00 = 00                    A:00 X:00 Y:00 P:A4 SP:F7
8696  C5 10     CMP $10 = 1E                    A:00 X:00 Y:00 P:26 SP:F7
8698  D0 0D     BNE $86A7                       A:00 X:00 Y:00 P:A4 SP:F7
86A7  60        RTS                             A:00 X:00 Y:00 P:A4 SP:F7
8690  20 A8 86  JSR $86A8                       A:00 X:00 Y:00 P:A4 SP:F9
86A8  A2 02     LDX #$02                        A:00 X:00 Y:00 P:A4 SP:F7
86AA  B5 10     LDA $10,X @ 12 = 1D             A:00 X:02 Y:00 P:24 SP:F7
86AC  C5 10     CMP $10 = 1E                    A:1D X:02 Y:00 P:24 SP:F7
86AE  D0 06     BNE $86B6                       A:1D X:02 Y:00 P:A4 SP:F7
86B6  E8        INX                             A:1D X:02 Y:00 P:A4 SP:F7
86B7  E8        INX                             A:1D X:03 Y:00 P:24 SP:F7
86B8  E4 03     CPX $03 = 06                    A:1D X:04 Y:00 P:24 SP:F7
86BA  F0 06     BEQ $86C2                       A:1D X:04 Y:00 P:A4 SP:F7
86BC  4C AA 86  JMP $86AA                       A:1D X:04 Y:00 P:A4 SP:F7
86AA  B5 10     LDA $10,X @ 14 = 1C             A:1D X:04 Y:00 P:A4 SP:F7
86AC  C5 10     CMP $10 = 1E                    A:1C X:04 Y:00 P:24 SP:F7
86AE  D0 06     BNE $86B6                       A:1C X:04 Y:00 P:A4 SP:F7
86B6  E8        INX                             A:1C X:04 Y:00 P:A4 SP:F7
86B7  E8        INX                             A:1C X:05 Y:00 P:24 SP:F7
86B8  E4 03     CPX $03 = 06                    A:1C X:06 Y:00 P:24 SP:F7
86BA  F0 06     BEQ $86C2                       A:1C X:06 Y:00 P:27 SP:F7
86C2  60        RTS                             A:1C X:06 Y:00 P:27 SP:F7
8693  60        RTS                             A:1C X:06 Y:00 P:27 SP:F9
863E  20 C3 86  JSR $86C3                       A:1C X:06 Y:00 P:27 SP:FB
86C3  A6 03     LDX $03 = 06                    A:1C X:06 Y:00 P:27 SP:F9
86C5  CA        DEX                             A:1C X:06 Y:00 P:25 SP:F9
86C6  8A        TXA                             A:1C X:05 Y:00 P:25 SP:F9
86C7  B5 10     LDA $10,X @ 15 = 04             A:05 X:05 Y:00 P:25 SP:F9
86C9  95 12     STA $12,X @ 17 = 04             A:04 X:05 Y:00 P:25 SP:F9
86CB  CA        DEX                             A:04 X:05 Y:00 P:25 SP:F9
86CC  10 F9     BPL $86C7                       A:04 X:04 Y:00 P:25 SP:F9
86C7  B5 10     LDA $10,X @ 14 = 1C             A:04 X:04 Y:00 P:25 SP:F9
86C9  95 12     STA $12,X @ 16 = 1B             A:1C X:04 Y:00 P:25 SP:F9
86CB  CA        DEX                             A:1C X:04 Y:00 P:25 SP:F9
86CC  10 F9     BPL $86C7                       A:1C X:03 Y:00 P:25 SP:F9
86C7  B5 10     LDA $10,X @ 13 = 04             A:1C X:03 Y:00 P:25 SP:F9
86C9  95 12     STA $12,X @ 15 = 04             A:04 X:03 Y:00 P:25 SP:F9
86CB  CA        DEX                             A:04 X:03 Y:00 P:25 SP:F9
86CC  10 F9     BPL $86C7                       A:04 X:02 Y:00 P:25 SP:F9
86C7  B5 10     LDA $10,X @ 12 = 1D             A:04 X:02 Y:00 P:25 SP:F9
86C9  95 12     STA $12,X @ 14 = 1C             A:1D X:02 Y:00 P:25 SP:F9
86CB  CA        DEX                             A:1D X:02 Y:00 P:25 SP:F9
86CC  10 F9     BPL $86C7                       A:1D X:01 Y:00 P:25 SP:F9
86C7  B5 10     LDA $10,X @ 11 = 04             A:1D X:01 Y:00 P:25 SP:F9
86C9  95 12     STA $12,X @ 13 = 04             A:04 X:01 Y:00 P:25 SP:F9
86CB  CA        DEX                             A:04 X:01 Y:00 P:25 SP:F9
86CC  10 F9     BPL $86C7                       A:04 X:00 Y:00 P:27 SP:F9
86C7  B5 10     LDA $10,X @ 10 = 1E             A:04 X:00 Y:00 P:27 SP:F9
86C9  95 12     STA $12,X @ 12 = 1D             A:1E X:00 Y:00 P:25 SP:F9
86CB  CA        DEX                             A:1E X:00 Y:00 P:25 SP:F9
86CC  10 F9     BPL $86C7                       A:1E X:FF Y:00 P:A5 SP:F9
86CE  A5 02     LDA $02 = 02                    A:1E X:FF Y:00 P:A5 SP:F9
86D0  4A        LSR A                           A:02 X:FF Y:00 P:25 SP:F9
86D1  B0 09     BCS $86DC                       A:01 X:FF Y:00 P:24 SP:F9
86D3  4A        LSR A                           A:01 X:FF Y:00 P:24 SP:F9
86D4  B0 19     BCS $86EF                       A:00 X:FF Y:00 P:27 SP:F9
86EF  E6 10     INC $10 = 1E                    A:00 X:FF Y:00 P:27 SP:F9
86F1  A9 1F     LDA #$1F                        A:00 X:FF Y:00 P:25 SP:F9
86F3  24 10     BIT $10 = 1F                    A:1F X:FF Y:00 P:25 SP:F9
86F5  F0 1F     BEQ $8716                       A:1F X:FF Y:00 P:25 SP:F9
86F7  60        RTS                             A:1F X:FF Y:00 P:25 SP:F9
8641  20 19 87  JSR $8719                       A:1F X:FF Y:00 P:25 SP:FB
8719  A0 00     LDY #$00                        A:1F X:FF Y:00 P:25 SP:F9
871B  A5 FE     LDA $FE = 00                    A:1F X:FF Y:00 P:27 SP:F9
871D  91 00     STA ($00),Y = 0200 @ 0200 = 00  A:00 X:FF Y:00 P:27 SP:F9
871F  60        RTS                             A:00 X:FF Y:00 P:27 SP:F9
8644  20 20 87  JSR $8720                       A:00 X:FF Y:00 P:27 SP:FB
8720  A6 03     LDX $03 = 06                    A:00 X:FF Y:00 P:27 SP:F9
8722  A9 00     LDA #$00                        A:00 X:06 Y:00 P:25 SP:F9
8724  81 10     STA ($10,X) @ 16 = 041C = 01    A:00 X:06 Y:00 P:27 SP:F9
8726  A2 00     LDX #$00                        A:00 X:06 Y:00 P:27 SP:F9
8728  A9 01     LDA #$01                        A:00 X:00 Y:00 P:27 SP:F9
872A  81 10     STA ($10,X) @ 10 = 041F = 00    A:01 X:00 Y:00 P:25 SP:F9
872C  60        RTS                             A:01 X:00 Y:00 P:25 SP:F9
8647  20 2D 87  JSR $872D                       A:01 X:00 Y:00 P:25 SP:FB
872D  A2 00     LDX #$00                        A:01 X:00 Y:00 P:25 SP:F9
872F  EA        NOP                             A:01 X:00 Y:00 P:27 SP:F9
8730  EA        NOP                             A:01 X:00 Y:00 P:27 SP:F9
8731  CA        DEX                             A:01 X:00 Y:00 P:27 SP:F9
8732  D0 FB     BNE $872F                       A:01 X:FF Y:00 P:A5 SP:F9
872F  EA        NOP                             A:01 X:FF Y:00 P:A5 SP:F9
8730  EA        NOP                             A:01 X:FF Y:00 P:A5 SP:F9
8731  CA        DEX                             A:01 X:FF Y:00 P:A5 SP:F9
8732  D0 FB     BNE $872F                       A:01 X:FE Y:00 P:A5 SP:F9
872F  EA        NOP                             A:01 X:FE Y:00 P:A5 SP:F9
8730  EA        NOP                             A:01 X:FE Y:00 P:A5 SP:F9
8731  CA        DEX                             A:01 X:FE Y:00 P:A5 SP:F9
8732  D0 FB     BNE $872F                       A:01 X:FD Y:00 P:A5 SP:F9
872F  EA        NOP                             A:01 X:FD Y:00 P:A5 SP:F9
8730  EA        NOP                             A:01 X:FD Y:00 P:A5 SP:F9
8731  CA        DEX                             A:01 X:FD Y:00 P:A5 SP:F9
8732  D0 FB     BNE $872F                       A:01 X:FC Y:00 P:A5 SP:F9
872F  EA        NOP                             A:01 X:FC Y:00 P:A5 SP:F9
8730  EA        NOP                             A:01 X:FC Y:00 P:A5 SP:F9
8731  CA        DEX                             A:01 X:FC Y:00 P:A5 SP:F9
8732  D0 FB     BNE $872F                       A:01 X:FB Y:00 P:A5 SP:F9
872F  EA        NOP                             A:01 X:FB Y:00 P:A5 SP:F9
8730  EA        NOP                             A:01 X:FB Y:00 P:A5 SP:F9
8731  CA        DEX                             A:01 X:FB Y:00 P:A5 SP:F9
8732  D0 FB     BNE $872F                       A:01 X:FA Y:00 P:A5 SP:F9
872F  EA        NOP                             A:01 X:FA Y:00 P:A5 SP:F9
8730  EA        NOP                             A:01 X:FA Y:00 P:A5 SP:F9
8731  CA        DEX                             A:01 X:FA Y:00 P:A5 SP:F9
8732  D0 FB     BNE $872F                       A:01 X:F9 Y:00 P:A5 SP:F9
872F  EA        NOP                             A:01 X:F9 Y:00 P:A5 SP:F9
8730  EA        NOP                             A:01 X:F9 Y:00 P:A5 SP:F9
8731  CA        DEX                             A:01 X:F9 Y:00 P:A5 SP:F9
8732  D0 FB     BNE $872F                       A:01 X:F8 Y:00 P:A5 SP:F9
872F  EA        NOP                             A:01 X:F8 Y:00 P:A5 SP:F9
8730  EA        NOP                             A:01 X:F8 Y:00 P:A5 SP:F9
8731  CA        DEX                             A:01 X:F8 Y:00 P:A5 SP:F9
8732  D0 FB     BNE $872F                       A:01 X:F7 Y:00 P:A5 SP:F9
872F  EA        NOP                             A:01 X:F7 Y:00 P:A5 SP:F9
8730  EA        NOP                             A:01 X:F7 Y:00 P:A5 SP:F9
8731  CA        DEX                             A:01 X:F7 Y:00 P:A5 SP:F9
8732  D0 FB     BNE $872F                       A:01 X:F6 Y:00 P:A5 SP:F9
872F  EA        NOP                             A:01 X:F6 Y:00 P:A5 SP:F9
8730  EA        NOP                             A:01 X:F6 Y:00 P:A5 SP:F9
8731  CA        DEX                             A:01 X:F6 Y:00 P:A5 SP:F9
8732  D0 FB     BNE $872F                       A:01 X:F5 Y:00 P:A5 SP:F9
872F  EA        NOP                             A:01 X:F5 Y:00 P:A5 SP:F9
8730  EA        NOP                             A:01 X:F5 Y:00 P:A5 SP:F9
8731  CA        DEX                             A:01 X:F5 Y:00 P:A5 SP:F9
8732  D0 FB     BNE $872F                       A:01 X:F4 Y:00 P:A5 SP:F9
872F  EA        NOP                             A:01 X:F4 Y:00 P:A5 SP:F9
8730  EA        NOP                             A:01 X:F4 Y:00 P:A5 SP:F9
8731  CA        DEX                             A:01 X:F4 Y:00 P:A5 SP:F9
8732  D0 FB     BNE $872F                       A:01 X:F3 Y:00 P:A5 SP:F9
872F  EA        NOP                             A:01 X:F3 Y:00 P:A5 SP:F9
8730  EA        NOP                             A:01 X:F3 Y:00 P:A5 SP:F9
8731  CA        DEX                             A:01 X:F3 Y:00 P:A5 SP:F9
8732  D0 FB     BNE $872F                       A:01 X:F2 Y:00 P:A5 SP:F9
872F  EA        NOP                             A:01 X:F2 Y:00 P:A5 SP:F9
8730  EA        NOP                             A:01 X:F2 Y:00 P:A5 SP:F9
8731  CA        DEX                             A:01 X:F2 Y:00 P:A5 SP:F9
8732  D0 FB     BNE $872F                       A:01 X:F1 Y:00 P:A5 SP:F9
872F  EA        NOP                             A:01 X:F1 Y:00 P:A5 SP:F9
8730  EA        NOP                             A:01 X:F1 Y:00 P:A5 SP:F9
8731  CA        DEX                             A:01 X:F1 Y:00 P:A5 SP:F9
8732  D0 FB     BNE $872F                       A:01 X:F0 Y:00 P:A5 SP:F9
872F  EA        NOP                             A:01 X:F0 Y:00 P:A5 SP:F9
8730  EA        NOP                             A:01 X:F0 Y:00 P:A5 SP:F9
8731  CA        DEX                             A:01 X:F0 Y:00 P:A5 SP:F9
8732  D0 FB     BNE $872F                       A:01 X:EF Y:00 P:A5 SP:F9
872F  EA        NOP                             A:01 X:EF Y:00 P:A5 SP:F9
8730  EA        NOP                             A:01 X:EF Y:00 P:A5 SP:F9
8731  CA        DEX                             A:01 X:EF Y:00 P:A5 SP:F9
8732  D0 FB     BNE $872F                       A:01 X:EE Y:00 P:A5 SP:F9
872F  EA        NOP                             A:01 X:EE Y:00 P:A5 SP:F9
8730  EA        NOP                             A:01 X:EE Y:00 P:A5 SP:F9
8731  CA        DEX                             A:01 X:EE Y:00 P:A5 SP:F9
8732  D0 FB     BNE $872F                       A:01 X:ED Y:00 P:A5 SP:F9
872F  EA        NOP                             A:01 X:ED Y:00 P:A5 SP:F9
8730  EA        NOP                             A:01 X:ED Y:00 P:A5 SP:F9
8731  CA        DEX                             A:01 X:ED Y:00 P:A5 SP:F9
8732  D0 FB     BNE $872F                       A:01 X:EC Y:00 P:A5 SP:F9
872F  EA        NOP                             A:01 X:EC Y:00 P:A5 SP:F9
8730  EA        NOP                             A:01 X:EC Y:00 P:A5 SP:F9
8731  CA        DEX                             A:01 X:EC Y:00 P:A5 SP:F9
8732  D0 FB     BNE $872F                       A:01 X:EB Y:00 P:A5 SP:F9
872F  EA        NOP                             A:01 X:EB Y:00 P:A5 SP:F9
8730  EA        NOP                             A:01 X:EB Y:00 P:A5 SP:F9
8731  CA        DEX                             A:01 X:EB Y:00 P:A5 SP:F9
8732  D0 FB     BNE $872F                       A:01 X:EA Y:00 P:A5 SP:F9
872F  EA        NOP                             A:01 X:EA Y:00 P:A5 SP:F9
8730  EA        NOP                             A:01 X:EA Y:00 P:A5 SP:F9
8731  CA        DEX                             A:01 X:EA Y:00 P:A5 SP:F9
8732  D0 FB     BNE $872F                       A:01 X:E9 Y:00 P:A5 SP:F9
872F  EA        NOP                             A:01 X:E9 Y:00 P:A5 SP:F9
8730  EA        NOP                             A:01 X:E9 Y:00 P:A5 SP:F9
8731  CA        DEX                             A:01 X:E9 Y:00 P:A5 SP:F9
8732  D0 FB     BNE $872F                       A:01 X:E8 Y:00 P:A5 SP:F9
872F  EA        NOP                             A:01 X:E8 Y:00 P:A5 SP:F9
8730  EA        NOP                             A:01 X:E8 Y:00 P:A5 SP:F9
8731  CA        DEX                             A:01 X:E8 Y:00 P:A5 SP:F9
8732  D0 FB     BNE $872F                       A:01 X:E7 Y:00 P:A5 SP:F9
872F  EA        NOP                             A:01 X:E7 Y:00 P:A5 SP:F9
8730  EA        NOP                             A:01 X:E7 Y:00 P:A5 SP:F9
8731  CA        DEX                             A:01 X:E7 Y:00 P:A5 SP:F9
8732  D0 FB     BNE $872F                       A:01 X:E6 Y:00 P:A5 SP:F9
872F  EA        NOP                             A:01 X:E6 Y:00 P:A5 SP:F9
8730  EA        NOP                             A:01 X:E6 Y:00 P:A5 SP:F9
8731  CA        DEX                             A:01 X:E6 Y:00 P:A5 SP:F9
8732  D0 FB     BNE $872F                       A:01 X:E5 Y:00 P:A5 SP:F9
872F  EA        NOP                             A:01 X:E5 Y:00 P:A5 SP:F9
8730  EA        NOP                             A:01 X:E5 Y:00 P:A5 SP:F9
8731  CA        DEX                             A:01 X:E5 Y:00 P:A5 SP:F9
8732  D0 FB     BNE $872F                       A:01 X:E4 Y:00 P:A5 SP:F9
872F  EA        NOP                             A:01 X:E4 Y:00 P:A5 SP:F9
8730  EA        NOP                             A:01 X:E4 Y:00 P:A5 SP:F9
8731  CA        DEX                             A:01 X:E4 Y:00 P:A5 SP:F9
8732  D0 FB     BNE $872F                       A:01 X:E3 Y:00 P:A5 SP:F9
872F  EA        NOP                             A:01 X:E3 Y:00 P:A5 SP:F9
8730  EA        NOP                             A:01 X:E3 Y:00 P:A5 SP:F9
8731  CA        DEX                             A:01 X:E3 Y:00 P:A5 SP:F9
8732  D0 FB     BNE $872F                       A:01 X:E2 Y:00 P:A5 SP:F9
872F  EA        NOP                             A:01 X:E2 Y:00 P:A5 SP:F9
8730  EA        NOP                             A:01 X:E2 Y:00 P:A5 SP:F9
8731  CA        DEX                             A:01 X:E2 Y:00 P:A5 SP:F9
8732  D0 FB     BNE $872F                       A:01 X:E1 Y:00 P:A5 SP:F9
872F  EA        NOP                             A:01 X:E1 Y:00 P:A5 SP:F9
8730  EA        NOP                             A:01 X:E1 Y:00 P:A5 SP:F9
8731  CA        DEX                             A:01 X:E1 Y:00 P:A5 SP:F9
8732  D0 FB     BNE $872F                       A:01 X:E0 Y:00 P:A5 SP:F9
872F  EA        NOP                             A:01 X:E0 Y:00 P:A5 SP:F9
8730  EA        NOP                             A:01 X:E0 Y:00 P:A5 SP:F9
8731  CA        DEX                             A:01 X:E0 Y:00 P:A5 SP:F9
8732  D0 FB     BNE $872F                       A:01 X:DF Y:00 P:A5 SP:F9
872F  EA        NOP                             A:01 X:DF Y:00 P:A5 SP:F9
8730  EA        NOP                             A:01 X:DF Y:00 P:A5 SP:F9
8731  CA        DEX                             A:01 X:DF Y:00 P:A5 SP:F9
8732  D0 FB     BNE $872F                       A:01 X:DE Y:00 P:A5 SP:F9
872F  EA        NOP                             A:01 X:DE Y:00 P:A5 SP:F9
8730  EA        NOP                             A:01 X:DE Y:00 P:A5 SP:F9
8731  CA        DEX                             A:01 X:DE Y:00 P:A5 SP:F9
8732  D0 FB     BNE $872F                       A:01 X:DD Y:00 P:A5 SP:F9
872F  EA        NOP                             A:01 X:DD Y:00 P:A5 SP:F9
8730  EA        NOP                             A:01 X:DD Y:00 P:A5 SP:F9
8731  CA        DEX                             A:01 X:DD Y:00 P:A5 SP:F9
8732  D0 FB     BNE $872F                       A:01 X:DC Y:00 P:A5 SP:F9
872F  EA        NOP                             A:01 X:DC Y:00 P:A5 SP:F9
8730  EA        NOP                             A:01 X:DC Y:00 P:A5 SP:F9
8731  CA        DEX                             A:01 X:DC Y:00 P:A5 SP:F9
8732  D0 FB     BNE $872F                       A:01 X:DB Y:00 P:A5 SP:F9
872F  EA        NOP                             A:01 X:DB Y:00 P:A5 SP:F9
8730  EA        NOP                             A:01 X:DB Y:00 P:A5 SP:F9
8731  CA        DEX                             A:01 X:DB Y:00 P:A5 SP:F9
8732  D0 FB     BNE $872F                       A:01 X:DA Y:00 P:A5 SP:F9
872F  EA        NOP                             A:01 X:DA Y:00 P:A5 SP:F9
8730  EA        NOP                             A:01 X:DA Y:00 P:A5 SP:F9
8731  CA        DEX                             A:01 X:DA Y:00 P:A5 SP:F9
8732  D0 FB     BNE $872F                       A:01 X:D9 Y:00 P:A5 SP:F9
872F  EA        NOP                             A:01 X:D9 Y:00 P:A5 SP:F9
8730  EA        NOP                             A:01 X:D9 Y:00 P:A5 SP:F9
8731  CA        DEX                             A:01 X:D9 Y:00 P:A5 SP:F9
8732  D0 FB     BNE $872F                       A:01 X:D8 Y:00 P:A5 SP:F9
872F  EA        NOP                             A:01 X:D8 Y:00 P:A5 SP:F9
8730  EA        NOP                             A:01 X:D8 Y:00 P:A5 SP:F9
8731  CA        DEX                             A:01 X:D8 Y:00 P:A5 SP:F9
8732  D0 FB     BNE $872F                       A:01 X:D7 Y:00 P:A5 SP:F9
872F  EA        NOP                             A:01 X:D7 Y:00 P:A5 SP:F9
8730  EA        NOP                             A:01 X:D7 Y:00 P:A5 SP:F9
8731  CA        DEX                             A:01 X:D7 Y:00 P:A5 SP:F9
8732  D0 FB     BNE $872F                       A:01 X:D6 Y:00 P:A5 SP:F9
872F  EA        NOP                             A:01 X:D6 Y:00 P:A5 SP:F9
8730  EA        NOP                             A:01 X:D6 Y:00 P:A5 SP:F9
8731  CA        DEX                             A:01 X:D6 Y:00 P:A5 SP:F9
8732  D0 FB     BNE $872F                       A:01 X:D5 Y:00 P:A5 SP:F9
872F  EA        NOP                             A:01 X:D5 Y:00 P:A5 SP:F9
8730  EA        NOP                             A:01 X:D5 Y:00 P:A5 SP:F9
8731  CA        DEX                             A:01 X:D5 Y:00 P:A5 SP:F9
8732  D0 FB     BNE $872F                       A:01 X:D4 Y:00 P:A5 SP:F9
872F  EA        NOP                             A:01 X:D4 Y:00 P:A5 SP:F9
8730  EA        NOP                             A:01 X:D4 Y:00 P:A5 SP:F9
8731  CA        DEX                             A:01 X:D4 Y:00 P:A5 SP:F9
8732  D0 FB     BNE $872F                       A:01 X:D3 Y:00 P:A5 SP:F9
872F  EA        NOP                             A:01 X:D3 Y:00 P:A5 SP:F9
8730  EA        NOP                             A:01 X:D3 Y:00 P:A5 SP:F9
8731  CA        DEX                             A:01 X:D3 Y:00 P:A5 SP:F9
8732  D0 FB     BNE $872F                       A:01 X:D2 Y:00 P:A5 SP:F9
872F  EA        NOP                             A:01 X:D2 Y:00 P:A5 SP:F9
8730  EA        NOP                             A:01 X:D2 Y:00 P:A5 SP:F9
8731  CA        DEX                             A:01 X:D2 Y:00 P:A5 SP:F9
8732  D0 FB     BNE $872F                       A:01 X:D1 Y:00 P:A5 SP:F9
872F  EA        NOP                             A:01 X:D1 Y:00 P:A5 SP:F9
8730  EA        NOP                             A:01 X:D1 Y:00 P:A5 SP:F9
8731  CA        DEX                             A:01 X:D1 Y:00 P:A5 SP:F9
8732  D0 FB     BNE $872F                       A:01 X:D0 Y:00 P:A5 SP:F9
872F  EA        NOP                             A:01 X:D0 Y:00 P:A5 SP:F9
8730  EA        NOP                             A:01 X:D0 Y:00 P:A5 SP:F9
8731  CA        DEX                             A:01 X:D0 Y:00 P:A5 SP:F9
8732  D0 FB     BNE $872F                       A:01 X:CF Y:00 P:A5 SP:F9
872F  EA        NOP                             A:01 X:CF Y:00 P:A5 SP:F9
8730  EA        NOP                             A:01 X:CF Y:00 P:A5 SP:F9
8731  CA        DEX                             A:01 X:CF Y:00 P:A5 SP:F9
8732  D0 FB     BNE $872F                       A:01 X:CE Y:00 P:A5 SP:F9
872F  EA        NOP                             A:01 X:CE Y:00 P:A5 SP:F9
8730  EA        NOP                             A:01 X:CE Y:00 P:A5 SP:F9
8731  CA        DEX                             A:01 X:CE Y:00 P:A5 SP:F9
8732  D0 FB     BNE $872F                       A:01 X:CD Y:00 P:A5 SP:F9
872F  EA        NOP                             A:01 X:CD Y:00 P:A5 SP:F9
8730  EA        NOP                             A:01 X:CD Y:00 P:A5 SP:F9
8731  CA        DEX                             A:01 X:CD Y:00 P:A5 SP:F9
8732  D0 FB     BNE $872F                       A:01 X:CC Y:00 P:A5 SP:F9
872F  EA        NOP                             A:01 X:CC Y:00 P:A5 SP:F9
8730  EA        NOP                             A:01 X:CC Y:00 P:A5 SP:F9
8731  CA        DEX                             A:01 X:CC Y:00 P:A5 SP:F9
8732  D0 FB     BNE $872F                       A:01 X:CB Y:00 P:A5 SP:F9
872F  EA        NOP                             A:01 X:CB Y:00 P:A5 SP:F9
8730  EA        NOP                             A:01 X:CB Y:00 P:A5 SP:F9
8731  CA        DEX                             A:01 X:CB Y:00 P:A5 SP:F9
8732  D0 FB     BNE $872F                       A:01 X:CA Y:00 P:A5 SP:F9
872F  EA        NOP                             A:01 X:CA Y:00 P:A5 SP:F9
8730  EA        NOP                             A:01 X:CA Y:00 P:A5 SP:F9
8731  CA        DEX                             A:01 X:CA Y:00 P:A5 SP:F9
8732  D0 FB     BNE $872F                       A:01 X:C9 Y:00 P:A5 SP:F9
872F  EA        NOP                             A:01 X:C9 Y:00 P:A5 SP:F9
8730  EA        NOP                             A:01 X:C9 Y:00 P:A5 SP:F9
8731  CA        DEX                             A:01 X:C9 Y:00 P:A5 SP:F9
8732  D0 FB     BNE $872F                       A:01 X:C8 Y:00 P:A5 SP:F9
872F  EA        NOP                             A:01 X:C8 Y:00 P:A5 SP:F9
8730  EA        NOP                             A:01 X:C8 Y:00 P:A5 SP:F9
8731  CA        DEX                             A:01 X:C8 Y:00 P:A5 SP:F9
8732  D0 FB     BNE $872F                       A:01 X:C7 Y:00 P:A5 SP:F9
872F  EA        NOP                             A:01 X:C7 Y:00 P:A5 SP:F9
8730  EA        NOP                             A:01 X:C7 Y:00 P:A5 SP:F9
8731  CA        DEX                             A:01 X:C7 Y:00 P:A5 SP:F9
8732  D0 FB     BNE $872F                       A:01 X:C6 Y:00 P:A5 SP:F9
872F  EA        NOP                             A:01 X:C6 Y:00 P:A5 SP:F9
8730  EA        NOP                             A:01 X:C6 Y:00 P:A5 SP:F9
8731  CA        DEX                             A:01 X:C6 Y:00 P:A5 SP:F9
8732  D0 FB     BNE $872F                       A:01 X:C5 Y:00 P:A5 SP:F9
872F  EA        NOP                             A:01 X:C5 Y:00 P:A5 SP:F9
8730  EA        NOP                             A:01 X:C5 Y:00 P:A5 SP:F9
8731  CA        DEX                             A:01 X:C5 Y:00 P:A5 SP:F9
8732  D0 FB     BNE $872F                       A:01 X:C4 Y:00 P:A5 SP:F9
872F  EA        NOP                             A:01 X:C4 Y:00 P:A5 SP:F9
8730  EA        NOP                             A:01 X:C4 Y:00 P:A5 SP:F9
8731  CA        DEX                             A:01 X:C4 Y:00 P:A5 SP:F9
8732  D0 FB     BNE $872F                       A:01 X:C3 Y:00 P:A5 SP:F9
872F  EA        NOP                             A:01 X:C3 Y:00 P:A5 SP:F9
8730  EA        NOP                             A:01 X:C3 Y:00 P:A5 SP:F9
8731  CA        DEX                             A:01 X:C3 Y:00 P:A5 SP:F9
8732  D0 FB     BNE $872F                       A:01 X:C2 Y:00 P:A5 SP:F9
872F  EA        NOP                             A:01 X:C2 Y:00 P:A5 SP:F9
8730  EA        NOP                             A:01 X:C2 Y:00 P:A5 SP:F9
8731  CA        DEX                             A:01 X:C2 Y:00 P:A5 SP:F9
8732  D0 FB     BNE $872F                       A:01 X:C1 Y:00 P:A5 SP:F9
872F  EA        NOP                             A:01 X:C1 Y:00 P:A5 SP:F9
8730  EA        NOP                             A:01 X:C1 Y:00 P:A5 SP:F9
8731  CA        DEX                             A:01 X:C1 Y:00 P:A5 SP:F9
8732  D0 FB     BNE $872F                       A:01 X:C0 Y:00 P:A5 SP:F9
872F  EA        NOP                             A:01 X:C0 Y:00 P:A5 SP:F9
8730  EA        NOP                             A:01 X:C0 Y:00 P:A5 SP:F9
8731  CA        DEX                             A:01 X:C0 Y:00 P:A5 SP:F9
8732  D0 FB     BNE $872F                       A:01 X:BF Y:00 P:A5 SP:F9
872F  EA        NOP                             A:01 X:BF Y:00 P:A5 SP:F9
8730  EA        NOP                             A:01 X:BF Y:00 P:A5 SP:F9
8731  CA        DEX                             A:01 X:BF Y:00 P:A5 SP:F9
8732  D0 FB     BNE $872F                       A:01 X:BE Y:00 P:A5 SP:F9
872F  EA        NOP                             A:01 X:BE Y:00 P:A5 SP:F9
8730  EA        NOP                             A:01 X:BE Y:00 P:A5 SP:F9
8731  CA        DEX                             A:01 X:BE Y:00 P:A5 SP:F9
8732  D0 FB     BNE $872F                       A:01 X:BD Y:00 P:A5 SP:F9
872F  EA        NOP                             A:01 X:BD Y:00 P:A5 SP:F9
8730  EA        NOP                             A:01 X:BD Y:00 P:A5 SP:F9
8731  CA        DEX                             A:01 X:BD Y:00 P:A5 SP:F9
8732  D0 FB     BNE $872F                       A:01 X:BC Y:00 P:A5 SP:F9
872F  EA        NOP                             A:01 X:BC Y:00 P:A5 SP:F9
8730  EA        NOP                             A:01 X:BC Y:00 P:A5 SP:F9
8731  CA        DEX                             A:01 X:BC Y:00 P:A5 SP:F9
8732  D0 FB     BNE $872F                       A:01 X:BB Y:00 P:A5 SP:F9
872F  EA        NOP                             A:01 X:BB Y:00 P:A5 SP:F9
8730  EA        NOP                             A:01 X:BB Y:00 P:A5 SP:F9
8731  CA        DEX                             A:01 X:BB Y:00 P:A5 SP:F9
8732  D0 FB     BNE $872F                       A:01 X:BA Y:00 P:A5 SP:F9
872F  EA        NOP                             A:01 X:BA Y:00 P:A5 SP:F9
8730  EA        NOP                             A:01 X:BA Y:00 P:A5 SP:F9
8731  CA        DEX                             A:01 X:BA Y:00 P:A5 SP:F9
8732  D0 FB     BNE $872F                       A:01 X:B9 Y:00 P:A5 SP:F9
872F  EA        NOP                             A:01 X:B9 Y:00 P:A5 SP:F9
8730  EA        NOP                             A:01 X:B9 Y:00 P:A5 SP:F9
8731  CA        DEX                             A:01 X:B9 Y:00 P:A5 SP:F9
8732  D0 FB     BNE $872F                       A:01 X:B8 Y:00 P:A5 SP:F9
872F  EA        NOP                             A:01 X:B8 Y:00 P:A5 SP:F9
8730  EA        NOP                             A:01 X:B8 Y:00 P:A5 SP:F9
8731  CA        DEX                             A:01 X:B8 Y:00 P:A5 SP:F9
8732  D0 FB     BNE $872F                       A:01 X:B7 Y:00 P:A5 SP:F9
872F  EA        NOP                             A:01 X:B7 Y:00 P:A5 SP:F9
8730  EA        NOP                             A:01 X:B7 Y:00 P:A5 SP:F9
8731  CA        DEX                             A:01 X:B7 Y:00 P:A5 SP:F9
8732  D0 FB     BNE $872F                       A:01 X:B6 Y:00 P:A5 SP:F9
872F  EA        NOP                             A:01 X:B6 Y:00 P:A5 SP:F9
8730  EA        NOP                             A:01 X:B6 Y:00 P:A5 SP:F9
8731  CA        DEX                             A:01 X:B6 Y:00 P:A5 SP:F9
8732  D0 FB     BNE $872F                       A:01 X:B5 Y:00 P:A5 SP:F9
872F  EA        NOP                             A:01 X:B5 Y:00 P:A5 SP:F9
8730  EA        NOP                             A:01 X:B5 Y:00 P:A5 SP:F9
8731  CA        DEX                             A:01 X:B5 Y:00 P:A5 SP:F9
8732  D0 FB     BNE $872F                       A:01 X:B4 Y:00 P:A5 SP:F9
872F  EA        NOP                             A:01 X:B4 Y:00 P:A5 SP:F9
8730  EA        NOP                             A:01 X:B4 Y:00 P:A5 SP:F9
8731  CA        DEX                             A:01 X:B4 Y:00 P:A5 SP:F9
8732  D0 FB     BNE $872F                       A:01 X:B3 Y:00 P:A5 SP:F9
872F  EA        NOP                             A:01 X:B3 Y:00 P:A5 SP:F9
8730  EA        NOP                             A:01 X:B3 Y:00 P:A5 SP:F9
8731  CA        DEX                             A:01 X:B3 Y:00 P:A5 SP:F9
8732  D0 FB     BNE $872F                       A:01 X:B2 Y:00 P:A5 SP:F9
872F  EA        NOP                             A:01 X:B2 Y:00 P:A5 SP:F9
8730  EA        NOP                             A:01 X:B2 Y:00 P:A5 SP:F9
8731  CA        DEX                             A:01 X:B2 Y:00 P:A5 SP:F9
8732  D0 FB     BNE $872F                       A:01 X:B1 Y:00 P:A5 SP:F9
872F  EA        NOP                             A:01 X:B1 Y:00 P:A5 SP:F9
8730  EA        NOP                             A:01 X:B1 Y:00 P:A5 SP:F9
8731  CA        DEX                             A:01 X:B1 Y:00 P:A5 SP:F9
8732  D0 FB     BNE $872F                       A:01 X:B0 Y:00 P:A5 SP:F9
872F  EA        NOP                             A:01 X:B0 Y:00 P:A5 SP:F9
8730  EA        NOP                             A:01 X:B0 Y:00 P:A5 SP:F9
8731  CA        DEX                             A:01 X:B0 Y:00 P:A5 SP:F9
8732  D0 FB     BNE $872F                       A:01 X:AF Y:00 P:A5 SP:F9
872F  EA        NOP                             A:01 X:AF Y:00 P:A5 SP:F9
8730  EA        NOP                             A:01 X:AF Y:00 P:A5 SP:F9
8731  CA        DEX                             A:01 X:AF Y:00 P:A5 SP:F9
8732  D0 FB     BNE $872F                       A:01 X:AE Y:00 P:A5 SP:F9
872F  EA        NOP                             A:01 X:AE Y:00 P:A5 SP:F9
8730  EA        NOP                             A:01 X:AE Y:00 P:A5 SP:F9
8731  CA        DEX                             A:01 X:AE Y:00 P:A5 SP:F9
8732  D0 FB     BNE $872F                       A:01 X:AD Y:00 P:A5 SP:F9
872F  EA        NOP                             A:01 X:AD Y:00 P:A5 SP:F9
8730  EA        NOP                             A:01 X:AD Y:00 P:A5 SP:F9
8731  CA        DEX                             A:01 X:AD Y:00 P:A5 SP:F9
8732  D0 FB     BNE $872F                       A:01 X:AC Y:00 P:A5 SP:F9
872F  EA        NOP                             A:01 X:AC Y:00 P:A5 SP:F9
8730  EA        NOP                             A:01 X:AC Y:00 P:A5 SP:F9
8731  CA        DEX                             A:01 X:AC Y:00 P:A5 SP:F9
8732  D0 FB     BNE $872F                       A:01 X:AB Y:00 P:A5 SP:F9
872F  EA        NOP                             A:01 X:AB Y:00 P:A5 SP:F9
8730  EA        NOP                             A:01 X:AB Y:00 P:A5 SP:F9
8731  CA        DEX                             A:01 X:AB Y:00 P:A5 SP:F9
8732  D0 FB     BNE $872F                       A:01 X:AA Y:00 P:A5 SP:F9
872F  EA        NOP                             A:01 X:AA Y:00 P:A5 SP:F9
8730  EA        NOP                             A:01 X:AA Y:00 P:A5 SP:F9
8731  CA        DEX                             A:01 X:AA Y:00 P:A5 SP:F9
8732  D0 FB     BNE $872F                       A:01 X:A9 Y:00 P:A5 SP:F9
872F  EA        NOP                             A:01 X:A9 Y:00 P:A5 SP:F9
8730  EA        NOP                             A:01 X:A9 Y:00 P:A5 SP:F9
8731  CA        DEX                             A:01 X:A9 Y:00 P:A5 SP:F9
8732  D0 FB     BNE $872F                       A:01 X:A8 Y:00 P:A5 SP:F9
872F  EA        NOP                             A:01 X:A8 Y:00 P:A5 SP:F9
8730  EA        NOP                             A:01 X:A8 Y:00 P:A5 SP:F9
8731  CA        DEX                             A:01 X:A8 Y:00 P:A5 SP:F9
8732  D0 FB     BNE $872F                       A:01 X:A7 Y:00 P:A5 SP:F9
872F  EA        NOP                             A:01 X:A7 Y:00 P:A5 SP:F9
8730  EA        NOP                             A:01 X:A7 Y:00 P:A5 SP:F9
8731  CA        DEX                             A:01 X:A7 Y:00 P:A5 SP:F9
8732  D0 FB     BNE $872F                       A:01 X:A6 Y:00 P:A5 SP:F9
872F  EA        NOP                             A:01 X:A6 Y:00 P:A5 SP:F9
8730  EA        NOP                             A:01 X:A6 Y:00 P:A5 SP:F9
8731  CA        DEX                             A:01 X:A6 Y:00 P:A5 SP:F9
8732  D0 FB     BNE $872F                       A:01 X:A5 Y:00 P:A5 SP:F9
872F  EA        NOP                             A:01 X:A5 Y:00 P:A5 SP:F9
8730  EA        NOP                             A:01 X:A5 Y:00 P:A5 SP:F9
8731  CA        DEX                             A:01 X:A5 Y:00 P:A5 SP:F9
8732  D0 FB     BNE $872F                       A:01 X:A4 Y:00 P:A5 SP:F9
872F  EA        NOP                             A:01 X:A4 Y:00 P:A5 SP:F9
8730  EA        NOP                             A:01 X:A4 Y:00 P:A5 SP:F9
8731  CA        DEX                             A:01 X:A4 Y:00 P:A5 SP:F9
8732  D0 FB     BNE $872F                       A:01 X:A3 Y:00 P:A5 SP:F9
872F  EA        NOP                             A:01 X:A3 Y:00 P:A5 SP:F9
8730  EA        NOP                             A:01 X:A3 Y:00 P:A5 SP:F9
8731  CA        DEX                             A:01 X:A3 Y:00 P:A5 SP:F9
8732  D0 FB     BNE $872F                       A:01 X:A2 Y:00 P:A5 SP:F9
872F  EA        NOP                             A:01 X:A2 Y:00 P:A5 SP:F9
8730  EA        NOP                             A:01 X:A2 Y:00 P:A5 SP:F9
8731  CA        DEX                             A:01 X:A2 Y:00 P:A5 SP:F9
8732  D0 FB     BNE $872F                       A:01 X:A1 Y:00 P:A5 SP:F9
872F  EA        NOP                             A:01 X:A1 Y:00 P:A5 SP:F9
8730  EA        NOP                             A:01 X:A1 Y:00 P:A5 SP:F9
8731  CA        DEX                             A:01 X:A1 Y:00 P:A5 SP:F9
8732  D0 FB     BNE $872F                       A:01 X:A0 Y:00 P:A5 SP:F9
872F  EA        NOP                             A:01 X:A0 Y:00 P:A5 SP:F9
8730  EA        NOP                             A:01 X:A0 Y:00 P:A5 SP:F9
8731  CA        DEX                             A:01 X:A0 Y:00 P:A5 SP:F9
8732  D0 FB     BNE $872F                       A:01 X:9F Y:00 P:A5 SP:F9
872F  EA        NOP                             A:01 X:9F Y:00 P:A5 SP:F9
8730  EA        NOP                             A:01 X:9F Y:00 P:A5 SP:F9
8731  CA        DEX                             A:01 X:9F Y:00 P:A5 SP:F9
8732  D0 FB     BNE $872F                       A:01 X:9E Y:00 P:A5 SP:F9
872F  EA        NOP                             A:01 X:9E Y:00 P:A5 SP:F9
8730  EA        NOP                             A:01 X:9E Y:00 P:A5 SP:F9
8731  CA        DEX                             A:01 X:9E Y:00 P:A5 SP:F9
8732  D0 FB     BNE $872F                       A:01 X:9D Y:00 P:A5 SP:F9
872F  EA        NOP                             A:01 X:9D Y:00 P:A5 SP:F9
8730  EA        NOP                             A:01 X:9D Y:00 P:A5 SP:F9
8731  CA        DEX                             A:01 X:9D Y:00 P:A5 SP:F9
8732  D0 FB     BNE $872F                       A:01 X:9C Y:00 P:A5 SP:F9
872F  EA        NOP                             A:01 X:9C Y:00 P:A5 SP:F9
8730  EA        NOP                             A:01 X:9C Y:00 P:A5 SP:F9
8731  CA        DEX                             A:01 X:9C Y:00 P:A5 SP:F9
8732  D0 FB     BNE $872F                       A:01 X:9B Y:00 P:A5 SP:F9
872F  EA        NOP                             A:01 X:9B Y:00 P:A5 SP:F9
8730  EA        NOP                             A:01 X:9B Y:00 P:A5 SP:F9
8731  CA        DEX                             A:01 X:9B Y:00 P:A5 SP:F9
8732  D0 FB     BNE $872F                       A:01 X:9A Y:00 P:A5 SP:F9
872F  EA        NOP                             A:01 X:9A Y:00 P:A5 SP:F9
8730  EA        NOP                             A:01 X:9A Y:00 P:A5 SP:F9
8731  CA        DEX                             A:01 X:9A Y:00 P:A5 SP:F9
8732  D0 FB     BNE $872F                       A:01 X:99 Y:00 P:A5 SP:F9
872F  EA        NOP                             A:01 X:99 Y:00 P:A5 SP:F9
8730  EA        NOP                             A:01 X:99 Y:00 P:A5 SP:F9
8731  CA        DEX                             A:01 X:99 Y:00 P:A5 SP:F9
8732  D0 FB     BNE $872F                       A:01 X:98 Y:00 P:A5 SP:F9
872F  EA        NOP                             A:01 X:98 Y:00 P:A5 SP:F9
8730  EA        NOP                             A:01 X:98 Y:00 P:A5 SP:F9
8731  CA        DEX                             A:01 X:98 Y:00 P:A5 SP:F9
8732  D0 FB     BNE $872F                       A:01 X:97 Y:00 P:A5 SP:F9
872F  EA        NOP                             A:01 X:97 Y:00 P:A5 SP:F9
8730  EA        NOP                             A:01 X:97 Y:00 P:A5 SP:F9
8731  CA        DEX                             A:01 X:97 Y:00 P:A5 SP:F9
8732  D0 FB     BNE $872F                       A:01 X:96 Y:00 P:A5 SP:F9
872F  EA        NOP                             A:01 X:96 Y:00 P:A5 SP:F9
8730  EA        NOP                             A:01 X:96 Y:00 P:A5 SP:F9
8731  CA        DEX                             A:01 X:96 Y:00 P:A5 SP:F9
8732  D0 FB     BNE $872F                       A:01 X:95 Y:00 P:A5 SP:F9
872F  EA        NOP                             A:01 X:95 Y:00 P:A5 SP:F9
8730  EA        NOP                             A:01 X:95 Y:00 P:A5 SP:F9
8731  CA        DEX                             A:01 X:95 Y:00 P:A5 SP:F9
8732  D0 FB     BNE $872F                       A:01 X:94 Y:00 P:A5 SP:F9
872F  EA        NOP                             A:01 X:94 Y:00 P:A5 SP:F9
8730  EA        NOP                             A:01 X:94 Y:00 P:A5 SP:F9
8731  CA        DEX                             A:01 X:94 Y:00 P:A5 SP:F9
8732  D0 FB     BNE $872F                       A:01 X:93 Y:00 P:A5 SP:F9
872F  EA        NOP                             A:01 X:93 Y:00 P:A5 SP:F9
8730  EA        NOP                             A:01 X:93 Y:00 P:A5 SP:F9
8731  CA        DEX                             A:01 X:93 Y:00 P:A5 SP:F9
8732  D0 FB     BNE $872F                       A:01 X:92 Y:00 P:A5 SP:F9
872F  EA        NOP                             A:01 X:92 Y:00 P:A5 SP:F9
8730  EA        NOP                             A:01 X:92 Y:00 P:A5 SP:F9
8731  CA        DEX                             A:01 X:92 Y:00 P:A5 SP:F9
8732  D0 FB     BNE $872F                       A:01 X:91 Y:00 P:A5 SP:F9
872F  EA        NOP                             A:01 X:91 Y:00 P:A5 SP:F9
8730  EA        NOP                             A:01 X:91 Y:00 P:A5 SP:F9
8731  CA        DEX                             A:01 X:91 Y:00 P:A5 SP:F9
8732  D0 FB     BNE $872F                       A:01 X:90 Y:00 P:A5 SP:F9
872F  EA        NOP                             A:01 X:90 Y:00 P:A5 SP:F9
8730  EA        NOP                             A:01 X:90 Y:00 P:A5 SP:F9
8731  CA        DEX                             A:01 X:90 Y:00 P:A5 SP:F9
8732  D0 FB     BNE $872F                       A:01 X:8F Y:00 P:A5 SP:F9
872F  EA        NOP                             A:01 X:8F Y:00 P:A5 SP:F9
8730  EA        NOP                             A:01 X:8F Y:00 P:A5 SP:F9
8731  CA        DEX                             A:01 X:8F Y:00 P:A5 SP:F9
8732  D0 FB     BNE $872F                       A:01 X:8E Y:00 P:A5 SP:F9
872F  EA        NOP                             A:01 X:8E Y:00 P:A5 SP:F9
8730  EA        NOP                             A:01 X:8E Y:00 P:A5 SP:F9
8731  CA        DEX                             A:01 X:8E Y:00 P:A5 SP:F9
8732  D0 FB     BNE $872F                       A:01 X:8D Y:00 P:A5 SP:F9
872F  EA        NOP                             A:01 X:8D Y:00 P:A5 SP:F9
8730  EA        NOP                             A:01 X:8D Y:00 P:A5 SP:F9
8731  CA        DEX                             A:01 X:8D Y:00 P:A5 SP:F9
8732  D0 FB     BNE $872F                       A:01 X:8C Y:00 P:A5 SP:F9
872F  EA        NOP                             A:01 X:8C Y:00 P:A5 SP:F9
8730  EA        NOP                             A:01 X:8C Y:00 P:A5 SP:F9
8731  CA        DEX                             A:01 X:8C Y:00 P:A5 SP:F9
8732  D0 FB     BNE $872F                       A:01 X:8B Y:00 P:A5 SP:F9
872F  EA        NOP                             A:01 X:8B Y:00 P:A5 SP:F9
8730  EA        NOP                             A:01 X:8B Y:00 P:A5 SP:F9
8731  CA        DEX                             A:01 X:8B Y:00 P:A5 SP:F9
8732  D0 FB     BNE $872F                       A:01 X:8A Y:00 P:A5 SP:F9
872F  EA        NOP                             A:01 X:8A Y:00 P:A5 SP:F9
8730  EA        NOP                             A:01 X:8A Y:00 P:A5 SP:F9
8731  CA        DEX                             A:01 X:8A Y:00 P:A5 SP:F9
8732  D0 FB     BNE $872F                       A:01 X:89 Y:00 P:A5 SP:F9
872F  EA        NOP                             A:01 X:89 Y:00 P:A5 SP:F9
8730  EA        NOP                             A:01 X:89 Y:00 P:A5 SP:F9
8731  CA        DEX                             A:01 X:89 Y:00 P:A5 SP:F9
8732  D0 FB     BNE $872F                       A:01 X:88 Y:00 P:A5 SP:F9
872F  EA        NOP                             A:01 X:88 Y:00 P:A5 SP:F9
8730  EA        NOP                             A:01 X:88 Y:00 P:A5 SP:F9
8731  CA        DEX                             A:01 X:88 Y:00 P:A5 SP:F9
8732  D0 FB     BNE $872F                       A:01 X:87 Y:00 P:A5 SP:F9
872F  EA        NOP                             A:01 X:87 Y:00 P:A5 SP:F9
8730  EA        NOP                             A:01 X:87 Y:00 P:A5 SP:F9
8731  CA        DEX                             A:01 X:87 Y:00 P:A5 SP:F9
8732  D0 FB     BNE $872F                       A:01 X:86 Y:00 P:A5 SP:F9
872F  EA        NOP                             A:01 X:86 Y:00 P:A5 SP:F9
8730  EA        NOP                             A:01 X:86 Y:00 P:A5 SP:F9
8731  CA        DEX                             A:01 X:86 Y:00 P:A5 SP:F9
8732  D0 FB     BNE $872F                       A:01 X:85 Y:00 P:A5 SP:F9
872F  EA        NOP                             A:01 X:85 Y:00 P:A5 SP:F9
8730  EA        NOP                             A:01 X:85 Y:00 P:A5 SP:F9
8731  CA        DEX                             A:01 X:85 Y:00 P:A5 SP:F9
8732  D0 FB     BNE $872F                       A:01 X:84 Y:00 P:A5 SP:F9
872F  EA        NOP                             A:01 X:84 Y:00 P:A5 SP:F9
8730  EA        NOP                             A:01 X:84 Y:00 P:A5 SP:F9
8731  CA        DEX                             A:01 X:84 Y:00 P:A5 SP:F9
8732  D0 FB     BNE $872F                       A:01 X:83 Y:00 P:A5 SP:F9
872F  EA        NOP                             A:01 X:83 Y:00 P:A5 SP:F9
8730  EA        NOP                             A:01 X:83 Y:00 P:A5 SP:F9
8731  CA        DEX                             A:01 X:83 Y:00 P:A5 SP:F9
8732  D0 FB     BNE $872F                       A:01 X:82 Y:00 P:A5 SP:F9
872F  EA        NOP                             A:01 X:82 Y:00 P:A5 SP:F9
8730  EA        NOP                             A:01 X:82 Y:00 P:A5 SP:F9
8731  CA        DEX                             A:01 X:82 Y:00 P:A5 SP:F9
8732  D0 FB     BNE $872F                       A:01 X:81 Y:00 P:A5 SP:F9
872F  EA        NOP                             A:01 X:81 Y:00 P:A5 SP:F9
8730  EA        NOP                             A:01 X:81 Y:00 P:A5 SP:F9
8731  CA        DEX                             A:01 X:81 Y:00 P:A5 SP:F9
8732  D0 FB     BNE $872F                       A:01 X:80 Y:00 P:A5 SP:F9
872F  EA        NOP                             A:01 X:80 Y:00 P:A5 SP:F9
8730  EA        NOP                             A:01 X:80 Y:00 P:A5 SP:F9
8731  CA        DEX                             A:01 X:80 Y:00 P:A5 SP:F9
8732  D0 FB     BNE $872F                       A:01 X:7F Y:00 P:25 SP:F9
872F  EA        NOP                             A:01 X:7F Y:00 P:25 SP:F9
8730  EA        NOP                             A:01 X:7F Y:00 P:25 SP:F9
8731  CA        DEX                             A:01 X:7F Y:00 P:25 SP:F9
8732  D0 FB     BNE $872F                       A:01 X:7E Y:00 P:25 SP:F9
872F  EA        NOP                             A:01 X:7E Y:00 P:25 SP:F9
8730  EA        NOP                             A:01 X:7E Y:00 P:25 SP:F9
8731  CA        DEX                             A:01 X:7E Y:00 P:25 SP:F9
8732  D0 FB     BNE $872F                       A:01 X:7D Y:00 P:25 SP:F9
872F  EA        NOP                             A:01 X:7D Y:00 P:25 SP:F9
8730  EA        NOP                             A:01 X:7D Y:00 P:25 SP:F9
8731  CA        DEX                             A:01 X:7D Y:00 P:25 SP:F9
8732  D0 FB     BNE $872F                       A:01 X:7C Y:00 P:25 SP:F9
872F  EA        NOP                             A:01 X:7C Y:00 P:25 SP:F9
8730  EA        NOP                             A:01 X:7C Y:00 P:25 SP:F9
8731  CA        DEX                             A:01 X:7C Y:00 P:25 SP:F9
8732  D0 FB     BNE $872F                       A:01 X:7B Y:00 P:25 SP:F9
872F  EA        NOP                             A:01 X:7B Y:00 P:25 SP:F9
8730  EA        NOP                             A:01 X:7B Y:00 P:25 SP:F9
8731  CA        DEX                             A:01 X:7B Y:00 P:25 SP:F9
8732  D0 FB     BNE $872F                       A:01 X:7A Y:00 P:25 SP:F9
872F  EA        NOP                             A:01 X:7A Y:00 P:25 SP:F9
8730  EA        NOP                             A:01 X:7A Y:00 P:25 SP:F9
8731  CA        DEX                             A:01 X:7A Y:00 P:25 SP:F9
8732  D0 FB     BNE $872F                       A:01 X:79 Y:00 P:25 SP:F9
872F  EA        NOP                             A:01 X:79 Y:00 P:25 SP:F9
8730  EA        NOP                             A:01 X:79 Y:00 P:25 SP:F9
8731  CA        DEX                             A:01 X:79 Y:00 P:25 SP:F9
8732  D0 FB     BNE $872F                       A:01 X:78 Y:00 P:25 SP:F9
872F  EA        NOP                             A:01 X:78 Y:00 P:25 SP:F9
8730  EA        NOP                             A:01 X:78 Y:00 P:25 SP:F9
8731  CA        DEX                             A:01 X:78 Y:00 P:25 SP:F9
8732  D0 FB     BNE $872F                       A:01 X:77 Y:00 P:25 SP:F9
872F  EA        NOP                             A:01 X:77 Y:00 P:25 SP:F9
8730  EA        NOP                             A:01 X:77 Y:00 P:25 SP:F9
8731  CA        DEX                             A:01 X:77 Y:00 P:25 SP:F9
8732  D0 FB     BNE $872F                       A:01 X:76 Y:00 P:25 SP:F9
872F  EA        NOP                             A:01 X:76 Y:00 P:25 SP:F9
8730  EA        NOP                             A:01 X:76 Y:00 P:25 SP:F9
8731  CA        DEX                             A:01 X:76 Y:00 P:25 SP:F9
8732  D0 FB     BNE $872F                       A:01 X:75 Y:00 P:25 SP:F9
872F  EA        NOP                             A:01 X:75 Y:00 P:25 SP:F9
8730  EA        NOP                             A:01 X:75 Y:00 P:25 SP:F9
8731  CA        DEX                             A:01 X:75 Y:00 P:25 SP:F9
8732  D0 FB     BNE $872F                       A:01 X:74 Y:00 P:25 SP:F9
872F  EA        NOP                             A:01 X:74 Y:00 P:25 SP:F9
8730  EA        NOP                             A:01 X:74 Y:00 P:25 SP:F9
8731  CA        DEX                             A:01 X:74 Y:00 P:25 SP:F9
8732  D0 FB     BNE $872F                       A:01 X:73 Y:00 P:25 SP:F9
872F  EA        NOP                             A:01 X:73 Y:00 P:25 SP:F9
8730  EA        NOP                             A:01 X:73 Y:00 P:25 SP:F9
8731  CA        DEX                             A:01 X:73 Y:00 P:25 SP:F9
8732  D0 FB     BNE $872F                       A:01 X:72 Y:00 P:25 SP:F9
872F  EA        NOP                             A:01 X:72 Y:00 P:25 SP:F9
8730  EA        NOP                             A:01 X:72 Y:00 P:25 SP:F9
8731  CA        DEX                             A:01 X:72 Y:00 P:25 SP:F9
8732  D0 FB     BNE $872F                       A:01 X:71 Y:00 P:25 SP:F9
872F  EA        NOP                             A:01 X:71 Y:00 P:25 SP:F9
8730  EA        NOP                             A:01 X:71 Y:00 P:25 SP:F9
8731  CA        DEX                             A:01 X:71 Y:00 P:25 SP:F9
8732  D0 FB     BNE $872F                       A:01 X:70 Y:00 P:25 SP:F9
872F  EA        NOP                             A:01 X:70 Y:00 P:25 SP:F9
8730  EA        NOP                             A:01 X:70 Y:00 P:25 SP:F9
8731  CA        DEX                             A:01 X:70 Y:00 P:25 SP:F9
8732  D0 FB     BNE $872F                       A:01 X:6F Y:00 P:25 SP:F9
872F  EA        NOP                             A:01 X:6F Y:00 P:25 SP:F9
8730  EA        NOP                             A:01 X:6F Y:00 P:25 SP:F9
8731  CA        DEX                             A:01 X:6F Y:00 P:25 SP:F9
8732  D0 FB     BNE $872F                       A:01 X:6E Y:00 P:25 SP:F9
872F  EA        NOP                             A:01 X:6E Y:00 P:25 SP:F9
8730  EA        NOP                             A:01 X:6E Y:00 P:25 SP:F9
8731  CA        DEX                             A:01 X:6E Y:00 P:25 SP:F9
8732  D0 FB     BNE $872F                       A:01 X:6D Y:00 P:25 SP:F9
872F  EA        NOP                             A:01 X:6D Y:00 P:25 SP:F9
8730  EA        NOP                             A:01 X:6D Y:00 P:25 SP:F9
8731  CA        DEX                             A:01 X:6D Y:00 P:25 SP:F9
8732  D0 FB     BNE $872F                       A:01 X:6C Y:00 P:25 SP:F9
872F  EA        NOP                             A:01 X:6C Y:00 P:25 SP:F9
8730  EA        NOP                             A:01 X:6C Y:00 P:25 SP:F9
8731  CA        DEX                             A:01 X:6C Y:00 P:25 SP:F9
8732  D0 FB     BNE $872F                       A:01 X:6B Y:00 P:25 SP:F9
872F  EA        NOP                             A:01 X:6B Y:00 P:25 SP:F9
8730  EA        NOP                             A:01 X:6B Y:00 P:25 SP:F9
8731  CA        DEX                             A:01 X:6B Y:00 P:25 SP:F9
8732  D0 FB     BNE $872F                       A:01 X:6A Y:00 P:25 SP:F9
872F  EA        NOP                             A:01 X:6A Y:00 P:25 SP:F9
8730  EA        NOP                             A:01 X:6A Y:00 P:25 SP:F9
8731  CA        DEX                             A:01 X:6A Y:00 P:25 SP:F9
8732  D0 FB     BNE $872F                       A:01 X:69 Y:00 P:25 SP:F9
872F  EA        NOP                             A:01 X:69 Y:00 P:25 SP:F9
8730  EA        NOP                             A:01 X:69 Y:00 P:25 SP:F9
8731  CA        DEX                             A:01 X:69 Y:00 P:25 SP:F9
8732  D0 FB     BNE $872F                       A:01 X:68 Y:00 P:25 SP:F9
872F  EA        NOP                             A:01 X:68 Y:00 P:25 SP:F9
8730  EA        NOP                             A:01 X:68 Y:00 P:25 SP:F9
8731  CA        DEX                             A:01 X:68 Y:00 P:25 SP:F9
8732  D0 FB     BNE $872F                       A:01 X:67 Y:00 P:25 SP:F9
872F  EA        NOP                             A:01 X:67 Y:00 P:25 SP:F9
8730  EA        NOP                             A:01 X:67 Y:00 P:25 SP:F9
8731  CA        DEX                             A:01 X:67 Y:00 P:25 SP:F9
8732  D0 FB     BNE $872F                       A:01 X:66 Y:00 P:25 SP:F9
872F  EA        NOP                             A:01 X:66 Y:00 P:25 SP:F9
8730  EA        NOP                             A:01 X:66 Y:00 P:25 SP:F9
8731  CA        DEX                             A:01 X:66 Y:00 P:25 SP:F9
8732  D0 FB     BNE $872F                       A:01 X:65 Y:00 P:25 SP:F9
872F  EA        NOP                             A:01 X:65 Y:00 P:25 SP:F9
8730  EA        NOP                             A:01 X:65 Y:00 P:25 SP:F9
8731  CA        DEX                             A:01 X:65 Y:00 P:25 SP:F9
8732  D0 FB     BNE $872F                       A:01 X:64 Y:00 P:25 SP:F9
872F  EA        NOP                             A:01 X:64 Y:00 P:25 SP:F9
8730  EA        NOP                             A:01 X:64 Y:00 P:25 SP:F9
8731  CA        DEX                             A:01 X:64 Y:00 P:25 SP:F9
8732  D0 FB     BNE $872F                       A:01 X:63 Y:00 P:25 SP:F9
872F  EA        NOP                             A:01 X:63 Y:00 P:25 SP:F9
8730  EA        NOP                             A:01 X:63 Y:00 P:25 SP:F9
8731  CA        DEX                             A:01 X:63 Y:00 P:25 SP:F9
8732  D0 FB     BNE $872F                       A:01 X:62 Y:00 P:25 SP:F9
872F  EA        NOP                             A:01 X:62 Y:00 P:25 SP:F9
8730  EA        NOP                             A:01 X:62 Y:00 P:25 SP:F9
8731  CA        DEX                             A:01 X:62 Y:00 P:25 SP:F9
8732  D0 FB     BNE $872F                       A:01 X:61 Y:00 P:25 SP:F9
872F  EA        NOP                             A:01 X:61 Y:00 P:25 SP:F9
8730  EA        NOP                             A:01 X:61 Y:00 P:25 SP:F9
8731  CA        DEX                             A:01 X:61 Y:00 P:25 SP:F9
8732  D0 FB     BNE $872F                       A:01 X:60 Y:00 P:25 SP:F9
872F  EA        NOP                             A:01 X:60 Y:00 P:25 SP:F9
8730  EA        NOP                             A:01 X:60 Y:00 P:25 SP:F9
8731  CA        DEX                             A:01 X:60 Y:00 P:25 SP:F9
8732  D0 FB     BNE $872F                       A:01 X:5F Y:00 P:25 SP:F9
872F  EA        NOP                             A:01 X:5F Y:00 P:25 SP:F9
8730  EA        NOP                             A:01 X:5F Y:00 P:25 SP:F9
8731  CA        DEX                             A:01 X:5F Y:00 P:25 SP:F9
8732  D0 FB     BNE $872F                       A:01 X:5E Y:00 P:25 SP:F9
872F  EA        NOP                             A:01 X:5E Y:00 P:25 SP:F9
8730  EA        NOP                             A:01 X:5E Y:00 P:25 SP:F9
8731  CA        DEX                             A:01 X:5E Y:00 P:25 SP:F9
8732  D0 FB     BNE $872F                       A:01 X:5D Y:00 P:25 SP:F9
872F  EA        NOP                             A:01 X:5D Y:00 P:25 SP:F9
8730  EA        NOP                             A:01 X:5D Y:00 P:25 SP:F9
8731  CA        DEX                             A:01 X:5D Y:00 P:25 SP:F9
8732  D0 FB     BNE $872F                       A:01 X:5C Y:00 P:25 SP:F9
872F  EA        NOP                             A:01 X:5C Y:00 P:25 SP:F9
8730  EA        NOP                             A:01 X:5C Y:00 P:25 SP:F9
8731  CA        DEX                             A:01 X:5C Y:00 P:25 SP:F9
8732  D0 FB     BNE $872F                       A:01 X:5B Y:00 P:25 SP:F9
872F  EA        NOP                             A:01 X:5B Y:00 P:25 SP:F9
8730  EA        NOP                             A:01 X:5B Y:00 P:25 SP:F9
8731  CA        DEX                             A:01 X:5B Y:00 P:25 SP:F9
8732  D0 FB     BNE $872F                       A:01 X:5A Y:00 P:25 SP:F9
872F  EA        NOP                             A:01 X:5A Y:00 P:25 SP:F9
8730  EA        NOP                             A:01 X:5A Y:00 P:25 SP:F9
8731  CA        DEX                             A:01 X:5A Y:00 P:25 SP:F9
8732  D0 FB     BNE $872F                       A:01 X:59 Y:00 P:25 SP:F9
872F  EA        NOP                             A:01 X:59 Y:00 P:25 SP:F9
8730  EA        NOP                             A:01 X:59 Y:00 P:25 SP:F9
8731  CA        DEX                             A:01 X:59 Y:00 P:25 SP:F9
8732  D0 FB     BNE $872F                       A:01 X:58 Y:00 P:25 SP:F9
872F  EA        NOP                             A:01 X:58 Y:00 P:25 SP:F9
8730  EA        NOP                             A:01 X:58 Y:00 P:25 SP:F9
8731  CA        DEX                             A:01 X:58 Y:00 P:25 SP:F9
8732  D0 FB     BNE $872F                       A:01 X:57 Y:00 P:25 SP:F9
872F  EA        NOP                             A:01 X:57 Y:00 P:25 SP:F9
8730  EA        NOP                             A:01 X:57 Y:00 P:25 SP:F9
8731  CA        DEX                             A:01 X:57 Y:00 P:25 SP:F9
8732  D0 FB     BNE $872F                       A:01 X:56 Y:00 P:25 SP:F9
872F  EA        NOP                             A:01 X:56 Y:00 P:25 SP:F9
8730  EA        NOP                             A:01 X:56 Y:00 P:25 SP:F9
8731  CA        DEX                             A:01 X:56 Y:00 P:25 SP:F9
8732  D0 FB     BNE $872F                       A:01 X:55 Y:00 P:25 SP:F9
872F  EA        NOP                             A:01 X:55 Y:00 P:25 SP:F9
8730  EA        NOP                             A:01 X:55 Y:00 P:25 SP:F9
8731  CA        DEX                             A:01 X:55 Y:00 P:25 SP:F9
8732  D0 FB     BNE $872F                       A:01 X:54 Y:00 P:25 SP:F9
872F  EA        NOP                             A:01 X:54 Y:00 P:25 SP:F9
8730  EA        NOP                             A:01 X:54 Y:00 P:25 SP:F9
8731  CA        DEX                             A:01 X:54 Y:00 P:25 SP:F9
8732  D0 FB     BNE $872F                       A:01 X:53 Y:00 P:25 SP:F9
872F  EA        NOP                             A:01 X:53 Y:00 P:25 SP:F9
8730  EA        NOP                             A:01 X:53 Y:00 P:25 SP:F9
8731  CA        DEX                             A:01 X:53 Y:00 P:25 SP:F9
8732  D0 FB     BNE $872F                       A:01 X:52 Y:00 P:25 SP:F9
872F  EA        NOP                             A:01 X:52 Y:00 P:25 SP:F9
8730  EA        NOP                             A:01 X:52 Y:00 P:25 SP:F9
8731  CA        DEX                             A:01 X:52 Y:00 P:25 SP:F9
8732  D0 FB     BNE $872F                       A:01 X:51 Y:00 P:25 SP:F9
872F  EA        NOP                             A:01 X:51 Y:00 P:25 SP:F9
8730  EA        NOP                             A:01 X:51 Y:00 P:25 SP:F9
8731  CA        DEX                             A:01 X:51 Y:00 P:25 SP:F9
8732  D0 FB     BNE $872F                       A:01 X:50 Y:00 P:25 SP:F9
872F  EA        NOP                             A:01 X:50 Y:00 P:25 SP:F9
8730  EA        NOP                             A:01 X:50 Y:00 P:25 SP:F9
8731  CA        DEX                             A:01 X:50 Y:00 P:25 SP:F9
8732  D0 FB     BNE $872F                       A:01 X:4F Y:00 P:25 SP:F9
872F  EA        NOP                             A:01 X:4F Y:00 P:25 SP:F9
8730  EA        NOP                             A:01 X:4F Y:00 P:25 SP:F9
8731  CA        DEX                             A:01 X:4F Y:00 P:25 SP:F9
8732  D0 FB     BNE $872F                       A:01 X:4E Y:00 P:25 SP:F9
872F  EA        NOP                             A:01 X:4E Y:00 P:25 SP:F9
8730  EA        NOP                             A:01 X:4E Y:00 P:25 SP:F9
8731  CA        DEX                             A:01 X:4E Y:00 P:25 SP:F9
8732  D0 FB     BNE $872F                       A:01 X:4D Y:00 P:25 SP:F9
872F  EA        NOP                             A:01 X:4D Y:00 P:25 SP:F9
8730  EA        NOP                             A:01 X:4D Y:00 P:25 SP:F9
8731  CA        DEX                             A:01 X:4D Y:00 P:25 SP:F9
8732  D0 FB     BNE $872F                       A:01 X:4C Y:00 P:25 SP:F9
872F  EA        NOP                             A:01 X:4C Y:00 P:25 SP:F9
8730  EA        NOP                             A:01 X:4C Y:00 P:25 SP:F9
8731  CA        DEX                             A:01 X:4C Y:00 P:25 SP:F9
8732  D0 FB     BNE $872F                       A:01 X:4B Y:00 P:25 SP:F9
872F  EA        NOP                             A:01 X:4B Y:00 P:25 SP:F9
8730  EA        NOP                             A:01 X:4B Y:00 P:25 SP:F9
8731  CA        DEX                             A:01 X:4B Y:00 P:25 SP:F9
8732  D0 FB     BNE $872F                       A:01 X:4A Y:00 P:25 SP:F9
872F  EA        NOP                             A:01 X:4A Y:00 P:25 SP:F9
8730  EA        NOP                             A:01 X:4A Y:00 P:25 SP:F9
8731  CA        DEX                             A:01 X:4A Y:00 P:25 SP:F9
8732  D0 FB     BNE $872F                       A:01 X:49 Y:00 P:25 SP:F9
872F  EA        NOP                             A:01 X:49 Y:00 P:25 SP:F9
8730  EA        NOP                             A:01 X:49 Y:00 P:25 SP:F9
8731  CA        DEX                             A:01 X:49 Y:00 P:25 SP:F9
8732  D0 FB     BNE $872F                       A:01 X:48 Y:00 P:25 SP:F9
872F  EA        NOP                             A:01 X:48 Y:00 P:25 SP:F9
8730  EA        NOP                             A:01 X:48 Y:00 P:25 SP:F9
8731  CA        DEX                             A:01 X:48 Y:00 P:25 SP:F9
8732  D0 FB     BNE $872F                       A:01 X:47 Y:00 P:25 SP:F9
872F  EA        NOP                             A:01 X:47 Y:00 P:25 SP:F9
8730  EA        NOP                             A:01 X:47 Y:00 P:25 SP:F9
8731  CA        DEX                             A:01 X:47 Y:00 P:25 SP:F9
8732  D0 FB     BNE $872F                       A:01 X:46 Y:00 P:25 SP:F9
872F  EA        NOP                             A:01 X:46 Y:00 P:25 SP:F9
8730  EA        NOP                             A:01 X:46 Y:00 P:25 SP:F9
8731  CA        DEX                             A:01 X:46 Y:00 P:25 SP:F9
8732  D0 FB     BNE $872F                       A:01 X:45 Y:00 P:25 SP:F9
872F  EA        NOP                             A:01 X:45 Y:00 P:25 SP:F9
8730  EA        NOP                             A:01 X:45 Y:00 P:25 SP:F9
8731  CA        DEX                             A:01 X:45 Y:00 P:25 SP:F9
8732  D0 FB     BNE $872F                       A:01 X:44 Y:00 P:25 SP:F9
872F  EA        NOP                             A:01 X:44 Y:00 P:25 SP:F9
8730  EA        NOP                             A:01 X:44 Y:00 P:25 SP:F9
8731  CA        DEX                             A:01 X:44 Y:00 P:25 SP:F9
8732  D0 FB     BNE $872F                       A:01 X:43 Y:00 P:25 SP:F9
872F  EA        NOP                             A:01 X:43 Y:00 P:25 SP:F9
8730  EA        NOP                             A:01 X:43 Y:00 P:25 SP:F9
8731  CA        DEX                             A:01 X:43 Y:00 P:25 SP:F9
8732  D0 FB     BNE $872F                       A:01 X:42 Y:00 P:25 SP:F9
872F  EA        NOP                             A:01 X:42 Y:00 P:25 SP:F9
8730  EA        NOP                             A:01 X:42 Y:00 P:25 SP:F9
8731  CA        DEX                             A:01 X:42 Y:00 P:25 SP:F9
8732  D0 FB     BNE $872F                       A:01 X:41 Y:00 P:25 SP:F9
872F  EA        NOP                             A:01 X:41 Y:00 P:25 SP:F9
8730  EA        NOP                             A:01 X:41 Y:00 P:25 SP:F9
8731  CA        DEX                             A:01 X:41 Y:00 P:25 SP:F9
8732  D0 FB     BNE $872F                       A:01 X:40 Y:00 P:25 SP:F9
872F  EA        NOP                             A:01 X:40 Y:00 P:25 SP:F9
8730  EA        NOP                             A:01 X:40 Y:00 P:25 SP:F9
8731  CA        DEX                             A:01 X:40 Y:00 P:25 SP:F9
8732  D0 FB     BNE $872F                       A:01 X:3F Y:00 P:25 SP:F9
872F  EA        NOP                             A:01 X:3F Y:00 P:25 SP:F9
8730  EA        NOP                             A:01 X:3F Y:00 P:25 SP:F9
8731  CA        DEX                             A:01 X:3F Y:00 P:25 SP:F9
8732  D0 FB     BNE $872F                       A:01 X:3E Y:00 P:25 SP:F9
872F  EA        NOP                             A:01 X:3E Y:00 P:25 SP:F9
8730  EA        NOP                             A:01 X:3E Y:00 P:25 SP:F9
8731  CA        DEX                             A:01 X:3E Y:00 P:25 SP:F9
8732  D0 FB     BNE $872F                       A:01 X:3D Y:00 P:25 SP:F9
872F  EA        NOP                             A:01 X:3D Y:00 P:25 SP:F9
8730  EA        NOP                             A:01 X:3D Y:00 P:25 SP:F9
8731  CA        DEX                             A:01 X:3D Y:00 P:25 SP:F9
8732  D0 FB     BNE $872F                       A:01 X:3C Y:00 P:25 SP:F9
872F  EA        NOP                             A:01 X:3C Y:00 P:25 SP:F9
8730  EA        NOP                             A:01 X:3C Y:00 P:25 SP:F9
8731  CA        DEX                             A:01 X:3C Y:00 P:25 SP:F9
8732  D0 FB     BNE $872F                       A:01 X:3B Y:00 P:25 SP:F9
872F  EA        NOP                             A:01 X:3B Y:00 P:25 SP:F9
8730  EA        NOP                             A:01 X:3B Y:00 P:25 SP:F9
8731  CA        DEX                             A:01 X:3B Y:00 P:25 SP:F9
8732  D0 FB     BNE $872F                       A:01 X:3A Y:00 P:25 SP:F9
872F  EA        NOP                             A:01 X:3A Y:00 P:25 SP:F9
8730  EA        NOP                             A:01 X:3A Y:00 P:25 SP:F9
8731  CA        DEX                             A:01 X:3A Y:00 P:25 SP:F9
8732  D0 FB     BNE $872F                       A:01 X:39 Y:00 P:25 SP:F9
872F  EA        NOP                             A:01 X:39 Y:00 P:25 SP:F9
8730  EA        NOP                             A:01 X:39 Y:00 P:25 SP:F9
8731  CA        DEX                             A:01 X:39 Y:00 P:25 SP:F9
8732  D0 FB     BNE $872F                       A:01 X:38 Y:00 P:25 SP:F9
872F  EA        NOP                             A:01 X:38 Y:00 P:25 SP:F9
8730  EA        NOP                             A:01 X:38 Y:00 P:25 SP:F9
8731  CA        DEX                             A:01 X:38 Y:00 P:25 SP:F9
8732  D0 FB     BNE $872F                       A:01 X:37 Y:00 P:25 SP:F9
872F  EA        NOP                             A:01 X:37 Y:00 P:25 SP:F9
8730  EA        NOP                             A:01 X:37 Y:00 P:25 SP:F9
8731  CA        DEX                             A:01 X:37 Y:00 P:25 SP:F9
8732  D0 FB     BNE $872F                       A:01 X:36 Y:00 P:25 SP:F9
872F  EA        NOP                             A:01 X:36 Y:00 P:25 SP:F9
8730  EA        NOP                             A:01 X:36 Y:00 P:25 SP:F9
8731  CA        DEX                             A:01 X:36 Y:00 P:25 SP:F9
8732  D0 FB     BNE $872F                       A:01 X:35 Y:00 P:25 SP:F9
872F  EA        NOP                             A:01 X:35 Y:00 P:25 SP:F9
8730  EA        NOP                             A:01 X:35 Y:00 P:25 SP:F9
8731  CA        DEX                             A:01 X:35 Y:00 P:25 SP:F9
8732  D0 FB     BNE $872F                       A:01 X:34 Y:00 P:25 SP:F9
872F  EA        NOP                             A:01 X:34 Y:00 P:25 SP:F9
8730  EA        NOP                             A:01 X:34 Y:00 P:25 SP:F9
8731  CA        DEX                             A:01 X:34 Y:00 P:25 SP:F9
8732  D0 FB     BNE $872F                       A:01 X:33 Y:00 P:25 SP:F9
872F  EA        NOP                             A:01 X:33 Y:00 P:25 SP:F9
8730  EA        NOP                             A:01 X:33 Y:00 P:25 SP:F9
8731  CA        DEX                             A:01 X:33 Y:00 P:25 SP:F9
8732  D0 FB     BNE $872F                       A:01 X:32 Y:00 P:25 SP:F9
872F  EA        NOP                             A:01 X:32 Y:00 P:25 SP:F9
8730  EA        NOP                             A:01 X:32 Y:00 P:25 SP:F9
8731  CA        DEX                             A:01 X:32 Y:00 P:25 SP:F9
8732  D0 FB     BNE $872F                       A:01 X:31 Y:00 P:25 SP:F9
872F  EA        NOP                             A:01 X:31 Y:00 P:25 SP:F9
8730  EA        NOP                             A:01 X:31 Y:00 P:25 SP:F9
8731  CA        DEX                             A:01 X:31 Y:00 P:25 SP:F9
8732  D0 FB     BNE $872F                       A:01 X:30 Y:00 P:25 SP:F9
872F  EA        NOP                             A:01 X:30 Y:00 P:25 SP:F9
8730  EA        NOP                             A:01 X:30 Y:00 P:25 SP:F9
8731  CA        DEX                             A:01 X:30 Y:00 P:25 SP:F9
8732  D0 FB     BNE $872F                       A:01 X:2F Y:00 P:25 SP:F9
872F  EA        NOP                             A:01 X:2F Y:00 P:25 SP:F9
8730  EA        NOP                             A:01 X:2F Y:00 P:25 SP:F9
8731  CA        DEX                             A:01 X:2F Y:00 P:25 SP:F9
8732  D0 FB     BNE $872F                       A:01 X:2E Y:00 P:25 SP:F9
872F  EA        NOP                             A:01 X:2E Y:00 P:25 SP:F9
8730  EA        NOP                             A:01 X:2E Y:00 P:25 SP:F9
8731  CA        DEX                             A:01 X:2E Y:00 P:25 SP:F9
8732  D0 FB     BNE $872F                       A:01 X:2D Y:00 P:25 SP:F9
872F  EA        NOP                             A:01 X:2D Y:00 P:25 SP:F9
8730  EA        NOP                             A:01 X:2D Y:00 P:25 SP:F9
8731  CA        DEX                             A:01 X:2D Y:00 P:25 SP:F9
8732  D0 FB     BNE $872F                       A:01 X:2C Y:00 P:25 SP:F9
872F  EA        NOP                             A:01 X:2C Y:00 P:25 SP:F9
8730  EA        NOP                             A:01 X:2C Y:00 P:25 SP:F9
8731  CA        DEX                             A:01 X:2C Y:00 P:25 SP:F9
8732  D0 FB     BNE $872F                       A:01 X:2B Y:00 P:25 SP:F9
872F  EA        NOP                             A:01 X:2B Y:00 P:25 SP:F9
8730  EA        NOP                             A:01 X:2B Y:00 P:25 SP:F9
8731  CA        DEX                             A:01 X:2B Y:00 P:25 SP:F9
8732  D0 FB     BNE $872F                       A:01 X:2A Y:00 P:25 SP:F9
872F  EA        NOP                             A:01 X:2A Y:00 P:25 SP:F9
8730  EA        NOP                             A:01 X:2A Y:00 P:25 SP:F9
8731  CA        DEX                             A:01 X:2A Y:00 P:25 SP:F9
8732  D0 FB     BNE $872F                       A:01 X:29 Y:00 P:25 SP:F9
872F  EA        NOP                             A:01 X:29 Y:00 P:25 SP:F9
8730  EA        NOP                             A:01 X:29 Y:00 P:25 SP:F9
8731  CA        DEX                             A:01 X:29 Y:00 P:25 SP:F9
8732  D0 FB     BNE $872F                       A:01 X:28 Y:00 P:25 SP:F9
872F  EA        NOP                             A:01 X:28 Y:00 P:25 SP:F9
8730  EA        NOP                             A:01 X:28 Y:00 P:25 SP:F9
8731  CA        DEX                             A:01 X:28 Y:00 P:25 SP:F9
8732  D0 FB     BNE $872F                       A:01 X:27 Y:00 P:25 SP:F9
872F  EA        NOP                             A:01 X:27 Y:00 P:25 SP:F9
8730  EA        NOP                             A:01 X:27 Y:00 P:25 SP:F9
8731  CA        DEX                             A:01 X:27 Y:00 P:25 SP:F9
8732  D0 FB     BNE $872F                       A:01 X:26 Y:00 P:25 SP:F9
872F  EA        NOP                             A:01 X:26 Y:00 P:25 SP:F9
8730  EA        NOP                             A:01 X:26 Y:00 P:25 SP:F9
8731  CA        DEX                             A:01 X:26 Y:00 P:25 SP:F9
8732  D0 FB     BNE $872F                       A:01 X:25 Y:00 P:25 SP:F9
872F  EA        NOP                             A:01 X:25 Y:00 P:25 SP:F9
8730  EA        NOP                             A:01 X:25 Y:00 P:25 SP:F9
8731  CA        DEX                             A:01 X:25 Y:00 P:25 SP:F9
8732  D0 FB     BNE $872F                       A:01 X:24 Y:00 P:25 SP:F9
872F  EA        NOP                             A:01 X:24 Y:00 P:25 SP:F9
8730  EA        NOP                             A:01 X:24 Y:00 P:25 SP:F9
8731  CA        DEX                             A:01 X:24 Y:00 P:25 SP:F9
8732  D0 FB     BNE $872F                       A:01 X:23 Y:00 P:25 SP:F9
872F  EA        NOP                             A:01 X:23 Y:00 P:25 SP:F9
8730  EA        NOP                             A:01 X:23 Y:00 P:25 SP:F9
8731  CA        DEX                             A:01 X:23 Y:00 P:25 SP:F9
8732  D0 FB     BNE $872F                       A:01 X:22 Y:00 P:25 SP:F9
872F  EA        NOP                             A:01 X:22 Y:00 P:25 SP:F9
8730  EA        NOP                             A:01 X:22 Y:00 P:25 SP:F9
8731  CA        DEX                             A:01 X:22 Y:00 P:25 SP:F9
8732  D0 FB     BNE $872F                       A:01 X:21 Y:00 P:25 SP:F9
872F  EA        NOP                             A:01 X:21 Y:00 P:25 SP:F9
8730  EA        NOP                             A:01 X:21 Y:00 P:25 SP:F9
8731  CA        DEX                             A:01 X:21 Y:00 P:25 SP:F9
8732  D0 FB     BNE $872F                       A:01 X:20 Y:00 P:25 SP:F9
872F  EA        NOP                             A:01 X:20 Y:00 P:25 SP:F9
8730  EA        NOP                             A:01 X:20 Y:00 P:25 SP:F9
8731  CA        DEX                             A:01 X:20 Y:00 P:25 SP:F9
8732  D0 FB     BNE $872F                       A:01 X:1F Y:00 P:25 SP:F9
872F  EA        NOP                             A:01 X:1F Y:00 P:25 SP:F9
8730  EA        NOP                             A:01 X:1F Y:00 P:25 SP:F9
8731  CA        DEX                             A:01 X:1F Y:00 P:25 SP:F9
8732  D0 FB     BNE $872F                       A:01 X:1E Y:00 P:25 SP:F9
872F  EA        NOP                             A:01 X:1E Y:00 P:25 SP:F9
8730  EA        NOP                             A:01 X:1E Y:00 P:25 SP:F9
8731  CA        DEX                             A:01 X:1E Y:00 P:25 SP:F9
8732  D0 FB     BNE $872F                       A:01 X:1D Y:00 P:25 SP:F9
872F  EA        NOP                             A:01 X:1D Y:00 P:25 SP:F9
8730  EA        NOP                             A:01 X:1D Y:00 P:25 SP:F9
8731  CA        DEX                             A:01 X:1D Y:00 P:25 SP:F9
8732  D0 FB     BNE $872F                       A:01 X:1C Y:00 P:25 SP:F9
872F  EA        NOP                             A:01 X:1C Y:00 P:25 SP:F9
8730  EA        NOP                             A:01 X:1C Y:00 P:25 SP:F9
8731  CA        DEX                             A:01 X:1C Y:00 P:25 SP:F9
8732  D0 FB     BNE $872F                       A:01 X:1B Y:00 P:25 SP:F9
872F  EA        NOP                             A:01 X:1B Y:00 P:25 SP:F9
8730  EA        NOP                             A:01 X:1B Y:00 P:25 SP:F9
8731  CA        DEX                             A:01 X:1B Y:00 P:25 SP:F9
8732  D0 FB     BNE $872F                       A:01 X:1A Y:00 P:25 SP:F9
872F  EA        NOP                             A:01 X:1A Y:00 P:25 SP:F9
8730  EA        NOP                             A:01 X:1A Y:00 P:25 SP:F9
8731  CA        DEX                             A:01 X:1A Y:00 P:25 SP:F9
8732  D0 FB     BNE $872F                       A:01 X:19 Y:00 P:25 SP:F9
872F  EA        NOP                             A:01 X:19 Y:00 P:25 SP:F9
8730  EA        NOP                             A:01 X:19 Y:00 P:25 SP:F9
8731  CA        DEX                             A:01 X:19 Y:00 P:25 SP:F9
8732  D0 FB     BNE $872F                       A:01 X:18 Y:00 P:25 SP:F9
872F  EA        NOP                             A:01 X:18 Y:00 P:25 SP:F9
8730  EA        NOP                             A:01 X:18 Y:00 P:25 SP:F9
8731  CA        DEX                             A:01 X:18 Y:00 P:25 SP:F9
8732  D0 FB     BNE $872F                       A:01 X:17 Y:00 P:25 SP:F9
872F  EA        NOP                             A:01 X:17 Y:00 P:25 SP:F9
8730  EA        NOP                             A:01 X:17 Y:00 P:25 SP:F9
8731  CA        DEX                             A:01 X:17 Y:00 P:25 SP:F9
8732  D0 FB     BNE $872F                       A:01 X:16 Y:00 P:25 SP:F9
872F  EA        NOP                             A:01 X:16 Y:00 P:25 SP:F9
8730  EA        NOP                             A:01 X:16 Y:00 P:25 SP:F9
8731  CA        DEX                             A:01 X:16 Y:00 P:25 SP:F9
8732  D0 FB     BNE $872F                       A:01 X:15 Y:00 P:25 SP:F9
872F  EA        NOP                             A:01 X:15 Y:00 P:25 SP:F9
8730  EA        NOP                             A:01 X:15 Y:00 P:25 SP:F9
8731  CA        DEX                             A:01 X:15 Y:00 P:25 SP:F9
8732  D0 FB     BNE $872F                       A:01 X:14 Y:00 P:25 SP:F9
872F  EA        NOP                             A:01 X:14 Y:00 P:25 SP:F9
8730  EA        NOP                             A:01 X:14 Y:00 P:25 SP:F9
8731  CA        DEX                             A:01 X:14 Y:00 P:25 SP:F9
8732  D0 FB     BNE $872F                       A:01 X:13 Y:00 P:25 SP:F9
872F  EA        NOP                             A:01 X:13 Y:00 P:25 SP:F9
8730  EA        NOP                             A:01 X:13 Y:00 P:25 SP:F9
8731  CA        DEX                             A:01 X:13 Y:00 P:25 SP:F9
8732  D0 FB     BNE $872F                       A:01 X:12 Y:00 P:25 SP:F9
872F  EA        NOP                             A:01 X:12 Y:00 P:25 SP:F9
8730  EA        NOP                             A:01 X:12 Y:00 P:25 SP:F9
8731  CA        DEX                             A:01 X:12 Y:00 P:25 SP:F9
8732  D0 FB     BNE $872F                       A:01 X:11 Y:00 P:25 SP:F9
872F  EA        NOP                             A:01 X:11 Y:00 P:25 SP:F9
8730  EA        NOP                             A:01 X:11 Y:00 P:25 SP:F9
8731  CA        DEX                             A:01 X:11 Y:00 P:25 SP:F9
8732  D0 FB     BNE $872F                       A:01 X:10 Y:00 P:25 SP:F9
872F  EA        NOP                             A:01 X:10 Y:00 P:25 SP:F9
8730  EA        NOP                             A:01 X:10 Y:00 P:25 SP:F9
8731  CA        DEX                             A:01 X:10 Y:00 P:25 SP:F9
8732  D0 FB     BNE $872F                       A:01 X:0F Y:00 P:25 SP:F9
872F  EA        NOP                             A:01 X:0F Y:00 P:25 SP:F9
8730  EA        NOP                             A:01 X:0F Y:00 P:25 SP:F9
8731  CA        DEX                             A:01 X:0F Y:00 P:25 SP:F9
8732  D0 FB     BNE $872F                       A:01 X:0E Y:00 P:25 SP:F9
872F  EA        NOP                             A:01 X:0E Y:00 P:25 SP:F9
8730  EA        NOP                             A:01 X:0E Y:00 P:25 SP:F9
8731  CA        DEX                             A:01 X:0E Y:00 P:25 SP:F9
8732  D0 FB     BNE $872F                       A:01 X:0D Y:00 P:25 SP:F9
872F  EA        NOP                             A:01 X:0D Y:00 P:25 SP:F9
8730  EA        NOP                             A:01 X:0D Y:00 P:25 SP:F9
8731  CA        DEX                             A:01 X:0D Y:00 P:25 SP:F9
8732  D0 FB     BNE $872F                       A:01 X:0C Y:00 P:25 SP:F9
872F  EA        NOP                             A:01 X:0C Y:00 P:25 SP:F9
8730  EA        NOP                             A:01 X:0C Y:00 P:25 SP:F9
8731  CA        DEX                             A:01 X:0C Y:00 P:25 SP:F9
8732  D0 FB     BNE $872F                       A:01 X:0B Y:00 P:25 SP:F9
872F  EA        NOP                             A:01 X:0B Y:00 P:25 SP:F9
8730  EA        NOP                             A:01 X:0B Y:00 P:25 SP:F9
8731  CA        DEX                             A:01 X:0B Y:00 P:25 SP:F9
8732  D0 FB     BNE $872F                       A:01 X:0A Y:00 P:25 SP:F9
872F  EA        NOP                             A:01 X:0A Y:00 P:25 SP:F9
8730  EA        NOP                             A:01 X:0A Y:00 P:25 SP:F9
8731  CA        DEX                             A:01 X:0A Y:00 P:25 SP:F9
8732  D0 FB     BNE $872F                       A:01 X:09 Y:00 P:25 SP:F9
872F  EA        NOP                             A:01 X:09 Y:00 P:25 SP:F9
8730  EA        NOP                             A:01 X:09 Y:00 P:25 SP:F9
8731  CA        DEX                             A:01 X:09 Y:00 P:25 SP:F9
8732  D0 FB     BNE $872F                       A:01 X:08 Y:00 P:25 SP:F9
872F  EA        NOP                             A:01 X:08 Y:00 P:25 SP:F9
8730  EA        NOP                             A:01 X:08 Y:00 P:25 SP:F9
8731  CA        DEX                             A:01 X:08 Y:00 P:25 SP:F9
8732  D0 FB     BNE $872F                       A:01 X:07 Y:00 P:25 SP:F9
872F  EA        NOP                             A:01 X:07 Y:00 P:25 SP:F9
8730  EA        NOP                             A:01 X:07 Y:00 P:25 SP:F9
8731  CA        DEX                             A:01 X:07 Y:00 P:25 SP:F9
8732  D0 FB     BNE $872F                       A:01 X:06 Y:00 P:25 SP:F9
872F  EA        NOP                             A:01 X:06 Y:00 P:25 SP:F9
8730  EA        NOP                             A:01 X:06 Y:00 P:25 SP:F9
8731  CA        DEX                             A:01 X:06 Y:00 P:25 SP:F9
8732  D0 FB     BNE $872F                       A:01 X:05 Y:00 P:25 SP:F9
872F  EA        NOP                             A:01 X:05 Y:00 P:25 SP:F9
8730  EA        NOP                             A:01 X:05 Y:00 P:25 SP:F9
8731  CA        DEX                             A:01 X:05 Y:00 P:25 SP:F9
8732  D0 FB     BNE $872F                       A:01 X:04 Y:00 P:25 SP:F9
872F  EA        NOP                             A:01 X:04 Y:00 P:25 SP:F9
8730  EA        NOP                             A:01 X:04 Y:00 P:25 SP:F9
8731  CA        DEX                             A:01 X:04 Y:00 P:25 SP:F9
8732  D0 FB     BNE $872F                       A:01 X:03 Y:00 P:25 SP:F9
872F  EA        NOP                             A:01 X:03 Y:00 P:25 SP:F9
8730  EA        NOP                             A:01 X:03 Y:00 P:25 SP:F9
8731  CA        DEX                             A:01 X:03 Y:00 P:25 SP:F9
8732  D0 FB     BNE $872F                       A:01 X:02 Y:00 P:25 SP:F9
872F  EA        NOP                             A:01 X:02 Y:00 P:25 SP:F9
8730  EA        NOP                             A:01 X:02 Y:00 P:25 SP:F9
8731  CA        DEX                             A:01 X:02 Y:00 P:25 SP:F9
8732  D0 FB     BNE $872F                       A:01 X:01 Y:00 P:25 SP:F9
872F  EA        NOP                             A:01 X:01 Y:00 P:25 SP:F9
8730  EA        NOP                             A:01 X:01 Y:00 P:25 SP:F9
8731  CA        DEX                             A:01 X:01 Y:00 P:25 SP:F9
8732  D0 FB     BNE $872F                       A:01 X:00 Y:00 P:27 SP:F9
8734  60        RTS                             A:01 X:00 Y:00 P:27 SP:F9
864A  4C 38 86  JMP $8638                       A:01 X:00 Y:00 P:27 SP:FB
8638  20 4D 86  JSR $864D                       A:01 X:00 Y:00 P:27 SP:FB
864D  A5 FF     LDA $FF = 00                    A:01 X:00 Y:00 P:27 SP:F9
864F  C9 77     CMP #$77                        A:00 X:00 Y:00 P:27 SP:F9
8651  F0 0D     BEQ $8660                       A:00 X:00 Y:00 P:A4 SP:F9
8653  C9 64     CMP #$64                        A:00 X:00 Y:00 P:A4 SP:F9
8655  F0 14     BEQ $866B                       A:00 X:00 Y:00 P:A4 SP:F9
8657  C9 73     CMP #$73                        A:00 X:00 Y:00 P:A4 SP:F9
8659  F0 1B     BEQ $8676                       A:00 X:00 Y:00 P:A4 SP:F9
865B  C9 61     CMP #$61                        A:00 X:00 Y:00 P:A4 SP:F9
865D  F0 22     BEQ $8681                       A:00 X:00 Y:00 P:A4 SP:F9
865F  60        RTS                             A:00 X:00 Y:00 P:A4 SP:F9
863B  20 8D 86  JSR $868D                       A:00 X:00 Y:00 P:A4 SP:FB
868D  20 94 86  JSR $8694                       A:00 X:00 Y:00 P:A4 SP:F9
8694  A5 00     LDA $00 = 00                    A:00 X:00 Y:00 P:A4 SP:F7
8696  C5 10     CMP $10 = 1F                    A:00 X:00 Y:00 P:26 SP:F7
8698  D0 0D     BNE $86A7                       A:00 X:00 Y:00 P:A4 SP:F7
86A7  60        RTS                             A:00 X:00 Y:00 P:A4 SP:F7
8690  20 A8 86  JSR $86A8                       A:00 X:00 Y:00 P:A4 SP:F9
86A8  A2 02     LDX #$02                        A:00 X:00 Y:00 P:A4 SP:F7
86AA  B5 10     LDA $10,X @ 12 = 1E             A:00 X:02 Y:00 P:24 SP:F7
86AC  C5 10     CMP $10 = 1F                    A:1E X:02 Y:00 P:24 SP:F7
86AE  D0 06     BNE $86B6                       A:1E X:02 Y:00 P:A4 SP:F7
86B6  E8        INX                             A:1E X:02 Y:00 P:A4 SP:F7
86B7  E8        INX                             A:1E X:03 Y:00 P:24 SP:F7
86B8  E4 03     CPX $03 = 06                    A:1E X:04 Y:00 P:24 SP:F7
86BA  F0 06     BEQ $86C2                       A:1E X:04 Y:00 P:A4 SP:F7
86BC  4C AA 86  JMP $86AA                       A:1E X:04 Y:00 P:A4 SP:F7
86AA  B5 10     LDA $10,X @ 14 = 1D             A:1E X:04 Y:00 P:A4 SP:F7
86AC  C5 10     CMP $10 = 1F                    A:1D X:04 Y:00 P:24 SP:F7
86AE  D0 06     BNE $86B6                       A:1D X:04 Y:00 P:A4 SP:F7
86B6  E8        INX                             A:1D X:04 Y:00 P:A4 SP:F7
86B7  E8        INX                             A:1D X:05 Y:00 P:24 SP:F7
86B8  E4 03     CPX $03 = 06                    A:1D X:06 Y:00 P:24 SP:F7
86BA  F0 06     BEQ $86C2                       A:1D X:06 Y:00 P:27 SP:F7
86C2  60        RTS                             A:1D X:06 Y:00 P:27 SP:F7
8693  60        RTS                             A:1D X:06 Y:00 P:27 SP:F9
863E  20 C3 86  JSR $86C3                       A:1D X:06 Y:00 P:27 SP:FB
86C3  A6 03     LDX $03 = 06                    A:1D X:06 Y:00 P:27 SP:F9
86C5  CA        DEX                             A:1D X:06 Y:00 P:25 SP:F9
86C6  8A        TXA                             A:1D X:05 Y:00 P:25 SP:F9
86C7  B5 10     LDA $10,X @ 15 = 04             A:05 X:05 Y:00 P:25 SP:F9
86C9  95 12     STA $12,X @ 17 = 04             A:04 X:05 Y:00 P:25 SP:F9
86CB  CA        DEX                             A:04 X:05 Y:00 P:25 SP:F9
86CC  10 F9     BPL $86C7                       A:04 X:04 Y:00 P:25 SP:F9
86C7  B5 10     LDA $10,X @ 14 = 1D             A:04 X:04 Y:00 P:25 SP:F9
86C9  95 12     STA $12,X @ 16 = 1C             A:1D X:04 Y:00 P:25 SP:F9
86CB  CA        DEX                             A:1D X:04 Y:00 P:25 SP:F9
86CC  10 F9     BPL $86C7                       A:1D X:03 Y:00 P:25 SP:F9
86C7  B5 10     LDA $10,X @ 13 = 04             A:1D X:03 Y:00 P:25 SP:F9
86C9  95 12     STA $12,X @ 15 = 04             A:04 X:03 Y:00 P:25 SP:F9
86CB  CA        DEX                             A:04 X:03 Y:00 P:25 SP:F9
86CC  10 F9     BPL $86C7                       A:04 X:02 Y:00 P:25 SP:F9
86C7  B5 10     LDA $10,X @ 12 = 1E             A:04 X:02 Y:00 P:25 SP:F9
86C9  95 12     STA $12,X @ 14 = 1D             A:1E X:02 Y:00 P:25 SP:F9
86CB  CA        DEX                             A:1E X:02 Y:00 P:25 SP:F9
86CC  10 F9     BPL $86C7                       A:1E X:01 Y:00 P:25 SP:F9
86C7  B5 10     LDA $10,X @ 11 = 04             A:1E X:01 Y:00 P:25 SP:F9
86C9  95 12     STA $12,X @ 13 = 04             A:04 X:01 Y:00 P:25 SP:F9
86CB  CA        DEX                             A:04 X:01 Y:00 P:25 SP:F9
86CC  10 F9     BPL $86C7                       A:04 X:00 Y:00 P:27 SP:F9
86C7  B5 10     LDA $10,X @ 10 = 1F             A:04 X:00 Y:00 P:27 SP:F9
86C9  95 12     STA $12,X @ 12 = 1E             A:1F X:00 Y:00 P:25 SP:F9
86CB  CA        DEX                             A:1F X:00 Y:00 P:25 SP:F9
86CC  10 F9     BPL $86C7                       A:1F X:FF Y:00 P:A5 SP:F9
86CE  A5 02     LDA $02 = 02                    A:1F X:FF Y:00 P:A5 SP:F9
86D0  4A        LSR A                           A:02 X:FF Y:00 P:25 SP:F9
86D1  B0 09     BCS $86DC                       A:01 X:FF Y:00 P:24 SP:F9
86D3  4A        LSR A                           A:01 X:FF Y:00 P:24 SP:F9
86D4  B0 19     BCS $86EF                       A:00 X:FF Y:00 P:27 SP:F9
86EF  E6 10     INC $10 = 1F                    A:00 X:FF Y:00 P:27 SP:F9
86F1  A9 1F     LDA #$1F                        A:00 X:FF Y:00 P:25 SP:F9
86F3  24 10     BIT $10 = 20                    A:1F X:FF Y:00 P:25 SP:F9
86F5  F0 1F     BEQ $8716                       A:1F X:FF Y:00 P:27 SP:F9
8716  4C 35 87  JMP $8735                       A:1F X:FF Y:00 P:27 SP:F9
8735  00        BRK                             A:1F X:FF Y:00 P:27 SP:F9
